[2026-04-25T09:05:39.889+0000] {processor.py:161} INFO - Started process (PID=7965) to work on /usr/local/python/3.12.1/lib/python3.12/site-packages/airflow/example_dags/plugins/workday.py
[2026-04-25T09:05:39.890+0000] {processor.py:830} INFO - Processing file /usr/local/python/3.12.1/lib/python3.12/site-packages/airflow/example_dags/plugins/workday.py for tasks to queue
[2026-04-25T09:05:39.892+0000] {logging_mixin.py:188} INFO - [2026-04-25T09:05:39.891+0000] {dagbag.py:540} INFO - Filling up the DagBag from /usr/local/python/3.12.1/lib/python3.12/site-packages/airflow/example_dags/plugins/workday.py
[2026-04-25T09:05:39.900+0000] {logging_mixin.py:188} INFO - [2026-04-25T09:05:39.898+0000] {workday.py:41} WARNING - Could not import pandas. Holidays will not be considered.
[2026-04-25T09:05:39.901+0000] {processor.py:842} WARNING - No viable dags retrieved from /usr/local/python/3.12.1/lib/python3.12/site-packages/airflow/example_dags/plugins/workday.py
[2026-04-25T09:05:39.932+0000] {processor.py:183} INFO - Processing /usr/local/python/3.12.1/lib/python3.12/site-packages/airflow/example_dags/plugins/workday.py took 0.078 seconds
[2026-04-25T09:06:39.383+0000] {processor.py:161} INFO - Started process (PID=8801) to work on /usr/local/python/3.12.1/lib/python3.12/site-packages/airflow/example_dags/plugins/workday.py
[2026-04-25T09:06:39.384+0000] {processor.py:830} INFO - Processing file /usr/local/python/3.12.1/lib/python3.12/site-packages/airflow/example_dags/plugins/workday.py for tasks to queue
[2026-04-25T09:06:39.386+0000] {logging_mixin.py:188} INFO - [2026-04-25T09:06:39.385+0000] {dagbag.py:540} INFO - Filling up the DagBag from /usr/local/python/3.12.1/lib/python3.12/site-packages/airflow/example_dags/plugins/workday.py
[2026-04-25T09:06:39.389+0000] {logging_mixin.py:188} INFO - [2026-04-25T09:06:39.389+0000] {workday.py:41} WARNING - Could not import pandas. Holidays will not be considered.
[2026-04-25T09:06:39.389+0000] {processor.py:842} WARNING - No viable dags retrieved from /usr/local/python/3.12.1/lib/python3.12/site-packages/airflow/example_dags/plugins/workday.py
[2026-04-25T09:06:39.402+0000] {processor.py:183} INFO - Processing /usr/local/python/3.12.1/lib/python3.12/site-packages/airflow/example_dags/plugins/workday.py took 0.026 seconds
[2026-04-25T09:07:28.027+0000] {processor.py:161} INFO - Started process (PID=9204) to work on /usr/local/python/3.12.1/lib/python3.12/site-packages/airflow/example_dags/plugins/workday.py
[2026-04-25T09:07:28.028+0000] {processor.py:830} INFO - Processing file /usr/local/python/3.12.1/lib/python3.12/site-packages/airflow/example_dags/plugins/workday.py for tasks to queue
[2026-04-25T09:07:28.029+0000] {logging_mixin.py:188} INFO - [2026-04-25T09:07:28.028+0000] {dagbag.py:540} INFO - Filling up the DagBag from /usr/local/python/3.12.1/lib/python3.12/site-packages/airflow/example_dags/plugins/workday.py
[2026-04-25T09:07:28.031+0000] {logging_mixin.py:188} INFO - [2026-04-25T09:07:28.031+0000] {workday.py:41} WARNING - Could not import pandas. Holidays will not be considered.
[2026-04-25T09:07:28.031+0000] {processor.py:842} WARNING - No viable dags retrieved from /usr/local/python/3.12.1/lib/python3.12/site-packages/airflow/example_dags/plugins/workday.py
[2026-04-25T09:07:28.039+0000] {processor.py:183} INFO - Processing /usr/local/python/3.12.1/lib/python3.12/site-packages/airflow/example_dags/plugins/workday.py took 0.015 seconds
[2026-04-25T09:08:10.552+0000] {processor.py:161} INFO - Started process (PID=9628) to work on /usr/local/python/3.12.1/lib/python3.12/site-packages/airflow/example_dags/plugins/workday.py
[2026-04-25T09:08:10.553+0000] {processor.py:830} INFO - Processing file /usr/local/python/3.12.1/lib/python3.12/site-packages/airflow/example_dags/plugins/workday.py for tasks to queue
[2026-04-25T09:08:10.553+0000] {logging_mixin.py:188} INFO - [2026-04-25T09:08:10.553+0000] {dagbag.py:540} INFO - Filling up the DagBag from /usr/local/python/3.12.1/lib/python3.12/site-packages/airflow/example_dags/plugins/workday.py
[2026-04-25T09:08:10.555+0000] {logging_mixin.py:188} INFO - [2026-04-25T09:08:10.555+0000] {workday.py:41} WARNING - Could not import pandas. Holidays will not be considered.
[2026-04-25T09:08:10.556+0000] {processor.py:842} WARNING - No viable dags retrieved from /usr/local/python/3.12.1/lib/python3.12/site-packages/airflow/example_dags/plugins/workday.py
[2026-04-25T09:08:10.563+0000] {processor.py:183} INFO - Processing /usr/local/python/3.12.1/lib/python3.12/site-packages/airflow/example_dags/plugins/workday.py took 0.015 seconds
[2026-04-25T09:08:53.665+0000] {processor.py:161} INFO - Started process (PID=10011) to work on /usr/local/python/3.12.1/lib/python3.12/site-packages/airflow/example_dags/plugins/workday.py
[2026-04-25T09:08:53.665+0000] {processor.py:830} INFO - Processing file /usr/local/python/3.12.1/lib/python3.12/site-packages/airflow/example_dags/plugins/workday.py for tasks to queue
[2026-04-25T09:08:53.666+0000] {logging_mixin.py:188} INFO - [2026-04-25T09:08:53.666+0000] {dagbag.py:540} INFO - Filling up the DagBag from /usr/local/python/3.12.1/lib/python3.12/site-packages/airflow/example_dags/plugins/workday.py
[2026-04-25T09:08:53.669+0000] {logging_mixin.py:188} INFO - [2026-04-25T09:08:53.668+0000] {workday.py:41} WARNING - Could not import pandas. Holidays will not be considered.
[2026-04-25T09:08:53.669+0000] {processor.py:842} WARNING - No viable dags retrieved from /usr/local/python/3.12.1/lib/python3.12/site-packages/airflow/example_dags/plugins/workday.py
[2026-04-25T09:08:53.678+0000] {processor.py:183} INFO - Processing /usr/local/python/3.12.1/lib/python3.12/site-packages/airflow/example_dags/plugins/workday.py took 0.019 seconds
[2026-04-25T09:09:36.271+0000] {processor.py:161} INFO - Started process (PID=10757) to work on /usr/local/python/3.12.1/lib/python3.12/site-packages/airflow/example_dags/plugins/workday.py
[2026-04-25T09:09:36.271+0000] {processor.py:830} INFO - Processing file /usr/local/python/3.12.1/lib/python3.12/site-packages/airflow/example_dags/plugins/workday.py for tasks to queue
[2026-04-25T09:09:36.272+0000] {logging_mixin.py:188} INFO - [2026-04-25T09:09:36.272+0000] {dagbag.py:540} INFO - Filling up the DagBag from /usr/local/python/3.12.1/lib/python3.12/site-packages/airflow/example_dags/plugins/workday.py
[2026-04-25T09:09:36.274+0000] {logging_mixin.py:188} INFO - [2026-04-25T09:09:36.274+0000] {workday.py:41} WARNING - Could not import pandas. Holidays will not be considered.
[2026-04-25T09:09:36.274+0000] {processor.py:842} WARNING - No viable dags retrieved from /usr/local/python/3.12.1/lib/python3.12/site-packages/airflow/example_dags/plugins/workday.py
[2026-04-25T09:09:36.281+0000] {processor.py:183} INFO - Processing /usr/local/python/3.12.1/lib/python3.12/site-packages/airflow/example_dags/plugins/workday.py took 0.016 seconds
[2026-04-25T09:10:18.527+0000] {processor.py:161} INFO - Started process (PID=11090) to work on /usr/local/python/3.12.1/lib/python3.12/site-packages/airflow/example_dags/plugins/workday.py
[2026-04-25T09:10:18.528+0000] {processor.py:830} INFO - Processing file /usr/local/python/3.12.1/lib/python3.12/site-packages/airflow/example_dags/plugins/workday.py for tasks to queue
[2026-04-25T09:10:18.529+0000] {logging_mixin.py:188} INFO - [2026-04-25T09:10:18.528+0000] {dagbag.py:540} INFO - Filling up the DagBag from /usr/local/python/3.12.1/lib/python3.12/site-packages/airflow/example_dags/plugins/workday.py
[2026-04-25T09:10:18.531+0000] {logging_mixin.py:188} INFO - [2026-04-25T09:10:18.530+0000] {workday.py:41} WARNING - Could not import pandas. Holidays will not be considered.
[2026-04-25T09:10:18.531+0000] {processor.py:842} WARNING - No viable dags retrieved from /usr/local/python/3.12.1/lib/python3.12/site-packages/airflow/example_dags/plugins/workday.py
[2026-04-25T09:10:18.538+0000] {processor.py:183} INFO - Processing /usr/local/python/3.12.1/lib/python3.12/site-packages/airflow/example_dags/plugins/workday.py took 0.015 seconds
[2026-04-25T09:10:55.766+0000] {processor.py:161} INFO - Started process (PID=11564) to work on /usr/local/python/3.12.1/lib/python3.12/site-packages/airflow/example_dags/plugins/workday.py
[2026-04-25T09:10:55.767+0000] {processor.py:830} INFO - Processing file /usr/local/python/3.12.1/lib/python3.12/site-packages/airflow/example_dags/plugins/workday.py for tasks to queue
[2026-04-25T09:10:55.767+0000] {logging_mixin.py:188} INFO - [2026-04-25T09:10:55.767+0000] {dagbag.py:540} INFO - Filling up the DagBag from /usr/local/python/3.12.1/lib/python3.12/site-packages/airflow/example_dags/plugins/workday.py
[2026-04-25T09:10:55.769+0000] {logging_mixin.py:188} INFO - [2026-04-25T09:10:55.769+0000] {workday.py:41} WARNING - Could not import pandas. Holidays will not be considered.
[2026-04-25T09:10:55.770+0000] {processor.py:842} WARNING - No viable dags retrieved from /usr/local/python/3.12.1/lib/python3.12/site-packages/airflow/example_dags/plugins/workday.py
[2026-04-25T09:10:55.777+0000] {processor.py:183} INFO - Processing /usr/local/python/3.12.1/lib/python3.12/site-packages/airflow/example_dags/plugins/workday.py took 0.016 seconds
[2026-04-25T09:11:27.812+0000] {processor.py:161} INFO - Started process (PID=12336) to work on /usr/local/python/3.12.1/lib/python3.12/site-packages/airflow/example_dags/plugins/workday.py
[2026-04-25T09:11:27.812+0000] {processor.py:830} INFO - Processing file /usr/local/python/3.12.1/lib/python3.12/site-packages/airflow/example_dags/plugins/workday.py for tasks to queue
[2026-04-25T09:11:27.813+0000] {logging_mixin.py:188} INFO - [2026-04-25T09:11:27.813+0000] {dagbag.py:540} INFO - Filling up the DagBag from /usr/local/python/3.12.1/lib/python3.12/site-packages/airflow/example_dags/plugins/workday.py
[2026-04-25T09:11:27.816+0000] {logging_mixin.py:188} INFO - [2026-04-25T09:11:27.816+0000] {workday.py:41} WARNING - Could not import pandas. Holidays will not be considered.
[2026-04-25T09:11:27.817+0000] {processor.py:842} WARNING - No viable dags retrieved from /usr/local/python/3.12.1/lib/python3.12/site-packages/airflow/example_dags/plugins/workday.py
[2026-04-25T09:11:27.827+0000] {processor.py:183} INFO - Processing /usr/local/python/3.12.1/lib/python3.12/site-packages/airflow/example_dags/plugins/workday.py took 0.023 seconds
[2026-04-25T09:11:42.695+0000] {processor.py:161} INFO - Started process (PID=12594) to work on /usr/local/python/3.12.1/lib/python3.12/site-packages/airflow/example_dags/plugins/workday.py
[2026-04-25T09:11:42.696+0000] {processor.py:830} INFO - Processing file /usr/local/python/3.12.1/lib/python3.12/site-packages/airflow/example_dags/plugins/workday.py for tasks to queue
[2026-04-25T09:11:42.696+0000] {logging_mixin.py:188} INFO - [2026-04-25T09:11:42.696+0000] {dagbag.py:540} INFO - Filling up the DagBag from /usr/local/python/3.12.1/lib/python3.12/site-packages/airflow/example_dags/plugins/workday.py
[2026-04-25T09:11:42.698+0000] {logging_mixin.py:188} INFO - [2026-04-25T09:11:42.698+0000] {workday.py:41} WARNING - Could not import pandas. Holidays will not be considered.
[2026-04-25T09:11:42.699+0000] {processor.py:842} WARNING - No viable dags retrieved from /usr/local/python/3.12.1/lib/python3.12/site-packages/airflow/example_dags/plugins/workday.py
[2026-04-25T09:11:42.706+0000] {processor.py:183} INFO - Processing /usr/local/python/3.12.1/lib/python3.12/site-packages/airflow/example_dags/plugins/workday.py took 0.015 seconds
[2026-04-25T09:12:20.749+0000] {processor.py:161} INFO - Started process (PID=12943) to work on /usr/local/python/3.12.1/lib/python3.12/site-packages/airflow/example_dags/plugins/workday.py
[2026-04-25T09:12:20.749+0000] {processor.py:830} INFO - Processing file /usr/local/python/3.12.1/lib/python3.12/site-packages/airflow/example_dags/plugins/workday.py for tasks to queue
[2026-04-25T09:12:20.750+0000] {logging_mixin.py:188} INFO - [2026-04-25T09:12:20.750+0000] {dagbag.py:540} INFO - Filling up the DagBag from /usr/local/python/3.12.1/lib/python3.12/site-packages/airflow/example_dags/plugins/workday.py
[2026-04-25T09:12:20.752+0000] {logging_mixin.py:188} INFO - [2026-04-25T09:12:20.752+0000] {workday.py:41} WARNING - Could not import pandas. Holidays will not be considered.
[2026-04-25T09:12:20.752+0000] {processor.py:842} WARNING - No viable dags retrieved from /usr/local/python/3.12.1/lib/python3.12/site-packages/airflow/example_dags/plugins/workday.py
[2026-04-25T09:12:20.760+0000] {processor.py:183} INFO - Processing /usr/local/python/3.12.1/lib/python3.12/site-packages/airflow/example_dags/plugins/workday.py took 0.015 seconds
[2026-04-25T09:12:28.073+0000] {processor.py:161} INFO - Started process (PID=13007) to work on /usr/local/python/3.12.1/lib/python3.12/site-packages/airflow/example_dags/plugins/workday.py
[2026-04-25T09:12:28.073+0000] {processor.py:830} INFO - Processing file /usr/local/python/3.12.1/lib/python3.12/site-packages/airflow/example_dags/plugins/workday.py for tasks to queue
[2026-04-25T09:12:28.074+0000] {logging_mixin.py:188} INFO - [2026-04-25T09:12:28.074+0000] {dagbag.py:540} INFO - Filling up the DagBag from /usr/local/python/3.12.1/lib/python3.12/site-packages/airflow/example_dags/plugins/workday.py
[2026-04-25T09:12:28.076+0000] {logging_mixin.py:188} INFO - [2026-04-25T09:12:28.076+0000] {workday.py:41} WARNING - Could not import pandas. Holidays will not be considered.
[2026-04-25T09:12:28.076+0000] {processor.py:842} WARNING - No viable dags retrieved from /usr/local/python/3.12.1/lib/python3.12/site-packages/airflow/example_dags/plugins/workday.py
[2026-04-25T09:12:28.084+0000] {processor.py:183} INFO - Processing /usr/local/python/3.12.1/lib/python3.12/site-packages/airflow/example_dags/plugins/workday.py took 0.015 seconds
[2026-04-25T09:13:00.732+0000] {processor.py:161} INFO - Started process (PID=13511) to work on /usr/local/python/3.12.1/lib/python3.12/site-packages/airflow/example_dags/plugins/workday.py
[2026-04-25T09:13:00.733+0000] {processor.py:830} INFO - Processing file /usr/local/python/3.12.1/lib/python3.12/site-packages/airflow/example_dags/plugins/workday.py for tasks to queue
[2026-04-25T09:13:00.734+0000] {logging_mixin.py:188} INFO - [2026-04-25T09:13:00.733+0000] {dagbag.py:540} INFO - Filling up the DagBag from /usr/local/python/3.12.1/lib/python3.12/site-packages/airflow/example_dags/plugins/workday.py
[2026-04-25T09:13:00.736+0000] {logging_mixin.py:188} INFO - [2026-04-25T09:13:00.736+0000] {workday.py:41} WARNING - Could not import pandas. Holidays will not be considered.
[2026-04-25T09:13:00.736+0000] {processor.py:842} WARNING - No viable dags retrieved from /usr/local/python/3.12.1/lib/python3.12/site-packages/airflow/example_dags/plugins/workday.py
[2026-04-25T09:13:00.743+0000] {processor.py:183} INFO - Processing /usr/local/python/3.12.1/lib/python3.12/site-packages/airflow/example_dags/plugins/workday.py took 0.015 seconds
[2026-04-25T09:13:10.104+0000] {processor.py:161} INFO - Started process (PID=13604) to work on /usr/local/python/3.12.1/lib/python3.12/site-packages/airflow/example_dags/plugins/workday.py
[2026-04-25T09:13:10.105+0000] {processor.py:830} INFO - Processing file /usr/local/python/3.12.1/lib/python3.12/site-packages/airflow/example_dags/plugins/workday.py for tasks to queue
[2026-04-25T09:13:10.106+0000] {logging_mixin.py:188} INFO - [2026-04-25T09:13:10.105+0000] {dagbag.py:540} INFO - Filling up the DagBag from /usr/local/python/3.12.1/lib/python3.12/site-packages/airflow/example_dags/plugins/workday.py
[2026-04-25T09:13:10.108+0000] {logging_mixin.py:188} INFO - [2026-04-25T09:13:10.108+0000] {workday.py:41} WARNING - Could not import pandas. Holidays will not be considered.
[2026-04-25T09:13:10.108+0000] {processor.py:842} WARNING - No viable dags retrieved from /usr/local/python/3.12.1/lib/python3.12/site-packages/airflow/example_dags/plugins/workday.py
[2026-04-25T09:13:10.116+0000] {processor.py:183} INFO - Processing /usr/local/python/3.12.1/lib/python3.12/site-packages/airflow/example_dags/plugins/workday.py took 0.016 seconds
[2026-04-25T09:13:45.850+0000] {processor.py:161} INFO - Started process (PID=14322) to work on /usr/local/python/3.12.1/lib/python3.12/site-packages/airflow/example_dags/plugins/workday.py
[2026-04-25T09:13:45.851+0000] {processor.py:830} INFO - Processing file /usr/local/python/3.12.1/lib/python3.12/site-packages/airflow/example_dags/plugins/workday.py for tasks to queue
[2026-04-25T09:13:45.852+0000] {logging_mixin.py:188} INFO - [2026-04-25T09:13:45.851+0000] {dagbag.py:540} INFO - Filling up the DagBag from /usr/local/python/3.12.1/lib/python3.12/site-packages/airflow/example_dags/plugins/workday.py
[2026-04-25T09:13:45.854+0000] {logging_mixin.py:188} INFO - [2026-04-25T09:13:45.854+0000] {workday.py:41} WARNING - Could not import pandas. Holidays will not be considered.
[2026-04-25T09:13:45.854+0000] {processor.py:842} WARNING - No viable dags retrieved from /usr/local/python/3.12.1/lib/python3.12/site-packages/airflow/example_dags/plugins/workday.py
[2026-04-25T09:13:45.862+0000] {processor.py:183} INFO - Processing /usr/local/python/3.12.1/lib/python3.12/site-packages/airflow/example_dags/plugins/workday.py took 0.016 seconds
[2026-04-25T09:14:33.972+0000] {processor.py:161} INFO - Started process (PID=14734) to work on /usr/local/python/3.12.1/lib/python3.12/site-packages/airflow/example_dags/plugins/workday.py
[2026-04-25T09:14:33.973+0000] {processor.py:830} INFO - Processing file /usr/local/python/3.12.1/lib/python3.12/site-packages/airflow/example_dags/plugins/workday.py for tasks to queue
[2026-04-25T09:14:33.974+0000] {logging_mixin.py:188} INFO - [2026-04-25T09:14:33.973+0000] {dagbag.py:540} INFO - Filling up the DagBag from /usr/local/python/3.12.1/lib/python3.12/site-packages/airflow/example_dags/plugins/workday.py
[2026-04-25T09:14:33.976+0000] {logging_mixin.py:188} INFO - [2026-04-25T09:14:33.975+0000] {workday.py:41} WARNING - Could not import pandas. Holidays will not be considered.
[2026-04-25T09:14:33.976+0000] {processor.py:842} WARNING - No viable dags retrieved from /usr/local/python/3.12.1/lib/python3.12/site-packages/airflow/example_dags/plugins/workday.py
[2026-04-25T09:14:33.983+0000] {processor.py:183} INFO - Processing /usr/local/python/3.12.1/lib/python3.12/site-packages/airflow/example_dags/plugins/workday.py took 0.015 seconds
[2026-04-25T09:15:11.798+0000] {processor.py:161} INFO - Started process (PID=15015) to work on /usr/local/python/3.12.1/lib/python3.12/site-packages/airflow/example_dags/plugins/workday.py
[2026-04-25T09:15:11.799+0000] {processor.py:830} INFO - Processing file /usr/local/python/3.12.1/lib/python3.12/site-packages/airflow/example_dags/plugins/workday.py for tasks to queue
[2026-04-25T09:15:11.800+0000] {logging_mixin.py:188} INFO - [2026-04-25T09:15:11.799+0000] {dagbag.py:540} INFO - Filling up the DagBag from /usr/local/python/3.12.1/lib/python3.12/site-packages/airflow/example_dags/plugins/workday.py
[2026-04-25T09:15:11.801+0000] {logging_mixin.py:188} INFO - [2026-04-25T09:15:11.801+0000] {workday.py:41} WARNING - Could not import pandas. Holidays will not be considered.
[2026-04-25T09:15:11.802+0000] {processor.py:842} WARNING - No viable dags retrieved from /usr/local/python/3.12.1/lib/python3.12/site-packages/airflow/example_dags/plugins/workday.py
[2026-04-25T09:15:11.809+0000] {processor.py:183} INFO - Processing /usr/local/python/3.12.1/lib/python3.12/site-packages/airflow/example_dags/plugins/workday.py took 0.015 seconds
[2026-04-25T09:15:48.778+0000] {processor.py:161} INFO - Started process (PID=15476) to work on /usr/local/python/3.12.1/lib/python3.12/site-packages/airflow/example_dags/plugins/workday.py
[2026-04-25T09:15:48.779+0000] {processor.py:830} INFO - Processing file /usr/local/python/3.12.1/lib/python3.12/site-packages/airflow/example_dags/plugins/workday.py for tasks to queue
[2026-04-25T09:15:48.779+0000] {logging_mixin.py:188} INFO - [2026-04-25T09:15:48.779+0000] {dagbag.py:540} INFO - Filling up the DagBag from /usr/local/python/3.12.1/lib/python3.12/site-packages/airflow/example_dags/plugins/workday.py
[2026-04-25T09:15:48.782+0000] {logging_mixin.py:188} INFO - [2026-04-25T09:15:48.782+0000] {workday.py:41} WARNING - Could not import pandas. Holidays will not be considered.
[2026-04-25T09:15:48.782+0000] {processor.py:842} WARNING - No viable dags retrieved from /usr/local/python/3.12.1/lib/python3.12/site-packages/airflow/example_dags/plugins/workday.py
[2026-04-25T09:15:48.792+0000] {processor.py:183} INFO - Processing /usr/local/python/3.12.1/lib/python3.12/site-packages/airflow/example_dags/plugins/workday.py took 0.019 seconds
[2026-04-25T09:16:26.768+0000] {processor.py:161} INFO - Started process (PID=15816) to work on /usr/local/python/3.12.1/lib/python3.12/site-packages/airflow/example_dags/plugins/workday.py
[2026-04-25T09:16:26.768+0000] {processor.py:830} INFO - Processing file /usr/local/python/3.12.1/lib/python3.12/site-packages/airflow/example_dags/plugins/workday.py for tasks to queue
[2026-04-25T09:16:26.769+0000] {logging_mixin.py:188} INFO - [2026-04-25T09:16:26.769+0000] {dagbag.py:540} INFO - Filling up the DagBag from /usr/local/python/3.12.1/lib/python3.12/site-packages/airflow/example_dags/plugins/workday.py
[2026-04-25T09:16:26.771+0000] {logging_mixin.py:188} INFO - [2026-04-25T09:16:26.771+0000] {workday.py:41} WARNING - Could not import pandas. Holidays will not be considered.
[2026-04-25T09:16:26.771+0000] {processor.py:842} WARNING - No viable dags retrieved from /usr/local/python/3.12.1/lib/python3.12/site-packages/airflow/example_dags/plugins/workday.py
[2026-04-25T09:16:26.779+0000] {processor.py:183} INFO - Processing /usr/local/python/3.12.1/lib/python3.12/site-packages/airflow/example_dags/plugins/workday.py took 0.016 seconds
[2026-04-25T09:17:10.722+0000] {processor.py:161} INFO - Started process (PID=16225) to work on /usr/local/python/3.12.1/lib/python3.12/site-packages/airflow/example_dags/plugins/workday.py
[2026-04-25T09:17:10.723+0000] {processor.py:830} INFO - Processing file /usr/local/python/3.12.1/lib/python3.12/site-packages/airflow/example_dags/plugins/workday.py for tasks to queue
[2026-04-25T09:17:10.723+0000] {logging_mixin.py:188} INFO - [2026-04-25T09:17:10.723+0000] {dagbag.py:540} INFO - Filling up the DagBag from /usr/local/python/3.12.1/lib/python3.12/site-packages/airflow/example_dags/plugins/workday.py
[2026-04-25T09:17:10.725+0000] {logging_mixin.py:188} INFO - [2026-04-25T09:17:10.725+0000] {workday.py:41} WARNING - Could not import pandas. Holidays will not be considered.
[2026-04-25T09:17:10.726+0000] {processor.py:842} WARNING - No viable dags retrieved from /usr/local/python/3.12.1/lib/python3.12/site-packages/airflow/example_dags/plugins/workday.py
[2026-04-25T09:17:10.733+0000] {processor.py:183} INFO - Processing /usr/local/python/3.12.1/lib/python3.12/site-packages/airflow/example_dags/plugins/workday.py took 0.015 seconds
[2026-04-25T09:17:55.972+0000] {processor.py:161} INFO - Started process (PID=16582) to work on /usr/local/python/3.12.1/lib/python3.12/site-packages/airflow/example_dags/plugins/workday.py
[2026-04-25T09:17:55.973+0000] {processor.py:830} INFO - Processing file /usr/local/python/3.12.1/lib/python3.12/site-packages/airflow/example_dags/plugins/workday.py for tasks to queue
[2026-04-25T09:17:55.974+0000] {logging_mixin.py:188} INFO - [2026-04-25T09:17:55.973+0000] {dagbag.py:540} INFO - Filling up the DagBag from /usr/local/python/3.12.1/lib/python3.12/site-packages/airflow/example_dags/plugins/workday.py
[2026-04-25T09:17:55.977+0000] {logging_mixin.py:188} INFO - [2026-04-25T09:17:55.977+0000] {workday.py:41} WARNING - Could not import pandas. Holidays will not be considered.
[2026-04-25T09:17:55.978+0000] {processor.py:842} WARNING - No viable dags retrieved from /usr/local/python/3.12.1/lib/python3.12/site-packages/airflow/example_dags/plugins/workday.py
[2026-04-25T09:17:55.991+0000] {processor.py:183} INFO - Processing /usr/local/python/3.12.1/lib/python3.12/site-packages/airflow/example_dags/plugins/workday.py took 0.024 seconds
[2026-04-25T09:18:40.996+0000] {processor.py:161} INFO - Started process (PID=16934) to work on /usr/local/python/3.12.1/lib/python3.12/site-packages/airflow/example_dags/plugins/workday.py
[2026-04-25T09:18:40.997+0000] {processor.py:830} INFO - Processing file /usr/local/python/3.12.1/lib/python3.12/site-packages/airflow/example_dags/plugins/workday.py for tasks to queue
[2026-04-25T09:18:40.997+0000] {logging_mixin.py:188} INFO - [2026-04-25T09:18:40.997+0000] {dagbag.py:540} INFO - Filling up the DagBag from /usr/local/python/3.12.1/lib/python3.12/site-packages/airflow/example_dags/plugins/workday.py
[2026-04-25T09:18:40.999+0000] {logging_mixin.py:188} INFO - [2026-04-25T09:18:40.999+0000] {workday.py:41} WARNING - Could not import pandas. Holidays will not be considered.
[2026-04-25T09:18:41.000+0000] {processor.py:842} WARNING - No viable dags retrieved from /usr/local/python/3.12.1/lib/python3.12/site-packages/airflow/example_dags/plugins/workday.py
[2026-04-25T09:18:41.007+0000] {processor.py:183} INFO - Processing /usr/local/python/3.12.1/lib/python3.12/site-packages/airflow/example_dags/plugins/workday.py took 0.015 seconds
[2026-04-25T09:19:17.732+0000] {processor.py:161} INFO - Started process (PID=17222) to work on /usr/local/python/3.12.1/lib/python3.12/site-packages/airflow/example_dags/plugins/workday.py
[2026-04-25T09:19:17.732+0000] {processor.py:830} INFO - Processing file /usr/local/python/3.12.1/lib/python3.12/site-packages/airflow/example_dags/plugins/workday.py for tasks to queue
[2026-04-25T09:19:17.733+0000] {logging_mixin.py:188} INFO - [2026-04-25T09:19:17.733+0000] {dagbag.py:540} INFO - Filling up the DagBag from /usr/local/python/3.12.1/lib/python3.12/site-packages/airflow/example_dags/plugins/workday.py
[2026-04-25T09:19:17.735+0000] {logging_mixin.py:188} INFO - [2026-04-25T09:19:17.735+0000] {workday.py:41} WARNING - Could not import pandas. Holidays will not be considered.
[2026-04-25T09:19:17.735+0000] {processor.py:842} WARNING - No viable dags retrieved from /usr/local/python/3.12.1/lib/python3.12/site-packages/airflow/example_dags/plugins/workday.py
[2026-04-25T09:19:17.743+0000] {processor.py:183} INFO - Processing /usr/local/python/3.12.1/lib/python3.12/site-packages/airflow/example_dags/plugins/workday.py took 0.015 seconds
[2026-04-25T09:19:54.457+0000] {processor.py:161} INFO - Started process (PID=17498) to work on /usr/local/python/3.12.1/lib/python3.12/site-packages/airflow/example_dags/plugins/workday.py
[2026-04-25T09:19:54.458+0000] {processor.py:830} INFO - Processing file /usr/local/python/3.12.1/lib/python3.12/site-packages/airflow/example_dags/plugins/workday.py for tasks to queue
[2026-04-25T09:19:54.458+0000] {logging_mixin.py:188} INFO - [2026-04-25T09:19:54.458+0000] {dagbag.py:540} INFO - Filling up the DagBag from /usr/local/python/3.12.1/lib/python3.12/site-packages/airflow/example_dags/plugins/workday.py
[2026-04-25T09:19:54.460+0000] {logging_mixin.py:188} INFO - [2026-04-25T09:19:54.460+0000] {workday.py:41} WARNING - Could not import pandas. Holidays will not be considered.
[2026-04-25T09:19:54.461+0000] {processor.py:842} WARNING - No viable dags retrieved from /usr/local/python/3.12.1/lib/python3.12/site-packages/airflow/example_dags/plugins/workday.py
[2026-04-25T09:19:54.468+0000] {processor.py:183} INFO - Processing /usr/local/python/3.12.1/lib/python3.12/site-packages/airflow/example_dags/plugins/workday.py took 0.015 seconds
[2026-04-25T09:20:32.270+0000] {processor.py:161} INFO - Started process (PID=17794) to work on /usr/local/python/3.12.1/lib/python3.12/site-packages/airflow/example_dags/plugins/workday.py
[2026-04-25T09:20:32.271+0000] {processor.py:830} INFO - Processing file /usr/local/python/3.12.1/lib/python3.12/site-packages/airflow/example_dags/plugins/workday.py for tasks to queue
[2026-04-25T09:20:32.271+0000] {logging_mixin.py:188} INFO - [2026-04-25T09:20:32.271+0000] {dagbag.py:540} INFO - Filling up the DagBag from /usr/local/python/3.12.1/lib/python3.12/site-packages/airflow/example_dags/plugins/workday.py
[2026-04-25T09:20:32.273+0000] {logging_mixin.py:188} INFO - [2026-04-25T09:20:32.273+0000] {workday.py:41} WARNING - Could not import pandas. Holidays will not be considered.
[2026-04-25T09:20:32.274+0000] {processor.py:842} WARNING - No viable dags retrieved from /usr/local/python/3.12.1/lib/python3.12/site-packages/airflow/example_dags/plugins/workday.py
[2026-04-25T09:20:32.281+0000] {processor.py:183} INFO - Processing /usr/local/python/3.12.1/lib/python3.12/site-packages/airflow/example_dags/plugins/workday.py took 0.015 seconds
[2026-04-25T09:21:09.555+0000] {processor.py:161} INFO - Started process (PID=18091) to work on /usr/local/python/3.12.1/lib/python3.12/site-packages/airflow/example_dags/plugins/workday.py
[2026-04-25T09:21:09.556+0000] {processor.py:830} INFO - Processing file /usr/local/python/3.12.1/lib/python3.12/site-packages/airflow/example_dags/plugins/workday.py for tasks to queue
[2026-04-25T09:21:09.557+0000] {logging_mixin.py:188} INFO - [2026-04-25T09:21:09.556+0000] {dagbag.py:540} INFO - Filling up the DagBag from /usr/local/python/3.12.1/lib/python3.12/site-packages/airflow/example_dags/plugins/workday.py
[2026-04-25T09:21:09.559+0000] {logging_mixin.py:188} INFO - [2026-04-25T09:21:09.558+0000] {workday.py:41} WARNING - Could not import pandas. Holidays will not be considered.
[2026-04-25T09:21:09.559+0000] {processor.py:842} WARNING - No viable dags retrieved from /usr/local/python/3.12.1/lib/python3.12/site-packages/airflow/example_dags/plugins/workday.py
[2026-04-25T09:21:09.566+0000] {processor.py:183} INFO - Processing /usr/local/python/3.12.1/lib/python3.12/site-packages/airflow/example_dags/plugins/workday.py took 0.015 seconds
[2026-04-25T09:21:49.024+0000] {processor.py:161} INFO - Started process (PID=18374) to work on /usr/local/python/3.12.1/lib/python3.12/site-packages/airflow/example_dags/plugins/workday.py
[2026-04-25T09:21:49.025+0000] {processor.py:830} INFO - Processing file /usr/local/python/3.12.1/lib/python3.12/site-packages/airflow/example_dags/plugins/workday.py for tasks to queue
[2026-04-25T09:21:49.025+0000] {logging_mixin.py:188} INFO - [2026-04-25T09:21:49.025+0000] {dagbag.py:540} INFO - Filling up the DagBag from /usr/local/python/3.12.1/lib/python3.12/site-packages/airflow/example_dags/plugins/workday.py
[2026-04-25T09:21:49.027+0000] {logging_mixin.py:188} INFO - [2026-04-25T09:21:49.027+0000] {workday.py:41} WARNING - Could not import pandas. Holidays will not be considered.
[2026-04-25T09:21:49.028+0000] {processor.py:842} WARNING - No viable dags retrieved from /usr/local/python/3.12.1/lib/python3.12/site-packages/airflow/example_dags/plugins/workday.py
[2026-04-25T09:21:49.035+0000] {processor.py:183} INFO - Processing /usr/local/python/3.12.1/lib/python3.12/site-packages/airflow/example_dags/plugins/workday.py took 0.015 seconds
[2026-04-25T09:22:28.952+0000] {processor.py:161} INFO - Started process (PID=18681) to work on /usr/local/python/3.12.1/lib/python3.12/site-packages/airflow/example_dags/plugins/workday.py
[2026-04-25T09:22:28.953+0000] {processor.py:830} INFO - Processing file /usr/local/python/3.12.1/lib/python3.12/site-packages/airflow/example_dags/plugins/workday.py for tasks to queue
[2026-04-25T09:22:28.953+0000] {logging_mixin.py:188} INFO - [2026-04-25T09:22:28.953+0000] {dagbag.py:540} INFO - Filling up the DagBag from /usr/local/python/3.12.1/lib/python3.12/site-packages/airflow/example_dags/plugins/workday.py
[2026-04-25T09:22:28.955+0000] {logging_mixin.py:188} INFO - [2026-04-25T09:22:28.955+0000] {workday.py:41} WARNING - Could not import pandas. Holidays will not be considered.
[2026-04-25T09:22:28.956+0000] {processor.py:842} WARNING - No viable dags retrieved from /usr/local/python/3.12.1/lib/python3.12/site-packages/airflow/example_dags/plugins/workday.py
[2026-04-25T09:22:28.962+0000] {processor.py:183} INFO - Processing /usr/local/python/3.12.1/lib/python3.12/site-packages/airflow/example_dags/plugins/workday.py took 0.014 seconds
[2026-04-25T09:23:08.096+0000] {processor.py:161} INFO - Started process (PID=18987) to work on /usr/local/python/3.12.1/lib/python3.12/site-packages/airflow/example_dags/plugins/workday.py
[2026-04-25T09:23:08.097+0000] {processor.py:830} INFO - Processing file /usr/local/python/3.12.1/lib/python3.12/site-packages/airflow/example_dags/plugins/workday.py for tasks to queue
[2026-04-25T09:23:08.098+0000] {logging_mixin.py:188} INFO - [2026-04-25T09:23:08.097+0000] {dagbag.py:540} INFO - Filling up the DagBag from /usr/local/python/3.12.1/lib/python3.12/site-packages/airflow/example_dags/plugins/workday.py
[2026-04-25T09:23:08.100+0000] {logging_mixin.py:188} INFO - [2026-04-25T09:23:08.099+0000] {workday.py:41} WARNING - Could not import pandas. Holidays will not be considered.
[2026-04-25T09:23:08.100+0000] {processor.py:842} WARNING - No viable dags retrieved from /usr/local/python/3.12.1/lib/python3.12/site-packages/airflow/example_dags/plugins/workday.py
[2026-04-25T09:23:08.107+0000] {processor.py:183} INFO - Processing /usr/local/python/3.12.1/lib/python3.12/site-packages/airflow/example_dags/plugins/workday.py took 0.015 seconds
[2026-04-25T09:23:44.745+0000] {processor.py:161} INFO - Started process (PID=19284) to work on /usr/local/python/3.12.1/lib/python3.12/site-packages/airflow/example_dags/plugins/workday.py
[2026-04-25T09:23:44.745+0000] {processor.py:830} INFO - Processing file /usr/local/python/3.12.1/lib/python3.12/site-packages/airflow/example_dags/plugins/workday.py for tasks to queue
[2026-04-25T09:23:44.746+0000] {logging_mixin.py:188} INFO - [2026-04-25T09:23:44.746+0000] {dagbag.py:540} INFO - Filling up the DagBag from /usr/local/python/3.12.1/lib/python3.12/site-packages/airflow/example_dags/plugins/workday.py
[2026-04-25T09:23:44.748+0000] {logging_mixin.py:188} INFO - [2026-04-25T09:23:44.748+0000] {workday.py:41} WARNING - Could not import pandas. Holidays will not be considered.
[2026-04-25T09:23:44.748+0000] {processor.py:842} WARNING - No viable dags retrieved from /usr/local/python/3.12.1/lib/python3.12/site-packages/airflow/example_dags/plugins/workday.py
[2026-04-25T09:23:44.755+0000] {processor.py:183} INFO - Processing /usr/local/python/3.12.1/lib/python3.12/site-packages/airflow/example_dags/plugins/workday.py took 0.015 seconds
[2026-04-25T09:24:24.547+0000] {processor.py:161} INFO - Started process (PID=19590) to work on /usr/local/python/3.12.1/lib/python3.12/site-packages/airflow/example_dags/plugins/workday.py
[2026-04-25T09:24:24.548+0000] {processor.py:830} INFO - Processing file /usr/local/python/3.12.1/lib/python3.12/site-packages/airflow/example_dags/plugins/workday.py for tasks to queue
[2026-04-25T09:24:24.549+0000] {logging_mixin.py:188} INFO - [2026-04-25T09:24:24.548+0000] {dagbag.py:540} INFO - Filling up the DagBag from /usr/local/python/3.12.1/lib/python3.12/site-packages/airflow/example_dags/plugins/workday.py
[2026-04-25T09:24:24.551+0000] {logging_mixin.py:188} INFO - [2026-04-25T09:24:24.551+0000] {workday.py:41} WARNING - Could not import pandas. Holidays will not be considered.
[2026-04-25T09:24:24.551+0000] {processor.py:842} WARNING - No viable dags retrieved from /usr/local/python/3.12.1/lib/python3.12/site-packages/airflow/example_dags/plugins/workday.py
[2026-04-25T09:24:24.562+0000] {processor.py:183} INFO - Processing /usr/local/python/3.12.1/lib/python3.12/site-packages/airflow/example_dags/plugins/workday.py took 0.019 seconds
[2026-04-25T09:25:05.969+0000] {processor.py:161} INFO - Started process (PID=19911) to work on /usr/local/python/3.12.1/lib/python3.12/site-packages/airflow/example_dags/plugins/workday.py
[2026-04-25T09:25:05.969+0000] {processor.py:830} INFO - Processing file /usr/local/python/3.12.1/lib/python3.12/site-packages/airflow/example_dags/plugins/workday.py for tasks to queue
[2026-04-25T09:25:05.970+0000] {logging_mixin.py:188} INFO - [2026-04-25T09:25:05.970+0000] {dagbag.py:540} INFO - Filling up the DagBag from /usr/local/python/3.12.1/lib/python3.12/site-packages/airflow/example_dags/plugins/workday.py
[2026-04-25T09:25:05.972+0000] {logging_mixin.py:188} INFO - [2026-04-25T09:25:05.972+0000] {workday.py:41} WARNING - Could not import pandas. Holidays will not be considered.
[2026-04-25T09:25:05.972+0000] {processor.py:842} WARNING - No viable dags retrieved from /usr/local/python/3.12.1/lib/python3.12/site-packages/airflow/example_dags/plugins/workday.py
[2026-04-25T09:25:05.979+0000] {processor.py:183} INFO - Processing /usr/local/python/3.12.1/lib/python3.12/site-packages/airflow/example_dags/plugins/workday.py took 0.015 seconds
[2026-04-25T09:25:43.901+0000] {processor.py:161} INFO - Started process (PID=20199) to work on /usr/local/python/3.12.1/lib/python3.12/site-packages/airflow/example_dags/plugins/workday.py
[2026-04-25T09:25:43.902+0000] {processor.py:830} INFO - Processing file /usr/local/python/3.12.1/lib/python3.12/site-packages/airflow/example_dags/plugins/workday.py for tasks to queue
[2026-04-25T09:25:43.902+0000] {logging_mixin.py:188} INFO - [2026-04-25T09:25:43.902+0000] {dagbag.py:540} INFO - Filling up the DagBag from /usr/local/python/3.12.1/lib/python3.12/site-packages/airflow/example_dags/plugins/workday.py
[2026-04-25T09:25:43.905+0000] {logging_mixin.py:188} INFO - [2026-04-25T09:25:43.904+0000] {workday.py:41} WARNING - Could not import pandas. Holidays will not be considered.
[2026-04-25T09:25:43.905+0000] {processor.py:842} WARNING - No viable dags retrieved from /usr/local/python/3.12.1/lib/python3.12/site-packages/airflow/example_dags/plugins/workday.py
[2026-04-25T09:25:43.912+0000] {processor.py:183} INFO - Processing /usr/local/python/3.12.1/lib/python3.12/site-packages/airflow/example_dags/plugins/workday.py took 0.015 seconds
[2026-04-25T09:26:20.458+0000] {processor.py:161} INFO - Started process (PID=20483) to work on /usr/local/python/3.12.1/lib/python3.12/site-packages/airflow/example_dags/plugins/workday.py
[2026-04-25T09:26:20.459+0000] {processor.py:830} INFO - Processing file /usr/local/python/3.12.1/lib/python3.12/site-packages/airflow/example_dags/plugins/workday.py for tasks to queue
[2026-04-25T09:26:20.460+0000] {logging_mixin.py:188} INFO - [2026-04-25T09:26:20.459+0000] {dagbag.py:540} INFO - Filling up the DagBag from /usr/local/python/3.12.1/lib/python3.12/site-packages/airflow/example_dags/plugins/workday.py
[2026-04-25T09:26:20.462+0000] {logging_mixin.py:188} INFO - [2026-04-25T09:26:20.462+0000] {workday.py:41} WARNING - Could not import pandas. Holidays will not be considered.
[2026-04-25T09:26:20.462+0000] {processor.py:842} WARNING - No viable dags retrieved from /usr/local/python/3.12.1/lib/python3.12/site-packages/airflow/example_dags/plugins/workday.py
[2026-04-25T09:26:20.470+0000] {processor.py:183} INFO - Processing /usr/local/python/3.12.1/lib/python3.12/site-packages/airflow/example_dags/plugins/workday.py took 0.016 seconds
[2026-04-25T09:27:03.226+0000] {processor.py:161} INFO - Started process (PID=20811) to work on /usr/local/python/3.12.1/lib/python3.12/site-packages/airflow/example_dags/plugins/workday.py
[2026-04-25T09:27:03.227+0000] {processor.py:830} INFO - Processing file /usr/local/python/3.12.1/lib/python3.12/site-packages/airflow/example_dags/plugins/workday.py for tasks to queue
[2026-04-25T09:27:03.228+0000] {logging_mixin.py:188} INFO - [2026-04-25T09:27:03.227+0000] {dagbag.py:540} INFO - Filling up the DagBag from /usr/local/python/3.12.1/lib/python3.12/site-packages/airflow/example_dags/plugins/workday.py
[2026-04-25T09:27:03.229+0000] {logging_mixin.py:188} INFO - [2026-04-25T09:27:03.229+0000] {workday.py:41} WARNING - Could not import pandas. Holidays will not be considered.
[2026-04-25T09:27:03.230+0000] {processor.py:842} WARNING - No viable dags retrieved from /usr/local/python/3.12.1/lib/python3.12/site-packages/airflow/example_dags/plugins/workday.py
[2026-04-25T09:27:03.237+0000] {processor.py:183} INFO - Processing /usr/local/python/3.12.1/lib/python3.12/site-packages/airflow/example_dags/plugins/workday.py took 0.015 seconds
[2026-04-25T09:27:42.052+0000] {processor.py:161} INFO - Started process (PID=21113) to work on /usr/local/python/3.12.1/lib/python3.12/site-packages/airflow/example_dags/plugins/workday.py
[2026-04-25T09:27:42.053+0000] {processor.py:830} INFO - Processing file /usr/local/python/3.12.1/lib/python3.12/site-packages/airflow/example_dags/plugins/workday.py for tasks to queue
[2026-04-25T09:27:42.053+0000] {logging_mixin.py:188} INFO - [2026-04-25T09:27:42.053+0000] {dagbag.py:540} INFO - Filling up the DagBag from /usr/local/python/3.12.1/lib/python3.12/site-packages/airflow/example_dags/plugins/workday.py
[2026-04-25T09:27:42.055+0000] {logging_mixin.py:188} INFO - [2026-04-25T09:27:42.055+0000] {workday.py:41} WARNING - Could not import pandas. Holidays will not be considered.
[2026-04-25T09:27:42.056+0000] {processor.py:842} WARNING - No viable dags retrieved from /usr/local/python/3.12.1/lib/python3.12/site-packages/airflow/example_dags/plugins/workday.py
[2026-04-25T09:27:42.063+0000] {processor.py:183} INFO - Processing /usr/local/python/3.12.1/lib/python3.12/site-packages/airflow/example_dags/plugins/workday.py took 0.015 seconds
[2026-04-25T09:28:25.876+0000] {processor.py:161} INFO - Started process (PID=21441) to work on /usr/local/python/3.12.1/lib/python3.12/site-packages/airflow/example_dags/plugins/workday.py
[2026-04-25T09:28:25.877+0000] {processor.py:830} INFO - Processing file /usr/local/python/3.12.1/lib/python3.12/site-packages/airflow/example_dags/plugins/workday.py for tasks to queue
[2026-04-25T09:28:25.878+0000] {logging_mixin.py:188} INFO - [2026-04-25T09:28:25.877+0000] {dagbag.py:540} INFO - Filling up the DagBag from /usr/local/python/3.12.1/lib/python3.12/site-packages/airflow/example_dags/plugins/workday.py
[2026-04-25T09:28:25.880+0000] {logging_mixin.py:188} INFO - [2026-04-25T09:28:25.880+0000] {workday.py:41} WARNING - Could not import pandas. Holidays will not be considered.
[2026-04-25T09:28:25.881+0000] {processor.py:842} WARNING - No viable dags retrieved from /usr/local/python/3.12.1/lib/python3.12/site-packages/airflow/example_dags/plugins/workday.py
[2026-04-25T09:28:25.893+0000] {processor.py:183} INFO - Processing /usr/local/python/3.12.1/lib/python3.12/site-packages/airflow/example_dags/plugins/workday.py took 0.023 seconds
[2026-04-25T09:29:07.034+0000] {processor.py:161} INFO - Started process (PID=21767) to work on /usr/local/python/3.12.1/lib/python3.12/site-packages/airflow/example_dags/plugins/workday.py
[2026-04-25T09:29:07.034+0000] {processor.py:830} INFO - Processing file /usr/local/python/3.12.1/lib/python3.12/site-packages/airflow/example_dags/plugins/workday.py for tasks to queue
[2026-04-25T09:29:07.035+0000] {logging_mixin.py:188} INFO - [2026-04-25T09:29:07.035+0000] {dagbag.py:540} INFO - Filling up the DagBag from /usr/local/python/3.12.1/lib/python3.12/site-packages/airflow/example_dags/plugins/workday.py
[2026-04-25T09:29:07.037+0000] {logging_mixin.py:188} INFO - [2026-04-25T09:29:07.037+0000] {workday.py:41} WARNING - Could not import pandas. Holidays will not be considered.
[2026-04-25T09:29:07.038+0000] {processor.py:842} WARNING - No viable dags retrieved from /usr/local/python/3.12.1/lib/python3.12/site-packages/airflow/example_dags/plugins/workday.py
[2026-04-25T09:29:07.045+0000] {processor.py:183} INFO - Processing /usr/local/python/3.12.1/lib/python3.12/site-packages/airflow/example_dags/plugins/workday.py took 0.015 seconds
[2026-04-25T09:29:46.958+0000] {processor.py:161} INFO - Started process (PID=22071) to work on /usr/local/python/3.12.1/lib/python3.12/site-packages/airflow/example_dags/plugins/workday.py
[2026-04-25T09:29:46.958+0000] {processor.py:830} INFO - Processing file /usr/local/python/3.12.1/lib/python3.12/site-packages/airflow/example_dags/plugins/workday.py for tasks to queue
[2026-04-25T09:29:46.959+0000] {logging_mixin.py:188} INFO - [2026-04-25T09:29:46.959+0000] {dagbag.py:540} INFO - Filling up the DagBag from /usr/local/python/3.12.1/lib/python3.12/site-packages/airflow/example_dags/plugins/workday.py
[2026-04-25T09:29:46.961+0000] {logging_mixin.py:188} INFO - [2026-04-25T09:29:46.961+0000] {workday.py:41} WARNING - Could not import pandas. Holidays will not be considered.
[2026-04-25T09:29:46.961+0000] {processor.py:842} WARNING - No viable dags retrieved from /usr/local/python/3.12.1/lib/python3.12/site-packages/airflow/example_dags/plugins/workday.py
[2026-04-25T09:29:46.968+0000] {processor.py:183} INFO - Processing /usr/local/python/3.12.1/lib/python3.12/site-packages/airflow/example_dags/plugins/workday.py took 0.015 seconds
[2026-04-25T09:30:24.841+0000] {processor.py:161} INFO - Started process (PID=22366) to work on /usr/local/python/3.12.1/lib/python3.12/site-packages/airflow/example_dags/plugins/workday.py
[2026-04-25T09:30:24.842+0000] {processor.py:830} INFO - Processing file /usr/local/python/3.12.1/lib/python3.12/site-packages/airflow/example_dags/plugins/workday.py for tasks to queue
[2026-04-25T09:30:24.842+0000] {logging_mixin.py:188} INFO - [2026-04-25T09:30:24.842+0000] {dagbag.py:540} INFO - Filling up the DagBag from /usr/local/python/3.12.1/lib/python3.12/site-packages/airflow/example_dags/plugins/workday.py
[2026-04-25T09:30:24.844+0000] {logging_mixin.py:188} INFO - [2026-04-25T09:30:24.844+0000] {workday.py:41} WARNING - Could not import pandas. Holidays will not be considered.
[2026-04-25T09:30:24.845+0000] {processor.py:842} WARNING - No viable dags retrieved from /usr/local/python/3.12.1/lib/python3.12/site-packages/airflow/example_dags/plugins/workday.py
[2026-04-25T09:30:24.853+0000] {processor.py:183} INFO - Processing /usr/local/python/3.12.1/lib/python3.12/site-packages/airflow/example_dags/plugins/workday.py took 0.016 seconds
[2026-04-25T09:31:09.455+0000] {processor.py:161} INFO - Started process (PID=22702) to work on /usr/local/python/3.12.1/lib/python3.12/site-packages/airflow/example_dags/plugins/workday.py
[2026-04-25T09:31:09.456+0000] {processor.py:830} INFO - Processing file /usr/local/python/3.12.1/lib/python3.12/site-packages/airflow/example_dags/plugins/workday.py for tasks to queue
[2026-04-25T09:31:09.456+0000] {logging_mixin.py:188} INFO - [2026-04-25T09:31:09.456+0000] {dagbag.py:540} INFO - Filling up the DagBag from /usr/local/python/3.12.1/lib/python3.12/site-packages/airflow/example_dags/plugins/workday.py
[2026-04-25T09:31:09.458+0000] {logging_mixin.py:188} INFO - [2026-04-25T09:31:09.458+0000] {workday.py:41} WARNING - Could not import pandas. Holidays will not be considered.
[2026-04-25T09:31:09.459+0000] {processor.py:842} WARNING - No viable dags retrieved from /usr/local/python/3.12.1/lib/python3.12/site-packages/airflow/example_dags/plugins/workday.py
[2026-04-25T09:31:09.466+0000] {processor.py:183} INFO - Processing /usr/local/python/3.12.1/lib/python3.12/site-packages/airflow/example_dags/plugins/workday.py took 0.015 seconds
[2026-04-25T09:31:51.690+0000] {processor.py:161} INFO - Started process (PID=23044) to work on /usr/local/python/3.12.1/lib/python3.12/site-packages/airflow/example_dags/plugins/workday.py
[2026-04-25T09:31:51.691+0000] {processor.py:830} INFO - Processing file /usr/local/python/3.12.1/lib/python3.12/site-packages/airflow/example_dags/plugins/workday.py for tasks to queue
[2026-04-25T09:31:51.691+0000] {logging_mixin.py:188} INFO - [2026-04-25T09:31:51.691+0000] {dagbag.py:540} INFO - Filling up the DagBag from /usr/local/python/3.12.1/lib/python3.12/site-packages/airflow/example_dags/plugins/workday.py
[2026-04-25T09:31:51.693+0000] {logging_mixin.py:188} INFO - [2026-04-25T09:31:51.693+0000] {workday.py:41} WARNING - Could not import pandas. Holidays will not be considered.
[2026-04-25T09:31:51.694+0000] {processor.py:842} WARNING - No viable dags retrieved from /usr/local/python/3.12.1/lib/python3.12/site-packages/airflow/example_dags/plugins/workday.py
[2026-04-25T09:31:51.701+0000] {processor.py:183} INFO - Processing /usr/local/python/3.12.1/lib/python3.12/site-packages/airflow/example_dags/plugins/workday.py took 0.015 seconds
[2026-04-25T09:32:36.459+0000] {processor.py:161} INFO - Started process (PID=23376) to work on /usr/local/python/3.12.1/lib/python3.12/site-packages/airflow/example_dags/plugins/workday.py
[2026-04-25T09:32:36.459+0000] {processor.py:830} INFO - Processing file /usr/local/python/3.12.1/lib/python3.12/site-packages/airflow/example_dags/plugins/workday.py for tasks to queue
[2026-04-25T09:32:36.460+0000] {logging_mixin.py:188} INFO - [2026-04-25T09:32:36.460+0000] {dagbag.py:540} INFO - Filling up the DagBag from /usr/local/python/3.12.1/lib/python3.12/site-packages/airflow/example_dags/plugins/workday.py
[2026-04-25T09:32:36.462+0000] {logging_mixin.py:188} INFO - [2026-04-25T09:32:36.462+0000] {workday.py:41} WARNING - Could not import pandas. Holidays will not be considered.
[2026-04-25T09:32:36.462+0000] {processor.py:842} WARNING - No viable dags retrieved from /usr/local/python/3.12.1/lib/python3.12/site-packages/airflow/example_dags/plugins/workday.py
[2026-04-25T09:32:36.469+0000] {processor.py:183} INFO - Processing /usr/local/python/3.12.1/lib/python3.12/site-packages/airflow/example_dags/plugins/workday.py took 0.015 seconds
[2026-04-25T09:33:20.780+0000] {processor.py:161} INFO - Started process (PID=23706) to work on /usr/local/python/3.12.1/lib/python3.12/site-packages/airflow/example_dags/plugins/workday.py
[2026-04-25T09:33:20.780+0000] {processor.py:830} INFO - Processing file /usr/local/python/3.12.1/lib/python3.12/site-packages/airflow/example_dags/plugins/workday.py for tasks to queue
[2026-04-25T09:33:20.781+0000] {logging_mixin.py:188} INFO - [2026-04-25T09:33:20.781+0000] {dagbag.py:540} INFO - Filling up the DagBag from /usr/local/python/3.12.1/lib/python3.12/site-packages/airflow/example_dags/plugins/workday.py
[2026-04-25T09:33:20.783+0000] {logging_mixin.py:188} INFO - [2026-04-25T09:33:20.783+0000] {workday.py:41} WARNING - Could not import pandas. Holidays will not be considered.
[2026-04-25T09:33:20.783+0000] {processor.py:842} WARNING - No viable dags retrieved from /usr/local/python/3.12.1/lib/python3.12/site-packages/airflow/example_dags/plugins/workday.py
[2026-04-25T09:33:20.792+0000] {processor.py:183} INFO - Processing /usr/local/python/3.12.1/lib/python3.12/site-packages/airflow/example_dags/plugins/workday.py took 0.017 seconds
[2026-04-25T09:34:08.106+0000] {processor.py:161} INFO - Started process (PID=24082) to work on /usr/local/python/3.12.1/lib/python3.12/site-packages/airflow/example_dags/plugins/workday.py
[2026-04-25T09:34:08.106+0000] {processor.py:830} INFO - Processing file /usr/local/python/3.12.1/lib/python3.12/site-packages/airflow/example_dags/plugins/workday.py for tasks to queue
[2026-04-25T09:34:08.107+0000] {logging_mixin.py:188} INFO - [2026-04-25T09:34:08.107+0000] {dagbag.py:540} INFO - Filling up the DagBag from /usr/local/python/3.12.1/lib/python3.12/site-packages/airflow/example_dags/plugins/workday.py
[2026-04-25T09:34:08.109+0000] {logging_mixin.py:188} INFO - [2026-04-25T09:34:08.109+0000] {workday.py:41} WARNING - Could not import pandas. Holidays will not be considered.
[2026-04-25T09:34:08.109+0000] {processor.py:842} WARNING - No viable dags retrieved from /usr/local/python/3.12.1/lib/python3.12/site-packages/airflow/example_dags/plugins/workday.py
[2026-04-25T09:34:08.117+0000] {processor.py:183} INFO - Processing /usr/local/python/3.12.1/lib/python3.12/site-packages/airflow/example_dags/plugins/workday.py took 0.015 seconds
[2026-04-25T09:34:45.336+0000] {processor.py:161} INFO - Started process (PID=24379) to work on /usr/local/python/3.12.1/lib/python3.12/site-packages/airflow/example_dags/plugins/workday.py
[2026-04-25T09:34:45.336+0000] {processor.py:830} INFO - Processing file /usr/local/python/3.12.1/lib/python3.12/site-packages/airflow/example_dags/plugins/workday.py for tasks to queue
[2026-04-25T09:34:45.337+0000] {logging_mixin.py:188} INFO - [2026-04-25T09:34:45.337+0000] {dagbag.py:540} INFO - Filling up the DagBag from /usr/local/python/3.12.1/lib/python3.12/site-packages/airflow/example_dags/plugins/workday.py
[2026-04-25T09:34:45.339+0000] {logging_mixin.py:188} INFO - [2026-04-25T09:34:45.339+0000] {workday.py:41} WARNING - Could not import pandas. Holidays will not be considered.
[2026-04-25T09:34:45.339+0000] {processor.py:842} WARNING - No viable dags retrieved from /usr/local/python/3.12.1/lib/python3.12/site-packages/airflow/example_dags/plugins/workday.py
[2026-04-25T09:34:45.346+0000] {processor.py:183} INFO - Processing /usr/local/python/3.12.1/lib/python3.12/site-packages/airflow/example_dags/plugins/workday.py took 0.015 seconds
[2026-04-25T09:35:22.481+0000] {processor.py:161} INFO - Started process (PID=24653) to work on /usr/local/python/3.12.1/lib/python3.12/site-packages/airflow/example_dags/plugins/workday.py
[2026-04-25T09:35:22.482+0000] {processor.py:830} INFO - Processing file /usr/local/python/3.12.1/lib/python3.12/site-packages/airflow/example_dags/plugins/workday.py for tasks to queue
[2026-04-25T09:35:22.483+0000] {logging_mixin.py:188} INFO - [2026-04-25T09:35:22.482+0000] {dagbag.py:540} INFO - Filling up the DagBag from /usr/local/python/3.12.1/lib/python3.12/site-packages/airflow/example_dags/plugins/workday.py
[2026-04-25T09:35:22.484+0000] {logging_mixin.py:188} INFO - [2026-04-25T09:35:22.484+0000] {workday.py:41} WARNING - Could not import pandas. Holidays will not be considered.
[2026-04-25T09:35:22.485+0000] {processor.py:842} WARNING - No viable dags retrieved from /usr/local/python/3.12.1/lib/python3.12/site-packages/airflow/example_dags/plugins/workday.py
[2026-04-25T09:35:22.492+0000] {processor.py:183} INFO - Processing /usr/local/python/3.12.1/lib/python3.12/site-packages/airflow/example_dags/plugins/workday.py took 0.015 seconds
[2026-04-25T09:36:02.543+0000] {processor.py:161} INFO - Started process (PID=24963) to work on /usr/local/python/3.12.1/lib/python3.12/site-packages/airflow/example_dags/plugins/workday.py
[2026-04-25T09:36:02.544+0000] {processor.py:830} INFO - Processing file /usr/local/python/3.12.1/lib/python3.12/site-packages/airflow/example_dags/plugins/workday.py for tasks to queue
[2026-04-25T09:36:02.545+0000] {logging_mixin.py:188} INFO - [2026-04-25T09:36:02.545+0000] {dagbag.py:540} INFO - Filling up the DagBag from /usr/local/python/3.12.1/lib/python3.12/site-packages/airflow/example_dags/plugins/workday.py
[2026-04-25T09:36:02.548+0000] {logging_mixin.py:188} INFO - [2026-04-25T09:36:02.548+0000] {workday.py:41} WARNING - Could not import pandas. Holidays will not be considered.
[2026-04-25T09:36:02.549+0000] {processor.py:842} WARNING - No viable dags retrieved from /usr/local/python/3.12.1/lib/python3.12/site-packages/airflow/example_dags/plugins/workday.py
[2026-04-25T09:36:02.557+0000] {processor.py:183} INFO - Processing /usr/local/python/3.12.1/lib/python3.12/site-packages/airflow/example_dags/plugins/workday.py took 0.026 seconds
[2026-04-25T09:36:41.330+0000] {processor.py:161} INFO - Started process (PID=25265) to work on /usr/local/python/3.12.1/lib/python3.12/site-packages/airflow/example_dags/plugins/workday.py
[2026-04-25T09:36:41.331+0000] {processor.py:830} INFO - Processing file /usr/local/python/3.12.1/lib/python3.12/site-packages/airflow/example_dags/plugins/workday.py for tasks to queue
[2026-04-25T09:36:41.331+0000] {logging_mixin.py:188} INFO - [2026-04-25T09:36:41.331+0000] {dagbag.py:540} INFO - Filling up the DagBag from /usr/local/python/3.12.1/lib/python3.12/site-packages/airflow/example_dags/plugins/workday.py
[2026-04-25T09:36:41.333+0000] {logging_mixin.py:188} INFO - [2026-04-25T09:36:41.333+0000] {workday.py:41} WARNING - Could not import pandas. Holidays will not be considered.
[2026-04-25T09:36:41.334+0000] {processor.py:842} WARNING - No viable dags retrieved from /usr/local/python/3.12.1/lib/python3.12/site-packages/airflow/example_dags/plugins/workday.py
[2026-04-25T09:36:41.341+0000] {processor.py:183} INFO - Processing /usr/local/python/3.12.1/lib/python3.12/site-packages/airflow/example_dags/plugins/workday.py took 0.015 seconds
[2026-04-25T09:37:23.520+0000] {processor.py:161} INFO - Started process (PID=25592) to work on /usr/local/python/3.12.1/lib/python3.12/site-packages/airflow/example_dags/plugins/workday.py
[2026-04-25T09:37:23.521+0000] {processor.py:830} INFO - Processing file /usr/local/python/3.12.1/lib/python3.12/site-packages/airflow/example_dags/plugins/workday.py for tasks to queue
[2026-04-25T09:37:23.522+0000] {logging_mixin.py:188} INFO - [2026-04-25T09:37:23.522+0000] {dagbag.py:540} INFO - Filling up the DagBag from /usr/local/python/3.12.1/lib/python3.12/site-packages/airflow/example_dags/plugins/workday.py
[2026-04-25T09:37:23.524+0000] {logging_mixin.py:188} INFO - [2026-04-25T09:37:23.524+0000] {workday.py:41} WARNING - Could not import pandas. Holidays will not be considered.
[2026-04-25T09:37:23.524+0000] {processor.py:842} WARNING - No viable dags retrieved from /usr/local/python/3.12.1/lib/python3.12/site-packages/airflow/example_dags/plugins/workday.py
[2026-04-25T09:37:23.531+0000] {processor.py:183} INFO - Processing /usr/local/python/3.12.1/lib/python3.12/site-packages/airflow/example_dags/plugins/workday.py took 0.015 seconds
[2026-04-25T09:38:03.553+0000] {processor.py:161} INFO - Started process (PID=25898) to work on /usr/local/python/3.12.1/lib/python3.12/site-packages/airflow/example_dags/plugins/workday.py
[2026-04-25T09:38:03.553+0000] {processor.py:830} INFO - Processing file /usr/local/python/3.12.1/lib/python3.12/site-packages/airflow/example_dags/plugins/workday.py for tasks to queue
[2026-04-25T09:38:03.554+0000] {logging_mixin.py:188} INFO - [2026-04-25T09:38:03.554+0000] {dagbag.py:540} INFO - Filling up the DagBag from /usr/local/python/3.12.1/lib/python3.12/site-packages/airflow/example_dags/plugins/workday.py
[2026-04-25T09:38:03.557+0000] {logging_mixin.py:188} INFO - [2026-04-25T09:38:03.557+0000] {workday.py:41} WARNING - Could not import pandas. Holidays will not be considered.
[2026-04-25T09:38:03.558+0000] {processor.py:842} WARNING - No viable dags retrieved from /usr/local/python/3.12.1/lib/python3.12/site-packages/airflow/example_dags/plugins/workday.py
[2026-04-25T09:38:03.569+0000] {processor.py:183} INFO - Processing /usr/local/python/3.12.1/lib/python3.12/site-packages/airflow/example_dags/plugins/workday.py took 0.023 seconds
[2026-04-25T09:38:45.039+0000] {processor.py:161} INFO - Started process (PID=26218) to work on /usr/local/python/3.12.1/lib/python3.12/site-packages/airflow/example_dags/plugins/workday.py
[2026-04-25T09:38:45.039+0000] {processor.py:830} INFO - Processing file /usr/local/python/3.12.1/lib/python3.12/site-packages/airflow/example_dags/plugins/workday.py for tasks to queue
[2026-04-25T09:38:45.040+0000] {logging_mixin.py:188} INFO - [2026-04-25T09:38:45.040+0000] {dagbag.py:540} INFO - Filling up the DagBag from /usr/local/python/3.12.1/lib/python3.12/site-packages/airflow/example_dags/plugins/workday.py
[2026-04-25T09:38:45.042+0000] {logging_mixin.py:188} INFO - [2026-04-25T09:38:45.042+0000] {workday.py:41} WARNING - Could not import pandas. Holidays will not be considered.
[2026-04-25T09:38:45.042+0000] {processor.py:842} WARNING - No viable dags retrieved from /usr/local/python/3.12.1/lib/python3.12/site-packages/airflow/example_dags/plugins/workday.py
[2026-04-25T09:38:45.050+0000] {processor.py:183} INFO - Processing /usr/local/python/3.12.1/lib/python3.12/site-packages/airflow/example_dags/plugins/workday.py took 0.015 seconds
[2026-04-25T09:39:24.718+0000] {processor.py:161} INFO - Started process (PID=26524) to work on /usr/local/python/3.12.1/lib/python3.12/site-packages/airflow/example_dags/plugins/workday.py
[2026-04-25T09:39:24.719+0000] {processor.py:830} INFO - Processing file /usr/local/python/3.12.1/lib/python3.12/site-packages/airflow/example_dags/plugins/workday.py for tasks to queue
[2026-04-25T09:39:24.719+0000] {logging_mixin.py:188} INFO - [2026-04-25T09:39:24.719+0000] {dagbag.py:540} INFO - Filling up the DagBag from /usr/local/python/3.12.1/lib/python3.12/site-packages/airflow/example_dags/plugins/workday.py
[2026-04-25T09:39:24.721+0000] {logging_mixin.py:188} INFO - [2026-04-25T09:39:24.721+0000] {workday.py:41} WARNING - Could not import pandas. Holidays will not be considered.
[2026-04-25T09:39:24.722+0000] {processor.py:842} WARNING - No viable dags retrieved from /usr/local/python/3.12.1/lib/python3.12/site-packages/airflow/example_dags/plugins/workday.py
[2026-04-25T09:39:24.729+0000] {processor.py:183} INFO - Processing /usr/local/python/3.12.1/lib/python3.12/site-packages/airflow/example_dags/plugins/workday.py took 0.016 seconds
[2026-04-25T09:40:04.602+0000] {processor.py:161} INFO - Started process (PID=26837) to work on /usr/local/python/3.12.1/lib/python3.12/site-packages/airflow/example_dags/plugins/workday.py
[2026-04-25T09:40:04.603+0000] {processor.py:830} INFO - Processing file /usr/local/python/3.12.1/lib/python3.12/site-packages/airflow/example_dags/plugins/workday.py for tasks to queue
[2026-04-25T09:40:04.604+0000] {logging_mixin.py:188} INFO - [2026-04-25T09:40:04.603+0000] {dagbag.py:540} INFO - Filling up the DagBag from /usr/local/python/3.12.1/lib/python3.12/site-packages/airflow/example_dags/plugins/workday.py
[2026-04-25T09:40:04.606+0000] {logging_mixin.py:188} INFO - [2026-04-25T09:40:04.606+0000] {workday.py:41} WARNING - Could not import pandas. Holidays will not be considered.
[2026-04-25T09:40:04.606+0000] {processor.py:842} WARNING - No viable dags retrieved from /usr/local/python/3.12.1/lib/python3.12/site-packages/airflow/example_dags/plugins/workday.py
[2026-04-25T09:40:04.613+0000] {processor.py:183} INFO - Processing /usr/local/python/3.12.1/lib/python3.12/site-packages/airflow/example_dags/plugins/workday.py took 0.015 seconds
[2026-04-25T09:40:41.824+0000] {processor.py:161} INFO - Started process (PID=27131) to work on /usr/local/python/3.12.1/lib/python3.12/site-packages/airflow/example_dags/plugins/workday.py
[2026-04-25T09:40:41.825+0000] {processor.py:830} INFO - Processing file /usr/local/python/3.12.1/lib/python3.12/site-packages/airflow/example_dags/plugins/workday.py for tasks to queue
[2026-04-25T09:40:41.825+0000] {logging_mixin.py:188} INFO - [2026-04-25T09:40:41.825+0000] {dagbag.py:540} INFO - Filling up the DagBag from /usr/local/python/3.12.1/lib/python3.12/site-packages/airflow/example_dags/plugins/workday.py
[2026-04-25T09:40:41.827+0000] {logging_mixin.py:188} INFO - [2026-04-25T09:40:41.827+0000] {workday.py:41} WARNING - Could not import pandas. Holidays will not be considered.
[2026-04-25T09:40:41.828+0000] {processor.py:842} WARNING - No viable dags retrieved from /usr/local/python/3.12.1/lib/python3.12/site-packages/airflow/example_dags/plugins/workday.py
[2026-04-25T09:40:41.835+0000] {processor.py:183} INFO - Processing /usr/local/python/3.12.1/lib/python3.12/site-packages/airflow/example_dags/plugins/workday.py took 0.016 seconds
[2026-04-25T09:41:21.300+0000] {processor.py:161} INFO - Started process (PID=27437) to work on /usr/local/python/3.12.1/lib/python3.12/site-packages/airflow/example_dags/plugins/workday.py
[2026-04-25T09:41:21.300+0000] {processor.py:830} INFO - Processing file /usr/local/python/3.12.1/lib/python3.12/site-packages/airflow/example_dags/plugins/workday.py for tasks to queue
[2026-04-25T09:41:21.301+0000] {logging_mixin.py:188} INFO - [2026-04-25T09:41:21.301+0000] {dagbag.py:540} INFO - Filling up the DagBag from /usr/local/python/3.12.1/lib/python3.12/site-packages/airflow/example_dags/plugins/workday.py
[2026-04-25T09:41:21.303+0000] {logging_mixin.py:188} INFO - [2026-04-25T09:41:21.303+0000] {workday.py:41} WARNING - Could not import pandas. Holidays will not be considered.
[2026-04-25T09:41:21.303+0000] {processor.py:842} WARNING - No viable dags retrieved from /usr/local/python/3.12.1/lib/python3.12/site-packages/airflow/example_dags/plugins/workday.py
[2026-04-25T09:41:21.311+0000] {processor.py:183} INFO - Processing /usr/local/python/3.12.1/lib/python3.12/site-packages/airflow/example_dags/plugins/workday.py took 0.015 seconds
[2026-04-25T09:41:58.892+0000] {processor.py:161} INFO - Started process (PID=27719) to work on /usr/local/python/3.12.1/lib/python3.12/site-packages/airflow/example_dags/plugins/workday.py
[2026-04-25T09:41:58.893+0000] {processor.py:830} INFO - Processing file /usr/local/python/3.12.1/lib/python3.12/site-packages/airflow/example_dags/plugins/workday.py for tasks to queue
[2026-04-25T09:41:58.894+0000] {logging_mixin.py:188} INFO - [2026-04-25T09:41:58.893+0000] {dagbag.py:540} INFO - Filling up the DagBag from /usr/local/python/3.12.1/lib/python3.12/site-packages/airflow/example_dags/plugins/workday.py
[2026-04-25T09:41:58.896+0000] {logging_mixin.py:188} INFO - [2026-04-25T09:41:58.896+0000] {workday.py:41} WARNING - Could not import pandas. Holidays will not be considered.
[2026-04-25T09:41:58.896+0000] {processor.py:842} WARNING - No viable dags retrieved from /usr/local/python/3.12.1/lib/python3.12/site-packages/airflow/example_dags/plugins/workday.py
[2026-04-25T09:41:58.904+0000] {processor.py:183} INFO - Processing /usr/local/python/3.12.1/lib/python3.12/site-packages/airflow/example_dags/plugins/workday.py took 0.015 seconds
[2026-04-25T09:42:34.789+0000] {processor.py:161} INFO - Started process (PID=28007) to work on /usr/local/python/3.12.1/lib/python3.12/site-packages/airflow/example_dags/plugins/workday.py
[2026-04-25T09:42:34.790+0000] {processor.py:830} INFO - Processing file /usr/local/python/3.12.1/lib/python3.12/site-packages/airflow/example_dags/plugins/workday.py for tasks to queue
[2026-04-25T09:42:34.791+0000] {logging_mixin.py:188} INFO - [2026-04-25T09:42:34.790+0000] {dagbag.py:540} INFO - Filling up the DagBag from /usr/local/python/3.12.1/lib/python3.12/site-packages/airflow/example_dags/plugins/workday.py
[2026-04-25T09:42:34.793+0000] {logging_mixin.py:188} INFO - [2026-04-25T09:42:34.792+0000] {workday.py:41} WARNING - Could not import pandas. Holidays will not be considered.
[2026-04-25T09:42:34.793+0000] {processor.py:842} WARNING - No viable dags retrieved from /usr/local/python/3.12.1/lib/python3.12/site-packages/airflow/example_dags/plugins/workday.py
[2026-04-25T09:42:34.800+0000] {processor.py:183} INFO - Processing /usr/local/python/3.12.1/lib/python3.12/site-packages/airflow/example_dags/plugins/workday.py took 0.015 seconds
[2026-04-25T09:43:18.418+0000] {processor.py:161} INFO - Started process (PID=28339) to work on /usr/local/python/3.12.1/lib/python3.12/site-packages/airflow/example_dags/plugins/workday.py
[2026-04-25T09:43:18.419+0000] {processor.py:830} INFO - Processing file /usr/local/python/3.12.1/lib/python3.12/site-packages/airflow/example_dags/plugins/workday.py for tasks to queue
[2026-04-25T09:43:18.420+0000] {logging_mixin.py:188} INFO - [2026-04-25T09:43:18.419+0000] {dagbag.py:540} INFO - Filling up the DagBag from /usr/local/python/3.12.1/lib/python3.12/site-packages/airflow/example_dags/plugins/workday.py
[2026-04-25T09:43:18.422+0000] {logging_mixin.py:188} INFO - [2026-04-25T09:43:18.421+0000] {workday.py:41} WARNING - Could not import pandas. Holidays will not be considered.
[2026-04-25T09:43:18.422+0000] {processor.py:842} WARNING - No viable dags retrieved from /usr/local/python/3.12.1/lib/python3.12/site-packages/airflow/example_dags/plugins/workday.py
[2026-04-25T09:43:18.429+0000] {processor.py:183} INFO - Processing /usr/local/python/3.12.1/lib/python3.12/site-packages/airflow/example_dags/plugins/workday.py took 0.015 seconds
[2026-04-25T09:44:00.413+0000] {processor.py:161} INFO - Started process (PID=28659) to work on /usr/local/python/3.12.1/lib/python3.12/site-packages/airflow/example_dags/plugins/workday.py
[2026-04-25T09:44:00.414+0000] {processor.py:830} INFO - Processing file /usr/local/python/3.12.1/lib/python3.12/site-packages/airflow/example_dags/plugins/workday.py for tasks to queue
[2026-04-25T09:44:00.415+0000] {logging_mixin.py:188} INFO - [2026-04-25T09:44:00.414+0000] {dagbag.py:540} INFO - Filling up the DagBag from /usr/local/python/3.12.1/lib/python3.12/site-packages/airflow/example_dags/plugins/workday.py
[2026-04-25T09:44:00.417+0000] {logging_mixin.py:188} INFO - [2026-04-25T09:44:00.417+0000] {workday.py:41} WARNING - Could not import pandas. Holidays will not be considered.
[2026-04-25T09:44:00.417+0000] {processor.py:842} WARNING - No viable dags retrieved from /usr/local/python/3.12.1/lib/python3.12/site-packages/airflow/example_dags/plugins/workday.py
[2026-04-25T09:44:00.424+0000] {processor.py:183} INFO - Processing /usr/local/python/3.12.1/lib/python3.12/site-packages/airflow/example_dags/plugins/workday.py took 0.015 seconds
[2026-04-25T09:44:40.541+0000] {processor.py:161} INFO - Started process (PID=28970) to work on /usr/local/python/3.12.1/lib/python3.12/site-packages/airflow/example_dags/plugins/workday.py
[2026-04-25T09:44:40.542+0000] {processor.py:830} INFO - Processing file /usr/local/python/3.12.1/lib/python3.12/site-packages/airflow/example_dags/plugins/workday.py for tasks to queue
[2026-04-25T09:44:40.543+0000] {logging_mixin.py:188} INFO - [2026-04-25T09:44:40.542+0000] {dagbag.py:540} INFO - Filling up the DagBag from /usr/local/python/3.12.1/lib/python3.12/site-packages/airflow/example_dags/plugins/workday.py
[2026-04-25T09:44:40.545+0000] {logging_mixin.py:188} INFO - [2026-04-25T09:44:40.545+0000] {workday.py:41} WARNING - Could not import pandas. Holidays will not be considered.
[2026-04-25T09:44:40.546+0000] {processor.py:842} WARNING - No viable dags retrieved from /usr/local/python/3.12.1/lib/python3.12/site-packages/airflow/example_dags/plugins/workday.py
[2026-04-25T09:44:40.555+0000] {processor.py:183} INFO - Processing /usr/local/python/3.12.1/lib/python3.12/site-packages/airflow/example_dags/plugins/workday.py took 0.024 seconds
[2026-04-25T09:45:17.793+0000] {processor.py:161} INFO - Started process (PID=29262) to work on /usr/local/python/3.12.1/lib/python3.12/site-packages/airflow/example_dags/plugins/workday.py
[2026-04-25T09:45:17.794+0000] {processor.py:830} INFO - Processing file /usr/local/python/3.12.1/lib/python3.12/site-packages/airflow/example_dags/plugins/workday.py for tasks to queue
[2026-04-25T09:45:17.795+0000] {logging_mixin.py:188} INFO - [2026-04-25T09:45:17.794+0000] {dagbag.py:540} INFO - Filling up the DagBag from /usr/local/python/3.12.1/lib/python3.12/site-packages/airflow/example_dags/plugins/workday.py
[2026-04-25T09:45:17.797+0000] {logging_mixin.py:188} INFO - [2026-04-25T09:45:17.796+0000] {workday.py:41} WARNING - Could not import pandas. Holidays will not be considered.
[2026-04-25T09:45:17.797+0000] {processor.py:842} WARNING - No viable dags retrieved from /usr/local/python/3.12.1/lib/python3.12/site-packages/airflow/example_dags/plugins/workday.py
[2026-04-25T09:45:17.804+0000] {processor.py:183} INFO - Processing /usr/local/python/3.12.1/lib/python3.12/site-packages/airflow/example_dags/plugins/workday.py took 0.015 seconds
[2026-04-25T09:46:00.455+0000] {processor.py:161} INFO - Started process (PID=29591) to work on /usr/local/python/3.12.1/lib/python3.12/site-packages/airflow/example_dags/plugins/workday.py
[2026-04-25T09:46:00.456+0000] {processor.py:830} INFO - Processing file /usr/local/python/3.12.1/lib/python3.12/site-packages/airflow/example_dags/plugins/workday.py for tasks to queue
[2026-04-25T09:46:00.457+0000] {logging_mixin.py:188} INFO - [2026-04-25T09:46:00.456+0000] {dagbag.py:540} INFO - Filling up the DagBag from /usr/local/python/3.12.1/lib/python3.12/site-packages/airflow/example_dags/plugins/workday.py
[2026-04-25T09:46:00.459+0000] {logging_mixin.py:188} INFO - [2026-04-25T09:46:00.458+0000] {workday.py:41} WARNING - Could not import pandas. Holidays will not be considered.
[2026-04-25T09:46:00.459+0000] {processor.py:842} WARNING - No viable dags retrieved from /usr/local/python/3.12.1/lib/python3.12/site-packages/airflow/example_dags/plugins/workday.py
[2026-04-25T09:46:00.467+0000] {processor.py:183} INFO - Processing /usr/local/python/3.12.1/lib/python3.12/site-packages/airflow/example_dags/plugins/workday.py took 0.016 seconds
[2026-04-25T09:46:42.031+0000] {processor.py:161} INFO - Started process (PID=29910) to work on /usr/local/python/3.12.1/lib/python3.12/site-packages/airflow/example_dags/plugins/workday.py
[2026-04-25T09:46:42.032+0000] {processor.py:830} INFO - Processing file /usr/local/python/3.12.1/lib/python3.12/site-packages/airflow/example_dags/plugins/workday.py for tasks to queue
[2026-04-25T09:46:42.033+0000] {logging_mixin.py:188} INFO - [2026-04-25T09:46:42.032+0000] {dagbag.py:540} INFO - Filling up the DagBag from /usr/local/python/3.12.1/lib/python3.12/site-packages/airflow/example_dags/plugins/workday.py
[2026-04-25T09:46:42.035+0000] {logging_mixin.py:188} INFO - [2026-04-25T09:46:42.034+0000] {workday.py:41} WARNING - Could not import pandas. Holidays will not be considered.
[2026-04-25T09:46:42.035+0000] {processor.py:842} WARNING - No viable dags retrieved from /usr/local/python/3.12.1/lib/python3.12/site-packages/airflow/example_dags/plugins/workday.py
[2026-04-25T09:46:42.042+0000] {processor.py:183} INFO - Processing /usr/local/python/3.12.1/lib/python3.12/site-packages/airflow/example_dags/plugins/workday.py took 0.016 seconds
