[2026-04-25T09:06:28.013+0000] {processor.py:161} INFO - Started process (PID=8657) to work on /usr/local/python/3.12.1/lib/python3.12/site-packages/airflow/example_dags/example_branch_python_dop_operator_3.py
[2026-04-25T09:06:28.014+0000] {processor.py:830} INFO - Processing file /usr/local/python/3.12.1/lib/python3.12/site-packages/airflow/example_dags/example_branch_python_dop_operator_3.py for tasks to queue
[2026-04-25T09:06:28.015+0000] {logging_mixin.py:188} INFO - [2026-04-25T09:06:28.014+0000] {dagbag.py:540} INFO - Filling up the DagBag from /usr/local/python/3.12.1/lib/python3.12/site-packages/airflow/example_dags/example_branch_python_dop_operator_3.py
[2026-04-25T09:06:28.022+0000] {processor.py:840} INFO - DAG(s) 'example_branch_dop_operator_v3' retrieved from /usr/local/python/3.12.1/lib/python3.12/site-packages/airflow/example_dags/example_branch_python_dop_operator_3.py
[2026-04-25T09:06:28.105+0000] {logging_mixin.py:188} INFO - [2026-04-25T09:06:28.104+0000] {override.py:1930} INFO - Created Permission View: can delete on DAG:example_branch_dop_operator_v3
[2026-04-25T09:06:28.113+0000] {logging_mixin.py:188} INFO - [2026-04-25T09:06:28.113+0000] {override.py:1930} INFO - Created Permission View: can edit on DAG:example_branch_dop_operator_v3
[2026-04-25T09:06:28.119+0000] {logging_mixin.py:188} INFO - [2026-04-25T09:06:28.119+0000] {override.py:1930} INFO - Created Permission View: can read on DAG:example_branch_dop_operator_v3
[2026-04-25T09:06:28.120+0000] {logging_mixin.py:188} INFO - [2026-04-25T09:06:28.120+0000] {dag.py:3096} INFO - Sync 1 DAGs
[2026-04-25T09:06:28.129+0000] {logging_mixin.py:188} INFO - [2026-04-25T09:06:28.129+0000] {dag.py:3118} INFO - Creating ORM DAG for example_branch_dop_operator_v3
[2026-04-25T09:06:28.138+0000] {logging_mixin.py:188} INFO - [2026-04-25T09:06:28.138+0000] {dag.py:3954} INFO - Setting next_dagrun for example_branch_dop_operator_v3 to 2026-04-25 09:05:00+00:00, run_after=2026-04-25 09:06:00+00:00
[2026-04-25T09:06:28.155+0000] {processor.py:183} INFO - Processing /usr/local/python/3.12.1/lib/python3.12/site-packages/airflow/example_dags/example_branch_python_dop_operator_3.py took 0.146 seconds
[2026-04-25T09:07:20.614+0000] {processor.py:161} INFO - Started process (PID=9141) to work on /usr/local/python/3.12.1/lib/python3.12/site-packages/airflow/example_dags/example_branch_python_dop_operator_3.py
[2026-04-25T09:07:20.618+0000] {processor.py:830} INFO - Processing file /usr/local/python/3.12.1/lib/python3.12/site-packages/airflow/example_dags/example_branch_python_dop_operator_3.py for tasks to queue
[2026-04-25T09:07:20.619+0000] {logging_mixin.py:188} INFO - [2026-04-25T09:07:20.619+0000] {dagbag.py:540} INFO - Filling up the DagBag from /usr/local/python/3.12.1/lib/python3.12/site-packages/airflow/example_dags/example_branch_python_dop_operator_3.py
[2026-04-25T09:07:20.626+0000] {processor.py:840} INFO - DAG(s) 'example_branch_dop_operator_v3' retrieved from /usr/local/python/3.12.1/lib/python3.12/site-packages/airflow/example_dags/example_branch_python_dop_operator_3.py
[2026-04-25T09:07:20.638+0000] {logging_mixin.py:188} INFO - [2026-04-25T09:07:20.638+0000] {dag.py:3096} INFO - Sync 1 DAGs
[2026-04-25T09:07:20.655+0000] {logging_mixin.py:188} INFO - [2026-04-25T09:07:20.655+0000] {dag.py:3954} INFO - Setting next_dagrun for example_branch_dop_operator_v3 to 2026-04-25 09:06:00+00:00, run_after=2026-04-25 09:07:00+00:00
[2026-04-25T09:07:20.677+0000] {processor.py:183} INFO - Processing /usr/local/python/3.12.1/lib/python3.12/site-packages/airflow/example_dags/example_branch_python_dop_operator_3.py took 0.076 seconds
[2026-04-25T09:08:27.268+0000] {processor.py:161} INFO - Started process (PID=9813) to work on /usr/local/python/3.12.1/lib/python3.12/site-packages/airflow/example_dags/example_branch_python_dop_operator_3.py
[2026-04-25T09:08:27.269+0000] {processor.py:830} INFO - Processing file /usr/local/python/3.12.1/lib/python3.12/site-packages/airflow/example_dags/example_branch_python_dop_operator_3.py for tasks to queue
[2026-04-25T09:08:27.270+0000] {logging_mixin.py:188} INFO - [2026-04-25T09:08:27.269+0000] {dagbag.py:540} INFO - Filling up the DagBag from /usr/local/python/3.12.1/lib/python3.12/site-packages/airflow/example_dags/example_branch_python_dop_operator_3.py
[2026-04-25T09:08:27.277+0000] {processor.py:840} INFO - DAG(s) 'example_branch_dop_operator_v3' retrieved from /usr/local/python/3.12.1/lib/python3.12/site-packages/airflow/example_dags/example_branch_python_dop_operator_3.py
[2026-04-25T09:08:27.289+0000] {logging_mixin.py:188} INFO - [2026-04-25T09:08:27.289+0000] {dag.py:3096} INFO - Sync 1 DAGs
[2026-04-25T09:08:27.307+0000] {logging_mixin.py:188} INFO - [2026-04-25T09:08:27.306+0000] {dag.py:3954} INFO - Setting next_dagrun for example_branch_dop_operator_v3 to 2026-04-25 09:07:00+00:00, run_after=2026-04-25 09:08:00+00:00
[2026-04-25T09:08:27.324+0000] {processor.py:183} INFO - Processing /usr/local/python/3.12.1/lib/python3.12/site-packages/airflow/example_dags/example_branch_python_dop_operator_3.py took 0.059 seconds
[2026-04-25T09:09:28.664+0000] {processor.py:161} INFO - Started process (PID=10639) to work on /usr/local/python/3.12.1/lib/python3.12/site-packages/airflow/example_dags/example_branch_python_dop_operator_3.py
[2026-04-25T09:09:28.667+0000] {processor.py:830} INFO - Processing file /usr/local/python/3.12.1/lib/python3.12/site-packages/airflow/example_dags/example_branch_python_dop_operator_3.py for tasks to queue
[2026-04-25T09:09:28.668+0000] {logging_mixin.py:188} INFO - [2026-04-25T09:09:28.668+0000] {dagbag.py:540} INFO - Filling up the DagBag from /usr/local/python/3.12.1/lib/python3.12/site-packages/airflow/example_dags/example_branch_python_dop_operator_3.py
[2026-04-25T09:09:28.693+0000] {processor.py:840} INFO - DAG(s) 'example_branch_dop_operator_v3' retrieved from /usr/local/python/3.12.1/lib/python3.12/site-packages/airflow/example_dags/example_branch_python_dop_operator_3.py
[2026-04-25T09:09:28.720+0000] {logging_mixin.py:188} INFO - [2026-04-25T09:09:28.719+0000] {dag.py:3096} INFO - Sync 1 DAGs
[2026-04-25T09:09:28.785+0000] {logging_mixin.py:188} INFO - [2026-04-25T09:09:28.785+0000] {dag.py:3954} INFO - Setting next_dagrun for example_branch_dop_operator_v3 to 2026-04-25 09:08:00+00:00, run_after=2026-04-25 09:09:00+00:00
[2026-04-25T09:09:28.851+0000] {processor.py:183} INFO - Processing /usr/local/python/3.12.1/lib/python3.12/site-packages/airflow/example_dags/example_branch_python_dop_operator_3.py took 0.200 seconds
[2026-04-25T09:10:31.217+0000] {processor.py:161} INFO - Started process (PID=11238) to work on /usr/local/python/3.12.1/lib/python3.12/site-packages/airflow/example_dags/example_branch_python_dop_operator_3.py
[2026-04-25T09:10:31.218+0000] {processor.py:830} INFO - Processing file /usr/local/python/3.12.1/lib/python3.12/site-packages/airflow/example_dags/example_branch_python_dop_operator_3.py for tasks to queue
[2026-04-25T09:10:31.218+0000] {logging_mixin.py:188} INFO - [2026-04-25T09:10:31.218+0000] {dagbag.py:540} INFO - Filling up the DagBag from /usr/local/python/3.12.1/lib/python3.12/site-packages/airflow/example_dags/example_branch_python_dop_operator_3.py
[2026-04-25T09:10:31.225+0000] {processor.py:840} INFO - DAG(s) 'example_branch_dop_operator_v3' retrieved from /usr/local/python/3.12.1/lib/python3.12/site-packages/airflow/example_dags/example_branch_python_dop_operator_3.py
[2026-04-25T09:10:31.237+0000] {logging_mixin.py:188} INFO - [2026-04-25T09:10:31.237+0000] {dag.py:3096} INFO - Sync 1 DAGs
[2026-04-25T09:10:31.254+0000] {logging_mixin.py:188} INFO - [2026-04-25T09:10:31.254+0000] {dag.py:3954} INFO - Setting next_dagrun for example_branch_dop_operator_v3 to 2026-04-25 09:09:00+00:00, run_after=2026-04-25 09:10:00+00:00
[2026-04-25T09:10:31.271+0000] {processor.py:183} INFO - Processing /usr/local/python/3.12.1/lib/python3.12/site-packages/airflow/example_dags/example_branch_python_dop_operator_3.py took 0.058 seconds
[2026-04-25T09:11:35.759+0000] {processor.py:161} INFO - Started process (PID=12482) to work on /usr/local/python/3.12.1/lib/python3.12/site-packages/airflow/example_dags/example_branch_python_dop_operator_3.py
[2026-04-25T09:11:35.759+0000] {processor.py:830} INFO - Processing file /usr/local/python/3.12.1/lib/python3.12/site-packages/airflow/example_dags/example_branch_python_dop_operator_3.py for tasks to queue
[2026-04-25T09:11:35.760+0000] {logging_mixin.py:188} INFO - [2026-04-25T09:11:35.760+0000] {dagbag.py:540} INFO - Filling up the DagBag from /usr/local/python/3.12.1/lib/python3.12/site-packages/airflow/example_dags/example_branch_python_dop_operator_3.py
[2026-04-25T09:11:35.767+0000] {processor.py:840} INFO - DAG(s) 'example_branch_dop_operator_v3' retrieved from /usr/local/python/3.12.1/lib/python3.12/site-packages/airflow/example_dags/example_branch_python_dop_operator_3.py
[2026-04-25T09:11:35.773+0000] {logging_mixin.py:188} INFO - [2026-04-25T09:11:35.773+0000] {dag.py:3096} INFO - Sync 1 DAGs
[2026-04-25T09:11:35.798+0000] {logging_mixin.py:188} INFO - [2026-04-25T09:11:35.798+0000] {dag.py:3954} INFO - Setting next_dagrun for example_branch_dop_operator_v3 to 2026-04-25 09:10:00+00:00, run_after=2026-04-25 09:11:00+00:00
[2026-04-25T09:11:35.814+0000] {processor.py:183} INFO - Processing /usr/local/python/3.12.1/lib/python3.12/site-packages/airflow/example_dags/example_branch_python_dop_operator_3.py took 0.060 seconds
[2026-04-25T09:12:10.443+0000] {processor.py:161} INFO - Started process (PID=12853) to work on /usr/local/python/3.12.1/lib/python3.12/site-packages/airflow/example_dags/example_branch_python_dop_operator_3.py
[2026-04-25T09:12:10.444+0000] {processor.py:830} INFO - Processing file /usr/local/python/3.12.1/lib/python3.12/site-packages/airflow/example_dags/example_branch_python_dop_operator_3.py for tasks to queue
[2026-04-25T09:12:10.444+0000] {logging_mixin.py:188} INFO - [2026-04-25T09:12:10.444+0000] {dagbag.py:540} INFO - Filling up the DagBag from /usr/local/python/3.12.1/lib/python3.12/site-packages/airflow/example_dags/example_branch_python_dop_operator_3.py
[2026-04-25T09:12:10.451+0000] {processor.py:840} INFO - DAG(s) 'example_branch_dop_operator_v3' retrieved from /usr/local/python/3.12.1/lib/python3.12/site-packages/airflow/example_dags/example_branch_python_dop_operator_3.py
[2026-04-25T09:12:10.530+0000] {logging_mixin.py:188} INFO - [2026-04-25T09:12:10.529+0000] {dag.py:3096} INFO - Sync 1 DAGs
[2026-04-25T09:12:10.548+0000] {logging_mixin.py:188} INFO - [2026-04-25T09:12:10.548+0000] {dag.py:3954} INFO - Setting next_dagrun for example_branch_dop_operator_v3 to 2026-04-25 09:11:00+00:00, run_after=2026-04-25 09:12:00+00:00
[2026-04-25T09:12:10.570+0000] {processor.py:183} INFO - Processing /usr/local/python/3.12.1/lib/python3.12/site-packages/airflow/example_dags/example_branch_python_dop_operator_3.py took 0.132 seconds
[2026-04-25T09:12:43.315+0000] {processor.py:161} INFO - Started process (PID=13343) to work on /usr/local/python/3.12.1/lib/python3.12/site-packages/airflow/example_dags/example_branch_python_dop_operator_3.py
[2026-04-25T09:12:43.316+0000] {processor.py:830} INFO - Processing file /usr/local/python/3.12.1/lib/python3.12/site-packages/airflow/example_dags/example_branch_python_dop_operator_3.py for tasks to queue
[2026-04-25T09:12:43.317+0000] {logging_mixin.py:188} INFO - [2026-04-25T09:12:43.316+0000] {dagbag.py:540} INFO - Filling up the DagBag from /usr/local/python/3.12.1/lib/python3.12/site-packages/airflow/example_dags/example_branch_python_dop_operator_3.py
[2026-04-25T09:12:43.328+0000] {processor.py:840} INFO - DAG(s) 'example_branch_dop_operator_v3' retrieved from /usr/local/python/3.12.1/lib/python3.12/site-packages/airflow/example_dags/example_branch_python_dop_operator_3.py
[2026-04-25T09:12:43.343+0000] {logging_mixin.py:188} INFO - [2026-04-25T09:12:43.343+0000] {dag.py:3096} INFO - Sync 1 DAGs
[2026-04-25T09:12:43.361+0000] {logging_mixin.py:188} INFO - [2026-04-25T09:12:43.360+0000] {dag.py:3954} INFO - Setting next_dagrun for example_branch_dop_operator_v3 to 2026-04-25 09:11:00+00:00, run_after=2026-04-25 09:12:00+00:00
[2026-04-25T09:12:43.377+0000] {processor.py:183} INFO - Processing /usr/local/python/3.12.1/lib/python3.12/site-packages/airflow/example_dags/example_branch_python_dop_operator_3.py took 0.069 seconds
[2026-04-25T09:13:12.147+0000] {processor.py:161} INFO - Started process (PID=13621) to work on /usr/local/python/3.12.1/lib/python3.12/site-packages/airflow/example_dags/example_branch_python_dop_operator_3.py
[2026-04-25T09:13:12.148+0000] {processor.py:830} INFO - Processing file /usr/local/python/3.12.1/lib/python3.12/site-packages/airflow/example_dags/example_branch_python_dop_operator_3.py for tasks to queue
[2026-04-25T09:13:12.148+0000] {logging_mixin.py:188} INFO - [2026-04-25T09:13:12.148+0000] {dagbag.py:540} INFO - Filling up the DagBag from /usr/local/python/3.12.1/lib/python3.12/site-packages/airflow/example_dags/example_branch_python_dop_operator_3.py
[2026-04-25T09:13:12.155+0000] {processor.py:840} INFO - DAG(s) 'example_branch_dop_operator_v3' retrieved from /usr/local/python/3.12.1/lib/python3.12/site-packages/airflow/example_dags/example_branch_python_dop_operator_3.py
[2026-04-25T09:13:12.167+0000] {logging_mixin.py:188} INFO - [2026-04-25T09:13:12.167+0000] {dag.py:3096} INFO - Sync 1 DAGs
[2026-04-25T09:13:12.184+0000] {logging_mixin.py:188} INFO - [2026-04-25T09:13:12.184+0000] {dag.py:3954} INFO - Setting next_dagrun for example_branch_dop_operator_v3 to 2026-04-25 09:12:00+00:00, run_after=2026-04-25 09:13:00+00:00
[2026-04-25T09:13:12.202+0000] {processor.py:183} INFO - Processing /usr/local/python/3.12.1/lib/python3.12/site-packages/airflow/example_dags/example_branch_python_dop_operator_3.py took 0.059 seconds
[2026-04-25T09:14:23.799+0000] {processor.py:161} INFO - Started process (PID=14652) to work on /usr/local/python/3.12.1/lib/python3.12/site-packages/airflow/example_dags/example_branch_python_dop_operator_3.py
[2026-04-25T09:14:23.800+0000] {processor.py:830} INFO - Processing file /usr/local/python/3.12.1/lib/python3.12/site-packages/airflow/example_dags/example_branch_python_dop_operator_3.py for tasks to queue
[2026-04-25T09:14:23.801+0000] {logging_mixin.py:188} INFO - [2026-04-25T09:14:23.800+0000] {dagbag.py:540} INFO - Filling up the DagBag from /usr/local/python/3.12.1/lib/python3.12/site-packages/airflow/example_dags/example_branch_python_dop_operator_3.py
[2026-04-25T09:14:23.807+0000] {processor.py:840} INFO - DAG(s) 'example_branch_dop_operator_v3' retrieved from /usr/local/python/3.12.1/lib/python3.12/site-packages/airflow/example_dags/example_branch_python_dop_operator_3.py
[2026-04-25T09:14:23.819+0000] {logging_mixin.py:188} INFO - [2026-04-25T09:14:23.819+0000] {dag.py:3096} INFO - Sync 1 DAGs
[2026-04-25T09:14:23.837+0000] {logging_mixin.py:188} INFO - [2026-04-25T09:14:23.837+0000] {dag.py:3954} INFO - Setting next_dagrun for example_branch_dop_operator_v3 to 2026-04-25 09:13:00+00:00, run_after=2026-04-25 09:14:00+00:00
[2026-04-25T09:14:23.854+0000] {processor.py:183} INFO - Processing /usr/local/python/3.12.1/lib/python3.12/site-packages/airflow/example_dags/example_branch_python_dop_operator_3.py took 0.059 seconds
[2026-04-25T09:15:20.936+0000] {processor.py:161} INFO - Started process (PID=15083) to work on /usr/local/python/3.12.1/lib/python3.12/site-packages/airflow/example_dags/example_branch_python_dop_operator_3.py
[2026-04-25T09:15:20.936+0000] {processor.py:830} INFO - Processing file /usr/local/python/3.12.1/lib/python3.12/site-packages/airflow/example_dags/example_branch_python_dop_operator_3.py for tasks to queue
[2026-04-25T09:15:20.937+0000] {logging_mixin.py:188} INFO - [2026-04-25T09:15:20.937+0000] {dagbag.py:540} INFO - Filling up the DagBag from /usr/local/python/3.12.1/lib/python3.12/site-packages/airflow/example_dags/example_branch_python_dop_operator_3.py
[2026-04-25T09:15:20.944+0000] {processor.py:840} INFO - DAG(s) 'example_branch_dop_operator_v3' retrieved from /usr/local/python/3.12.1/lib/python3.12/site-packages/airflow/example_dags/example_branch_python_dop_operator_3.py
[2026-04-25T09:15:20.956+0000] {logging_mixin.py:188} INFO - [2026-04-25T09:15:20.956+0000] {dag.py:3096} INFO - Sync 1 DAGs
[2026-04-25T09:15:20.974+0000] {logging_mixin.py:188} INFO - [2026-04-25T09:15:20.973+0000] {dag.py:3954} INFO - Setting next_dagrun for example_branch_dop_operator_v3 to 2026-04-25 09:14:00+00:00, run_after=2026-04-25 09:15:00+00:00
[2026-04-25T09:15:20.991+0000] {processor.py:183} INFO - Processing /usr/local/python/3.12.1/lib/python3.12/site-packages/airflow/example_dags/example_branch_python_dop_operator_3.py took 0.060 seconds
[2026-04-25T09:16:16.634+0000] {processor.py:161} INFO - Started process (PID=15726) to work on /usr/local/python/3.12.1/lib/python3.12/site-packages/airflow/example_dags/example_branch_python_dop_operator_3.py
[2026-04-25T09:16:16.635+0000] {processor.py:830} INFO - Processing file /usr/local/python/3.12.1/lib/python3.12/site-packages/airflow/example_dags/example_branch_python_dop_operator_3.py for tasks to queue
[2026-04-25T09:16:16.635+0000] {logging_mixin.py:188} INFO - [2026-04-25T09:16:16.635+0000] {dagbag.py:540} INFO - Filling up the DagBag from /usr/local/python/3.12.1/lib/python3.12/site-packages/airflow/example_dags/example_branch_python_dop_operator_3.py
[2026-04-25T09:16:16.642+0000] {processor.py:840} INFO - DAG(s) 'example_branch_dop_operator_v3' retrieved from /usr/local/python/3.12.1/lib/python3.12/site-packages/airflow/example_dags/example_branch_python_dop_operator_3.py
[2026-04-25T09:16:16.654+0000] {logging_mixin.py:188} INFO - [2026-04-25T09:16:16.654+0000] {dag.py:3096} INFO - Sync 1 DAGs
[2026-04-25T09:16:16.671+0000] {logging_mixin.py:188} INFO - [2026-04-25T09:16:16.671+0000] {dag.py:3954} INFO - Setting next_dagrun for example_branch_dop_operator_v3 to 2026-04-25 09:15:00+00:00, run_after=2026-04-25 09:16:00+00:00
[2026-04-25T09:16:16.688+0000] {processor.py:183} INFO - Processing /usr/local/python/3.12.1/lib/python3.12/site-packages/airflow/example_dags/example_branch_python_dop_operator_3.py took 0.058 seconds
[2026-04-25T09:17:23.419+0000] {processor.py:161} INFO - Started process (PID=16320) to work on /usr/local/python/3.12.1/lib/python3.12/site-packages/airflow/example_dags/example_branch_python_dop_operator_3.py
[2026-04-25T09:17:23.420+0000] {processor.py:830} INFO - Processing file /usr/local/python/3.12.1/lib/python3.12/site-packages/airflow/example_dags/example_branch_python_dop_operator_3.py for tasks to queue
[2026-04-25T09:17:23.421+0000] {logging_mixin.py:188} INFO - [2026-04-25T09:17:23.421+0000] {dagbag.py:540} INFO - Filling up the DagBag from /usr/local/python/3.12.1/lib/python3.12/site-packages/airflow/example_dags/example_branch_python_dop_operator_3.py
[2026-04-25T09:17:23.433+0000] {processor.py:840} INFO - DAG(s) 'example_branch_dop_operator_v3' retrieved from /usr/local/python/3.12.1/lib/python3.12/site-packages/airflow/example_dags/example_branch_python_dop_operator_3.py
[2026-04-25T09:17:23.441+0000] {logging_mixin.py:188} INFO - [2026-04-25T09:17:23.440+0000] {dag.py:3096} INFO - Sync 1 DAGs
[2026-04-25T09:17:23.465+0000] {logging_mixin.py:188} INFO - [2026-04-25T09:17:23.465+0000] {dag.py:3954} INFO - Setting next_dagrun for example_branch_dop_operator_v3 to 2026-04-25 09:16:00+00:00, run_after=2026-04-25 09:17:00+00:00
[2026-04-25T09:17:23.483+0000] {processor.py:183} INFO - Processing /usr/local/python/3.12.1/lib/python3.12/site-packages/airflow/example_dags/example_branch_python_dop_operator_3.py took 0.072 seconds
[2026-04-25T09:18:15.952+0000] {processor.py:161} INFO - Started process (PID=16722) to work on /usr/local/python/3.12.1/lib/python3.12/site-packages/airflow/example_dags/example_branch_python_dop_operator_3.py
[2026-04-25T09:18:15.953+0000] {processor.py:830} INFO - Processing file /usr/local/python/3.12.1/lib/python3.12/site-packages/airflow/example_dags/example_branch_python_dop_operator_3.py for tasks to queue
[2026-04-25T09:18:15.954+0000] {logging_mixin.py:188} INFO - [2026-04-25T09:18:15.953+0000] {dagbag.py:540} INFO - Filling up the DagBag from /usr/local/python/3.12.1/lib/python3.12/site-packages/airflow/example_dags/example_branch_python_dop_operator_3.py
[2026-04-25T09:18:15.960+0000] {processor.py:840} INFO - DAG(s) 'example_branch_dop_operator_v3' retrieved from /usr/local/python/3.12.1/lib/python3.12/site-packages/airflow/example_dags/example_branch_python_dop_operator_3.py
[2026-04-25T09:18:16.037+0000] {logging_mixin.py:188} INFO - [2026-04-25T09:18:16.037+0000] {dag.py:3096} INFO - Sync 1 DAGs
[2026-04-25T09:18:16.054+0000] {logging_mixin.py:188} INFO - [2026-04-25T09:18:16.054+0000] {dag.py:3954} INFO - Setting next_dagrun for example_branch_dop_operator_v3 to 2026-04-25 09:17:00+00:00, run_after=2026-04-25 09:18:00+00:00
[2026-04-25T09:18:16.071+0000] {processor.py:183} INFO - Processing /usr/local/python/3.12.1/lib/python3.12/site-packages/airflow/example_dags/example_branch_python_dop_operator_3.py took 0.123 seconds
[2026-04-25T09:19:13.305+0000] {processor.py:161} INFO - Started process (PID=17186) to work on /usr/local/python/3.12.1/lib/python3.12/site-packages/airflow/example_dags/example_branch_python_dop_operator_3.py
[2026-04-25T09:19:13.306+0000] {processor.py:830} INFO - Processing file /usr/local/python/3.12.1/lib/python3.12/site-packages/airflow/example_dags/example_branch_python_dop_operator_3.py for tasks to queue
[2026-04-25T09:19:13.307+0000] {logging_mixin.py:188} INFO - [2026-04-25T09:19:13.306+0000] {dagbag.py:540} INFO - Filling up the DagBag from /usr/local/python/3.12.1/lib/python3.12/site-packages/airflow/example_dags/example_branch_python_dop_operator_3.py
[2026-04-25T09:19:13.314+0000] {processor.py:840} INFO - DAG(s) 'example_branch_dop_operator_v3' retrieved from /usr/local/python/3.12.1/lib/python3.12/site-packages/airflow/example_dags/example_branch_python_dop_operator_3.py
[2026-04-25T09:19:13.326+0000] {logging_mixin.py:188} INFO - [2026-04-25T09:19:13.326+0000] {dag.py:3096} INFO - Sync 1 DAGs
[2026-04-25T09:19:13.344+0000] {logging_mixin.py:188} INFO - [2026-04-25T09:19:13.343+0000] {dag.py:3954} INFO - Setting next_dagrun for example_branch_dop_operator_v3 to 2026-04-25 09:18:00+00:00, run_after=2026-04-25 09:19:00+00:00
[2026-04-25T09:19:13.361+0000] {processor.py:183} INFO - Processing /usr/local/python/3.12.1/lib/python3.12/site-packages/airflow/example_dags/example_branch_python_dop_operator_3.py took 0.060 seconds
[2026-04-25T09:20:09.791+0000] {processor.py:161} INFO - Started process (PID=17623) to work on /usr/local/python/3.12.1/lib/python3.12/site-packages/airflow/example_dags/example_branch_python_dop_operator_3.py
[2026-04-25T09:20:09.792+0000] {processor.py:830} INFO - Processing file /usr/local/python/3.12.1/lib/python3.12/site-packages/airflow/example_dags/example_branch_python_dop_operator_3.py for tasks to queue
[2026-04-25T09:20:09.792+0000] {logging_mixin.py:188} INFO - [2026-04-25T09:20:09.792+0000] {dagbag.py:540} INFO - Filling up the DagBag from /usr/local/python/3.12.1/lib/python3.12/site-packages/airflow/example_dags/example_branch_python_dop_operator_3.py
[2026-04-25T09:20:09.799+0000] {processor.py:840} INFO - DAG(s) 'example_branch_dop_operator_v3' retrieved from /usr/local/python/3.12.1/lib/python3.12/site-packages/airflow/example_dags/example_branch_python_dop_operator_3.py
[2026-04-25T09:20:09.813+0000] {logging_mixin.py:188} INFO - [2026-04-25T09:20:09.813+0000] {dag.py:3096} INFO - Sync 1 DAGs
[2026-04-25T09:20:09.831+0000] {logging_mixin.py:188} INFO - [2026-04-25T09:20:09.831+0000] {dag.py:3954} INFO - Setting next_dagrun for example_branch_dop_operator_v3 to 2026-04-25 09:19:00+00:00, run_after=2026-04-25 09:20:00+00:00
[2026-04-25T09:20:09.849+0000] {processor.py:183} INFO - Processing /usr/local/python/3.12.1/lib/python3.12/site-packages/airflow/example_dags/example_branch_python_dop_operator_3.py took 0.062 seconds
[2026-04-25T09:21:06.086+0000] {processor.py:161} INFO - Started process (PID=18048) to work on /usr/local/python/3.12.1/lib/python3.12/site-packages/airflow/example_dags/example_branch_python_dop_operator_3.py
[2026-04-25T09:21:06.087+0000] {processor.py:830} INFO - Processing file /usr/local/python/3.12.1/lib/python3.12/site-packages/airflow/example_dags/example_branch_python_dop_operator_3.py for tasks to queue
[2026-04-25T09:21:06.088+0000] {logging_mixin.py:188} INFO - [2026-04-25T09:21:06.087+0000] {dagbag.py:540} INFO - Filling up the DagBag from /usr/local/python/3.12.1/lib/python3.12/site-packages/airflow/example_dags/example_branch_python_dop_operator_3.py
[2026-04-25T09:21:06.094+0000] {processor.py:840} INFO - DAG(s) 'example_branch_dop_operator_v3' retrieved from /usr/local/python/3.12.1/lib/python3.12/site-packages/airflow/example_dags/example_branch_python_dop_operator_3.py
[2026-04-25T09:21:06.106+0000] {logging_mixin.py:188} INFO - [2026-04-25T09:21:06.106+0000] {dag.py:3096} INFO - Sync 1 DAGs
[2026-04-25T09:21:06.123+0000] {logging_mixin.py:188} INFO - [2026-04-25T09:21:06.123+0000] {dag.py:3954} INFO - Setting next_dagrun for example_branch_dop_operator_v3 to 2026-04-25 09:20:00+00:00, run_after=2026-04-25 09:21:00+00:00
[2026-04-25T09:21:06.140+0000] {processor.py:183} INFO - Processing /usr/local/python/3.12.1/lib/python3.12/site-packages/airflow/example_dags/example_branch_python_dop_operator_3.py took 0.058 seconds
[2026-04-25T09:22:05.617+0000] {processor.py:161} INFO - Started process (PID=18508) to work on /usr/local/python/3.12.1/lib/python3.12/site-packages/airflow/example_dags/example_branch_python_dop_operator_3.py
[2026-04-25T09:22:05.618+0000] {processor.py:830} INFO - Processing file /usr/local/python/3.12.1/lib/python3.12/site-packages/airflow/example_dags/example_branch_python_dop_operator_3.py for tasks to queue
[2026-04-25T09:22:05.619+0000] {logging_mixin.py:188} INFO - [2026-04-25T09:22:05.618+0000] {dagbag.py:540} INFO - Filling up the DagBag from /usr/local/python/3.12.1/lib/python3.12/site-packages/airflow/example_dags/example_branch_python_dop_operator_3.py
[2026-04-25T09:22:05.625+0000] {processor.py:840} INFO - DAG(s) 'example_branch_dop_operator_v3' retrieved from /usr/local/python/3.12.1/lib/python3.12/site-packages/airflow/example_dags/example_branch_python_dop_operator_3.py
[2026-04-25T09:22:05.637+0000] {logging_mixin.py:188} INFO - [2026-04-25T09:22:05.637+0000] {dag.py:3096} INFO - Sync 1 DAGs
[2026-04-25T09:22:05.654+0000] {logging_mixin.py:188} INFO - [2026-04-25T09:22:05.654+0000] {dag.py:3954} INFO - Setting next_dagrun for example_branch_dop_operator_v3 to 2026-04-25 09:21:00+00:00, run_after=2026-04-25 09:22:00+00:00
[2026-04-25T09:22:05.670+0000] {processor.py:183} INFO - Processing /usr/local/python/3.12.1/lib/python3.12/site-packages/airflow/example_dags/example_branch_python_dop_operator_3.py took 0.057 seconds
[2026-04-25T09:23:03.790+0000] {processor.py:161} INFO - Started process (PID=18967) to work on /usr/local/python/3.12.1/lib/python3.12/site-packages/airflow/example_dags/example_branch_python_dop_operator_3.py
[2026-04-25T09:23:03.791+0000] {processor.py:830} INFO - Processing file /usr/local/python/3.12.1/lib/python3.12/site-packages/airflow/example_dags/example_branch_python_dop_operator_3.py for tasks to queue
[2026-04-25T09:23:03.791+0000] {logging_mixin.py:188} INFO - [2026-04-25T09:23:03.791+0000] {dagbag.py:540} INFO - Filling up the DagBag from /usr/local/python/3.12.1/lib/python3.12/site-packages/airflow/example_dags/example_branch_python_dop_operator_3.py
[2026-04-25T09:23:03.798+0000] {processor.py:840} INFO - DAG(s) 'example_branch_dop_operator_v3' retrieved from /usr/local/python/3.12.1/lib/python3.12/site-packages/airflow/example_dags/example_branch_python_dop_operator_3.py
[2026-04-25T09:23:03.810+0000] {logging_mixin.py:188} INFO - [2026-04-25T09:23:03.810+0000] {dag.py:3096} INFO - Sync 1 DAGs
[2026-04-25T09:23:03.827+0000] {logging_mixin.py:188} INFO - [2026-04-25T09:23:03.827+0000] {dag.py:3954} INFO - Setting next_dagrun for example_branch_dop_operator_v3 to 2026-04-25 09:22:00+00:00, run_after=2026-04-25 09:23:00+00:00
[2026-04-25T09:23:03.857+0000] {processor.py:183} INFO - Processing /usr/local/python/3.12.1/lib/python3.12/site-packages/airflow/example_dags/example_branch_python_dop_operator_3.py took 0.071 seconds
[2026-04-25T09:24:00.895+0000] {processor.py:161} INFO - Started process (PID=19399) to work on /usr/local/python/3.12.1/lib/python3.12/site-packages/airflow/example_dags/example_branch_python_dop_operator_3.py
[2026-04-25T09:24:00.895+0000] {processor.py:830} INFO - Processing file /usr/local/python/3.12.1/lib/python3.12/site-packages/airflow/example_dags/example_branch_python_dop_operator_3.py for tasks to queue
[2026-04-25T09:24:00.896+0000] {logging_mixin.py:188} INFO - [2026-04-25T09:24:00.896+0000] {dagbag.py:540} INFO - Filling up the DagBag from /usr/local/python/3.12.1/lib/python3.12/site-packages/airflow/example_dags/example_branch_python_dop_operator_3.py
[2026-04-25T09:24:00.902+0000] {processor.py:840} INFO - DAG(s) 'example_branch_dop_operator_v3' retrieved from /usr/local/python/3.12.1/lib/python3.12/site-packages/airflow/example_dags/example_branch_python_dop_operator_3.py
[2026-04-25T09:24:00.914+0000] {logging_mixin.py:188} INFO - [2026-04-25T09:24:00.914+0000] {dag.py:3096} INFO - Sync 1 DAGs
[2026-04-25T09:24:00.931+0000] {logging_mixin.py:188} INFO - [2026-04-25T09:24:00.931+0000] {dag.py:3954} INFO - Setting next_dagrun for example_branch_dop_operator_v3 to 2026-04-25 09:23:00+00:00, run_after=2026-04-25 09:24:00+00:00
[2026-04-25T09:24:00.948+0000] {processor.py:183} INFO - Processing /usr/local/python/3.12.1/lib/python3.12/site-packages/airflow/example_dags/example_branch_python_dop_operator_3.py took 0.057 seconds
[2026-04-25T09:25:02.188+0000] {processor.py:161} INFO - Started process (PID=19874) to work on /usr/local/python/3.12.1/lib/python3.12/site-packages/airflow/example_dags/example_branch_python_dop_operator_3.py
[2026-04-25T09:25:02.189+0000] {processor.py:830} INFO - Processing file /usr/local/python/3.12.1/lib/python3.12/site-packages/airflow/example_dags/example_branch_python_dop_operator_3.py for tasks to queue
[2026-04-25T09:25:02.189+0000] {logging_mixin.py:188} INFO - [2026-04-25T09:25:02.189+0000] {dagbag.py:540} INFO - Filling up the DagBag from /usr/local/python/3.12.1/lib/python3.12/site-packages/airflow/example_dags/example_branch_python_dop_operator_3.py
[2026-04-25T09:25:02.196+0000] {processor.py:840} INFO - DAG(s) 'example_branch_dop_operator_v3' retrieved from /usr/local/python/3.12.1/lib/python3.12/site-packages/airflow/example_dags/example_branch_python_dop_operator_3.py
[2026-04-25T09:25:02.208+0000] {logging_mixin.py:188} INFO - [2026-04-25T09:25:02.208+0000] {dag.py:3096} INFO - Sync 1 DAGs
[2026-04-25T09:25:02.226+0000] {logging_mixin.py:188} INFO - [2026-04-25T09:25:02.226+0000] {dag.py:3954} INFO - Setting next_dagrun for example_branch_dop_operator_v3 to 2026-04-25 09:24:00+00:00, run_after=2026-04-25 09:25:00+00:00
[2026-04-25T09:25:02.243+0000] {processor.py:183} INFO - Processing /usr/local/python/3.12.1/lib/python3.12/site-packages/airflow/example_dags/example_branch_python_dop_operator_3.py took 0.059 seconds
[2026-04-25T09:25:57.692+0000] {processor.py:161} INFO - Started process (PID=20309) to work on /usr/local/python/3.12.1/lib/python3.12/site-packages/airflow/example_dags/example_branch_python_dop_operator_3.py
[2026-04-25T09:25:57.692+0000] {processor.py:830} INFO - Processing file /usr/local/python/3.12.1/lib/python3.12/site-packages/airflow/example_dags/example_branch_python_dop_operator_3.py for tasks to queue
[2026-04-25T09:25:57.693+0000] {logging_mixin.py:188} INFO - [2026-04-25T09:25:57.693+0000] {dagbag.py:540} INFO - Filling up the DagBag from /usr/local/python/3.12.1/lib/python3.12/site-packages/airflow/example_dags/example_branch_python_dop_operator_3.py
[2026-04-25T09:25:57.700+0000] {processor.py:840} INFO - DAG(s) 'example_branch_dop_operator_v3' retrieved from /usr/local/python/3.12.1/lib/python3.12/site-packages/airflow/example_dags/example_branch_python_dop_operator_3.py
[2026-04-25T09:25:57.711+0000] {logging_mixin.py:188} INFO - [2026-04-25T09:25:57.711+0000] {dag.py:3096} INFO - Sync 1 DAGs
[2026-04-25T09:25:57.728+0000] {logging_mixin.py:188} INFO - [2026-04-25T09:25:57.728+0000] {dag.py:3954} INFO - Setting next_dagrun for example_branch_dop_operator_v3 to 2026-04-25 09:24:00+00:00, run_after=2026-04-25 09:25:00+00:00
[2026-04-25T09:25:57.745+0000] {processor.py:183} INFO - Processing /usr/local/python/3.12.1/lib/python3.12/site-packages/airflow/example_dags/example_branch_python_dop_operator_3.py took 0.057 seconds
[2026-04-25T09:26:59.404+0000] {processor.py:161} INFO - Started process (PID=20791) to work on /usr/local/python/3.12.1/lib/python3.12/site-packages/airflow/example_dags/example_branch_python_dop_operator_3.py
[2026-04-25T09:26:59.405+0000] {processor.py:830} INFO - Processing file /usr/local/python/3.12.1/lib/python3.12/site-packages/airflow/example_dags/example_branch_python_dop_operator_3.py for tasks to queue
[2026-04-25T09:26:59.406+0000] {logging_mixin.py:188} INFO - [2026-04-25T09:26:59.405+0000] {dagbag.py:540} INFO - Filling up the DagBag from /usr/local/python/3.12.1/lib/python3.12/site-packages/airflow/example_dags/example_branch_python_dop_operator_3.py
[2026-04-25T09:26:59.412+0000] {processor.py:840} INFO - DAG(s) 'example_branch_dop_operator_v3' retrieved from /usr/local/python/3.12.1/lib/python3.12/site-packages/airflow/example_dags/example_branch_python_dop_operator_3.py
[2026-04-25T09:26:59.423+0000] {logging_mixin.py:188} INFO - [2026-04-25T09:26:59.423+0000] {dag.py:3096} INFO - Sync 1 DAGs
[2026-04-25T09:26:59.440+0000] {logging_mixin.py:188} INFO - [2026-04-25T09:26:59.440+0000] {dag.py:3954} INFO - Setting next_dagrun for example_branch_dop_operator_v3 to 2026-04-25 09:25:00+00:00, run_after=2026-04-25 09:26:00+00:00
[2026-04-25T09:26:59.455+0000] {processor.py:183} INFO - Processing /usr/local/python/3.12.1/lib/python3.12/site-packages/airflow/example_dags/example_branch_python_dop_operator_3.py took 0.055 seconds
[2026-04-25T09:28:01.044+0000] {processor.py:161} INFO - Started process (PID=21263) to work on /usr/local/python/3.12.1/lib/python3.12/site-packages/airflow/example_dags/example_branch_python_dop_operator_3.py
[2026-04-25T09:28:01.045+0000] {processor.py:830} INFO - Processing file /usr/local/python/3.12.1/lib/python3.12/site-packages/airflow/example_dags/example_branch_python_dop_operator_3.py for tasks to queue
[2026-04-25T09:28:01.045+0000] {logging_mixin.py:188} INFO - [2026-04-25T09:28:01.045+0000] {dagbag.py:540} INFO - Filling up the DagBag from /usr/local/python/3.12.1/lib/python3.12/site-packages/airflow/example_dags/example_branch_python_dop_operator_3.py
[2026-04-25T09:28:01.052+0000] {processor.py:840} INFO - DAG(s) 'example_branch_dop_operator_v3' retrieved from /usr/local/python/3.12.1/lib/python3.12/site-packages/airflow/example_dags/example_branch_python_dop_operator_3.py
[2026-04-25T09:28:01.065+0000] {logging_mixin.py:188} INFO - [2026-04-25T09:28:01.064+0000] {dag.py:3096} INFO - Sync 1 DAGs
[2026-04-25T09:28:01.082+0000] {logging_mixin.py:188} INFO - [2026-04-25T09:28:01.082+0000] {dag.py:3954} INFO - Setting next_dagrun for example_branch_dop_operator_v3 to 2026-04-25 09:27:00+00:00, run_after=2026-04-25 09:28:00+00:00
[2026-04-25T09:28:01.098+0000] {processor.py:183} INFO - Processing /usr/local/python/3.12.1/lib/python3.12/site-packages/airflow/example_dags/example_branch_python_dop_operator_3.py took 0.058 seconds
[2026-04-25T09:29:03.885+0000] {processor.py:161} INFO - Started process (PID=21742) to work on /usr/local/python/3.12.1/lib/python3.12/site-packages/airflow/example_dags/example_branch_python_dop_operator_3.py
[2026-04-25T09:29:03.886+0000] {processor.py:830} INFO - Processing file /usr/local/python/3.12.1/lib/python3.12/site-packages/airflow/example_dags/example_branch_python_dop_operator_3.py for tasks to queue
[2026-04-25T09:29:03.887+0000] {logging_mixin.py:188} INFO - [2026-04-25T09:29:03.887+0000] {dagbag.py:540} INFO - Filling up the DagBag from /usr/local/python/3.12.1/lib/python3.12/site-packages/airflow/example_dags/example_branch_python_dop_operator_3.py
[2026-04-25T09:29:03.894+0000] {processor.py:840} INFO - DAG(s) 'example_branch_dop_operator_v3' retrieved from /usr/local/python/3.12.1/lib/python3.12/site-packages/airflow/example_dags/example_branch_python_dop_operator_3.py
[2026-04-25T09:29:03.906+0000] {logging_mixin.py:188} INFO - [2026-04-25T09:29:03.906+0000] {dag.py:3096} INFO - Sync 1 DAGs
[2026-04-25T09:29:03.923+0000] {logging_mixin.py:188} INFO - [2026-04-25T09:29:03.923+0000] {dag.py:3954} INFO - Setting next_dagrun for example_branch_dop_operator_v3 to 2026-04-25 09:28:00+00:00, run_after=2026-04-25 09:29:00+00:00
[2026-04-25T09:29:03.941+0000] {processor.py:183} INFO - Processing /usr/local/python/3.12.1/lib/python3.12/site-packages/airflow/example_dags/example_branch_python_dop_operator_3.py took 0.060 seconds
[2026-04-25T09:30:02.034+0000] {processor.py:161} INFO - Started process (PID=22194) to work on /usr/local/python/3.12.1/lib/python3.12/site-packages/airflow/example_dags/example_branch_python_dop_operator_3.py
[2026-04-25T09:30:02.035+0000] {processor.py:830} INFO - Processing file /usr/local/python/3.12.1/lib/python3.12/site-packages/airflow/example_dags/example_branch_python_dop_operator_3.py for tasks to queue
[2026-04-25T09:30:02.037+0000] {logging_mixin.py:188} INFO - [2026-04-25T09:30:02.036+0000] {dagbag.py:540} INFO - Filling up the DagBag from /usr/local/python/3.12.1/lib/python3.12/site-packages/airflow/example_dags/example_branch_python_dop_operator_3.py
[2026-04-25T09:30:02.047+0000] {processor.py:840} INFO - DAG(s) 'example_branch_dop_operator_v3' retrieved from /usr/local/python/3.12.1/lib/python3.12/site-packages/airflow/example_dags/example_branch_python_dop_operator_3.py
[2026-04-25T09:30:02.065+0000] {logging_mixin.py:188} INFO - [2026-04-25T09:30:02.065+0000] {dag.py:3096} INFO - Sync 1 DAGs
[2026-04-25T09:30:02.092+0000] {logging_mixin.py:188} INFO - [2026-04-25T09:30:02.091+0000] {dag.py:3954} INFO - Setting next_dagrun for example_branch_dop_operator_v3 to 2026-04-25 09:29:00+00:00, run_after=2026-04-25 09:30:00+00:00
[2026-04-25T09:30:02.117+0000] {processor.py:183} INFO - Processing /usr/local/python/3.12.1/lib/python3.12/site-packages/airflow/example_dags/example_branch_python_dop_operator_3.py took 0.090 seconds
[2026-04-25T09:31:05.664+0000] {processor.py:161} INFO - Started process (PID=22683) to work on /usr/local/python/3.12.1/lib/python3.12/site-packages/airflow/example_dags/example_branch_python_dop_operator_3.py
[2026-04-25T09:31:05.664+0000] {processor.py:830} INFO - Processing file /usr/local/python/3.12.1/lib/python3.12/site-packages/airflow/example_dags/example_branch_python_dop_operator_3.py for tasks to queue
[2026-04-25T09:31:05.665+0000] {logging_mixin.py:188} INFO - [2026-04-25T09:31:05.665+0000] {dagbag.py:540} INFO - Filling up the DagBag from /usr/local/python/3.12.1/lib/python3.12/site-packages/airflow/example_dags/example_branch_python_dop_operator_3.py
[2026-04-25T09:31:05.672+0000] {processor.py:840} INFO - DAG(s) 'example_branch_dop_operator_v3' retrieved from /usr/local/python/3.12.1/lib/python3.12/site-packages/airflow/example_dags/example_branch_python_dop_operator_3.py
[2026-04-25T09:31:05.683+0000] {logging_mixin.py:188} INFO - [2026-04-25T09:31:05.683+0000] {dag.py:3096} INFO - Sync 1 DAGs
[2026-04-25T09:31:05.846+0000] {logging_mixin.py:188} INFO - [2026-04-25T09:31:05.845+0000] {dag.py:3954} INFO - Setting next_dagrun for example_branch_dop_operator_v3 to 2026-04-25 09:30:00+00:00, run_after=2026-04-25 09:31:00+00:00
[2026-04-25T09:31:05.862+0000] {processor.py:183} INFO - Processing /usr/local/python/3.12.1/lib/python3.12/site-packages/airflow/example_dags/example_branch_python_dop_operator_3.py took 0.202 seconds
[2026-04-25T09:32:08.696+0000] {processor.py:161} INFO - Started process (PID=23162) to work on /usr/local/python/3.12.1/lib/python3.12/site-packages/airflow/example_dags/example_branch_python_dop_operator_3.py
[2026-04-25T09:32:08.697+0000] {processor.py:830} INFO - Processing file /usr/local/python/3.12.1/lib/python3.12/site-packages/airflow/example_dags/example_branch_python_dop_operator_3.py for tasks to queue
[2026-04-25T09:32:08.697+0000] {logging_mixin.py:188} INFO - [2026-04-25T09:32:08.697+0000] {dagbag.py:540} INFO - Filling up the DagBag from /usr/local/python/3.12.1/lib/python3.12/site-packages/airflow/example_dags/example_branch_python_dop_operator_3.py
[2026-04-25T09:32:08.704+0000] {processor.py:840} INFO - DAG(s) 'example_branch_dop_operator_v3' retrieved from /usr/local/python/3.12.1/lib/python3.12/site-packages/airflow/example_dags/example_branch_python_dop_operator_3.py
[2026-04-25T09:32:08.716+0000] {logging_mixin.py:188} INFO - [2026-04-25T09:32:08.716+0000] {dag.py:3096} INFO - Sync 1 DAGs
[2026-04-25T09:32:08.894+0000] {logging_mixin.py:188} INFO - [2026-04-25T09:32:08.894+0000] {dag.py:3954} INFO - Setting next_dagrun for example_branch_dop_operator_v3 to 2026-04-25 09:31:00+00:00, run_after=2026-04-25 09:32:00+00:00
[2026-04-25T09:32:08.940+0000] {processor.py:183} INFO - Processing /usr/local/python/3.12.1/lib/python3.12/site-packages/airflow/example_dags/example_branch_python_dop_operator_3.py took 0.256 seconds
[2026-04-25T09:33:16.639+0000] {processor.py:161} INFO - Started process (PID=23686) to work on /usr/local/python/3.12.1/lib/python3.12/site-packages/airflow/example_dags/example_branch_python_dop_operator_3.py
[2026-04-25T09:33:16.640+0000] {processor.py:830} INFO - Processing file /usr/local/python/3.12.1/lib/python3.12/site-packages/airflow/example_dags/example_branch_python_dop_operator_3.py for tasks to queue
[2026-04-25T09:33:16.641+0000] {logging_mixin.py:188} INFO - [2026-04-25T09:33:16.641+0000] {dagbag.py:540} INFO - Filling up the DagBag from /usr/local/python/3.12.1/lib/python3.12/site-packages/airflow/example_dags/example_branch_python_dop_operator_3.py
[2026-04-25T09:33:16.647+0000] {processor.py:840} INFO - DAG(s) 'example_branch_dop_operator_v3' retrieved from /usr/local/python/3.12.1/lib/python3.12/site-packages/airflow/example_dags/example_branch_python_dop_operator_3.py
[2026-04-25T09:33:16.659+0000] {logging_mixin.py:188} INFO - [2026-04-25T09:33:16.659+0000] {dag.py:3096} INFO - Sync 1 DAGs
[2026-04-25T09:33:16.822+0000] {logging_mixin.py:188} INFO - [2026-04-25T09:33:16.822+0000] {dag.py:3954} INFO - Setting next_dagrun for example_branch_dop_operator_v3 to 2026-04-25 09:32:00+00:00, run_after=2026-04-25 09:33:00+00:00
[2026-04-25T09:33:16.839+0000] {processor.py:183} INFO - Processing /usr/local/python/3.12.1/lib/python3.12/site-packages/airflow/example_dags/example_branch_python_dop_operator_3.py took 0.203 seconds
[2026-04-25T09:34:23.941+0000] {processor.py:161} INFO - Started process (PID=24214) to work on /usr/local/python/3.12.1/lib/python3.12/site-packages/airflow/example_dags/example_branch_python_dop_operator_3.py
[2026-04-25T09:34:23.942+0000] {processor.py:830} INFO - Processing file /usr/local/python/3.12.1/lib/python3.12/site-packages/airflow/example_dags/example_branch_python_dop_operator_3.py for tasks to queue
[2026-04-25T09:34:23.943+0000] {logging_mixin.py:188} INFO - [2026-04-25T09:34:23.942+0000] {dagbag.py:540} INFO - Filling up the DagBag from /usr/local/python/3.12.1/lib/python3.12/site-packages/airflow/example_dags/example_branch_python_dop_operator_3.py
[2026-04-25T09:34:23.952+0000] {processor.py:840} INFO - DAG(s) 'example_branch_dop_operator_v3' retrieved from /usr/local/python/3.12.1/lib/python3.12/site-packages/airflow/example_dags/example_branch_python_dop_operator_3.py
[2026-04-25T09:34:23.964+0000] {logging_mixin.py:188} INFO - [2026-04-25T09:34:23.963+0000] {dag.py:3096} INFO - Sync 1 DAGs
[2026-04-25T09:34:23.980+0000] {logging_mixin.py:188} INFO - [2026-04-25T09:34:23.980+0000] {dag.py:3954} INFO - Setting next_dagrun for example_branch_dop_operator_v3 to 2026-04-25 09:33:00+00:00, run_after=2026-04-25 09:34:00+00:00
[2026-04-25T09:34:23.997+0000] {processor.py:183} INFO - Processing /usr/local/python/3.12.1/lib/python3.12/site-packages/airflow/example_dags/example_branch_python_dop_operator_3.py took 0.060 seconds
[2026-04-25T09:35:19.258+0000] {processor.py:161} INFO - Started process (PID=24634) to work on /usr/local/python/3.12.1/lib/python3.12/site-packages/airflow/example_dags/example_branch_python_dop_operator_3.py
[2026-04-25T09:35:19.259+0000] {processor.py:830} INFO - Processing file /usr/local/python/3.12.1/lib/python3.12/site-packages/airflow/example_dags/example_branch_python_dop_operator_3.py for tasks to queue
[2026-04-25T09:35:19.259+0000] {logging_mixin.py:188} INFO - [2026-04-25T09:35:19.259+0000] {dagbag.py:540} INFO - Filling up the DagBag from /usr/local/python/3.12.1/lib/python3.12/site-packages/airflow/example_dags/example_branch_python_dop_operator_3.py
[2026-04-25T09:35:19.266+0000] {processor.py:840} INFO - DAG(s) 'example_branch_dop_operator_v3' retrieved from /usr/local/python/3.12.1/lib/python3.12/site-packages/airflow/example_dags/example_branch_python_dop_operator_3.py
[2026-04-25T09:35:19.278+0000] {logging_mixin.py:188} INFO - [2026-04-25T09:35:19.278+0000] {dag.py:3096} INFO - Sync 1 DAGs
[2026-04-25T09:35:19.296+0000] {logging_mixin.py:188} INFO - [2026-04-25T09:35:19.296+0000] {dag.py:3954} INFO - Setting next_dagrun for example_branch_dop_operator_v3 to 2026-04-25 09:34:00+00:00, run_after=2026-04-25 09:35:00+00:00
[2026-04-25T09:35:19.312+0000] {processor.py:183} INFO - Processing /usr/local/python/3.12.1/lib/python3.12/site-packages/airflow/example_dags/example_branch_python_dop_operator_3.py took 0.058 seconds
[2026-04-25T09:36:15.752+0000] {processor.py:161} INFO - Started process (PID=25077) to work on /usr/local/python/3.12.1/lib/python3.12/site-packages/airflow/example_dags/example_branch_python_dop_operator_3.py
[2026-04-25T09:36:15.753+0000] {processor.py:830} INFO - Processing file /usr/local/python/3.12.1/lib/python3.12/site-packages/airflow/example_dags/example_branch_python_dop_operator_3.py for tasks to queue
[2026-04-25T09:36:15.754+0000] {logging_mixin.py:188} INFO - [2026-04-25T09:36:15.753+0000] {dagbag.py:540} INFO - Filling up the DagBag from /usr/local/python/3.12.1/lib/python3.12/site-packages/airflow/example_dags/example_branch_python_dop_operator_3.py
[2026-04-25T09:36:15.760+0000] {processor.py:840} INFO - DAG(s) 'example_branch_dop_operator_v3' retrieved from /usr/local/python/3.12.1/lib/python3.12/site-packages/airflow/example_dags/example_branch_python_dop_operator_3.py
[2026-04-25T09:36:15.772+0000] {logging_mixin.py:188} INFO - [2026-04-25T09:36:15.772+0000] {dag.py:3096} INFO - Sync 1 DAGs
[2026-04-25T09:36:15.790+0000] {logging_mixin.py:188} INFO - [2026-04-25T09:36:15.790+0000] {dag.py:3954} INFO - Setting next_dagrun for example_branch_dop_operator_v3 to 2026-04-25 09:35:00+00:00, run_after=2026-04-25 09:36:00+00:00
[2026-04-25T09:36:15.806+0000] {processor.py:183} INFO - Processing /usr/local/python/3.12.1/lib/python3.12/site-packages/airflow/example_dags/example_branch_python_dop_operator_3.py took 0.058 seconds
[2026-04-25T09:37:19.611+0000] {processor.py:161} INFO - Started process (PID=25566) to work on /usr/local/python/3.12.1/lib/python3.12/site-packages/airflow/example_dags/example_branch_python_dop_operator_3.py
[2026-04-25T09:37:19.612+0000] {processor.py:830} INFO - Processing file /usr/local/python/3.12.1/lib/python3.12/site-packages/airflow/example_dags/example_branch_python_dop_operator_3.py for tasks to queue
[2026-04-25T09:37:19.613+0000] {logging_mixin.py:188} INFO - [2026-04-25T09:37:19.612+0000] {dagbag.py:540} INFO - Filling up the DagBag from /usr/local/python/3.12.1/lib/python3.12/site-packages/airflow/example_dags/example_branch_python_dop_operator_3.py
[2026-04-25T09:37:19.620+0000] {processor.py:840} INFO - DAG(s) 'example_branch_dop_operator_v3' retrieved from /usr/local/python/3.12.1/lib/python3.12/site-packages/airflow/example_dags/example_branch_python_dop_operator_3.py
[2026-04-25T09:37:19.632+0000] {logging_mixin.py:188} INFO - [2026-04-25T09:37:19.631+0000] {dag.py:3096} INFO - Sync 1 DAGs
[2026-04-25T09:37:19.649+0000] {logging_mixin.py:188} INFO - [2026-04-25T09:37:19.649+0000] {dag.py:3954} INFO - Setting next_dagrun for example_branch_dop_operator_v3 to 2026-04-25 09:36:00+00:00, run_after=2026-04-25 09:37:00+00:00
[2026-04-25T09:37:19.666+0000] {processor.py:183} INFO - Processing /usr/local/python/3.12.1/lib/python3.12/site-packages/airflow/example_dags/example_branch_python_dop_operator_3.py took 0.059 seconds
[2026-04-25T09:38:20.241+0000] {processor.py:161} INFO - Started process (PID=26032) to work on /usr/local/python/3.12.1/lib/python3.12/site-packages/airflow/example_dags/example_branch_python_dop_operator_3.py
[2026-04-25T09:38:20.242+0000] {processor.py:830} INFO - Processing file /usr/local/python/3.12.1/lib/python3.12/site-packages/airflow/example_dags/example_branch_python_dop_operator_3.py for tasks to queue
[2026-04-25T09:38:20.242+0000] {logging_mixin.py:188} INFO - [2026-04-25T09:38:20.242+0000] {dagbag.py:540} INFO - Filling up the DagBag from /usr/local/python/3.12.1/lib/python3.12/site-packages/airflow/example_dags/example_branch_python_dop_operator_3.py
[2026-04-25T09:38:20.249+0000] {processor.py:840} INFO - DAG(s) 'example_branch_dop_operator_v3' retrieved from /usr/local/python/3.12.1/lib/python3.12/site-packages/airflow/example_dags/example_branch_python_dop_operator_3.py
[2026-04-25T09:38:20.262+0000] {logging_mixin.py:188} INFO - [2026-04-25T09:38:20.261+0000] {dag.py:3096} INFO - Sync 1 DAGs
[2026-04-25T09:38:20.279+0000] {logging_mixin.py:188} INFO - [2026-04-25T09:38:20.279+0000] {dag.py:3954} INFO - Setting next_dagrun for example_branch_dop_operator_v3 to 2026-04-25 09:37:00+00:00, run_after=2026-04-25 09:38:00+00:00
[2026-04-25T09:38:20.299+0000] {processor.py:183} INFO - Processing /usr/local/python/3.12.1/lib/python3.12/site-packages/airflow/example_dags/example_branch_python_dop_operator_3.py took 0.062 seconds
[2026-04-25T09:39:20.711+0000] {processor.py:161} INFO - Started process (PID=26498) to work on /usr/local/python/3.12.1/lib/python3.12/site-packages/airflow/example_dags/example_branch_python_dop_operator_3.py
[2026-04-25T09:39:20.712+0000] {processor.py:830} INFO - Processing file /usr/local/python/3.12.1/lib/python3.12/site-packages/airflow/example_dags/example_branch_python_dop_operator_3.py for tasks to queue
[2026-04-25T09:39:20.712+0000] {logging_mixin.py:188} INFO - [2026-04-25T09:39:20.712+0000] {dagbag.py:540} INFO - Filling up the DagBag from /usr/local/python/3.12.1/lib/python3.12/site-packages/airflow/example_dags/example_branch_python_dop_operator_3.py
[2026-04-25T09:39:20.719+0000] {processor.py:840} INFO - DAG(s) 'example_branch_dop_operator_v3' retrieved from /usr/local/python/3.12.1/lib/python3.12/site-packages/airflow/example_dags/example_branch_python_dop_operator_3.py
[2026-04-25T09:39:20.731+0000] {logging_mixin.py:188} INFO - [2026-04-25T09:39:20.731+0000] {dag.py:3096} INFO - Sync 1 DAGs
[2026-04-25T09:39:20.749+0000] {logging_mixin.py:188} INFO - [2026-04-25T09:39:20.748+0000] {dag.py:3954} INFO - Setting next_dagrun for example_branch_dop_operator_v3 to 2026-04-25 09:38:00+00:00, run_after=2026-04-25 09:39:00+00:00
[2026-04-25T09:39:20.766+0000] {processor.py:183} INFO - Processing /usr/local/python/3.12.1/lib/python3.12/site-packages/airflow/example_dags/example_branch_python_dop_operator_3.py took 0.059 seconds
[2026-04-25T09:40:19.514+0000] {processor.py:161} INFO - Started process (PID=26961) to work on /usr/local/python/3.12.1/lib/python3.12/site-packages/airflow/example_dags/example_branch_python_dop_operator_3.py
[2026-04-25T09:40:19.515+0000] {processor.py:830} INFO - Processing file /usr/local/python/3.12.1/lib/python3.12/site-packages/airflow/example_dags/example_branch_python_dop_operator_3.py for tasks to queue
[2026-04-25T09:40:19.515+0000] {logging_mixin.py:188} INFO - [2026-04-25T09:40:19.515+0000] {dagbag.py:540} INFO - Filling up the DagBag from /usr/local/python/3.12.1/lib/python3.12/site-packages/airflow/example_dags/example_branch_python_dop_operator_3.py
[2026-04-25T09:40:19.522+0000] {processor.py:840} INFO - DAG(s) 'example_branch_dop_operator_v3' retrieved from /usr/local/python/3.12.1/lib/python3.12/site-packages/airflow/example_dags/example_branch_python_dop_operator_3.py
[2026-04-25T09:40:19.534+0000] {logging_mixin.py:188} INFO - [2026-04-25T09:40:19.534+0000] {dag.py:3096} INFO - Sync 1 DAGs
[2026-04-25T09:40:19.551+0000] {logging_mixin.py:188} INFO - [2026-04-25T09:40:19.551+0000] {dag.py:3954} INFO - Setting next_dagrun for example_branch_dop_operator_v3 to 2026-04-25 09:39:00+00:00, run_after=2026-04-25 09:40:00+00:00
[2026-04-25T09:40:19.568+0000] {processor.py:183} INFO - Processing /usr/local/python/3.12.1/lib/python3.12/site-packages/airflow/example_dags/example_branch_python_dop_operator_3.py took 0.059 seconds
[2026-04-25T09:41:16.761+0000] {processor.py:161} INFO - Started process (PID=27391) to work on /usr/local/python/3.12.1/lib/python3.12/site-packages/airflow/example_dags/example_branch_python_dop_operator_3.py
[2026-04-25T09:41:16.762+0000] {processor.py:830} INFO - Processing file /usr/local/python/3.12.1/lib/python3.12/site-packages/airflow/example_dags/example_branch_python_dop_operator_3.py for tasks to queue
[2026-04-25T09:41:16.763+0000] {logging_mixin.py:188} INFO - [2026-04-25T09:41:16.763+0000] {dagbag.py:540} INFO - Filling up the DagBag from /usr/local/python/3.12.1/lib/python3.12/site-packages/airflow/example_dags/example_branch_python_dop_operator_3.py
[2026-04-25T09:41:16.770+0000] {processor.py:840} INFO - DAG(s) 'example_branch_dop_operator_v3' retrieved from /usr/local/python/3.12.1/lib/python3.12/site-packages/airflow/example_dags/example_branch_python_dop_operator_3.py
[2026-04-25T09:41:16.782+0000] {logging_mixin.py:188} INFO - [2026-04-25T09:41:16.782+0000] {dag.py:3096} INFO - Sync 1 DAGs
[2026-04-25T09:41:16.801+0000] {logging_mixin.py:188} INFO - [2026-04-25T09:41:16.801+0000] {dag.py:3954} INFO - Setting next_dagrun for example_branch_dop_operator_v3 to 2026-04-25 09:40:00+00:00, run_after=2026-04-25 09:41:00+00:00
[2026-04-25T09:41:16.818+0000] {processor.py:183} INFO - Processing /usr/local/python/3.12.1/lib/python3.12/site-packages/airflow/example_dags/example_branch_python_dop_operator_3.py took 0.061 seconds
[2026-04-25T09:42:13.084+0000] {processor.py:161} INFO - Started process (PID=27844) to work on /usr/local/python/3.12.1/lib/python3.12/site-packages/airflow/example_dags/example_branch_python_dop_operator_3.py
[2026-04-25T09:42:13.085+0000] {processor.py:830} INFO - Processing file /usr/local/python/3.12.1/lib/python3.12/site-packages/airflow/example_dags/example_branch_python_dop_operator_3.py for tasks to queue
[2026-04-25T09:42:13.086+0000] {logging_mixin.py:188} INFO - [2026-04-25T09:42:13.085+0000] {dagbag.py:540} INFO - Filling up the DagBag from /usr/local/python/3.12.1/lib/python3.12/site-packages/airflow/example_dags/example_branch_python_dop_operator_3.py
[2026-04-25T09:42:13.099+0000] {processor.py:840} INFO - DAG(s) 'example_branch_dop_operator_v3' retrieved from /usr/local/python/3.12.1/lib/python3.12/site-packages/airflow/example_dags/example_branch_python_dop_operator_3.py
[2026-04-25T09:42:13.120+0000] {logging_mixin.py:188} INFO - [2026-04-25T09:42:13.119+0000] {dag.py:3096} INFO - Sync 1 DAGs
[2026-04-25T09:42:13.153+0000] {logging_mixin.py:188} INFO - [2026-04-25T09:42:13.153+0000] {dag.py:3954} INFO - Setting next_dagrun for example_branch_dop_operator_v3 to 2026-04-25 09:41:00+00:00, run_after=2026-04-25 09:42:00+00:00
[2026-04-25T09:42:13.171+0000] {processor.py:183} INFO - Processing /usr/local/python/3.12.1/lib/python3.12/site-packages/airflow/example_dags/example_branch_python_dop_operator_3.py took 0.092 seconds
[2026-04-25T09:43:14.557+0000] {processor.py:161} INFO - Started process (PID=28313) to work on /usr/local/python/3.12.1/lib/python3.12/site-packages/airflow/example_dags/example_branch_python_dop_operator_3.py
[2026-04-25T09:43:14.557+0000] {processor.py:830} INFO - Processing file /usr/local/python/3.12.1/lib/python3.12/site-packages/airflow/example_dags/example_branch_python_dop_operator_3.py for tasks to queue
[2026-04-25T09:43:14.558+0000] {logging_mixin.py:188} INFO - [2026-04-25T09:43:14.558+0000] {dagbag.py:540} INFO - Filling up the DagBag from /usr/local/python/3.12.1/lib/python3.12/site-packages/airflow/example_dags/example_branch_python_dop_operator_3.py
[2026-04-25T09:43:14.565+0000] {processor.py:840} INFO - DAG(s) 'example_branch_dop_operator_v3' retrieved from /usr/local/python/3.12.1/lib/python3.12/site-packages/airflow/example_dags/example_branch_python_dop_operator_3.py
[2026-04-25T09:43:14.597+0000] {logging_mixin.py:188} INFO - [2026-04-25T09:43:14.597+0000] {dag.py:3096} INFO - Sync 1 DAGs
[2026-04-25T09:43:14.634+0000] {logging_mixin.py:188} INFO - [2026-04-25T09:43:14.634+0000] {dag.py:3954} INFO - Setting next_dagrun for example_branch_dop_operator_v3 to 2026-04-25 09:42:00+00:00, run_after=2026-04-25 09:43:00+00:00
[2026-04-25T09:43:14.665+0000] {processor.py:183} INFO - Processing /usr/local/python/3.12.1/lib/python3.12/site-packages/airflow/example_dags/example_branch_python_dop_operator_3.py took 0.113 seconds
[2026-04-25T09:44:16.364+0000] {processor.py:161} INFO - Started process (PID=28785) to work on /usr/local/python/3.12.1/lib/python3.12/site-packages/airflow/example_dags/example_branch_python_dop_operator_3.py
[2026-04-25T09:44:16.364+0000] {processor.py:830} INFO - Processing file /usr/local/python/3.12.1/lib/python3.12/site-packages/airflow/example_dags/example_branch_python_dop_operator_3.py for tasks to queue
[2026-04-25T09:44:16.365+0000] {logging_mixin.py:188} INFO - [2026-04-25T09:44:16.365+0000] {dagbag.py:540} INFO - Filling up the DagBag from /usr/local/python/3.12.1/lib/python3.12/site-packages/airflow/example_dags/example_branch_python_dop_operator_3.py
[2026-04-25T09:44:16.372+0000] {processor.py:840} INFO - DAG(s) 'example_branch_dop_operator_v3' retrieved from /usr/local/python/3.12.1/lib/python3.12/site-packages/airflow/example_dags/example_branch_python_dop_operator_3.py
[2026-04-25T09:44:16.384+0000] {logging_mixin.py:188} INFO - [2026-04-25T09:44:16.383+0000] {dag.py:3096} INFO - Sync 1 DAGs
[2026-04-25T09:44:16.403+0000] {logging_mixin.py:188} INFO - [2026-04-25T09:44:16.403+0000] {dag.py:3954} INFO - Setting next_dagrun for example_branch_dop_operator_v3 to 2026-04-25 09:43:00+00:00, run_after=2026-04-25 09:44:00+00:00
[2026-04-25T09:44:16.420+0000] {processor.py:183} INFO - Processing /usr/local/python/3.12.1/lib/python3.12/site-packages/airflow/example_dags/example_branch_python_dop_operator_3.py took 0.061 seconds
[2026-04-25T09:45:13.795+0000] {processor.py:161} INFO - Started process (PID=29224) to work on /usr/local/python/3.12.1/lib/python3.12/site-packages/airflow/example_dags/example_branch_python_dop_operator_3.py
[2026-04-25T09:45:13.796+0000] {processor.py:830} INFO - Processing file /usr/local/python/3.12.1/lib/python3.12/site-packages/airflow/example_dags/example_branch_python_dop_operator_3.py for tasks to queue
[2026-04-25T09:45:13.797+0000] {logging_mixin.py:188} INFO - [2026-04-25T09:45:13.797+0000] {dagbag.py:540} INFO - Filling up the DagBag from /usr/local/python/3.12.1/lib/python3.12/site-packages/airflow/example_dags/example_branch_python_dop_operator_3.py
[2026-04-25T09:45:13.806+0000] {processor.py:840} INFO - DAG(s) 'example_branch_dop_operator_v3' retrieved from /usr/local/python/3.12.1/lib/python3.12/site-packages/airflow/example_dags/example_branch_python_dop_operator_3.py
[2026-04-25T09:45:13.818+0000] {logging_mixin.py:188} INFO - [2026-04-25T09:45:13.818+0000] {dag.py:3096} INFO - Sync 1 DAGs
[2026-04-25T09:45:13.836+0000] {logging_mixin.py:188} INFO - [2026-04-25T09:45:13.836+0000] {dag.py:3954} INFO - Setting next_dagrun for example_branch_dop_operator_v3 to 2026-04-25 09:44:00+00:00, run_after=2026-04-25 09:45:00+00:00
[2026-04-25T09:45:13.858+0000] {processor.py:183} INFO - Processing /usr/local/python/3.12.1/lib/python3.12/site-packages/airflow/example_dags/example_branch_python_dop_operator_3.py took 0.069 seconds
[2026-04-25T09:46:17.721+0000] {processor.py:161} INFO - Started process (PID=29727) to work on /usr/local/python/3.12.1/lib/python3.12/site-packages/airflow/example_dags/example_branch_python_dop_operator_3.py
[2026-04-25T09:46:17.721+0000] {processor.py:830} INFO - Processing file /usr/local/python/3.12.1/lib/python3.12/site-packages/airflow/example_dags/example_branch_python_dop_operator_3.py for tasks to queue
[2026-04-25T09:46:17.722+0000] {logging_mixin.py:188} INFO - [2026-04-25T09:46:17.722+0000] {dagbag.py:540} INFO - Filling up the DagBag from /usr/local/python/3.12.1/lib/python3.12/site-packages/airflow/example_dags/example_branch_python_dop_operator_3.py
[2026-04-25T09:46:17.729+0000] {processor.py:840} INFO - DAG(s) 'example_branch_dop_operator_v3' retrieved from /usr/local/python/3.12.1/lib/python3.12/site-packages/airflow/example_dags/example_branch_python_dop_operator_3.py
[2026-04-25T09:46:17.740+0000] {logging_mixin.py:188} INFO - [2026-04-25T09:46:17.740+0000] {dag.py:3096} INFO - Sync 1 DAGs
[2026-04-25T09:46:17.757+0000] {logging_mixin.py:188} INFO - [2026-04-25T09:46:17.757+0000] {dag.py:3954} INFO - Setting next_dagrun for example_branch_dop_operator_v3 to 2026-04-25 09:45:00+00:00, run_after=2026-04-25 09:46:00+00:00
[2026-04-25T09:46:17.774+0000] {processor.py:183} INFO - Processing /usr/local/python/3.12.1/lib/python3.12/site-packages/airflow/example_dags/example_branch_python_dop_operator_3.py took 0.057 seconds
