[2026-04-25T09:06:02.668+0000] {processor.py:161} INFO - Started process (PID=8319) to work on /usr/local/python/3.12.1/lib/python3.12/site-packages/airflow/example_dags/example_setup_teardown_taskflow.py
[2026-04-25T09:06:02.669+0000] {processor.py:830} INFO - Processing file /usr/local/python/3.12.1/lib/python3.12/site-packages/airflow/example_dags/example_setup_teardown_taskflow.py for tasks to queue
[2026-04-25T09:06:02.670+0000] {logging_mixin.py:188} INFO - [2026-04-25T09:06:02.669+0000] {dagbag.py:540} INFO - Filling up the DagBag from /usr/local/python/3.12.1/lib/python3.12/site-packages/airflow/example_dags/example_setup_teardown_taskflow.py
[2026-04-25T09:06:02.679+0000] {processor.py:840} INFO - DAG(s) 'example_setup_teardown_taskflow' retrieved from /usr/local/python/3.12.1/lib/python3.12/site-packages/airflow/example_dags/example_setup_teardown_taskflow.py
[2026-04-25T09:06:02.807+0000] {logging_mixin.py:188} INFO - [2026-04-25T09:06:02.807+0000] {override.py:1930} INFO - Created Permission View: can delete on DAG:example_setup_teardown_taskflow
[2026-04-25T09:06:02.818+0000] {logging_mixin.py:188} INFO - [2026-04-25T09:06:02.818+0000] {override.py:1930} INFO - Created Permission View: can edit on DAG:example_setup_teardown_taskflow
[2026-04-25T09:06:02.825+0000] {logging_mixin.py:188} INFO - [2026-04-25T09:06:02.825+0000] {override.py:1930} INFO - Created Permission View: can read on DAG:example_setup_teardown_taskflow
[2026-04-25T09:06:02.826+0000] {logging_mixin.py:188} INFO - [2026-04-25T09:06:02.826+0000] {dag.py:3096} INFO - Sync 1 DAGs
[2026-04-25T09:06:02.834+0000] {logging_mixin.py:188} INFO - [2026-04-25T09:06:02.834+0000] {dag.py:3118} INFO - Creating ORM DAG for example_setup_teardown_taskflow
[2026-04-25T09:06:02.843+0000] {logging_mixin.py:188} INFO - [2026-04-25T09:06:02.843+0000] {dag.py:3954} INFO - Setting next_dagrun for example_setup_teardown_taskflow to 2026-04-24 00:00:00+00:00, run_after=2026-04-25 00:00:00+00:00
[2026-04-25T09:06:02.861+0000] {processor.py:183} INFO - Processing /usr/local/python/3.12.1/lib/python3.12/site-packages/airflow/example_dags/example_setup_teardown_taskflow.py took 0.202 seconds
[2026-04-25T09:06:58.522+0000] {processor.py:161} INFO - Started process (PID=8956) to work on /usr/local/python/3.12.1/lib/python3.12/site-packages/airflow/example_dags/example_setup_teardown_taskflow.py
[2026-04-25T09:06:58.523+0000] {processor.py:830} INFO - Processing file /usr/local/python/3.12.1/lib/python3.12/site-packages/airflow/example_dags/example_setup_teardown_taskflow.py for tasks to queue
[2026-04-25T09:06:58.524+0000] {logging_mixin.py:188} INFO - [2026-04-25T09:06:58.523+0000] {dagbag.py:540} INFO - Filling up the DagBag from /usr/local/python/3.12.1/lib/python3.12/site-packages/airflow/example_dags/example_setup_teardown_taskflow.py
[2026-04-25T09:06:58.534+0000] {processor.py:840} INFO - DAG(s) 'example_setup_teardown_taskflow' retrieved from /usr/local/python/3.12.1/lib/python3.12/site-packages/airflow/example_dags/example_setup_teardown_taskflow.py
[2026-04-25T09:06:58.553+0000] {logging_mixin.py:188} INFO - [2026-04-25T09:06:58.552+0000] {dag.py:3096} INFO - Sync 1 DAGs
[2026-04-25T09:06:58.574+0000] {logging_mixin.py:188} INFO - [2026-04-25T09:06:58.573+0000] {dag.py:3954} INFO - Setting next_dagrun for example_setup_teardown_taskflow to 2026-04-24 00:00:00+00:00, run_after=2026-04-25 00:00:00+00:00
[2026-04-25T09:06:58.595+0000] {processor.py:183} INFO - Processing /usr/local/python/3.12.1/lib/python3.12/site-packages/airflow/example_dags/example_setup_teardown_taskflow.py took 0.078 seconds
[2026-04-25T09:07:49.229+0000] {processor.py:161} INFO - Started process (PID=9382) to work on /usr/local/python/3.12.1/lib/python3.12/site-packages/airflow/example_dags/example_setup_teardown_taskflow.py
[2026-04-25T09:07:49.230+0000] {processor.py:830} INFO - Processing file /usr/local/python/3.12.1/lib/python3.12/site-packages/airflow/example_dags/example_setup_teardown_taskflow.py for tasks to queue
[2026-04-25T09:07:49.230+0000] {logging_mixin.py:188} INFO - [2026-04-25T09:07:49.230+0000] {dagbag.py:540} INFO - Filling up the DagBag from /usr/local/python/3.12.1/lib/python3.12/site-packages/airflow/example_dags/example_setup_teardown_taskflow.py
[2026-04-25T09:07:49.237+0000] {processor.py:840} INFO - DAG(s) 'example_setup_teardown_taskflow' retrieved from /usr/local/python/3.12.1/lib/python3.12/site-packages/airflow/example_dags/example_setup_teardown_taskflow.py
[2026-04-25T09:07:49.252+0000] {logging_mixin.py:188} INFO - [2026-04-25T09:07:49.252+0000] {dag.py:3096} INFO - Sync 1 DAGs
[2026-04-25T09:07:49.270+0000] {logging_mixin.py:188} INFO - [2026-04-25T09:07:49.270+0000] {dag.py:3954} INFO - Setting next_dagrun for example_setup_teardown_taskflow to 2026-04-24 00:00:00+00:00, run_after=2026-04-25 00:00:00+00:00
[2026-04-25T09:07:49.296+0000] {processor.py:183} INFO - Processing /usr/local/python/3.12.1/lib/python3.12/site-packages/airflow/example_dags/example_setup_teardown_taskflow.py took 0.072 seconds
[2026-04-25T09:08:38.244+0000] {processor.py:161} INFO - Started process (PID=9896) to work on /usr/local/python/3.12.1/lib/python3.12/site-packages/airflow/example_dags/example_setup_teardown_taskflow.py
[2026-04-25T09:08:38.245+0000] {processor.py:830} INFO - Processing file /usr/local/python/3.12.1/lib/python3.12/site-packages/airflow/example_dags/example_setup_teardown_taskflow.py for tasks to queue
[2026-04-25T09:08:38.246+0000] {logging_mixin.py:188} INFO - [2026-04-25T09:08:38.246+0000] {dagbag.py:540} INFO - Filling up the DagBag from /usr/local/python/3.12.1/lib/python3.12/site-packages/airflow/example_dags/example_setup_teardown_taskflow.py
[2026-04-25T09:08:38.265+0000] {processor.py:840} INFO - DAG(s) 'example_setup_teardown_taskflow' retrieved from /usr/local/python/3.12.1/lib/python3.12/site-packages/airflow/example_dags/example_setup_teardown_taskflow.py
[2026-04-25T09:08:38.291+0000] {logging_mixin.py:188} INFO - [2026-04-25T09:08:38.291+0000] {dag.py:3096} INFO - Sync 1 DAGs
[2026-04-25T09:08:38.311+0000] {logging_mixin.py:188} INFO - [2026-04-25T09:08:38.310+0000] {dag.py:3954} INFO - Setting next_dagrun for example_setup_teardown_taskflow to 2026-04-24 00:00:00+00:00, run_after=2026-04-25 00:00:00+00:00
[2026-04-25T09:08:38.352+0000] {processor.py:183} INFO - Processing /usr/local/python/3.12.1/lib/python3.12/site-packages/airflow/example_dags/example_setup_teardown_taskflow.py took 0.113 seconds
[2026-04-25T09:09:19.473+0000] {processor.py:161} INFO - Started process (PID=10327) to work on /usr/local/python/3.12.1/lib/python3.12/site-packages/airflow/example_dags/example_setup_teardown_taskflow.py
[2026-04-25T09:09:19.473+0000] {processor.py:830} INFO - Processing file /usr/local/python/3.12.1/lib/python3.12/site-packages/airflow/example_dags/example_setup_teardown_taskflow.py for tasks to queue
[2026-04-25T09:09:19.474+0000] {logging_mixin.py:188} INFO - [2026-04-25T09:09:19.474+0000] {dagbag.py:540} INFO - Filling up the DagBag from /usr/local/python/3.12.1/lib/python3.12/site-packages/airflow/example_dags/example_setup_teardown_taskflow.py
[2026-04-25T09:09:19.481+0000] {processor.py:840} INFO - DAG(s) 'example_setup_teardown_taskflow' retrieved from /usr/local/python/3.12.1/lib/python3.12/site-packages/airflow/example_dags/example_setup_teardown_taskflow.py
[2026-04-25T09:09:19.495+0000] {logging_mixin.py:188} INFO - [2026-04-25T09:09:19.495+0000] {dag.py:3096} INFO - Sync 1 DAGs
[2026-04-25T09:09:19.510+0000] {logging_mixin.py:188} INFO - [2026-04-25T09:09:19.510+0000] {dag.py:3954} INFO - Setting next_dagrun for example_setup_teardown_taskflow to 2026-04-24 00:00:00+00:00, run_after=2026-04-25 00:00:00+00:00
[2026-04-25T09:09:19.527+0000] {processor.py:183} INFO - Processing /usr/local/python/3.12.1/lib/python3.12/site-packages/airflow/example_dags/example_setup_teardown_taskflow.py took 0.058 seconds
[2026-04-25T09:10:03.298+0000] {processor.py:161} INFO - Started process (PID=10970) to work on /usr/local/python/3.12.1/lib/python3.12/site-packages/airflow/example_dags/example_setup_teardown_taskflow.py
[2026-04-25T09:10:03.299+0000] {processor.py:830} INFO - Processing file /usr/local/python/3.12.1/lib/python3.12/site-packages/airflow/example_dags/example_setup_teardown_taskflow.py for tasks to queue
[2026-04-25T09:10:03.299+0000] {logging_mixin.py:188} INFO - [2026-04-25T09:10:03.299+0000] {dagbag.py:540} INFO - Filling up the DagBag from /usr/local/python/3.12.1/lib/python3.12/site-packages/airflow/example_dags/example_setup_teardown_taskflow.py
[2026-04-25T09:10:03.307+0000] {processor.py:840} INFO - DAG(s) 'example_setup_teardown_taskflow' retrieved from /usr/local/python/3.12.1/lib/python3.12/site-packages/airflow/example_dags/example_setup_teardown_taskflow.py
[2026-04-25T09:10:03.320+0000] {logging_mixin.py:188} INFO - [2026-04-25T09:10:03.320+0000] {dag.py:3096} INFO - Sync 1 DAGs
[2026-04-25T09:10:03.335+0000] {logging_mixin.py:188} INFO - [2026-04-25T09:10:03.335+0000] {dag.py:3954} INFO - Setting next_dagrun for example_setup_teardown_taskflow to 2026-04-24 00:00:00+00:00, run_after=2026-04-25 00:00:00+00:00
[2026-04-25T09:10:03.353+0000] {processor.py:183} INFO - Processing /usr/local/python/3.12.1/lib/python3.12/site-packages/airflow/example_dags/example_setup_teardown_taskflow.py took 0.059 seconds
[2026-04-25T09:10:41.526+0000] {processor.py:161} INFO - Started process (PID=11419) to work on /usr/local/python/3.12.1/lib/python3.12/site-packages/airflow/example_dags/example_setup_teardown_taskflow.py
[2026-04-25T09:10:41.526+0000] {processor.py:830} INFO - Processing file /usr/local/python/3.12.1/lib/python3.12/site-packages/airflow/example_dags/example_setup_teardown_taskflow.py for tasks to queue
[2026-04-25T09:10:41.527+0000] {logging_mixin.py:188} INFO - [2026-04-25T09:10:41.527+0000] {dagbag.py:540} INFO - Filling up the DagBag from /usr/local/python/3.12.1/lib/python3.12/site-packages/airflow/example_dags/example_setup_teardown_taskflow.py
[2026-04-25T09:10:41.535+0000] {processor.py:840} INFO - DAG(s) 'example_setup_teardown_taskflow' retrieved from /usr/local/python/3.12.1/lib/python3.12/site-packages/airflow/example_dags/example_setup_teardown_taskflow.py
[2026-04-25T09:10:41.549+0000] {logging_mixin.py:188} INFO - [2026-04-25T09:10:41.549+0000] {dag.py:3096} INFO - Sync 1 DAGs
[2026-04-25T09:10:41.564+0000] {logging_mixin.py:188} INFO - [2026-04-25T09:10:41.564+0000] {dag.py:3954} INFO - Setting next_dagrun for example_setup_teardown_taskflow to 2026-04-24 00:00:00+00:00, run_after=2026-04-25 00:00:00+00:00
[2026-04-25T09:10:41.580+0000] {processor.py:183} INFO - Processing /usr/local/python/3.12.1/lib/python3.12/site-packages/airflow/example_dags/example_setup_teardown_taskflow.py took 0.059 seconds
[2026-04-25T09:11:30.636+0000] {processor.py:161} INFO - Started process (PID=12383) to work on /usr/local/python/3.12.1/lib/python3.12/site-packages/airflow/example_dags/example_setup_teardown_taskflow.py
[2026-04-25T09:11:30.637+0000] {processor.py:830} INFO - Processing file /usr/local/python/3.12.1/lib/python3.12/site-packages/airflow/example_dags/example_setup_teardown_taskflow.py for tasks to queue
[2026-04-25T09:11:30.638+0000] {logging_mixin.py:188} INFO - [2026-04-25T09:11:30.638+0000] {dagbag.py:540} INFO - Filling up the DagBag from /usr/local/python/3.12.1/lib/python3.12/site-packages/airflow/example_dags/example_setup_teardown_taskflow.py
[2026-04-25T09:11:30.649+0000] {processor.py:840} INFO - DAG(s) 'example_setup_teardown_taskflow' retrieved from /usr/local/python/3.12.1/lib/python3.12/site-packages/airflow/example_dags/example_setup_teardown_taskflow.py
[2026-04-25T09:11:30.658+0000] {logging_mixin.py:188} INFO - [2026-04-25T09:11:30.658+0000] {dag.py:3096} INFO - Sync 1 DAGs
[2026-04-25T09:11:30.683+0000] {logging_mixin.py:188} INFO - [2026-04-25T09:11:30.683+0000] {dag.py:3954} INFO - Setting next_dagrun for example_setup_teardown_taskflow to 2026-04-24 00:00:00+00:00, run_after=2026-04-25 00:00:00+00:00
[2026-04-25T09:11:30.770+0000] {processor.py:183} INFO - Processing /usr/local/python/3.12.1/lib/python3.12/site-packages/airflow/example_dags/example_setup_teardown_taskflow.py took 0.139 seconds
[2026-04-25T09:11:47.896+0000] {processor.py:161} INFO - Started process (PID=12638) to work on /usr/local/python/3.12.1/lib/python3.12/site-packages/airflow/example_dags/example_setup_teardown_taskflow.py
[2026-04-25T09:11:47.897+0000] {processor.py:830} INFO - Processing file /usr/local/python/3.12.1/lib/python3.12/site-packages/airflow/example_dags/example_setup_teardown_taskflow.py for tasks to queue
[2026-04-25T09:11:47.898+0000] {logging_mixin.py:188} INFO - [2026-04-25T09:11:47.897+0000] {dagbag.py:540} INFO - Filling up the DagBag from /usr/local/python/3.12.1/lib/python3.12/site-packages/airflow/example_dags/example_setup_teardown_taskflow.py
[2026-04-25T09:11:47.909+0000] {processor.py:840} INFO - DAG(s) 'example_setup_teardown_taskflow' retrieved from /usr/local/python/3.12.1/lib/python3.12/site-packages/airflow/example_dags/example_setup_teardown_taskflow.py
[2026-04-25T09:11:48.004+0000] {logging_mixin.py:188} INFO - [2026-04-25T09:11:48.003+0000] {dag.py:3096} INFO - Sync 1 DAGs
[2026-04-25T09:11:48.017+0000] {logging_mixin.py:188} INFO - [2026-04-25T09:11:48.017+0000] {dag.py:3954} INFO - Setting next_dagrun for example_setup_teardown_taskflow to 2026-04-24 00:00:00+00:00, run_after=2026-04-25 00:00:00+00:00
[2026-04-25T09:11:48.034+0000] {processor.py:183} INFO - Processing /usr/local/python/3.12.1/lib/python3.12/site-packages/airflow/example_dags/example_setup_teardown_taskflow.py took 0.144 seconds
[2026-04-25T09:12:18.550+0000] {processor.py:161} INFO - Started process (PID=12907) to work on /usr/local/python/3.12.1/lib/python3.12/site-packages/airflow/example_dags/example_setup_teardown_taskflow.py
[2026-04-25T09:12:18.550+0000] {processor.py:830} INFO - Processing file /usr/local/python/3.12.1/lib/python3.12/site-packages/airflow/example_dags/example_setup_teardown_taskflow.py for tasks to queue
[2026-04-25T09:12:18.551+0000] {logging_mixin.py:188} INFO - [2026-04-25T09:12:18.551+0000] {dagbag.py:540} INFO - Filling up the DagBag from /usr/local/python/3.12.1/lib/python3.12/site-packages/airflow/example_dags/example_setup_teardown_taskflow.py
[2026-04-25T09:12:18.558+0000] {processor.py:840} INFO - DAG(s) 'example_setup_teardown_taskflow' retrieved from /usr/local/python/3.12.1/lib/python3.12/site-packages/airflow/example_dags/example_setup_teardown_taskflow.py
[2026-04-25T09:12:18.573+0000] {logging_mixin.py:188} INFO - [2026-04-25T09:12:18.573+0000] {dag.py:3096} INFO - Sync 1 DAGs
[2026-04-25T09:12:18.594+0000] {logging_mixin.py:188} INFO - [2026-04-25T09:12:18.594+0000] {dag.py:3954} INFO - Setting next_dagrun for example_setup_teardown_taskflow to 2026-04-24 00:00:00+00:00, run_after=2026-04-25 00:00:00+00:00
[2026-04-25T09:12:18.610+0000] {processor.py:183} INFO - Processing /usr/local/python/3.12.1/lib/python3.12/site-packages/airflow/example_dags/example_setup_teardown_taskflow.py took 0.065 seconds
[2026-04-25T09:12:37.942+0000] {processor.py:161} INFO - Started process (PID=13282) to work on /usr/local/python/3.12.1/lib/python3.12/site-packages/airflow/example_dags/example_setup_teardown_taskflow.py
[2026-04-25T09:12:37.943+0000] {processor.py:830} INFO - Processing file /usr/local/python/3.12.1/lib/python3.12/site-packages/airflow/example_dags/example_setup_teardown_taskflow.py for tasks to queue
[2026-04-25T09:12:37.944+0000] {logging_mixin.py:188} INFO - [2026-04-25T09:12:37.944+0000] {dagbag.py:540} INFO - Filling up the DagBag from /usr/local/python/3.12.1/lib/python3.12/site-packages/airflow/example_dags/example_setup_teardown_taskflow.py
[2026-04-25T09:12:37.973+0000] {processor.py:840} INFO - DAG(s) 'example_setup_teardown_taskflow' retrieved from /usr/local/python/3.12.1/lib/python3.12/site-packages/airflow/example_dags/example_setup_teardown_taskflow.py
[2026-04-25T09:12:38.019+0000] {logging_mixin.py:188} INFO - [2026-04-25T09:12:38.018+0000] {dag.py:3096} INFO - Sync 1 DAGs
[2026-04-25T09:12:38.053+0000] {logging_mixin.py:188} INFO - [2026-04-25T09:12:38.053+0000] {dag.py:3954} INFO - Setting next_dagrun for example_setup_teardown_taskflow to 2026-04-24 00:00:00+00:00, run_after=2026-04-25 00:00:00+00:00
[2026-04-25T09:12:38.085+0000] {processor.py:183} INFO - Processing /usr/local/python/3.12.1/lib/python3.12/site-packages/airflow/example_dags/example_setup_teardown_taskflow.py took 0.158 seconds
[2026-04-25T09:13:16.417+0000] {processor.py:161} INFO - Started process (PID=13651) to work on /usr/local/python/3.12.1/lib/python3.12/site-packages/airflow/example_dags/example_setup_teardown_taskflow.py
[2026-04-25T09:13:16.418+0000] {processor.py:830} INFO - Processing file /usr/local/python/3.12.1/lib/python3.12/site-packages/airflow/example_dags/example_setup_teardown_taskflow.py for tasks to queue
[2026-04-25T09:13:16.419+0000] {logging_mixin.py:188} INFO - [2026-04-25T09:13:16.419+0000] {dagbag.py:540} INFO - Filling up the DagBag from /usr/local/python/3.12.1/lib/python3.12/site-packages/airflow/example_dags/example_setup_teardown_taskflow.py
[2026-04-25T09:13:16.427+0000] {processor.py:840} INFO - DAG(s) 'example_setup_teardown_taskflow' retrieved from /usr/local/python/3.12.1/lib/python3.12/site-packages/airflow/example_dags/example_setup_teardown_taskflow.py
[2026-04-25T09:13:16.440+0000] {logging_mixin.py:188} INFO - [2026-04-25T09:13:16.440+0000] {dag.py:3096} INFO - Sync 1 DAGs
[2026-04-25T09:13:16.455+0000] {logging_mixin.py:188} INFO - [2026-04-25T09:13:16.455+0000] {dag.py:3954} INFO - Setting next_dagrun for example_setup_teardown_taskflow to 2026-04-24 00:00:00+00:00, run_after=2026-04-25 00:00:00+00:00
[2026-04-25T09:13:16.471+0000] {processor.py:183} INFO - Processing /usr/local/python/3.12.1/lib/python3.12/site-packages/airflow/example_dags/example_setup_teardown_taskflow.py took 0.058 seconds
[2026-04-25T09:14:03.235+0000] {processor.py:161} INFO - Started process (PID=14492) to work on /usr/local/python/3.12.1/lib/python3.12/site-packages/airflow/example_dags/example_setup_teardown_taskflow.py
[2026-04-25T09:14:03.235+0000] {processor.py:830} INFO - Processing file /usr/local/python/3.12.1/lib/python3.12/site-packages/airflow/example_dags/example_setup_teardown_taskflow.py for tasks to queue
[2026-04-25T09:14:03.236+0000] {logging_mixin.py:188} INFO - [2026-04-25T09:14:03.236+0000] {dagbag.py:540} INFO - Filling up the DagBag from /usr/local/python/3.12.1/lib/python3.12/site-packages/airflow/example_dags/example_setup_teardown_taskflow.py
[2026-04-25T09:14:03.243+0000] {processor.py:840} INFO - DAG(s) 'example_setup_teardown_taskflow' retrieved from /usr/local/python/3.12.1/lib/python3.12/site-packages/airflow/example_dags/example_setup_teardown_taskflow.py
[2026-04-25T09:14:03.259+0000] {logging_mixin.py:188} INFO - [2026-04-25T09:14:03.259+0000] {dag.py:3096} INFO - Sync 1 DAGs
[2026-04-25T09:14:03.274+0000] {logging_mixin.py:188} INFO - [2026-04-25T09:14:03.274+0000] {dag.py:3954} INFO - Setting next_dagrun for example_setup_teardown_taskflow to 2026-04-24 00:00:00+00:00, run_after=2026-04-25 00:00:00+00:00
[2026-04-25T09:14:03.291+0000] {processor.py:183} INFO - Processing /usr/local/python/3.12.1/lib/python3.12/site-packages/airflow/example_dags/example_setup_teardown_taskflow.py took 0.061 seconds
[2026-04-25T09:14:51.249+0000] {processor.py:161} INFO - Started process (PID=14855) to work on /usr/local/python/3.12.1/lib/python3.12/site-packages/airflow/example_dags/example_setup_teardown_taskflow.py
[2026-04-25T09:14:51.250+0000] {processor.py:830} INFO - Processing file /usr/local/python/3.12.1/lib/python3.12/site-packages/airflow/example_dags/example_setup_teardown_taskflow.py for tasks to queue
[2026-04-25T09:14:51.251+0000] {logging_mixin.py:188} INFO - [2026-04-25T09:14:51.250+0000] {dagbag.py:540} INFO - Filling up the DagBag from /usr/local/python/3.12.1/lib/python3.12/site-packages/airflow/example_dags/example_setup_teardown_taskflow.py
[2026-04-25T09:14:51.259+0000] {processor.py:840} INFO - DAG(s) 'example_setup_teardown_taskflow' retrieved from /usr/local/python/3.12.1/lib/python3.12/site-packages/airflow/example_dags/example_setup_teardown_taskflow.py
[2026-04-25T09:14:51.272+0000] {logging_mixin.py:188} INFO - [2026-04-25T09:14:51.272+0000] {dag.py:3096} INFO - Sync 1 DAGs
[2026-04-25T09:14:51.287+0000] {logging_mixin.py:188} INFO - [2026-04-25T09:14:51.286+0000] {dag.py:3954} INFO - Setting next_dagrun for example_setup_teardown_taskflow to 2026-04-24 00:00:00+00:00, run_after=2026-04-25 00:00:00+00:00
[2026-04-25T09:14:51.303+0000] {processor.py:183} INFO - Processing /usr/local/python/3.12.1/lib/python3.12/site-packages/airflow/example_dags/example_setup_teardown_taskflow.py took 0.058 seconds
[2026-04-25T09:15:41.369+0000] {processor.py:161} INFO - Started process (PID=15401) to work on /usr/local/python/3.12.1/lib/python3.12/site-packages/airflow/example_dags/example_setup_teardown_taskflow.py
[2026-04-25T09:15:41.370+0000] {processor.py:830} INFO - Processing file /usr/local/python/3.12.1/lib/python3.12/site-packages/airflow/example_dags/example_setup_teardown_taskflow.py for tasks to queue
[2026-04-25T09:15:41.371+0000] {logging_mixin.py:188} INFO - [2026-04-25T09:15:41.370+0000] {dagbag.py:540} INFO - Filling up the DagBag from /usr/local/python/3.12.1/lib/python3.12/site-packages/airflow/example_dags/example_setup_teardown_taskflow.py
[2026-04-25T09:15:41.378+0000] {processor.py:840} INFO - DAG(s) 'example_setup_teardown_taskflow' retrieved from /usr/local/python/3.12.1/lib/python3.12/site-packages/airflow/example_dags/example_setup_teardown_taskflow.py
[2026-04-25T09:15:41.391+0000] {logging_mixin.py:188} INFO - [2026-04-25T09:15:41.391+0000] {dag.py:3096} INFO - Sync 1 DAGs
[2026-04-25T09:15:41.407+0000] {logging_mixin.py:188} INFO - [2026-04-25T09:15:41.407+0000] {dag.py:3954} INFO - Setting next_dagrun for example_setup_teardown_taskflow to 2026-04-24 00:00:00+00:00, run_after=2026-04-25 00:00:00+00:00
[2026-04-25T09:15:41.424+0000] {processor.py:183} INFO - Processing /usr/local/python/3.12.1/lib/python3.12/site-packages/airflow/example_dags/example_setup_teardown_taskflow.py took 0.059 seconds
[2026-04-25T09:16:37.941+0000] {processor.py:161} INFO - Started process (PID=15898) to work on /usr/local/python/3.12.1/lib/python3.12/site-packages/airflow/example_dags/example_setup_teardown_taskflow.py
[2026-04-25T09:16:37.942+0000] {processor.py:830} INFO - Processing file /usr/local/python/3.12.1/lib/python3.12/site-packages/airflow/example_dags/example_setup_teardown_taskflow.py for tasks to queue
[2026-04-25T09:16:37.943+0000] {logging_mixin.py:188} INFO - [2026-04-25T09:16:37.942+0000] {dagbag.py:540} INFO - Filling up the DagBag from /usr/local/python/3.12.1/lib/python3.12/site-packages/airflow/example_dags/example_setup_teardown_taskflow.py
[2026-04-25T09:16:37.950+0000] {processor.py:840} INFO - DAG(s) 'example_setup_teardown_taskflow' retrieved from /usr/local/python/3.12.1/lib/python3.12/site-packages/airflow/example_dags/example_setup_teardown_taskflow.py
[2026-04-25T09:16:37.963+0000] {logging_mixin.py:188} INFO - [2026-04-25T09:16:37.963+0000] {dag.py:3096} INFO - Sync 1 DAGs
[2026-04-25T09:16:37.978+0000] {logging_mixin.py:188} INFO - [2026-04-25T09:16:37.978+0000] {dag.py:3954} INFO - Setting next_dagrun for example_setup_teardown_taskflow to 2026-04-24 00:00:00+00:00, run_after=2026-04-25 00:00:00+00:00
[2026-04-25T09:16:37.996+0000] {processor.py:183} INFO - Processing /usr/local/python/3.12.1/lib/python3.12/site-packages/airflow/example_dags/example_setup_teardown_taskflow.py took 0.059 seconds
[2026-04-25T09:17:21.021+0000] {processor.py:161} INFO - Started process (PID=16310) to work on /usr/local/python/3.12.1/lib/python3.12/site-packages/airflow/example_dags/example_setup_teardown_taskflow.py
[2026-04-25T09:17:21.022+0000] {processor.py:830} INFO - Processing file /usr/local/python/3.12.1/lib/python3.12/site-packages/airflow/example_dags/example_setup_teardown_taskflow.py for tasks to queue
[2026-04-25T09:17:21.023+0000] {logging_mixin.py:188} INFO - [2026-04-25T09:17:21.022+0000] {dagbag.py:540} INFO - Filling up the DagBag from /usr/local/python/3.12.1/lib/python3.12/site-packages/airflow/example_dags/example_setup_teardown_taskflow.py
[2026-04-25T09:17:21.034+0000] {processor.py:840} INFO - DAG(s) 'example_setup_teardown_taskflow' retrieved from /usr/local/python/3.12.1/lib/python3.12/site-packages/airflow/example_dags/example_setup_teardown_taskflow.py
[2026-04-25T09:17:21.042+0000] {logging_mixin.py:188} INFO - [2026-04-25T09:17:21.042+0000] {dag.py:3096} INFO - Sync 1 DAGs
[2026-04-25T09:17:21.071+0000] {logging_mixin.py:188} INFO - [2026-04-25T09:17:21.071+0000] {dag.py:3954} INFO - Setting next_dagrun for example_setup_teardown_taskflow to 2026-04-24 00:00:00+00:00, run_after=2026-04-25 00:00:00+00:00
[2026-04-25T09:17:21.114+0000] {processor.py:183} INFO - Processing /usr/local/python/3.12.1/lib/python3.12/site-packages/airflow/example_dags/example_setup_teardown_taskflow.py took 0.100 seconds
[2026-04-25T09:18:07.103+0000] {processor.py:161} INFO - Started process (PID=16668) to work on /usr/local/python/3.12.1/lib/python3.12/site-packages/airflow/example_dags/example_setup_teardown_taskflow.py
[2026-04-25T09:18:07.103+0000] {processor.py:830} INFO - Processing file /usr/local/python/3.12.1/lib/python3.12/site-packages/airflow/example_dags/example_setup_teardown_taskflow.py for tasks to queue
[2026-04-25T09:18:07.104+0000] {logging_mixin.py:188} INFO - [2026-04-25T09:18:07.104+0000] {dagbag.py:540} INFO - Filling up the DagBag from /usr/local/python/3.12.1/lib/python3.12/site-packages/airflow/example_dags/example_setup_teardown_taskflow.py
[2026-04-25T09:18:07.111+0000] {processor.py:840} INFO - DAG(s) 'example_setup_teardown_taskflow' retrieved from /usr/local/python/3.12.1/lib/python3.12/site-packages/airflow/example_dags/example_setup_teardown_taskflow.py
[2026-04-25T09:18:07.190+0000] {logging_mixin.py:188} INFO - [2026-04-25T09:18:07.189+0000] {dag.py:3096} INFO - Sync 1 DAGs
[2026-04-25T09:18:07.204+0000] {logging_mixin.py:188} INFO - [2026-04-25T09:18:07.203+0000] {dag.py:3954} INFO - Setting next_dagrun for example_setup_teardown_taskflow to 2026-04-24 00:00:00+00:00, run_after=2026-04-25 00:00:00+00:00
[2026-04-25T09:18:07.220+0000] {processor.py:183} INFO - Processing /usr/local/python/3.12.1/lib/python3.12/site-packages/airflow/example_dags/example_setup_teardown_taskflow.py took 0.121 seconds
[2026-04-25T09:18:51.112+0000] {processor.py:161} INFO - Started process (PID=17008) to work on /usr/local/python/3.12.1/lib/python3.12/site-packages/airflow/example_dags/example_setup_teardown_taskflow.py
[2026-04-25T09:18:51.113+0000] {processor.py:830} INFO - Processing file /usr/local/python/3.12.1/lib/python3.12/site-packages/airflow/example_dags/example_setup_teardown_taskflow.py for tasks to queue
[2026-04-25T09:18:51.114+0000] {logging_mixin.py:188} INFO - [2026-04-25T09:18:51.113+0000] {dagbag.py:540} INFO - Filling up the DagBag from /usr/local/python/3.12.1/lib/python3.12/site-packages/airflow/example_dags/example_setup_teardown_taskflow.py
[2026-04-25T09:18:51.121+0000] {processor.py:840} INFO - DAG(s) 'example_setup_teardown_taskflow' retrieved from /usr/local/python/3.12.1/lib/python3.12/site-packages/airflow/example_dags/example_setup_teardown_taskflow.py
[2026-04-25T09:18:51.134+0000] {logging_mixin.py:188} INFO - [2026-04-25T09:18:51.133+0000] {dag.py:3096} INFO - Sync 1 DAGs
[2026-04-25T09:18:51.148+0000] {logging_mixin.py:188} INFO - [2026-04-25T09:18:51.148+0000] {dag.py:3954} INFO - Setting next_dagrun for example_setup_teardown_taskflow to 2026-04-24 00:00:00+00:00, run_after=2026-04-25 00:00:00+00:00
[2026-04-25T09:18:51.165+0000] {processor.py:183} INFO - Processing /usr/local/python/3.12.1/lib/python3.12/site-packages/airflow/example_dags/example_setup_teardown_taskflow.py took 0.057 seconds
[2026-04-25T09:19:45.325+0000] {processor.py:161} INFO - Started process (PID=17420) to work on /usr/local/python/3.12.1/lib/python3.12/site-packages/airflow/example_dags/example_setup_teardown_taskflow.py
[2026-04-25T09:19:45.325+0000] {processor.py:830} INFO - Processing file /usr/local/python/3.12.1/lib/python3.12/site-packages/airflow/example_dags/example_setup_teardown_taskflow.py for tasks to queue
[2026-04-25T09:19:45.326+0000] {logging_mixin.py:188} INFO - [2026-04-25T09:19:45.326+0000] {dagbag.py:540} INFO - Filling up the DagBag from /usr/local/python/3.12.1/lib/python3.12/site-packages/airflow/example_dags/example_setup_teardown_taskflow.py
[2026-04-25T09:19:45.333+0000] {processor.py:840} INFO - DAG(s) 'example_setup_teardown_taskflow' retrieved from /usr/local/python/3.12.1/lib/python3.12/site-packages/airflow/example_dags/example_setup_teardown_taskflow.py
[2026-04-25T09:19:45.346+0000] {logging_mixin.py:188} INFO - [2026-04-25T09:19:45.346+0000] {dag.py:3096} INFO - Sync 1 DAGs
[2026-04-25T09:19:45.360+0000] {logging_mixin.py:188} INFO - [2026-04-25T09:19:45.360+0000] {dag.py:3954} INFO - Setting next_dagrun for example_setup_teardown_taskflow to 2026-04-24 00:00:00+00:00, run_after=2026-04-25 00:00:00+00:00
[2026-04-25T09:19:45.377+0000] {processor.py:183} INFO - Processing /usr/local/python/3.12.1/lib/python3.12/site-packages/airflow/example_dags/example_setup_teardown_taskflow.py took 0.057 seconds
[2026-04-25T09:20:41.731+0000] {processor.py:161} INFO - Started process (PID=17874) to work on /usr/local/python/3.12.1/lib/python3.12/site-packages/airflow/example_dags/example_setup_teardown_taskflow.py
[2026-04-25T09:20:41.732+0000] {processor.py:830} INFO - Processing file /usr/local/python/3.12.1/lib/python3.12/site-packages/airflow/example_dags/example_setup_teardown_taskflow.py for tasks to queue
[2026-04-25T09:20:41.733+0000] {logging_mixin.py:188} INFO - [2026-04-25T09:20:41.732+0000] {dagbag.py:540} INFO - Filling up the DagBag from /usr/local/python/3.12.1/lib/python3.12/site-packages/airflow/example_dags/example_setup_teardown_taskflow.py
[2026-04-25T09:20:41.740+0000] {processor.py:840} INFO - DAG(s) 'example_setup_teardown_taskflow' retrieved from /usr/local/python/3.12.1/lib/python3.12/site-packages/airflow/example_dags/example_setup_teardown_taskflow.py
[2026-04-25T09:20:41.754+0000] {logging_mixin.py:188} INFO - [2026-04-25T09:20:41.754+0000] {dag.py:3096} INFO - Sync 1 DAGs
[2026-04-25T09:20:41.769+0000] {logging_mixin.py:188} INFO - [2026-04-25T09:20:41.769+0000] {dag.py:3954} INFO - Setting next_dagrun for example_setup_teardown_taskflow to 2026-04-24 00:00:00+00:00, run_after=2026-04-25 00:00:00+00:00
[2026-04-25T09:20:41.787+0000] {processor.py:183} INFO - Processing /usr/local/python/3.12.1/lib/python3.12/site-packages/airflow/example_dags/example_setup_teardown_taskflow.py took 0.060 seconds
[2026-04-25T09:21:39.954+0000] {processor.py:161} INFO - Started process (PID=18319) to work on /usr/local/python/3.12.1/lib/python3.12/site-packages/airflow/example_dags/example_setup_teardown_taskflow.py
[2026-04-25T09:21:39.955+0000] {processor.py:830} INFO - Processing file /usr/local/python/3.12.1/lib/python3.12/site-packages/airflow/example_dags/example_setup_teardown_taskflow.py for tasks to queue
[2026-04-25T09:21:39.956+0000] {logging_mixin.py:188} INFO - [2026-04-25T09:21:39.955+0000] {dagbag.py:540} INFO - Filling up the DagBag from /usr/local/python/3.12.1/lib/python3.12/site-packages/airflow/example_dags/example_setup_teardown_taskflow.py
[2026-04-25T09:21:39.964+0000] {processor.py:840} INFO - DAG(s) 'example_setup_teardown_taskflow' retrieved from /usr/local/python/3.12.1/lib/python3.12/site-packages/airflow/example_dags/example_setup_teardown_taskflow.py
[2026-04-25T09:21:39.977+0000] {logging_mixin.py:188} INFO - [2026-04-25T09:21:39.977+0000] {dag.py:3096} INFO - Sync 1 DAGs
[2026-04-25T09:21:39.992+0000] {logging_mixin.py:188} INFO - [2026-04-25T09:21:39.992+0000] {dag.py:3954} INFO - Setting next_dagrun for example_setup_teardown_taskflow to 2026-04-24 00:00:00+00:00, run_after=2026-04-25 00:00:00+00:00
[2026-04-25T09:21:40.009+0000] {processor.py:183} INFO - Processing /usr/local/python/3.12.1/lib/python3.12/site-packages/airflow/example_dags/example_setup_teardown_taskflow.py took 0.059 seconds
[2026-04-25T09:22:36.359+0000] {processor.py:161} INFO - Started process (PID=18751) to work on /usr/local/python/3.12.1/lib/python3.12/site-packages/airflow/example_dags/example_setup_teardown_taskflow.py
[2026-04-25T09:22:36.359+0000] {processor.py:830} INFO - Processing file /usr/local/python/3.12.1/lib/python3.12/site-packages/airflow/example_dags/example_setup_teardown_taskflow.py for tasks to queue
[2026-04-25T09:22:36.360+0000] {logging_mixin.py:188} INFO - [2026-04-25T09:22:36.360+0000] {dagbag.py:540} INFO - Filling up the DagBag from /usr/local/python/3.12.1/lib/python3.12/site-packages/airflow/example_dags/example_setup_teardown_taskflow.py
[2026-04-25T09:22:36.368+0000] {processor.py:840} INFO - DAG(s) 'example_setup_teardown_taskflow' retrieved from /usr/local/python/3.12.1/lib/python3.12/site-packages/airflow/example_dags/example_setup_teardown_taskflow.py
[2026-04-25T09:22:36.381+0000] {logging_mixin.py:188} INFO - [2026-04-25T09:22:36.380+0000] {dag.py:3096} INFO - Sync 1 DAGs
[2026-04-25T09:22:36.397+0000] {logging_mixin.py:188} INFO - [2026-04-25T09:22:36.397+0000] {dag.py:3954} INFO - Setting next_dagrun for example_setup_teardown_taskflow to 2026-04-24 00:00:00+00:00, run_after=2026-04-25 00:00:00+00:00
[2026-04-25T09:22:36.414+0000] {processor.py:183} INFO - Processing /usr/local/python/3.12.1/lib/python3.12/site-packages/airflow/example_dags/example_setup_teardown_taskflow.py took 0.060 seconds
[2026-04-25T09:23:32.730+0000] {processor.py:161} INFO - Started process (PID=19192) to work on /usr/local/python/3.12.1/lib/python3.12/site-packages/airflow/example_dags/example_setup_teardown_taskflow.py
[2026-04-25T09:23:32.731+0000] {processor.py:830} INFO - Processing file /usr/local/python/3.12.1/lib/python3.12/site-packages/airflow/example_dags/example_setup_teardown_taskflow.py for tasks to queue
[2026-04-25T09:23:32.731+0000] {logging_mixin.py:188} INFO - [2026-04-25T09:23:32.731+0000] {dagbag.py:540} INFO - Filling up the DagBag from /usr/local/python/3.12.1/lib/python3.12/site-packages/airflow/example_dags/example_setup_teardown_taskflow.py
[2026-04-25T09:23:32.739+0000] {processor.py:840} INFO - DAG(s) 'example_setup_teardown_taskflow' retrieved from /usr/local/python/3.12.1/lib/python3.12/site-packages/airflow/example_dags/example_setup_teardown_taskflow.py
[2026-04-25T09:23:32.752+0000] {logging_mixin.py:188} INFO - [2026-04-25T09:23:32.751+0000] {dag.py:3096} INFO - Sync 1 DAGs
[2026-04-25T09:23:32.766+0000] {logging_mixin.py:188} INFO - [2026-04-25T09:23:32.766+0000] {dag.py:3954} INFO - Setting next_dagrun for example_setup_teardown_taskflow to 2026-04-24 00:00:00+00:00, run_after=2026-04-25 00:00:00+00:00
[2026-04-25T09:23:32.782+0000] {processor.py:183} INFO - Processing /usr/local/python/3.12.1/lib/python3.12/site-packages/airflow/example_dags/example_setup_teardown_taskflow.py took 0.056 seconds
[2026-04-25T09:24:32.413+0000] {processor.py:161} INFO - Started process (PID=19640) to work on /usr/local/python/3.12.1/lib/python3.12/site-packages/airflow/example_dags/example_setup_teardown_taskflow.py
[2026-04-25T09:24:32.414+0000] {processor.py:830} INFO - Processing file /usr/local/python/3.12.1/lib/python3.12/site-packages/airflow/example_dags/example_setup_teardown_taskflow.py for tasks to queue
[2026-04-25T09:24:32.415+0000] {logging_mixin.py:188} INFO - [2026-04-25T09:24:32.414+0000] {dagbag.py:540} INFO - Filling up the DagBag from /usr/local/python/3.12.1/lib/python3.12/site-packages/airflow/example_dags/example_setup_teardown_taskflow.py
[2026-04-25T09:24:32.422+0000] {processor.py:840} INFO - DAG(s) 'example_setup_teardown_taskflow' retrieved from /usr/local/python/3.12.1/lib/python3.12/site-packages/airflow/example_dags/example_setup_teardown_taskflow.py
[2026-04-25T09:24:32.435+0000] {logging_mixin.py:188} INFO - [2026-04-25T09:24:32.435+0000] {dag.py:3096} INFO - Sync 1 DAGs
[2026-04-25T09:24:32.449+0000] {logging_mixin.py:188} INFO - [2026-04-25T09:24:32.449+0000] {dag.py:3954} INFO - Setting next_dagrun for example_setup_teardown_taskflow to 2026-04-24 00:00:00+00:00, run_after=2026-04-25 00:00:00+00:00
[2026-04-25T09:24:32.464+0000] {processor.py:183} INFO - Processing /usr/local/python/3.12.1/lib/python3.12/site-packages/airflow/example_dags/example_setup_teardown_taskflow.py took 0.055 seconds
[2026-04-25T09:25:13.055+0000] {processor.py:161} INFO - Started process (PID=19956) to work on /usr/local/python/3.12.1/lib/python3.12/site-packages/airflow/example_dags/example_setup_teardown_taskflow.py
[2026-04-25T09:25:13.056+0000] {processor.py:830} INFO - Processing file /usr/local/python/3.12.1/lib/python3.12/site-packages/airflow/example_dags/example_setup_teardown_taskflow.py for tasks to queue
[2026-04-25T09:25:13.057+0000] {logging_mixin.py:188} INFO - [2026-04-25T09:25:13.056+0000] {dagbag.py:540} INFO - Filling up the DagBag from /usr/local/python/3.12.1/lib/python3.12/site-packages/airflow/example_dags/example_setup_teardown_taskflow.py
[2026-04-25T09:25:13.064+0000] {processor.py:840} INFO - DAG(s) 'example_setup_teardown_taskflow' retrieved from /usr/local/python/3.12.1/lib/python3.12/site-packages/airflow/example_dags/example_setup_teardown_taskflow.py
[2026-04-25T09:25:13.078+0000] {logging_mixin.py:188} INFO - [2026-04-25T09:25:13.077+0000] {dag.py:3096} INFO - Sync 1 DAGs
[2026-04-25T09:25:13.092+0000] {logging_mixin.py:188} INFO - [2026-04-25T09:25:13.092+0000] {dag.py:3954} INFO - Setting next_dagrun for example_setup_teardown_taskflow to 2026-04-24 00:00:00+00:00, run_after=2026-04-25 00:00:00+00:00
[2026-04-25T09:25:13.108+0000] {processor.py:183} INFO - Processing /usr/local/python/3.12.1/lib/python3.12/site-packages/airflow/example_dags/example_setup_teardown_taskflow.py took 0.057 seconds
[2026-04-25T09:26:08.719+0000] {processor.py:161} INFO - Started process (PID=20395) to work on /usr/local/python/3.12.1/lib/python3.12/site-packages/airflow/example_dags/example_setup_teardown_taskflow.py
[2026-04-25T09:26:08.719+0000] {processor.py:830} INFO - Processing file /usr/local/python/3.12.1/lib/python3.12/site-packages/airflow/example_dags/example_setup_teardown_taskflow.py for tasks to queue
[2026-04-25T09:26:08.720+0000] {logging_mixin.py:188} INFO - [2026-04-25T09:26:08.720+0000] {dagbag.py:540} INFO - Filling up the DagBag from /usr/local/python/3.12.1/lib/python3.12/site-packages/airflow/example_dags/example_setup_teardown_taskflow.py
[2026-04-25T09:26:08.728+0000] {processor.py:840} INFO - DAG(s) 'example_setup_teardown_taskflow' retrieved from /usr/local/python/3.12.1/lib/python3.12/site-packages/airflow/example_dags/example_setup_teardown_taskflow.py
[2026-04-25T09:26:08.741+0000] {logging_mixin.py:188} INFO - [2026-04-25T09:26:08.740+0000] {dag.py:3096} INFO - Sync 1 DAGs
[2026-04-25T09:26:08.756+0000] {logging_mixin.py:188} INFO - [2026-04-25T09:26:08.755+0000] {dag.py:3954} INFO - Setting next_dagrun for example_setup_teardown_taskflow to 2026-04-24 00:00:00+00:00, run_after=2026-04-25 00:00:00+00:00
[2026-04-25T09:26:08.774+0000] {processor.py:183} INFO - Processing /usr/local/python/3.12.1/lib/python3.12/site-packages/airflow/example_dags/example_setup_teardown_taskflow.py took 0.060 seconds
[2026-04-25T09:26:50.032+0000] {processor.py:161} INFO - Started process (PID=20718) to work on /usr/local/python/3.12.1/lib/python3.12/site-packages/airflow/example_dags/example_setup_teardown_taskflow.py
[2026-04-25T09:26:50.032+0000] {processor.py:830} INFO - Processing file /usr/local/python/3.12.1/lib/python3.12/site-packages/airflow/example_dags/example_setup_teardown_taskflow.py for tasks to queue
[2026-04-25T09:26:50.033+0000] {logging_mixin.py:188} INFO - [2026-04-25T09:26:50.033+0000] {dagbag.py:540} INFO - Filling up the DagBag from /usr/local/python/3.12.1/lib/python3.12/site-packages/airflow/example_dags/example_setup_teardown_taskflow.py
[2026-04-25T09:26:50.040+0000] {processor.py:840} INFO - DAG(s) 'example_setup_teardown_taskflow' retrieved from /usr/local/python/3.12.1/lib/python3.12/site-packages/airflow/example_dags/example_setup_teardown_taskflow.py
[2026-04-25T09:26:50.053+0000] {logging_mixin.py:188} INFO - [2026-04-25T09:26:50.053+0000] {dag.py:3096} INFO - Sync 1 DAGs
[2026-04-25T09:26:50.068+0000] {logging_mixin.py:188} INFO - [2026-04-25T09:26:50.068+0000] {dag.py:3954} INFO - Setting next_dagrun for example_setup_teardown_taskflow to 2026-04-24 00:00:00+00:00, run_after=2026-04-25 00:00:00+00:00
[2026-04-25T09:26:50.084+0000] {processor.py:183} INFO - Processing /usr/local/python/3.12.1/lib/python3.12/site-packages/airflow/example_dags/example_setup_teardown_taskflow.py took 0.056 seconds
[2026-04-25T09:27:50.604+0000] {processor.py:161} INFO - Started process (PID=21183) to work on /usr/local/python/3.12.1/lib/python3.12/site-packages/airflow/example_dags/example_setup_teardown_taskflow.py
[2026-04-25T09:27:50.605+0000] {processor.py:830} INFO - Processing file /usr/local/python/3.12.1/lib/python3.12/site-packages/airflow/example_dags/example_setup_teardown_taskflow.py for tasks to queue
[2026-04-25T09:27:50.606+0000] {logging_mixin.py:188} INFO - [2026-04-25T09:27:50.605+0000] {dagbag.py:540} INFO - Filling up the DagBag from /usr/local/python/3.12.1/lib/python3.12/site-packages/airflow/example_dags/example_setup_teardown_taskflow.py
[2026-04-25T09:27:50.613+0000] {processor.py:840} INFO - DAG(s) 'example_setup_teardown_taskflow' retrieved from /usr/local/python/3.12.1/lib/python3.12/site-packages/airflow/example_dags/example_setup_teardown_taskflow.py
[2026-04-25T09:27:50.627+0000] {logging_mixin.py:188} INFO - [2026-04-25T09:27:50.626+0000] {dag.py:3096} INFO - Sync 1 DAGs
[2026-04-25T09:27:50.641+0000] {logging_mixin.py:188} INFO - [2026-04-25T09:27:50.641+0000] {dag.py:3954} INFO - Setting next_dagrun for example_setup_teardown_taskflow to 2026-04-24 00:00:00+00:00, run_after=2026-04-25 00:00:00+00:00
[2026-04-25T09:27:50.658+0000] {processor.py:183} INFO - Processing /usr/local/python/3.12.1/lib/python3.12/site-packages/airflow/example_dags/example_setup_teardown_taskflow.py took 0.058 seconds
[2026-04-25T09:28:34.468+0000] {processor.py:161} INFO - Started process (PID=21513) to work on /usr/local/python/3.12.1/lib/python3.12/site-packages/airflow/example_dags/example_setup_teardown_taskflow.py
[2026-04-25T09:28:34.469+0000] {processor.py:830} INFO - Processing file /usr/local/python/3.12.1/lib/python3.12/site-packages/airflow/example_dags/example_setup_teardown_taskflow.py for tasks to queue
[2026-04-25T09:28:34.470+0000] {logging_mixin.py:188} INFO - [2026-04-25T09:28:34.470+0000] {dagbag.py:540} INFO - Filling up the DagBag from /usr/local/python/3.12.1/lib/python3.12/site-packages/airflow/example_dags/example_setup_teardown_taskflow.py
[2026-04-25T09:28:34.477+0000] {processor.py:840} INFO - DAG(s) 'example_setup_teardown_taskflow' retrieved from /usr/local/python/3.12.1/lib/python3.12/site-packages/airflow/example_dags/example_setup_teardown_taskflow.py
[2026-04-25T09:28:34.490+0000] {logging_mixin.py:188} INFO - [2026-04-25T09:28:34.490+0000] {dag.py:3096} INFO - Sync 1 DAGs
[2026-04-25T09:28:34.504+0000] {logging_mixin.py:188} INFO - [2026-04-25T09:28:34.504+0000] {dag.py:3954} INFO - Setting next_dagrun for example_setup_teardown_taskflow to 2026-04-24 00:00:00+00:00, run_after=2026-04-25 00:00:00+00:00
[2026-04-25T09:28:34.526+0000] {processor.py:183} INFO - Processing /usr/local/python/3.12.1/lib/python3.12/site-packages/airflow/example_dags/example_setup_teardown_taskflow.py took 0.061 seconds
[2026-04-25T09:29:15.583+0000] {processor.py:161} INFO - Started process (PID=21837) to work on /usr/local/python/3.12.1/lib/python3.12/site-packages/airflow/example_dags/example_setup_teardown_taskflow.py
[2026-04-25T09:29:15.584+0000] {processor.py:830} INFO - Processing file /usr/local/python/3.12.1/lib/python3.12/site-packages/airflow/example_dags/example_setup_teardown_taskflow.py for tasks to queue
[2026-04-25T09:29:15.585+0000] {logging_mixin.py:188} INFO - [2026-04-25T09:29:15.584+0000] {dagbag.py:540} INFO - Filling up the DagBag from /usr/local/python/3.12.1/lib/python3.12/site-packages/airflow/example_dags/example_setup_teardown_taskflow.py
[2026-04-25T09:29:15.595+0000] {processor.py:840} INFO - DAG(s) 'example_setup_teardown_taskflow' retrieved from /usr/local/python/3.12.1/lib/python3.12/site-packages/airflow/example_dags/example_setup_teardown_taskflow.py
[2026-04-25T09:29:15.615+0000] {logging_mixin.py:188} INFO - [2026-04-25T09:29:15.615+0000] {dag.py:3096} INFO - Sync 1 DAGs
[2026-04-25T09:29:15.636+0000] {logging_mixin.py:188} INFO - [2026-04-25T09:29:15.636+0000] {dag.py:3954} INFO - Setting next_dagrun for example_setup_teardown_taskflow to 2026-04-24 00:00:00+00:00, run_after=2026-04-25 00:00:00+00:00
[2026-04-25T09:29:15.652+0000] {processor.py:183} INFO - Processing /usr/local/python/3.12.1/lib/python3.12/site-packages/airflow/example_dags/example_setup_teardown_taskflow.py took 0.076 seconds
[2026-04-25T09:30:12.298+0000] {processor.py:161} INFO - Started process (PID=22274) to work on /usr/local/python/3.12.1/lib/python3.12/site-packages/airflow/example_dags/example_setup_teardown_taskflow.py
[2026-04-25T09:30:12.298+0000] {processor.py:830} INFO - Processing file /usr/local/python/3.12.1/lib/python3.12/site-packages/airflow/example_dags/example_setup_teardown_taskflow.py for tasks to queue
[2026-04-25T09:30:12.299+0000] {logging_mixin.py:188} INFO - [2026-04-25T09:30:12.299+0000] {dagbag.py:540} INFO - Filling up the DagBag from /usr/local/python/3.12.1/lib/python3.12/site-packages/airflow/example_dags/example_setup_teardown_taskflow.py
[2026-04-25T09:30:12.306+0000] {processor.py:840} INFO - DAG(s) 'example_setup_teardown_taskflow' retrieved from /usr/local/python/3.12.1/lib/python3.12/site-packages/airflow/example_dags/example_setup_teardown_taskflow.py
[2026-04-25T09:30:12.323+0000] {logging_mixin.py:188} INFO - [2026-04-25T09:30:12.323+0000] {dag.py:3096} INFO - Sync 1 DAGs
[2026-04-25T09:30:12.355+0000] {logging_mixin.py:188} INFO - [2026-04-25T09:30:12.355+0000] {dag.py:3954} INFO - Setting next_dagrun for example_setup_teardown_taskflow to 2026-04-24 00:00:00+00:00, run_after=2026-04-25 00:00:00+00:00
[2026-04-25T09:30:12.380+0000] {processor.py:183} INFO - Processing /usr/local/python/3.12.1/lib/python3.12/site-packages/airflow/example_dags/example_setup_teardown_taskflow.py took 0.086 seconds
[2026-04-25T09:30:54.082+0000] {processor.py:161} INFO - Started process (PID=22596) to work on /usr/local/python/3.12.1/lib/python3.12/site-packages/airflow/example_dags/example_setup_teardown_taskflow.py
[2026-04-25T09:30:54.082+0000] {processor.py:830} INFO - Processing file /usr/local/python/3.12.1/lib/python3.12/site-packages/airflow/example_dags/example_setup_teardown_taskflow.py for tasks to queue
[2026-04-25T09:30:54.083+0000] {logging_mixin.py:188} INFO - [2026-04-25T09:30:54.083+0000] {dagbag.py:540} INFO - Filling up the DagBag from /usr/local/python/3.12.1/lib/python3.12/site-packages/airflow/example_dags/example_setup_teardown_taskflow.py
[2026-04-25T09:30:54.090+0000] {processor.py:840} INFO - DAG(s) 'example_setup_teardown_taskflow' retrieved from /usr/local/python/3.12.1/lib/python3.12/site-packages/airflow/example_dags/example_setup_teardown_taskflow.py
[2026-04-25T09:30:54.108+0000] {logging_mixin.py:188} INFO - [2026-04-25T09:30:54.107+0000] {dag.py:3096} INFO - Sync 1 DAGs
[2026-04-25T09:30:54.138+0000] {logging_mixin.py:188} INFO - [2026-04-25T09:30:54.137+0000] {dag.py:3954} INFO - Setting next_dagrun for example_setup_teardown_taskflow to 2026-04-24 00:00:00+00:00, run_after=2026-04-25 00:00:00+00:00
[2026-04-25T09:30:54.353+0000] {processor.py:183} INFO - Processing /usr/local/python/3.12.1/lib/python3.12/site-packages/airflow/example_dags/example_setup_teardown_taskflow.py took 0.275 seconds
[2026-04-25T09:31:39.143+0000] {processor.py:161} INFO - Started process (PID=22937) to work on /usr/local/python/3.12.1/lib/python3.12/site-packages/airflow/example_dags/example_setup_teardown_taskflow.py
[2026-04-25T09:31:39.144+0000] {processor.py:830} INFO - Processing file /usr/local/python/3.12.1/lib/python3.12/site-packages/airflow/example_dags/example_setup_teardown_taskflow.py for tasks to queue
[2026-04-25T09:31:39.145+0000] {logging_mixin.py:188} INFO - [2026-04-25T09:31:39.144+0000] {dagbag.py:540} INFO - Filling up the DagBag from /usr/local/python/3.12.1/lib/python3.12/site-packages/airflow/example_dags/example_setup_teardown_taskflow.py
[2026-04-25T09:31:39.152+0000] {processor.py:840} INFO - DAG(s) 'example_setup_teardown_taskflow' retrieved from /usr/local/python/3.12.1/lib/python3.12/site-packages/airflow/example_dags/example_setup_teardown_taskflow.py
[2026-04-25T09:31:39.164+0000] {logging_mixin.py:188} INFO - [2026-04-25T09:31:39.164+0000] {dag.py:3096} INFO - Sync 1 DAGs
[2026-04-25T09:31:39.178+0000] {logging_mixin.py:188} INFO - [2026-04-25T09:31:39.178+0000] {dag.py:3954} INFO - Setting next_dagrun for example_setup_teardown_taskflow to 2026-04-24 00:00:00+00:00, run_after=2026-04-25 00:00:00+00:00
[2026-04-25T09:31:39.194+0000] {processor.py:183} INFO - Processing /usr/local/python/3.12.1/lib/python3.12/site-packages/airflow/example_dags/example_setup_teardown_taskflow.py took 0.054 seconds
[2026-04-25T09:32:23.234+0000] {processor.py:161} INFO - Started process (PID=23281) to work on /usr/local/python/3.12.1/lib/python3.12/site-packages/airflow/example_dags/example_setup_teardown_taskflow.py
[2026-04-25T09:32:23.235+0000] {processor.py:830} INFO - Processing file /usr/local/python/3.12.1/lib/python3.12/site-packages/airflow/example_dags/example_setup_teardown_taskflow.py for tasks to queue
[2026-04-25T09:32:23.236+0000] {logging_mixin.py:188} INFO - [2026-04-25T09:32:23.236+0000] {dagbag.py:540} INFO - Filling up the DagBag from /usr/local/python/3.12.1/lib/python3.12/site-packages/airflow/example_dags/example_setup_teardown_taskflow.py
[2026-04-25T09:32:23.248+0000] {processor.py:840} INFO - DAG(s) 'example_setup_teardown_taskflow' retrieved from /usr/local/python/3.12.1/lib/python3.12/site-packages/airflow/example_dags/example_setup_teardown_taskflow.py
[2026-04-25T09:32:23.276+0000] {logging_mixin.py:188} INFO - [2026-04-25T09:32:23.275+0000] {dag.py:3096} INFO - Sync 1 DAGs
[2026-04-25T09:32:23.290+0000] {logging_mixin.py:188} INFO - [2026-04-25T09:32:23.290+0000] {dag.py:3954} INFO - Setting next_dagrun for example_setup_teardown_taskflow to 2026-04-24 00:00:00+00:00, run_after=2026-04-25 00:00:00+00:00
[2026-04-25T09:32:23.307+0000] {processor.py:183} INFO - Processing /usr/local/python/3.12.1/lib/python3.12/site-packages/airflow/example_dags/example_setup_teardown_taskflow.py took 0.081 seconds
[2026-04-25T09:33:08.630+0000] {processor.py:161} INFO - Started process (PID=23617) to work on /usr/local/python/3.12.1/lib/python3.12/site-packages/airflow/example_dags/example_setup_teardown_taskflow.py
[2026-04-25T09:33:08.631+0000] {processor.py:830} INFO - Processing file /usr/local/python/3.12.1/lib/python3.12/site-packages/airflow/example_dags/example_setup_teardown_taskflow.py for tasks to queue
[2026-04-25T09:33:08.632+0000] {logging_mixin.py:188} INFO - [2026-04-25T09:33:08.631+0000] {dagbag.py:540} INFO - Filling up the DagBag from /usr/local/python/3.12.1/lib/python3.12/site-packages/airflow/example_dags/example_setup_teardown_taskflow.py
[2026-04-25T09:33:08.639+0000] {processor.py:840} INFO - DAG(s) 'example_setup_teardown_taskflow' retrieved from /usr/local/python/3.12.1/lib/python3.12/site-packages/airflow/example_dags/example_setup_teardown_taskflow.py
[2026-04-25T09:33:08.658+0000] {logging_mixin.py:188} INFO - [2026-04-25T09:33:08.658+0000] {dag.py:3096} INFO - Sync 1 DAGs
[2026-04-25T09:33:08.677+0000] {logging_mixin.py:188} INFO - [2026-04-25T09:33:08.677+0000] {dag.py:3954} INFO - Setting next_dagrun for example_setup_teardown_taskflow to 2026-04-24 00:00:00+00:00, run_after=2026-04-25 00:00:00+00:00
[2026-04-25T09:33:08.912+0000] {processor.py:183} INFO - Processing /usr/local/python/3.12.1/lib/python3.12/site-packages/airflow/example_dags/example_setup_teardown_taskflow.py took 0.287 seconds
[2026-04-25T09:33:52.310+0000] {processor.py:161} INFO - Started process (PID=23956) to work on /usr/local/python/3.12.1/lib/python3.12/site-packages/airflow/example_dags/example_setup_teardown_taskflow.py
[2026-04-25T09:33:52.310+0000] {processor.py:830} INFO - Processing file /usr/local/python/3.12.1/lib/python3.12/site-packages/airflow/example_dags/example_setup_teardown_taskflow.py for tasks to queue
[2026-04-25T09:33:52.311+0000] {logging_mixin.py:188} INFO - [2026-04-25T09:33:52.311+0000] {dagbag.py:540} INFO - Filling up the DagBag from /usr/local/python/3.12.1/lib/python3.12/site-packages/airflow/example_dags/example_setup_teardown_taskflow.py
[2026-04-25T09:33:52.318+0000] {processor.py:840} INFO - DAG(s) 'example_setup_teardown_taskflow' retrieved from /usr/local/python/3.12.1/lib/python3.12/site-packages/airflow/example_dags/example_setup_teardown_taskflow.py
[2026-04-25T09:33:52.332+0000] {logging_mixin.py:188} INFO - [2026-04-25T09:33:52.331+0000] {dag.py:3096} INFO - Sync 1 DAGs
[2026-04-25T09:33:52.346+0000] {logging_mixin.py:188} INFO - [2026-04-25T09:33:52.346+0000] {dag.py:3954} INFO - Setting next_dagrun for example_setup_teardown_taskflow to 2026-04-24 00:00:00+00:00, run_after=2026-04-25 00:00:00+00:00
[2026-04-25T09:33:52.363+0000] {processor.py:183} INFO - Processing /usr/local/python/3.12.1/lib/python3.12/site-packages/airflow/example_dags/example_setup_teardown_taskflow.py took 0.058 seconds
[2026-04-25T09:34:34.084+0000] {processor.py:161} INFO - Started process (PID=24297) to work on /usr/local/python/3.12.1/lib/python3.12/site-packages/airflow/example_dags/example_setup_teardown_taskflow.py
[2026-04-25T09:34:34.085+0000] {processor.py:830} INFO - Processing file /usr/local/python/3.12.1/lib/python3.12/site-packages/airflow/example_dags/example_setup_teardown_taskflow.py for tasks to queue
[2026-04-25T09:34:34.086+0000] {logging_mixin.py:188} INFO - [2026-04-25T09:34:34.085+0000] {dagbag.py:540} INFO - Filling up the DagBag from /usr/local/python/3.12.1/lib/python3.12/site-packages/airflow/example_dags/example_setup_teardown_taskflow.py
[2026-04-25T09:34:34.093+0000] {processor.py:840} INFO - DAG(s) 'example_setup_teardown_taskflow' retrieved from /usr/local/python/3.12.1/lib/python3.12/site-packages/airflow/example_dags/example_setup_teardown_taskflow.py
[2026-04-25T09:34:34.106+0000] {logging_mixin.py:188} INFO - [2026-04-25T09:34:34.105+0000] {dag.py:3096} INFO - Sync 1 DAGs
[2026-04-25T09:34:34.120+0000] {logging_mixin.py:188} INFO - [2026-04-25T09:34:34.120+0000] {dag.py:3954} INFO - Setting next_dagrun for example_setup_teardown_taskflow to 2026-04-24 00:00:00+00:00, run_after=2026-04-25 00:00:00+00:00
[2026-04-25T09:34:34.137+0000] {processor.py:183} INFO - Processing /usr/local/python/3.12.1/lib/python3.12/site-packages/airflow/example_dags/example_setup_teardown_taskflow.py took 0.057 seconds
[2026-04-25T09:35:31.785+0000] {processor.py:161} INFO - Started process (PID=24725) to work on /usr/local/python/3.12.1/lib/python3.12/site-packages/airflow/example_dags/example_setup_teardown_taskflow.py
[2026-04-25T09:35:31.785+0000] {processor.py:830} INFO - Processing file /usr/local/python/3.12.1/lib/python3.12/site-packages/airflow/example_dags/example_setup_teardown_taskflow.py for tasks to queue
[2026-04-25T09:35:31.786+0000] {logging_mixin.py:188} INFO - [2026-04-25T09:35:31.786+0000] {dagbag.py:540} INFO - Filling up the DagBag from /usr/local/python/3.12.1/lib/python3.12/site-packages/airflow/example_dags/example_setup_teardown_taskflow.py
[2026-04-25T09:35:31.794+0000] {processor.py:840} INFO - DAG(s) 'example_setup_teardown_taskflow' retrieved from /usr/local/python/3.12.1/lib/python3.12/site-packages/airflow/example_dags/example_setup_teardown_taskflow.py
[2026-04-25T09:35:31.808+0000] {logging_mixin.py:188} INFO - [2026-04-25T09:35:31.807+0000] {dag.py:3096} INFO - Sync 1 DAGs
[2026-04-25T09:35:31.823+0000] {logging_mixin.py:188} INFO - [2026-04-25T09:35:31.822+0000] {dag.py:3954} INFO - Setting next_dagrun for example_setup_teardown_taskflow to 2026-04-24 00:00:00+00:00, run_after=2026-04-25 00:00:00+00:00
[2026-04-25T09:35:31.839+0000] {processor.py:183} INFO - Processing /usr/local/python/3.12.1/lib/python3.12/site-packages/airflow/example_dags/example_setup_teardown_taskflow.py took 0.059 seconds
[2026-04-25T09:36:27.652+0000] {processor.py:161} INFO - Started process (PID=25172) to work on /usr/local/python/3.12.1/lib/python3.12/site-packages/airflow/example_dags/example_setup_teardown_taskflow.py
[2026-04-25T09:36:27.653+0000] {processor.py:830} INFO - Processing file /usr/local/python/3.12.1/lib/python3.12/site-packages/airflow/example_dags/example_setup_teardown_taskflow.py for tasks to queue
[2026-04-25T09:36:27.653+0000] {logging_mixin.py:188} INFO - [2026-04-25T09:36:27.653+0000] {dagbag.py:540} INFO - Filling up the DagBag from /usr/local/python/3.12.1/lib/python3.12/site-packages/airflow/example_dags/example_setup_teardown_taskflow.py
[2026-04-25T09:36:27.661+0000] {processor.py:840} INFO - DAG(s) 'example_setup_teardown_taskflow' retrieved from /usr/local/python/3.12.1/lib/python3.12/site-packages/airflow/example_dags/example_setup_teardown_taskflow.py
[2026-04-25T09:36:27.675+0000] {logging_mixin.py:188} INFO - [2026-04-25T09:36:27.674+0000] {dag.py:3096} INFO - Sync 1 DAGs
[2026-04-25T09:36:27.699+0000] {logging_mixin.py:188} INFO - [2026-04-25T09:36:27.699+0000] {dag.py:3954} INFO - Setting next_dagrun for example_setup_teardown_taskflow to 2026-04-24 00:00:00+00:00, run_after=2026-04-25 00:00:00+00:00
[2026-04-25T09:36:27.722+0000] {processor.py:183} INFO - Processing /usr/local/python/3.12.1/lib/python3.12/site-packages/airflow/example_dags/example_setup_teardown_taskflow.py took 0.074 seconds
[2026-04-25T09:37:09.911+0000] {processor.py:161} INFO - Started process (PID=25488) to work on /usr/local/python/3.12.1/lib/python3.12/site-packages/airflow/example_dags/example_setup_teardown_taskflow.py
[2026-04-25T09:37:09.912+0000] {processor.py:830} INFO - Processing file /usr/local/python/3.12.1/lib/python3.12/site-packages/airflow/example_dags/example_setup_teardown_taskflow.py for tasks to queue
[2026-04-25T09:37:09.913+0000] {logging_mixin.py:188} INFO - [2026-04-25T09:37:09.912+0000] {dagbag.py:540} INFO - Filling up the DagBag from /usr/local/python/3.12.1/lib/python3.12/site-packages/airflow/example_dags/example_setup_teardown_taskflow.py
[2026-04-25T09:37:09.920+0000] {processor.py:840} INFO - DAG(s) 'example_setup_teardown_taskflow' retrieved from /usr/local/python/3.12.1/lib/python3.12/site-packages/airflow/example_dags/example_setup_teardown_taskflow.py
[2026-04-25T09:37:09.933+0000] {logging_mixin.py:188} INFO - [2026-04-25T09:37:09.933+0000] {dag.py:3096} INFO - Sync 1 DAGs
[2026-04-25T09:37:09.948+0000] {logging_mixin.py:188} INFO - [2026-04-25T09:37:09.947+0000] {dag.py:3954} INFO - Setting next_dagrun for example_setup_teardown_taskflow to 2026-04-24 00:00:00+00:00, run_after=2026-04-25 00:00:00+00:00
[2026-04-25T09:37:09.964+0000] {processor.py:183} INFO - Processing /usr/local/python/3.12.1/lib/python3.12/site-packages/airflow/example_dags/example_setup_teardown_taskflow.py took 0.059 seconds
[2026-04-25T09:37:50.979+0000] {processor.py:161} INFO - Started process (PID=25807) to work on /usr/local/python/3.12.1/lib/python3.12/site-packages/airflow/example_dags/example_setup_teardown_taskflow.py
[2026-04-25T09:37:50.980+0000] {processor.py:830} INFO - Processing file /usr/local/python/3.12.1/lib/python3.12/site-packages/airflow/example_dags/example_setup_teardown_taskflow.py for tasks to queue
[2026-04-25T09:37:50.981+0000] {logging_mixin.py:188} INFO - [2026-04-25T09:37:50.981+0000] {dagbag.py:540} INFO - Filling up the DagBag from /usr/local/python/3.12.1/lib/python3.12/site-packages/airflow/example_dags/example_setup_teardown_taskflow.py
[2026-04-25T09:37:50.988+0000] {processor.py:840} INFO - DAG(s) 'example_setup_teardown_taskflow' retrieved from /usr/local/python/3.12.1/lib/python3.12/site-packages/airflow/example_dags/example_setup_teardown_taskflow.py
[2026-04-25T09:37:51.001+0000] {logging_mixin.py:188} INFO - [2026-04-25T09:37:51.001+0000] {dag.py:3096} INFO - Sync 1 DAGs
[2026-04-25T09:37:51.016+0000] {logging_mixin.py:188} INFO - [2026-04-25T09:37:51.016+0000] {dag.py:3954} INFO - Setting next_dagrun for example_setup_teardown_taskflow to 2026-04-24 00:00:00+00:00, run_after=2026-04-25 00:00:00+00:00
[2026-04-25T09:37:51.034+0000] {processor.py:183} INFO - Processing /usr/local/python/3.12.1/lib/python3.12/site-packages/airflow/example_dags/example_setup_teardown_taskflow.py took 0.059 seconds
[2026-04-25T09:38:32.062+0000] {processor.py:161} INFO - Started process (PID=26121) to work on /usr/local/python/3.12.1/lib/python3.12/site-packages/airflow/example_dags/example_setup_teardown_taskflow.py
[2026-04-25T09:38:32.063+0000] {processor.py:830} INFO - Processing file /usr/local/python/3.12.1/lib/python3.12/site-packages/airflow/example_dags/example_setup_teardown_taskflow.py for tasks to queue
[2026-04-25T09:38:32.063+0000] {logging_mixin.py:188} INFO - [2026-04-25T09:38:32.063+0000] {dagbag.py:540} INFO - Filling up the DagBag from /usr/local/python/3.12.1/lib/python3.12/site-packages/airflow/example_dags/example_setup_teardown_taskflow.py
[2026-04-25T09:38:32.071+0000] {processor.py:840} INFO - DAG(s) 'example_setup_teardown_taskflow' retrieved from /usr/local/python/3.12.1/lib/python3.12/site-packages/airflow/example_dags/example_setup_teardown_taskflow.py
[2026-04-25T09:38:32.084+0000] {logging_mixin.py:188} INFO - [2026-04-25T09:38:32.084+0000] {dag.py:3096} INFO - Sync 1 DAGs
[2026-04-25T09:38:32.099+0000] {logging_mixin.py:188} INFO - [2026-04-25T09:38:32.099+0000] {dag.py:3954} INFO - Setting next_dagrun for example_setup_teardown_taskflow to 2026-04-24 00:00:00+00:00, run_after=2026-04-25 00:00:00+00:00
[2026-04-25T09:38:32.116+0000] {processor.py:183} INFO - Processing /usr/local/python/3.12.1/lib/python3.12/site-packages/airflow/example_dags/example_setup_teardown_taskflow.py took 0.059 seconds
[2026-04-25T09:39:13.201+0000] {processor.py:161} INFO - Started process (PID=26440) to work on /usr/local/python/3.12.1/lib/python3.12/site-packages/airflow/example_dags/example_setup_teardown_taskflow.py
[2026-04-25T09:39:13.202+0000] {processor.py:830} INFO - Processing file /usr/local/python/3.12.1/lib/python3.12/site-packages/airflow/example_dags/example_setup_teardown_taskflow.py for tasks to queue
[2026-04-25T09:39:13.203+0000] {logging_mixin.py:188} INFO - [2026-04-25T09:39:13.202+0000] {dagbag.py:540} INFO - Filling up the DagBag from /usr/local/python/3.12.1/lib/python3.12/site-packages/airflow/example_dags/example_setup_teardown_taskflow.py
[2026-04-25T09:39:13.210+0000] {processor.py:840} INFO - DAG(s) 'example_setup_teardown_taskflow' retrieved from /usr/local/python/3.12.1/lib/python3.12/site-packages/airflow/example_dags/example_setup_teardown_taskflow.py
[2026-04-25T09:39:13.224+0000] {logging_mixin.py:188} INFO - [2026-04-25T09:39:13.223+0000] {dag.py:3096} INFO - Sync 1 DAGs
[2026-04-25T09:39:13.241+0000] {logging_mixin.py:188} INFO - [2026-04-25T09:39:13.241+0000] {dag.py:3954} INFO - Setting next_dagrun for example_setup_teardown_taskflow to 2026-04-24 00:00:00+00:00, run_after=2026-04-25 00:00:00+00:00
[2026-04-25T09:39:13.259+0000] {processor.py:183} INFO - Processing /usr/local/python/3.12.1/lib/python3.12/site-packages/airflow/example_dags/example_setup_teardown_taskflow.py took 0.063 seconds
[2026-04-25T09:40:13.150+0000] {processor.py:161} INFO - Started process (PID=26906) to work on /usr/local/python/3.12.1/lib/python3.12/site-packages/airflow/example_dags/example_setup_teardown_taskflow.py
[2026-04-25T09:40:13.151+0000] {processor.py:830} INFO - Processing file /usr/local/python/3.12.1/lib/python3.12/site-packages/airflow/example_dags/example_setup_teardown_taskflow.py for tasks to queue
[2026-04-25T09:40:13.152+0000] {logging_mixin.py:188} INFO - [2026-04-25T09:40:13.151+0000] {dagbag.py:540} INFO - Filling up the DagBag from /usr/local/python/3.12.1/lib/python3.12/site-packages/airflow/example_dags/example_setup_teardown_taskflow.py
[2026-04-25T09:40:13.159+0000] {processor.py:840} INFO - DAG(s) 'example_setup_teardown_taskflow' retrieved from /usr/local/python/3.12.1/lib/python3.12/site-packages/airflow/example_dags/example_setup_teardown_taskflow.py
[2026-04-25T09:40:13.172+0000] {logging_mixin.py:188} INFO - [2026-04-25T09:40:13.172+0000] {dag.py:3096} INFO - Sync 1 DAGs
[2026-04-25T09:40:13.190+0000] {logging_mixin.py:188} INFO - [2026-04-25T09:40:13.189+0000] {dag.py:3954} INFO - Setting next_dagrun for example_setup_teardown_taskflow to 2026-04-24 00:00:00+00:00, run_after=2026-04-25 00:00:00+00:00
[2026-04-25T09:40:13.206+0000] {processor.py:183} INFO - Processing /usr/local/python/3.12.1/lib/python3.12/site-packages/airflow/example_dags/example_setup_teardown_taskflow.py took 0.060 seconds
[2026-04-25T09:41:10.078+0000] {processor.py:161} INFO - Started process (PID=27348) to work on /usr/local/python/3.12.1/lib/python3.12/site-packages/airflow/example_dags/example_setup_teardown_taskflow.py
[2026-04-25T09:41:10.079+0000] {processor.py:830} INFO - Processing file /usr/local/python/3.12.1/lib/python3.12/site-packages/airflow/example_dags/example_setup_teardown_taskflow.py for tasks to queue
[2026-04-25T09:41:10.080+0000] {logging_mixin.py:188} INFO - [2026-04-25T09:41:10.079+0000] {dagbag.py:540} INFO - Filling up the DagBag from /usr/local/python/3.12.1/lib/python3.12/site-packages/airflow/example_dags/example_setup_teardown_taskflow.py
[2026-04-25T09:41:10.087+0000] {processor.py:840} INFO - DAG(s) 'example_setup_teardown_taskflow' retrieved from /usr/local/python/3.12.1/lib/python3.12/site-packages/airflow/example_dags/example_setup_teardown_taskflow.py
[2026-04-25T09:41:10.100+0000] {logging_mixin.py:188} INFO - [2026-04-25T09:41:10.100+0000] {dag.py:3096} INFO - Sync 1 DAGs
[2026-04-25T09:41:10.116+0000] {logging_mixin.py:188} INFO - [2026-04-25T09:41:10.116+0000] {dag.py:3954} INFO - Setting next_dagrun for example_setup_teardown_taskflow to 2026-04-24 00:00:00+00:00, run_after=2026-04-25 00:00:00+00:00
[2026-04-25T09:41:10.133+0000] {processor.py:183} INFO - Processing /usr/local/python/3.12.1/lib/python3.12/site-packages/airflow/example_dags/example_setup_teardown_taskflow.py took 0.059 seconds
[2026-04-25T09:42:07.326+0000] {processor.py:161} INFO - Started process (PID=27790) to work on /usr/local/python/3.12.1/lib/python3.12/site-packages/airflow/example_dags/example_setup_teardown_taskflow.py
[2026-04-25T09:42:07.326+0000] {processor.py:830} INFO - Processing file /usr/local/python/3.12.1/lib/python3.12/site-packages/airflow/example_dags/example_setup_teardown_taskflow.py for tasks to queue
[2026-04-25T09:42:07.327+0000] {logging_mixin.py:188} INFO - [2026-04-25T09:42:07.327+0000] {dagbag.py:540} INFO - Filling up the DagBag from /usr/local/python/3.12.1/lib/python3.12/site-packages/airflow/example_dags/example_setup_teardown_taskflow.py
[2026-04-25T09:42:07.336+0000] {processor.py:840} INFO - DAG(s) 'example_setup_teardown_taskflow' retrieved from /usr/local/python/3.12.1/lib/python3.12/site-packages/airflow/example_dags/example_setup_teardown_taskflow.py
[2026-04-25T09:42:07.356+0000] {logging_mixin.py:188} INFO - [2026-04-25T09:42:07.355+0000] {dag.py:3096} INFO - Sync 1 DAGs
[2026-04-25T09:42:07.378+0000] {logging_mixin.py:188} INFO - [2026-04-25T09:42:07.378+0000] {dag.py:3954} INFO - Setting next_dagrun for example_setup_teardown_taskflow to 2026-04-24 00:00:00+00:00, run_after=2026-04-25 00:00:00+00:00
[2026-04-25T09:42:07.406+0000] {processor.py:183} INFO - Processing /usr/local/python/3.12.1/lib/python3.12/site-packages/airflow/example_dags/example_setup_teardown_taskflow.py took 0.084 seconds
[2026-04-25T09:43:04.393+0000] {processor.py:161} INFO - Started process (PID=28239) to work on /usr/local/python/3.12.1/lib/python3.12/site-packages/airflow/example_dags/example_setup_teardown_taskflow.py
[2026-04-25T09:43:04.393+0000] {processor.py:830} INFO - Processing file /usr/local/python/3.12.1/lib/python3.12/site-packages/airflow/example_dags/example_setup_teardown_taskflow.py for tasks to queue
[2026-04-25T09:43:04.394+0000] {logging_mixin.py:188} INFO - [2026-04-25T09:43:04.394+0000] {dagbag.py:540} INFO - Filling up the DagBag from /usr/local/python/3.12.1/lib/python3.12/site-packages/airflow/example_dags/example_setup_teardown_taskflow.py
[2026-04-25T09:43:04.402+0000] {processor.py:840} INFO - DAG(s) 'example_setup_teardown_taskflow' retrieved from /usr/local/python/3.12.1/lib/python3.12/site-packages/airflow/example_dags/example_setup_teardown_taskflow.py
[2026-04-25T09:43:04.414+0000] {logging_mixin.py:188} INFO - [2026-04-25T09:43:04.414+0000] {dag.py:3096} INFO - Sync 1 DAGs
[2026-04-25T09:43:04.429+0000] {logging_mixin.py:188} INFO - [2026-04-25T09:43:04.429+0000] {dag.py:3954} INFO - Setting next_dagrun for example_setup_teardown_taskflow to 2026-04-24 00:00:00+00:00, run_after=2026-04-25 00:00:00+00:00
[2026-04-25T09:43:04.446+0000] {processor.py:183} INFO - Processing /usr/local/python/3.12.1/lib/python3.12/site-packages/airflow/example_dags/example_setup_teardown_taskflow.py took 0.058 seconds
[2026-04-25T09:43:47.196+0000] {processor.py:161} INFO - Started process (PID=28561) to work on /usr/local/python/3.12.1/lib/python3.12/site-packages/airflow/example_dags/example_setup_teardown_taskflow.py
[2026-04-25T09:43:47.197+0000] {processor.py:830} INFO - Processing file /usr/local/python/3.12.1/lib/python3.12/site-packages/airflow/example_dags/example_setup_teardown_taskflow.py for tasks to queue
[2026-04-25T09:43:47.198+0000] {logging_mixin.py:188} INFO - [2026-04-25T09:43:47.197+0000] {dagbag.py:540} INFO - Filling up the DagBag from /usr/local/python/3.12.1/lib/python3.12/site-packages/airflow/example_dags/example_setup_teardown_taskflow.py
[2026-04-25T09:43:47.205+0000] {processor.py:840} INFO - DAG(s) 'example_setup_teardown_taskflow' retrieved from /usr/local/python/3.12.1/lib/python3.12/site-packages/airflow/example_dags/example_setup_teardown_taskflow.py
[2026-04-25T09:43:47.218+0000] {logging_mixin.py:188} INFO - [2026-04-25T09:43:47.218+0000] {dag.py:3096} INFO - Sync 1 DAGs
[2026-04-25T09:43:47.234+0000] {logging_mixin.py:188} INFO - [2026-04-25T09:43:47.234+0000] {dag.py:3954} INFO - Setting next_dagrun for example_setup_teardown_taskflow to 2026-04-24 00:00:00+00:00, run_after=2026-04-25 00:00:00+00:00
[2026-04-25T09:43:47.250+0000] {processor.py:183} INFO - Processing /usr/local/python/3.12.1/lib/python3.12/site-packages/airflow/example_dags/example_setup_teardown_taskflow.py took 0.058 seconds
[2026-04-25T09:44:28.783+0000] {processor.py:161} INFO - Started process (PID=28874) to work on /usr/local/python/3.12.1/lib/python3.12/site-packages/airflow/example_dags/example_setup_teardown_taskflow.py
[2026-04-25T09:44:28.784+0000] {processor.py:830} INFO - Processing file /usr/local/python/3.12.1/lib/python3.12/site-packages/airflow/example_dags/example_setup_teardown_taskflow.py for tasks to queue
[2026-04-25T09:44:28.784+0000] {logging_mixin.py:188} INFO - [2026-04-25T09:44:28.784+0000] {dagbag.py:540} INFO - Filling up the DagBag from /usr/local/python/3.12.1/lib/python3.12/site-packages/airflow/example_dags/example_setup_teardown_taskflow.py
[2026-04-25T09:44:28.792+0000] {processor.py:840} INFO - DAG(s) 'example_setup_teardown_taskflow' retrieved from /usr/local/python/3.12.1/lib/python3.12/site-packages/airflow/example_dags/example_setup_teardown_taskflow.py
[2026-04-25T09:44:28.805+0000] {logging_mixin.py:188} INFO - [2026-04-25T09:44:28.804+0000] {dag.py:3096} INFO - Sync 1 DAGs
[2026-04-25T09:44:28.819+0000] {logging_mixin.py:188} INFO - [2026-04-25T09:44:28.819+0000] {dag.py:3954} INFO - Setting next_dagrun for example_setup_teardown_taskflow to 2026-04-24 00:00:00+00:00, run_after=2026-04-25 00:00:00+00:00
[2026-04-25T09:44:28.836+0000] {processor.py:183} INFO - Processing /usr/local/python/3.12.1/lib/python3.12/site-packages/airflow/example_dags/example_setup_teardown_taskflow.py took 0.057 seconds
[2026-04-25T09:45:25.339+0000] {processor.py:161} INFO - Started process (PID=29330) to work on /usr/local/python/3.12.1/lib/python3.12/site-packages/airflow/example_dags/example_setup_teardown_taskflow.py
[2026-04-25T09:45:25.340+0000] {processor.py:830} INFO - Processing file /usr/local/python/3.12.1/lib/python3.12/site-packages/airflow/example_dags/example_setup_teardown_taskflow.py for tasks to queue
[2026-04-25T09:45:25.341+0000] {logging_mixin.py:188} INFO - [2026-04-25T09:45:25.340+0000] {dagbag.py:540} INFO - Filling up the DagBag from /usr/local/python/3.12.1/lib/python3.12/site-packages/airflow/example_dags/example_setup_teardown_taskflow.py
[2026-04-25T09:45:25.348+0000] {processor.py:840} INFO - DAG(s) 'example_setup_teardown_taskflow' retrieved from /usr/local/python/3.12.1/lib/python3.12/site-packages/airflow/example_dags/example_setup_teardown_taskflow.py
[2026-04-25T09:45:25.361+0000] {logging_mixin.py:188} INFO - [2026-04-25T09:45:25.361+0000] {dag.py:3096} INFO - Sync 1 DAGs
[2026-04-25T09:45:25.376+0000] {logging_mixin.py:188} INFO - [2026-04-25T09:45:25.376+0000] {dag.py:3954} INFO - Setting next_dagrun for example_setup_teardown_taskflow to 2026-04-24 00:00:00+00:00, run_after=2026-04-25 00:00:00+00:00
[2026-04-25T09:45:25.392+0000] {processor.py:183} INFO - Processing /usr/local/python/3.12.1/lib/python3.12/site-packages/airflow/example_dags/example_setup_teardown_taskflow.py took 0.057 seconds
[2026-04-25T09:46:07.447+0000] {processor.py:161} INFO - Started process (PID=29646) to work on /usr/local/python/3.12.1/lib/python3.12/site-packages/airflow/example_dags/example_setup_teardown_taskflow.py
[2026-04-25T09:46:07.447+0000] {processor.py:830} INFO - Processing file /usr/local/python/3.12.1/lib/python3.12/site-packages/airflow/example_dags/example_setup_teardown_taskflow.py for tasks to queue
[2026-04-25T09:46:07.448+0000] {logging_mixin.py:188} INFO - [2026-04-25T09:46:07.448+0000] {dagbag.py:540} INFO - Filling up the DagBag from /usr/local/python/3.12.1/lib/python3.12/site-packages/airflow/example_dags/example_setup_teardown_taskflow.py
[2026-04-25T09:46:07.455+0000] {processor.py:840} INFO - DAG(s) 'example_setup_teardown_taskflow' retrieved from /usr/local/python/3.12.1/lib/python3.12/site-packages/airflow/example_dags/example_setup_teardown_taskflow.py
[2026-04-25T09:46:07.468+0000] {logging_mixin.py:188} INFO - [2026-04-25T09:46:07.468+0000] {dag.py:3096} INFO - Sync 1 DAGs
[2026-04-25T09:46:07.484+0000] {logging_mixin.py:188} INFO - [2026-04-25T09:46:07.483+0000] {dag.py:3954} INFO - Setting next_dagrun for example_setup_teardown_taskflow to 2026-04-24 00:00:00+00:00, run_after=2026-04-25 00:00:00+00:00
[2026-04-25T09:46:07.501+0000] {processor.py:183} INFO - Processing /usr/local/python/3.12.1/lib/python3.12/site-packages/airflow/example_dags/example_setup_teardown_taskflow.py took 0.059 seconds
[2026-04-25T09:46:48.725+0000] {processor.py:161} INFO - Started process (PID=29964) to work on /usr/local/python/3.12.1/lib/python3.12/site-packages/airflow/example_dags/example_setup_teardown_taskflow.py
[2026-04-25T09:46:48.725+0000] {processor.py:830} INFO - Processing file /usr/local/python/3.12.1/lib/python3.12/site-packages/airflow/example_dags/example_setup_teardown_taskflow.py for tasks to queue
[2026-04-25T09:46:48.726+0000] {logging_mixin.py:188} INFO - [2026-04-25T09:46:48.726+0000] {dagbag.py:540} INFO - Filling up the DagBag from /usr/local/python/3.12.1/lib/python3.12/site-packages/airflow/example_dags/example_setup_teardown_taskflow.py
[2026-04-25T09:46:48.734+0000] {processor.py:840} INFO - DAG(s) 'example_setup_teardown_taskflow' retrieved from /usr/local/python/3.12.1/lib/python3.12/site-packages/airflow/example_dags/example_setup_teardown_taskflow.py
[2026-04-25T09:46:48.747+0000] {logging_mixin.py:188} INFO - [2026-04-25T09:46:48.746+0000] {dag.py:3096} INFO - Sync 1 DAGs
[2026-04-25T09:46:48.765+0000] {logging_mixin.py:188} INFO - [2026-04-25T09:46:48.765+0000] {dag.py:3954} INFO - Setting next_dagrun for example_setup_teardown_taskflow to 2026-04-24 00:00:00+00:00, run_after=2026-04-25 00:00:00+00:00
[2026-04-25T09:46:48.782+0000] {processor.py:183} INFO - Processing /usr/local/python/3.12.1/lib/python3.12/site-packages/airflow/example_dags/example_setup_teardown_taskflow.py took 0.061 seconds
