[2026-04-25T09:06:28.839+0000] {processor.py:161} INFO - Started process (PID=8664) to work on /usr/local/python/3.12.1/lib/python3.12/site-packages/airflow/example_dags/example_complex.py
[2026-04-25T09:06:28.840+0000] {processor.py:830} INFO - Processing file /usr/local/python/3.12.1/lib/python3.12/site-packages/airflow/example_dags/example_complex.py for tasks to queue
[2026-04-25T09:06:28.841+0000] {logging_mixin.py:188} INFO - [2026-04-25T09:06:28.840+0000] {dagbag.py:540} INFO - Filling up the DagBag from /usr/local/python/3.12.1/lib/python3.12/site-packages/airflow/example_dags/example_complex.py
[2026-04-25T09:06:28.849+0000] {processor.py:840} INFO - DAG(s) 'example_complex' retrieved from /usr/local/python/3.12.1/lib/python3.12/site-packages/airflow/example_dags/example_complex.py
[2026-04-25T09:06:28.975+0000] {logging_mixin.py:188} INFO - [2026-04-25T09:06:28.974+0000] {override.py:1930} INFO - Created Permission View: can delete on DAG:example_complex
[2026-04-25T09:06:28.985+0000] {logging_mixin.py:188} INFO - [2026-04-25T09:06:28.985+0000] {override.py:1930} INFO - Created Permission View: can edit on DAG:example_complex
[2026-04-25T09:06:28.991+0000] {logging_mixin.py:188} INFO - [2026-04-25T09:06:28.991+0000] {override.py:1930} INFO - Created Permission View: can read on DAG:example_complex
[2026-04-25T09:06:28.992+0000] {logging_mixin.py:188} INFO - [2026-04-25T09:06:28.992+0000] {dag.py:3096} INFO - Sync 1 DAGs
[2026-04-25T09:06:29.000+0000] {logging_mixin.py:188} INFO - [2026-04-25T09:06:28.999+0000] {dag.py:3118} INFO - Creating ORM DAG for example_complex
[2026-04-25T09:06:29.000+0000] {logging_mixin.py:188} INFO - [2026-04-25T09:06:29.000+0000] {dag.py:3954} INFO - Setting next_dagrun for example_complex to None, run_after=None
[2026-04-25T09:06:29.017+0000] {processor.py:183} INFO - Processing /usr/local/python/3.12.1/lib/python3.12/site-packages/airflow/example_dags/example_complex.py took 0.181 seconds
[2026-04-25T09:07:21.745+0000] {processor.py:161} INFO - Started process (PID=9145) to work on /usr/local/python/3.12.1/lib/python3.12/site-packages/airflow/example_dags/example_complex.py
[2026-04-25T09:07:21.746+0000] {processor.py:830} INFO - Processing file /usr/local/python/3.12.1/lib/python3.12/site-packages/airflow/example_dags/example_complex.py for tasks to queue
[2026-04-25T09:07:21.746+0000] {logging_mixin.py:188} INFO - [2026-04-25T09:07:21.746+0000] {dagbag.py:540} INFO - Filling up the DagBag from /usr/local/python/3.12.1/lib/python3.12/site-packages/airflow/example_dags/example_complex.py
[2026-04-25T09:07:21.754+0000] {processor.py:840} INFO - DAG(s) 'example_complex' retrieved from /usr/local/python/3.12.1/lib/python3.12/site-packages/airflow/example_dags/example_complex.py
[2026-04-25T09:07:21.775+0000] {logging_mixin.py:188} INFO - [2026-04-25T09:07:21.775+0000] {dag.py:3096} INFO - Sync 1 DAGs
[2026-04-25T09:07:21.785+0000] {logging_mixin.py:188} INFO - [2026-04-25T09:07:21.784+0000] {dag.py:3954} INFO - Setting next_dagrun for example_complex to None, run_after=None
[2026-04-25T09:07:21.804+0000] {processor.py:183} INFO - Processing /usr/local/python/3.12.1/lib/python3.12/site-packages/airflow/example_dags/example_complex.py took 0.063 seconds
[2026-04-25T09:08:28.204+0000] {processor.py:161} INFO - Started process (PID=9815) to work on /usr/local/python/3.12.1/lib/python3.12/site-packages/airflow/example_dags/example_complex.py
[2026-04-25T09:08:28.205+0000] {processor.py:830} INFO - Processing file /usr/local/python/3.12.1/lib/python3.12/site-packages/airflow/example_dags/example_complex.py for tasks to queue
[2026-04-25T09:08:28.206+0000] {logging_mixin.py:188} INFO - [2026-04-25T09:08:28.205+0000] {dagbag.py:540} INFO - Filling up the DagBag from /usr/local/python/3.12.1/lib/python3.12/site-packages/airflow/example_dags/example_complex.py
[2026-04-25T09:08:28.213+0000] {processor.py:840} INFO - DAG(s) 'example_complex' retrieved from /usr/local/python/3.12.1/lib/python3.12/site-packages/airflow/example_dags/example_complex.py
[2026-04-25T09:08:28.235+0000] {logging_mixin.py:188} INFO - [2026-04-25T09:08:28.234+0000] {dag.py:3096} INFO - Sync 1 DAGs
[2026-04-25T09:08:28.244+0000] {logging_mixin.py:188} INFO - [2026-04-25T09:08:28.244+0000] {dag.py:3954} INFO - Setting next_dagrun for example_complex to None, run_after=None
[2026-04-25T09:08:28.261+0000] {processor.py:183} INFO - Processing /usr/local/python/3.12.1/lib/python3.12/site-packages/airflow/example_dags/example_complex.py took 0.061 seconds
[2026-04-25T09:09:29.996+0000] {processor.py:161} INFO - Started process (PID=10654) to work on /usr/local/python/3.12.1/lib/python3.12/site-packages/airflow/example_dags/example_complex.py
[2026-04-25T09:09:29.997+0000] {processor.py:830} INFO - Processing file /usr/local/python/3.12.1/lib/python3.12/site-packages/airflow/example_dags/example_complex.py for tasks to queue
[2026-04-25T09:09:30.000+0000] {logging_mixin.py:188} INFO - [2026-04-25T09:09:29.999+0000] {dagbag.py:540} INFO - Filling up the DagBag from /usr/local/python/3.12.1/lib/python3.12/site-packages/airflow/example_dags/example_complex.py
[2026-04-25T09:09:30.012+0000] {processor.py:840} INFO - DAG(s) 'example_complex' retrieved from /usr/local/python/3.12.1/lib/python3.12/site-packages/airflow/example_dags/example_complex.py
[2026-04-25T09:09:30.046+0000] {logging_mixin.py:188} INFO - [2026-04-25T09:09:30.046+0000] {dag.py:3096} INFO - Sync 1 DAGs
[2026-04-25T09:09:30.060+0000] {logging_mixin.py:188} INFO - [2026-04-25T09:09:30.060+0000] {dag.py:3954} INFO - Setting next_dagrun for example_complex to None, run_after=None
[2026-04-25T09:09:30.078+0000] {processor.py:183} INFO - Processing /usr/local/python/3.12.1/lib/python3.12/site-packages/airflow/example_dags/example_complex.py took 0.088 seconds
[2026-04-25T09:10:31.393+0000] {processor.py:161} INFO - Started process (PID=11239) to work on /usr/local/python/3.12.1/lib/python3.12/site-packages/airflow/example_dags/example_complex.py
[2026-04-25T09:10:31.394+0000] {processor.py:830} INFO - Processing file /usr/local/python/3.12.1/lib/python3.12/site-packages/airflow/example_dags/example_complex.py for tasks to queue
[2026-04-25T09:10:31.394+0000] {logging_mixin.py:188} INFO - [2026-04-25T09:10:31.394+0000] {dagbag.py:540} INFO - Filling up the DagBag from /usr/local/python/3.12.1/lib/python3.12/site-packages/airflow/example_dags/example_complex.py
[2026-04-25T09:10:31.402+0000] {processor.py:840} INFO - DAG(s) 'example_complex' retrieved from /usr/local/python/3.12.1/lib/python3.12/site-packages/airflow/example_dags/example_complex.py
[2026-04-25T09:10:31.424+0000] {logging_mixin.py:188} INFO - [2026-04-25T09:10:31.424+0000] {dag.py:3096} INFO - Sync 1 DAGs
[2026-04-25T09:10:31.433+0000] {logging_mixin.py:188} INFO - [2026-04-25T09:10:31.433+0000] {dag.py:3954} INFO - Setting next_dagrun for example_complex to None, run_after=None
[2026-04-25T09:10:31.449+0000] {processor.py:183} INFO - Processing /usr/local/python/3.12.1/lib/python3.12/site-packages/airflow/example_dags/example_complex.py took 0.061 seconds
[2026-04-25T09:11:36.892+0000] {processor.py:161} INFO - Started process (PID=12537) to work on /usr/local/python/3.12.1/lib/python3.12/site-packages/airflow/example_dags/example_complex.py
[2026-04-25T09:11:36.893+0000] {processor.py:830} INFO - Processing file /usr/local/python/3.12.1/lib/python3.12/site-packages/airflow/example_dags/example_complex.py for tasks to queue
[2026-04-25T09:11:36.894+0000] {logging_mixin.py:188} INFO - [2026-04-25T09:11:36.893+0000] {dagbag.py:540} INFO - Filling up the DagBag from /usr/local/python/3.12.1/lib/python3.12/site-packages/airflow/example_dags/example_complex.py
[2026-04-25T09:11:36.909+0000] {processor.py:840} INFO - DAG(s) 'example_complex' retrieved from /usr/local/python/3.12.1/lib/python3.12/site-packages/airflow/example_dags/example_complex.py
[2026-04-25T09:11:36.917+0000] {logging_mixin.py:188} INFO - [2026-04-25T09:11:36.917+0000] {dag.py:3096} INFO - Sync 1 DAGs
[2026-04-25T09:11:36.933+0000] {logging_mixin.py:188} INFO - [2026-04-25T09:11:36.933+0000] {dag.py:3954} INFO - Setting next_dagrun for example_complex to None, run_after=None
[2026-04-25T09:11:36.958+0000] {processor.py:183} INFO - Processing /usr/local/python/3.12.1/lib/python3.12/site-packages/airflow/example_dags/example_complex.py took 0.072 seconds
[2026-04-25T09:12:10.936+0000] {processor.py:161} INFO - Started process (PID=12861) to work on /usr/local/python/3.12.1/lib/python3.12/site-packages/airflow/example_dags/example_complex.py
[2026-04-25T09:12:10.937+0000] {processor.py:830} INFO - Processing file /usr/local/python/3.12.1/lib/python3.12/site-packages/airflow/example_dags/example_complex.py for tasks to queue
[2026-04-25T09:12:10.937+0000] {logging_mixin.py:188} INFO - [2026-04-25T09:12:10.937+0000] {dagbag.py:540} INFO - Filling up the DagBag from /usr/local/python/3.12.1/lib/python3.12/site-packages/airflow/example_dags/example_complex.py
[2026-04-25T09:12:10.945+0000] {processor.py:840} INFO - DAG(s) 'example_complex' retrieved from /usr/local/python/3.12.1/lib/python3.12/site-packages/airflow/example_dags/example_complex.py
[2026-04-25T09:12:11.035+0000] {logging_mixin.py:188} INFO - [2026-04-25T09:12:11.034+0000] {dag.py:3096} INFO - Sync 1 DAGs
[2026-04-25T09:12:11.042+0000] {logging_mixin.py:188} INFO - [2026-04-25T09:12:11.042+0000] {dag.py:3954} INFO - Setting next_dagrun for example_complex to None, run_after=None
[2026-04-25T09:12:11.061+0000] {processor.py:183} INFO - Processing /usr/local/python/3.12.1/lib/python3.12/site-packages/airflow/example_dags/example_complex.py took 0.129 seconds
[2026-04-25T09:12:44.442+0000] {processor.py:161} INFO - Started process (PID=13346) to work on /usr/local/python/3.12.1/lib/python3.12/site-packages/airflow/example_dags/example_complex.py
[2026-04-25T09:12:44.443+0000] {processor.py:830} INFO - Processing file /usr/local/python/3.12.1/lib/python3.12/site-packages/airflow/example_dags/example_complex.py for tasks to queue
[2026-04-25T09:12:44.443+0000] {logging_mixin.py:188} INFO - [2026-04-25T09:12:44.443+0000] {dagbag.py:540} INFO - Filling up the DagBag from /usr/local/python/3.12.1/lib/python3.12/site-packages/airflow/example_dags/example_complex.py
[2026-04-25T09:12:44.451+0000] {processor.py:840} INFO - DAG(s) 'example_complex' retrieved from /usr/local/python/3.12.1/lib/python3.12/site-packages/airflow/example_dags/example_complex.py
[2026-04-25T09:12:44.474+0000] {logging_mixin.py:188} INFO - [2026-04-25T09:12:44.473+0000] {dag.py:3096} INFO - Sync 1 DAGs
[2026-04-25T09:12:44.486+0000] {logging_mixin.py:188} INFO - [2026-04-25T09:12:44.486+0000] {dag.py:3954} INFO - Setting next_dagrun for example_complex to None, run_after=None
[2026-04-25T09:12:44.538+0000] {processor.py:183} INFO - Processing /usr/local/python/3.12.1/lib/python3.12/site-packages/airflow/example_dags/example_complex.py took 0.100 seconds
[2026-04-25T09:13:12.748+0000] {processor.py:161} INFO - Started process (PID=13623) to work on /usr/local/python/3.12.1/lib/python3.12/site-packages/airflow/example_dags/example_complex.py
[2026-04-25T09:13:12.749+0000] {processor.py:830} INFO - Processing file /usr/local/python/3.12.1/lib/python3.12/site-packages/airflow/example_dags/example_complex.py for tasks to queue
[2026-04-25T09:13:12.749+0000] {logging_mixin.py:188} INFO - [2026-04-25T09:13:12.749+0000] {dagbag.py:540} INFO - Filling up the DagBag from /usr/local/python/3.12.1/lib/python3.12/site-packages/airflow/example_dags/example_complex.py
[2026-04-25T09:13:12.759+0000] {processor.py:840} INFO - DAG(s) 'example_complex' retrieved from /usr/local/python/3.12.1/lib/python3.12/site-packages/airflow/example_dags/example_complex.py
[2026-04-25T09:13:12.780+0000] {logging_mixin.py:188} INFO - [2026-04-25T09:13:12.780+0000] {dag.py:3096} INFO - Sync 1 DAGs
[2026-04-25T09:13:12.790+0000] {logging_mixin.py:188} INFO - [2026-04-25T09:13:12.789+0000] {dag.py:3954} INFO - Setting next_dagrun for example_complex to None, run_after=None
[2026-04-25T09:13:12.807+0000] {processor.py:183} INFO - Processing /usr/local/python/3.12.1/lib/python3.12/site-packages/airflow/example_dags/example_complex.py took 0.063 seconds
[2026-04-25T09:14:24.398+0000] {processor.py:161} INFO - Started process (PID=14660) to work on /usr/local/python/3.12.1/lib/python3.12/site-packages/airflow/example_dags/example_complex.py
[2026-04-25T09:14:24.399+0000] {processor.py:830} INFO - Processing file /usr/local/python/3.12.1/lib/python3.12/site-packages/airflow/example_dags/example_complex.py for tasks to queue
[2026-04-25T09:14:24.400+0000] {logging_mixin.py:188} INFO - [2026-04-25T09:14:24.399+0000] {dagbag.py:540} INFO - Filling up the DagBag from /usr/local/python/3.12.1/lib/python3.12/site-packages/airflow/example_dags/example_complex.py
[2026-04-25T09:14:24.407+0000] {processor.py:840} INFO - DAG(s) 'example_complex' retrieved from /usr/local/python/3.12.1/lib/python3.12/site-packages/airflow/example_dags/example_complex.py
[2026-04-25T09:14:24.428+0000] {logging_mixin.py:188} INFO - [2026-04-25T09:14:24.428+0000] {dag.py:3096} INFO - Sync 1 DAGs
[2026-04-25T09:14:24.438+0000] {logging_mixin.py:188} INFO - [2026-04-25T09:14:24.438+0000] {dag.py:3954} INFO - Setting next_dagrun for example_complex to None, run_after=None
[2026-04-25T09:14:24.455+0000] {processor.py:183} INFO - Processing /usr/local/python/3.12.1/lib/python3.12/site-packages/airflow/example_dags/example_complex.py took 0.061 seconds
[2026-04-25T09:15:22.076+0000] {processor.py:161} INFO - Started process (PID=15091) to work on /usr/local/python/3.12.1/lib/python3.12/site-packages/airflow/example_dags/example_complex.py
[2026-04-25T09:15:22.076+0000] {processor.py:830} INFO - Processing file /usr/local/python/3.12.1/lib/python3.12/site-packages/airflow/example_dags/example_complex.py for tasks to queue
[2026-04-25T09:15:22.077+0000] {logging_mixin.py:188} INFO - [2026-04-25T09:15:22.077+0000] {dagbag.py:540} INFO - Filling up the DagBag from /usr/local/python/3.12.1/lib/python3.12/site-packages/airflow/example_dags/example_complex.py
[2026-04-25T09:15:22.085+0000] {processor.py:840} INFO - DAG(s) 'example_complex' retrieved from /usr/local/python/3.12.1/lib/python3.12/site-packages/airflow/example_dags/example_complex.py
[2026-04-25T09:15:22.106+0000] {logging_mixin.py:188} INFO - [2026-04-25T09:15:22.105+0000] {dag.py:3096} INFO - Sync 1 DAGs
[2026-04-25T09:15:22.115+0000] {logging_mixin.py:188} INFO - [2026-04-25T09:15:22.115+0000] {dag.py:3954} INFO - Setting next_dagrun for example_complex to None, run_after=None
[2026-04-25T09:15:22.131+0000] {processor.py:183} INFO - Processing /usr/local/python/3.12.1/lib/python3.12/site-packages/airflow/example_dags/example_complex.py took 0.060 seconds
[2026-04-25T09:16:17.356+0000] {processor.py:161} INFO - Started process (PID=15729) to work on /usr/local/python/3.12.1/lib/python3.12/site-packages/airflow/example_dags/example_complex.py
[2026-04-25T09:16:17.357+0000] {processor.py:830} INFO - Processing file /usr/local/python/3.12.1/lib/python3.12/site-packages/airflow/example_dags/example_complex.py for tasks to queue
[2026-04-25T09:16:17.358+0000] {logging_mixin.py:188} INFO - [2026-04-25T09:16:17.358+0000] {dagbag.py:540} INFO - Filling up the DagBag from /usr/local/python/3.12.1/lib/python3.12/site-packages/airflow/example_dags/example_complex.py
[2026-04-25T09:16:17.365+0000] {processor.py:840} INFO - DAG(s) 'example_complex' retrieved from /usr/local/python/3.12.1/lib/python3.12/site-packages/airflow/example_dags/example_complex.py
[2026-04-25T09:16:17.386+0000] {logging_mixin.py:188} INFO - [2026-04-25T09:16:17.385+0000] {dag.py:3096} INFO - Sync 1 DAGs
[2026-04-25T09:16:17.395+0000] {logging_mixin.py:188} INFO - [2026-04-25T09:16:17.395+0000] {dag.py:3954} INFO - Setting next_dagrun for example_complex to None, run_after=None
[2026-04-25T09:16:17.413+0000] {processor.py:183} INFO - Processing /usr/local/python/3.12.1/lib/python3.12/site-packages/airflow/example_dags/example_complex.py took 0.061 seconds
[2026-04-25T09:17:23.878+0000] {processor.py:161} INFO - Started process (PID=16328) to work on /usr/local/python/3.12.1/lib/python3.12/site-packages/airflow/example_dags/example_complex.py
[2026-04-25T09:17:23.878+0000] {processor.py:830} INFO - Processing file /usr/local/python/3.12.1/lib/python3.12/site-packages/airflow/example_dags/example_complex.py for tasks to queue
[2026-04-25T09:17:23.879+0000] {logging_mixin.py:188} INFO - [2026-04-25T09:17:23.879+0000] {dagbag.py:540} INFO - Filling up the DagBag from /usr/local/python/3.12.1/lib/python3.12/site-packages/airflow/example_dags/example_complex.py
[2026-04-25T09:17:23.887+0000] {processor.py:840} INFO - DAG(s) 'example_complex' retrieved from /usr/local/python/3.12.1/lib/python3.12/site-packages/airflow/example_dags/example_complex.py
[2026-04-25T09:17:23.892+0000] {logging_mixin.py:188} INFO - [2026-04-25T09:17:23.892+0000] {dag.py:3096} INFO - Sync 1 DAGs
[2026-04-25T09:17:23.902+0000] {logging_mixin.py:188} INFO - [2026-04-25T09:17:23.902+0000] {dag.py:3954} INFO - Setting next_dagrun for example_complex to None, run_after=None
[2026-04-25T09:17:23.919+0000] {processor.py:183} INFO - Processing /usr/local/python/3.12.1/lib/python3.12/site-packages/airflow/example_dags/example_complex.py took 0.045 seconds
[2026-04-25T09:18:16.669+0000] {processor.py:161} INFO - Started process (PID=16744) to work on /usr/local/python/3.12.1/lib/python3.12/site-packages/airflow/example_dags/example_complex.py
[2026-04-25T09:18:16.671+0000] {processor.py:830} INFO - Processing file /usr/local/python/3.12.1/lib/python3.12/site-packages/airflow/example_dags/example_complex.py for tasks to queue
[2026-04-25T09:18:16.672+0000] {logging_mixin.py:188} INFO - [2026-04-25T09:18:16.671+0000] {dagbag.py:540} INFO - Filling up the DagBag from /usr/local/python/3.12.1/lib/python3.12/site-packages/airflow/example_dags/example_complex.py
[2026-04-25T09:18:16.680+0000] {processor.py:840} INFO - DAG(s) 'example_complex' retrieved from /usr/local/python/3.12.1/lib/python3.12/site-packages/airflow/example_dags/example_complex.py
[2026-04-25T09:18:16.769+0000] {logging_mixin.py:188} INFO - [2026-04-25T09:18:16.768+0000] {dag.py:3096} INFO - Sync 1 DAGs
[2026-04-25T09:18:16.776+0000] {logging_mixin.py:188} INFO - [2026-04-25T09:18:16.776+0000] {dag.py:3954} INFO - Setting next_dagrun for example_complex to None, run_after=None
[2026-04-25T09:18:16.796+0000] {processor.py:183} INFO - Processing /usr/local/python/3.12.1/lib/python3.12/site-packages/airflow/example_dags/example_complex.py took 0.140 seconds
[2026-04-25T09:19:14.451+0000] {processor.py:161} INFO - Started process (PID=17188) to work on /usr/local/python/3.12.1/lib/python3.12/site-packages/airflow/example_dags/example_complex.py
[2026-04-25T09:19:14.452+0000] {processor.py:830} INFO - Processing file /usr/local/python/3.12.1/lib/python3.12/site-packages/airflow/example_dags/example_complex.py for tasks to queue
[2026-04-25T09:19:14.453+0000] {logging_mixin.py:188} INFO - [2026-04-25T09:19:14.452+0000] {dagbag.py:540} INFO - Filling up the DagBag from /usr/local/python/3.12.1/lib/python3.12/site-packages/airflow/example_dags/example_complex.py
[2026-04-25T09:19:14.460+0000] {processor.py:840} INFO - DAG(s) 'example_complex' retrieved from /usr/local/python/3.12.1/lib/python3.12/site-packages/airflow/example_dags/example_complex.py
[2026-04-25T09:19:14.480+0000] {logging_mixin.py:188} INFO - [2026-04-25T09:19:14.480+0000] {dag.py:3096} INFO - Sync 1 DAGs
[2026-04-25T09:19:14.490+0000] {logging_mixin.py:188} INFO - [2026-04-25T09:19:14.489+0000] {dag.py:3954} INFO - Setting next_dagrun for example_complex to None, run_after=None
[2026-04-25T09:19:14.506+0000] {processor.py:183} INFO - Processing /usr/local/python/3.12.1/lib/python3.12/site-packages/airflow/example_dags/example_complex.py took 0.059 seconds
[2026-04-25T09:20:10.931+0000] {processor.py:161} INFO - Started process (PID=17632) to work on /usr/local/python/3.12.1/lib/python3.12/site-packages/airflow/example_dags/example_complex.py
[2026-04-25T09:20:10.931+0000] {processor.py:830} INFO - Processing file /usr/local/python/3.12.1/lib/python3.12/site-packages/airflow/example_dags/example_complex.py for tasks to queue
[2026-04-25T09:20:10.932+0000] {logging_mixin.py:188} INFO - [2026-04-25T09:20:10.932+0000] {dagbag.py:540} INFO - Filling up the DagBag from /usr/local/python/3.12.1/lib/python3.12/site-packages/airflow/example_dags/example_complex.py
[2026-04-25T09:20:10.940+0000] {processor.py:840} INFO - DAG(s) 'example_complex' retrieved from /usr/local/python/3.12.1/lib/python3.12/site-packages/airflow/example_dags/example_complex.py
[2026-04-25T09:20:10.965+0000] {logging_mixin.py:188} INFO - [2026-04-25T09:20:10.965+0000] {dag.py:3096} INFO - Sync 1 DAGs
[2026-04-25T09:20:10.974+0000] {logging_mixin.py:188} INFO - [2026-04-25T09:20:10.974+0000] {dag.py:3954} INFO - Setting next_dagrun for example_complex to None, run_after=None
[2026-04-25T09:20:10.992+0000] {processor.py:183} INFO - Processing /usr/local/python/3.12.1/lib/python3.12/site-packages/airflow/example_dags/example_complex.py took 0.066 seconds
[2026-04-25T09:21:06.497+0000] {processor.py:161} INFO - Started process (PID=18055) to work on /usr/local/python/3.12.1/lib/python3.12/site-packages/airflow/example_dags/example_complex.py
[2026-04-25T09:21:06.498+0000] {processor.py:830} INFO - Processing file /usr/local/python/3.12.1/lib/python3.12/site-packages/airflow/example_dags/example_complex.py for tasks to queue
[2026-04-25T09:21:06.498+0000] {logging_mixin.py:188} INFO - [2026-04-25T09:21:06.498+0000] {dagbag.py:540} INFO - Filling up the DagBag from /usr/local/python/3.12.1/lib/python3.12/site-packages/airflow/example_dags/example_complex.py
[2026-04-25T09:21:06.506+0000] {processor.py:840} INFO - DAG(s) 'example_complex' retrieved from /usr/local/python/3.12.1/lib/python3.12/site-packages/airflow/example_dags/example_complex.py
[2026-04-25T09:21:06.527+0000] {logging_mixin.py:188} INFO - [2026-04-25T09:21:06.527+0000] {dag.py:3096} INFO - Sync 1 DAGs
[2026-04-25T09:21:06.536+0000] {logging_mixin.py:188} INFO - [2026-04-25T09:21:06.536+0000] {dag.py:3954} INFO - Setting next_dagrun for example_complex to None, run_after=None
[2026-04-25T09:21:06.553+0000] {processor.py:183} INFO - Processing /usr/local/python/3.12.1/lib/python3.12/site-packages/airflow/example_dags/example_complex.py took 0.060 seconds
[2026-04-25T09:22:06.749+0000] {processor.py:161} INFO - Started process (PID=18516) to work on /usr/local/python/3.12.1/lib/python3.12/site-packages/airflow/example_dags/example_complex.py
[2026-04-25T09:22:06.749+0000] {processor.py:830} INFO - Processing file /usr/local/python/3.12.1/lib/python3.12/site-packages/airflow/example_dags/example_complex.py for tasks to queue
[2026-04-25T09:22:06.750+0000] {logging_mixin.py:188} INFO - [2026-04-25T09:22:06.750+0000] {dagbag.py:540} INFO - Filling up the DagBag from /usr/local/python/3.12.1/lib/python3.12/site-packages/airflow/example_dags/example_complex.py
[2026-04-25T09:22:06.758+0000] {processor.py:840} INFO - DAG(s) 'example_complex' retrieved from /usr/local/python/3.12.1/lib/python3.12/site-packages/airflow/example_dags/example_complex.py
[2026-04-25T09:22:06.778+0000] {logging_mixin.py:188} INFO - [2026-04-25T09:22:06.778+0000] {dag.py:3096} INFO - Sync 1 DAGs
[2026-04-25T09:22:06.787+0000] {logging_mixin.py:188} INFO - [2026-04-25T09:22:06.787+0000] {dag.py:3954} INFO - Setting next_dagrun for example_complex to None, run_after=None
[2026-04-25T09:22:06.803+0000] {processor.py:183} INFO - Processing /usr/local/python/3.12.1/lib/python3.12/site-packages/airflow/example_dags/example_complex.py took 0.059 seconds
[2026-04-25T09:23:04.696+0000] {processor.py:161} INFO - Started process (PID=18975) to work on /usr/local/python/3.12.1/lib/python3.12/site-packages/airflow/example_dags/example_complex.py
[2026-04-25T09:23:04.697+0000] {processor.py:830} INFO - Processing file /usr/local/python/3.12.1/lib/python3.12/site-packages/airflow/example_dags/example_complex.py for tasks to queue
[2026-04-25T09:23:04.698+0000] {logging_mixin.py:188} INFO - [2026-04-25T09:23:04.697+0000] {dagbag.py:540} INFO - Filling up the DagBag from /usr/local/python/3.12.1/lib/python3.12/site-packages/airflow/example_dags/example_complex.py
[2026-04-25T09:23:04.705+0000] {processor.py:840} INFO - DAG(s) 'example_complex' retrieved from /usr/local/python/3.12.1/lib/python3.12/site-packages/airflow/example_dags/example_complex.py
[2026-04-25T09:23:04.726+0000] {logging_mixin.py:188} INFO - [2026-04-25T09:23:04.726+0000] {dag.py:3096} INFO - Sync 1 DAGs
[2026-04-25T09:23:04.735+0000] {logging_mixin.py:188} INFO - [2026-04-25T09:23:04.735+0000] {dag.py:3954} INFO - Setting next_dagrun for example_complex to None, run_after=None
[2026-04-25T09:23:04.751+0000] {processor.py:183} INFO - Processing /usr/local/python/3.12.1/lib/python3.12/site-packages/airflow/example_dags/example_complex.py took 0.059 seconds
[2026-04-25T09:24:01.296+0000] {processor.py:161} INFO - Started process (PID=19400) to work on /usr/local/python/3.12.1/lib/python3.12/site-packages/airflow/example_dags/example_complex.py
[2026-04-25T09:24:01.297+0000] {processor.py:830} INFO - Processing file /usr/local/python/3.12.1/lib/python3.12/site-packages/airflow/example_dags/example_complex.py for tasks to queue
[2026-04-25T09:24:01.298+0000] {logging_mixin.py:188} INFO - [2026-04-25T09:24:01.298+0000] {dagbag.py:540} INFO - Filling up the DagBag from /usr/local/python/3.12.1/lib/python3.12/site-packages/airflow/example_dags/example_complex.py
[2026-04-25T09:24:01.306+0000] {processor.py:840} INFO - DAG(s) 'example_complex' retrieved from /usr/local/python/3.12.1/lib/python3.12/site-packages/airflow/example_dags/example_complex.py
[2026-04-25T09:24:01.326+0000] {logging_mixin.py:188} INFO - [2026-04-25T09:24:01.326+0000] {dag.py:3096} INFO - Sync 1 DAGs
[2026-04-25T09:24:01.336+0000] {logging_mixin.py:188} INFO - [2026-04-25T09:24:01.335+0000] {dag.py:3954} INFO - Setting next_dagrun for example_complex to None, run_after=None
[2026-04-25T09:24:01.353+0000] {processor.py:183} INFO - Processing /usr/local/python/3.12.1/lib/python3.12/site-packages/airflow/example_dags/example_complex.py took 0.061 seconds
[2026-04-25T09:25:02.779+0000] {processor.py:161} INFO - Started process (PID=19876) to work on /usr/local/python/3.12.1/lib/python3.12/site-packages/airflow/example_dags/example_complex.py
[2026-04-25T09:25:02.780+0000] {processor.py:830} INFO - Processing file /usr/local/python/3.12.1/lib/python3.12/site-packages/airflow/example_dags/example_complex.py for tasks to queue
[2026-04-25T09:25:02.781+0000] {logging_mixin.py:188} INFO - [2026-04-25T09:25:02.780+0000] {dagbag.py:540} INFO - Filling up the DagBag from /usr/local/python/3.12.1/lib/python3.12/site-packages/airflow/example_dags/example_complex.py
[2026-04-25T09:25:02.788+0000] {processor.py:840} INFO - DAG(s) 'example_complex' retrieved from /usr/local/python/3.12.1/lib/python3.12/site-packages/airflow/example_dags/example_complex.py
[2026-04-25T09:25:02.809+0000] {logging_mixin.py:188} INFO - [2026-04-25T09:25:02.808+0000] {dag.py:3096} INFO - Sync 1 DAGs
[2026-04-25T09:25:02.817+0000] {logging_mixin.py:188} INFO - [2026-04-25T09:25:02.817+0000] {dag.py:3954} INFO - Setting next_dagrun for example_complex to None, run_after=None
[2026-04-25T09:25:02.835+0000] {processor.py:183} INFO - Processing /usr/local/python/3.12.1/lib/python3.12/site-packages/airflow/example_dags/example_complex.py took 0.060 seconds
[2026-04-25T09:25:58.823+0000] {processor.py:161} INFO - Started process (PID=20323) to work on /usr/local/python/3.12.1/lib/python3.12/site-packages/airflow/example_dags/example_complex.py
[2026-04-25T09:25:58.824+0000] {processor.py:830} INFO - Processing file /usr/local/python/3.12.1/lib/python3.12/site-packages/airflow/example_dags/example_complex.py for tasks to queue
[2026-04-25T09:25:58.825+0000] {logging_mixin.py:188} INFO - [2026-04-25T09:25:58.824+0000] {dagbag.py:540} INFO - Filling up the DagBag from /usr/local/python/3.12.1/lib/python3.12/site-packages/airflow/example_dags/example_complex.py
[2026-04-25T09:25:58.832+0000] {processor.py:840} INFO - DAG(s) 'example_complex' retrieved from /usr/local/python/3.12.1/lib/python3.12/site-packages/airflow/example_dags/example_complex.py
[2026-04-25T09:25:58.853+0000] {logging_mixin.py:188} INFO - [2026-04-25T09:25:58.853+0000] {dag.py:3096} INFO - Sync 1 DAGs
[2026-04-25T09:25:58.862+0000] {logging_mixin.py:188} INFO - [2026-04-25T09:25:58.862+0000] {dag.py:3954} INFO - Setting next_dagrun for example_complex to None, run_after=None
[2026-04-25T09:25:58.878+0000] {processor.py:183} INFO - Processing /usr/local/python/3.12.1/lib/python3.12/site-packages/airflow/example_dags/example_complex.py took 0.059 seconds
[2026-04-25T09:27:00.536+0000] {processor.py:161} INFO - Started process (PID=20799) to work on /usr/local/python/3.12.1/lib/python3.12/site-packages/airflow/example_dags/example_complex.py
[2026-04-25T09:27:00.536+0000] {processor.py:830} INFO - Processing file /usr/local/python/3.12.1/lib/python3.12/site-packages/airflow/example_dags/example_complex.py for tasks to queue
[2026-04-25T09:27:00.537+0000] {logging_mixin.py:188} INFO - [2026-04-25T09:27:00.537+0000] {dagbag.py:540} INFO - Filling up the DagBag from /usr/local/python/3.12.1/lib/python3.12/site-packages/airflow/example_dags/example_complex.py
[2026-04-25T09:27:00.548+0000] {processor.py:840} INFO - DAG(s) 'example_complex' retrieved from /usr/local/python/3.12.1/lib/python3.12/site-packages/airflow/example_dags/example_complex.py
[2026-04-25T09:27:00.572+0000] {logging_mixin.py:188} INFO - [2026-04-25T09:27:00.572+0000] {dag.py:3096} INFO - Sync 1 DAGs
[2026-04-25T09:27:00.581+0000] {logging_mixin.py:188} INFO - [2026-04-25T09:27:00.581+0000] {dag.py:3954} INFO - Setting next_dagrun for example_complex to None, run_after=None
[2026-04-25T09:27:00.598+0000] {processor.py:183} INFO - Processing /usr/local/python/3.12.1/lib/python3.12/site-packages/airflow/example_dags/example_complex.py took 0.066 seconds
[2026-04-25T09:28:02.177+0000] {processor.py:161} INFO - Started process (PID=21265) to work on /usr/local/python/3.12.1/lib/python3.12/site-packages/airflow/example_dags/example_complex.py
[2026-04-25T09:28:02.178+0000] {processor.py:830} INFO - Processing file /usr/local/python/3.12.1/lib/python3.12/site-packages/airflow/example_dags/example_complex.py for tasks to queue
[2026-04-25T09:28:02.179+0000] {logging_mixin.py:188} INFO - [2026-04-25T09:28:02.178+0000] {dagbag.py:540} INFO - Filling up the DagBag from /usr/local/python/3.12.1/lib/python3.12/site-packages/airflow/example_dags/example_complex.py
[2026-04-25T09:28:02.207+0000] {processor.py:840} INFO - DAG(s) 'example_complex' retrieved from /usr/local/python/3.12.1/lib/python3.12/site-packages/airflow/example_dags/example_complex.py
[2026-04-25T09:28:02.267+0000] {logging_mixin.py:188} INFO - [2026-04-25T09:28:02.267+0000] {dag.py:3096} INFO - Sync 1 DAGs
[2026-04-25T09:28:02.277+0000] {logging_mixin.py:188} INFO - [2026-04-25T09:28:02.277+0000] {dag.py:3954} INFO - Setting next_dagrun for example_complex to None, run_after=None
[2026-04-25T09:28:02.295+0000] {processor.py:183} INFO - Processing /usr/local/python/3.12.1/lib/python3.12/site-packages/airflow/example_dags/example_complex.py took 0.123 seconds
[2026-04-25T09:29:04.274+0000] {processor.py:161} INFO - Started process (PID=21750) to work on /usr/local/python/3.12.1/lib/python3.12/site-packages/airflow/example_dags/example_complex.py
[2026-04-25T09:29:04.274+0000] {processor.py:830} INFO - Processing file /usr/local/python/3.12.1/lib/python3.12/site-packages/airflow/example_dags/example_complex.py for tasks to queue
[2026-04-25T09:29:04.275+0000] {logging_mixin.py:188} INFO - [2026-04-25T09:29:04.275+0000] {dagbag.py:540} INFO - Filling up the DagBag from /usr/local/python/3.12.1/lib/python3.12/site-packages/airflow/example_dags/example_complex.py
[2026-04-25T09:29:04.282+0000] {processor.py:840} INFO - DAG(s) 'example_complex' retrieved from /usr/local/python/3.12.1/lib/python3.12/site-packages/airflow/example_dags/example_complex.py
[2026-04-25T09:29:04.302+0000] {logging_mixin.py:188} INFO - [2026-04-25T09:29:04.302+0000] {dag.py:3096} INFO - Sync 1 DAGs
[2026-04-25T09:29:04.311+0000] {logging_mixin.py:188} INFO - [2026-04-25T09:29:04.311+0000] {dag.py:3954} INFO - Setting next_dagrun for example_complex to None, run_after=None
[2026-04-25T09:29:04.327+0000] {processor.py:183} INFO - Processing /usr/local/python/3.12.1/lib/python3.12/site-packages/airflow/example_dags/example_complex.py took 0.058 seconds
[2026-04-25T09:30:03.162+0000] {processor.py:161} INFO - Started process (PID=22202) to work on /usr/local/python/3.12.1/lib/python3.12/site-packages/airflow/example_dags/example_complex.py
[2026-04-25T09:30:03.163+0000] {processor.py:830} INFO - Processing file /usr/local/python/3.12.1/lib/python3.12/site-packages/airflow/example_dags/example_complex.py for tasks to queue
[2026-04-25T09:30:03.164+0000] {logging_mixin.py:188} INFO - [2026-04-25T09:30:03.163+0000] {dagbag.py:540} INFO - Filling up the DagBag from /usr/local/python/3.12.1/lib/python3.12/site-packages/airflow/example_dags/example_complex.py
[2026-04-25T09:30:03.171+0000] {processor.py:840} INFO - DAG(s) 'example_complex' retrieved from /usr/local/python/3.12.1/lib/python3.12/site-packages/airflow/example_dags/example_complex.py
[2026-04-25T09:30:03.191+0000] {logging_mixin.py:188} INFO - [2026-04-25T09:30:03.191+0000] {dag.py:3096} INFO - Sync 1 DAGs
[2026-04-25T09:30:03.200+0000] {logging_mixin.py:188} INFO - [2026-04-25T09:30:03.200+0000] {dag.py:3954} INFO - Setting next_dagrun for example_complex to None, run_after=None
[2026-04-25T09:30:03.216+0000] {processor.py:183} INFO - Processing /usr/local/python/3.12.1/lib/python3.12/site-packages/airflow/example_dags/example_complex.py took 0.058 seconds
[2026-04-25T09:31:06.995+0000] {processor.py:161} INFO - Started process (PID=22691) to work on /usr/local/python/3.12.1/lib/python3.12/site-packages/airflow/example_dags/example_complex.py
[2026-04-25T09:31:06.996+0000] {processor.py:830} INFO - Processing file /usr/local/python/3.12.1/lib/python3.12/site-packages/airflow/example_dags/example_complex.py for tasks to queue
[2026-04-25T09:31:06.997+0000] {logging_mixin.py:188} INFO - [2026-04-25T09:31:06.996+0000] {dagbag.py:540} INFO - Filling up the DagBag from /usr/local/python/3.12.1/lib/python3.12/site-packages/airflow/example_dags/example_complex.py
[2026-04-25T09:31:07.004+0000] {processor.py:840} INFO - DAG(s) 'example_complex' retrieved from /usr/local/python/3.12.1/lib/python3.12/site-packages/airflow/example_dags/example_complex.py
[2026-04-25T09:31:07.025+0000] {logging_mixin.py:188} INFO - [2026-04-25T09:31:07.025+0000] {dag.py:3096} INFO - Sync 1 DAGs
[2026-04-25T09:31:07.034+0000] {logging_mixin.py:188} INFO - [2026-04-25T09:31:07.033+0000] {dag.py:3954} INFO - Setting next_dagrun for example_complex to None, run_after=None
[2026-04-25T09:31:07.051+0000] {processor.py:183} INFO - Processing /usr/local/python/3.12.1/lib/python3.12/site-packages/airflow/example_dags/example_complex.py took 0.059 seconds
[2026-04-25T09:32:09.524+0000] {processor.py:161} INFO - Started process (PID=23166) to work on /usr/local/python/3.12.1/lib/python3.12/site-packages/airflow/example_dags/example_complex.py
[2026-04-25T09:32:09.525+0000] {processor.py:830} INFO - Processing file /usr/local/python/3.12.1/lib/python3.12/site-packages/airflow/example_dags/example_complex.py for tasks to queue
[2026-04-25T09:32:09.525+0000] {logging_mixin.py:188} INFO - [2026-04-25T09:32:09.525+0000] {dagbag.py:540} INFO - Filling up the DagBag from /usr/local/python/3.12.1/lib/python3.12/site-packages/airflow/example_dags/example_complex.py
[2026-04-25T09:32:09.533+0000] {processor.py:840} INFO - DAG(s) 'example_complex' retrieved from /usr/local/python/3.12.1/lib/python3.12/site-packages/airflow/example_dags/example_complex.py
[2026-04-25T09:32:09.704+0000] {logging_mixin.py:188} INFO - [2026-04-25T09:32:09.704+0000] {dag.py:3096} INFO - Sync 1 DAGs
[2026-04-25T09:32:09.711+0000] {logging_mixin.py:188} INFO - [2026-04-25T09:32:09.711+0000] {dag.py:3954} INFO - Setting next_dagrun for example_complex to None, run_after=None
[2026-04-25T09:32:09.727+0000] {processor.py:183} INFO - Processing /usr/local/python/3.12.1/lib/python3.12/site-packages/airflow/example_dags/example_complex.py took 0.207 seconds
[2026-04-25T09:33:17.971+0000] {processor.py:161} INFO - Started process (PID=23695) to work on /usr/local/python/3.12.1/lib/python3.12/site-packages/airflow/example_dags/example_complex.py
[2026-04-25T09:33:17.972+0000] {processor.py:830} INFO - Processing file /usr/local/python/3.12.1/lib/python3.12/site-packages/airflow/example_dags/example_complex.py for tasks to queue
[2026-04-25T09:33:17.972+0000] {logging_mixin.py:188} INFO - [2026-04-25T09:33:17.972+0000] {dagbag.py:540} INFO - Filling up the DagBag from /usr/local/python/3.12.1/lib/python3.12/site-packages/airflow/example_dags/example_complex.py
[2026-04-25T09:33:17.980+0000] {processor.py:840} INFO - DAG(s) 'example_complex' retrieved from /usr/local/python/3.12.1/lib/python3.12/site-packages/airflow/example_dags/example_complex.py
[2026-04-25T09:33:18.146+0000] {logging_mixin.py:188} INFO - [2026-04-25T09:33:18.145+0000] {dag.py:3096} INFO - Sync 1 DAGs
[2026-04-25T09:33:18.153+0000] {logging_mixin.py:188} INFO - [2026-04-25T09:33:18.153+0000] {dag.py:3954} INFO - Setting next_dagrun for example_complex to None, run_after=None
[2026-04-25T09:33:18.168+0000] {processor.py:183} INFO - Processing /usr/local/python/3.12.1/lib/python3.12/site-packages/airflow/example_dags/example_complex.py took 0.202 seconds
[2026-04-25T09:34:25.073+0000] {processor.py:161} INFO - Started process (PID=24217) to work on /usr/local/python/3.12.1/lib/python3.12/site-packages/airflow/example_dags/example_complex.py
[2026-04-25T09:34:25.073+0000] {processor.py:830} INFO - Processing file /usr/local/python/3.12.1/lib/python3.12/site-packages/airflow/example_dags/example_complex.py for tasks to queue
[2026-04-25T09:34:25.074+0000] {logging_mixin.py:188} INFO - [2026-04-25T09:34:25.074+0000] {dagbag.py:540} INFO - Filling up the DagBag from /usr/local/python/3.12.1/lib/python3.12/site-packages/airflow/example_dags/example_complex.py
[2026-04-25T09:34:25.082+0000] {processor.py:840} INFO - DAG(s) 'example_complex' retrieved from /usr/local/python/3.12.1/lib/python3.12/site-packages/airflow/example_dags/example_complex.py
[2026-04-25T09:34:25.102+0000] {logging_mixin.py:188} INFO - [2026-04-25T09:34:25.102+0000] {dag.py:3096} INFO - Sync 1 DAGs
[2026-04-25T09:34:25.110+0000] {logging_mixin.py:188} INFO - [2026-04-25T09:34:25.110+0000] {dag.py:3954} INFO - Setting next_dagrun for example_complex to None, run_after=None
[2026-04-25T09:34:25.127+0000] {processor.py:183} INFO - Processing /usr/local/python/3.12.1/lib/python3.12/site-packages/airflow/example_dags/example_complex.py took 0.058 seconds
[2026-04-25T09:35:20.389+0000] {processor.py:161} INFO - Started process (PID=24636) to work on /usr/local/python/3.12.1/lib/python3.12/site-packages/airflow/example_dags/example_complex.py
[2026-04-25T09:35:20.390+0000] {processor.py:830} INFO - Processing file /usr/local/python/3.12.1/lib/python3.12/site-packages/airflow/example_dags/example_complex.py for tasks to queue
[2026-04-25T09:35:20.390+0000] {logging_mixin.py:188} INFO - [2026-04-25T09:35:20.390+0000] {dagbag.py:540} INFO - Filling up the DagBag from /usr/local/python/3.12.1/lib/python3.12/site-packages/airflow/example_dags/example_complex.py
[2026-04-25T09:35:20.398+0000] {processor.py:840} INFO - DAG(s) 'example_complex' retrieved from /usr/local/python/3.12.1/lib/python3.12/site-packages/airflow/example_dags/example_complex.py
[2026-04-25T09:35:20.420+0000] {logging_mixin.py:188} INFO - [2026-04-25T09:35:20.419+0000] {dag.py:3096} INFO - Sync 1 DAGs
[2026-04-25T09:35:20.429+0000] {logging_mixin.py:188} INFO - [2026-04-25T09:35:20.429+0000] {dag.py:3954} INFO - Setting next_dagrun for example_complex to None, run_after=None
[2026-04-25T09:35:20.446+0000] {processor.py:183} INFO - Processing /usr/local/python/3.12.1/lib/python3.12/site-packages/airflow/example_dags/example_complex.py took 0.061 seconds
[2026-04-25T09:36:16.884+0000] {processor.py:161} INFO - Started process (PID=25085) to work on /usr/local/python/3.12.1/lib/python3.12/site-packages/airflow/example_dags/example_complex.py
[2026-04-25T09:36:16.884+0000] {processor.py:830} INFO - Processing file /usr/local/python/3.12.1/lib/python3.12/site-packages/airflow/example_dags/example_complex.py for tasks to queue
[2026-04-25T09:36:16.885+0000] {logging_mixin.py:188} INFO - [2026-04-25T09:36:16.885+0000] {dagbag.py:540} INFO - Filling up the DagBag from /usr/local/python/3.12.1/lib/python3.12/site-packages/airflow/example_dags/example_complex.py
[2026-04-25T09:36:16.893+0000] {processor.py:840} INFO - DAG(s) 'example_complex' retrieved from /usr/local/python/3.12.1/lib/python3.12/site-packages/airflow/example_dags/example_complex.py
[2026-04-25T09:36:16.924+0000] {logging_mixin.py:188} INFO - [2026-04-25T09:36:16.923+0000] {dag.py:3096} INFO - Sync 1 DAGs
[2026-04-25T09:36:16.939+0000] {logging_mixin.py:188} INFO - [2026-04-25T09:36:16.938+0000] {dag.py:3954} INFO - Setting next_dagrun for example_complex to None, run_after=None
[2026-04-25T09:36:16.962+0000] {processor.py:183} INFO - Processing /usr/local/python/3.12.1/lib/python3.12/site-packages/airflow/example_dags/example_complex.py took 0.083 seconds
[2026-04-25T09:37:20.116+0000] {processor.py:161} INFO - Started process (PID=25567) to work on /usr/local/python/3.12.1/lib/python3.12/site-packages/airflow/example_dags/example_complex.py
[2026-04-25T09:37:20.116+0000] {processor.py:830} INFO - Processing file /usr/local/python/3.12.1/lib/python3.12/site-packages/airflow/example_dags/example_complex.py for tasks to queue
[2026-04-25T09:37:20.117+0000] {logging_mixin.py:188} INFO - [2026-04-25T09:37:20.117+0000] {dagbag.py:540} INFO - Filling up the DagBag from /usr/local/python/3.12.1/lib/python3.12/site-packages/airflow/example_dags/example_complex.py
[2026-04-25T09:37:20.125+0000] {processor.py:840} INFO - DAG(s) 'example_complex' retrieved from /usr/local/python/3.12.1/lib/python3.12/site-packages/airflow/example_dags/example_complex.py
[2026-04-25T09:37:20.146+0000] {logging_mixin.py:188} INFO - [2026-04-25T09:37:20.145+0000] {dag.py:3096} INFO - Sync 1 DAGs
[2026-04-25T09:37:20.155+0000] {logging_mixin.py:188} INFO - [2026-04-25T09:37:20.155+0000] {dag.py:3954} INFO - Setting next_dagrun for example_complex to None, run_after=None
[2026-04-25T09:37:20.173+0000] {processor.py:183} INFO - Processing /usr/local/python/3.12.1/lib/python3.12/site-packages/airflow/example_dags/example_complex.py took 0.062 seconds
[2026-04-25T09:38:21.373+0000] {processor.py:161} INFO - Started process (PID=26040) to work on /usr/local/python/3.12.1/lib/python3.12/site-packages/airflow/example_dags/example_complex.py
[2026-04-25T09:38:21.373+0000] {processor.py:830} INFO - Processing file /usr/local/python/3.12.1/lib/python3.12/site-packages/airflow/example_dags/example_complex.py for tasks to queue
[2026-04-25T09:38:21.374+0000] {logging_mixin.py:188} INFO - [2026-04-25T09:38:21.374+0000] {dagbag.py:540} INFO - Filling up the DagBag from /usr/local/python/3.12.1/lib/python3.12/site-packages/airflow/example_dags/example_complex.py
[2026-04-25T09:38:21.382+0000] {processor.py:840} INFO - DAG(s) 'example_complex' retrieved from /usr/local/python/3.12.1/lib/python3.12/site-packages/airflow/example_dags/example_complex.py
[2026-04-25T09:38:21.402+0000] {logging_mixin.py:188} INFO - [2026-04-25T09:38:21.402+0000] {dag.py:3096} INFO - Sync 1 DAGs
[2026-04-25T09:38:21.412+0000] {logging_mixin.py:188} INFO - [2026-04-25T09:38:21.412+0000] {dag.py:3954} INFO - Setting next_dagrun for example_complex to None, run_after=None
[2026-04-25T09:38:21.430+0000] {processor.py:183} INFO - Processing /usr/local/python/3.12.1/lib/python3.12/site-packages/airflow/example_dags/example_complex.py took 0.061 seconds
[2026-04-25T09:39:21.843+0000] {processor.py:161} INFO - Started process (PID=26506) to work on /usr/local/python/3.12.1/lib/python3.12/site-packages/airflow/example_dags/example_complex.py
[2026-04-25T09:39:21.844+0000] {processor.py:830} INFO - Processing file /usr/local/python/3.12.1/lib/python3.12/site-packages/airflow/example_dags/example_complex.py for tasks to queue
[2026-04-25T09:39:21.845+0000] {logging_mixin.py:188} INFO - [2026-04-25T09:39:21.844+0000] {dagbag.py:540} INFO - Filling up the DagBag from /usr/local/python/3.12.1/lib/python3.12/site-packages/airflow/example_dags/example_complex.py
[2026-04-25T09:39:21.854+0000] {processor.py:840} INFO - DAG(s) 'example_complex' retrieved from /usr/local/python/3.12.1/lib/python3.12/site-packages/airflow/example_dags/example_complex.py
[2026-04-25T09:39:21.875+0000] {logging_mixin.py:188} INFO - [2026-04-25T09:39:21.874+0000] {dag.py:3096} INFO - Sync 1 DAGs
[2026-04-25T09:39:21.884+0000] {logging_mixin.py:188} INFO - [2026-04-25T09:39:21.883+0000] {dag.py:3954} INFO - Setting next_dagrun for example_complex to None, run_after=None
[2026-04-25T09:39:21.901+0000] {processor.py:183} INFO - Processing /usr/local/python/3.12.1/lib/python3.12/site-packages/airflow/example_dags/example_complex.py took 0.062 seconds
[2026-04-25T09:40:20.021+0000] {processor.py:161} INFO - Started process (PID=26963) to work on /usr/local/python/3.12.1/lib/python3.12/site-packages/airflow/example_dags/example_complex.py
[2026-04-25T09:40:20.021+0000] {processor.py:830} INFO - Processing file /usr/local/python/3.12.1/lib/python3.12/site-packages/airflow/example_dags/example_complex.py for tasks to queue
[2026-04-25T09:40:20.022+0000] {logging_mixin.py:188} INFO - [2026-04-25T09:40:20.022+0000] {dagbag.py:540} INFO - Filling up the DagBag from /usr/local/python/3.12.1/lib/python3.12/site-packages/airflow/example_dags/example_complex.py
[2026-04-25T09:40:20.030+0000] {processor.py:840} INFO - DAG(s) 'example_complex' retrieved from /usr/local/python/3.12.1/lib/python3.12/site-packages/airflow/example_dags/example_complex.py
[2026-04-25T09:40:20.054+0000] {logging_mixin.py:188} INFO - [2026-04-25T09:40:20.053+0000] {dag.py:3096} INFO - Sync 1 DAGs
[2026-04-25T09:40:20.063+0000] {logging_mixin.py:188} INFO - [2026-04-25T09:40:20.063+0000] {dag.py:3954} INFO - Setting next_dagrun for example_complex to None, run_after=None
[2026-04-25T09:40:20.080+0000] {processor.py:183} INFO - Processing /usr/local/python/3.12.1/lib/python3.12/site-packages/airflow/example_dags/example_complex.py took 0.063 seconds
[2026-04-25T09:41:17.903+0000] {processor.py:161} INFO - Started process (PID=27400) to work on /usr/local/python/3.12.1/lib/python3.12/site-packages/airflow/example_dags/example_complex.py
[2026-04-25T09:41:17.903+0000] {processor.py:830} INFO - Processing file /usr/local/python/3.12.1/lib/python3.12/site-packages/airflow/example_dags/example_complex.py for tasks to queue
[2026-04-25T09:41:17.904+0000] {logging_mixin.py:188} INFO - [2026-04-25T09:41:17.904+0000] {dagbag.py:540} INFO - Filling up the DagBag from /usr/local/python/3.12.1/lib/python3.12/site-packages/airflow/example_dags/example_complex.py
[2026-04-25T09:41:17.912+0000] {processor.py:840} INFO - DAG(s) 'example_complex' retrieved from /usr/local/python/3.12.1/lib/python3.12/site-packages/airflow/example_dags/example_complex.py
[2026-04-25T09:41:17.951+0000] {logging_mixin.py:188} INFO - [2026-04-25T09:41:17.950+0000] {dag.py:3096} INFO - Sync 1 DAGs
[2026-04-25T09:41:17.964+0000] {logging_mixin.py:188} INFO - [2026-04-25T09:41:17.964+0000] {dag.py:3954} INFO - Setting next_dagrun for example_complex to None, run_after=None
[2026-04-25T09:41:17.981+0000] {processor.py:183} INFO - Processing /usr/local/python/3.12.1/lib/python3.12/site-packages/airflow/example_dags/example_complex.py took 0.083 seconds
[2026-04-25T09:42:14.222+0000] {processor.py:161} INFO - Started process (PID=27847) to work on /usr/local/python/3.12.1/lib/python3.12/site-packages/airflow/example_dags/example_complex.py
[2026-04-25T09:42:14.223+0000] {processor.py:830} INFO - Processing file /usr/local/python/3.12.1/lib/python3.12/site-packages/airflow/example_dags/example_complex.py for tasks to queue
[2026-04-25T09:42:14.224+0000] {logging_mixin.py:188} INFO - [2026-04-25T09:42:14.223+0000] {dagbag.py:540} INFO - Filling up the DagBag from /usr/local/python/3.12.1/lib/python3.12/site-packages/airflow/example_dags/example_complex.py
[2026-04-25T09:42:14.231+0000] {processor.py:840} INFO - DAG(s) 'example_complex' retrieved from /usr/local/python/3.12.1/lib/python3.12/site-packages/airflow/example_dags/example_complex.py
[2026-04-25T09:42:14.252+0000] {logging_mixin.py:188} INFO - [2026-04-25T09:42:14.251+0000] {dag.py:3096} INFO - Sync 1 DAGs
[2026-04-25T09:42:14.261+0000] {logging_mixin.py:188} INFO - [2026-04-25T09:42:14.261+0000] {dag.py:3954} INFO - Setting next_dagrun for example_complex to None, run_after=None
[2026-04-25T09:42:14.278+0000] {processor.py:183} INFO - Processing /usr/local/python/3.12.1/lib/python3.12/site-packages/airflow/example_dags/example_complex.py took 0.060 seconds
[2026-04-25T09:43:15.055+0000] {processor.py:161} INFO - Started process (PID=28320) to work on /usr/local/python/3.12.1/lib/python3.12/site-packages/airflow/example_dags/example_complex.py
[2026-04-25T09:43:15.056+0000] {processor.py:830} INFO - Processing file /usr/local/python/3.12.1/lib/python3.12/site-packages/airflow/example_dags/example_complex.py for tasks to queue
[2026-04-25T09:43:15.057+0000] {logging_mixin.py:188} INFO - [2026-04-25T09:43:15.056+0000] {dagbag.py:540} INFO - Filling up the DagBag from /usr/local/python/3.12.1/lib/python3.12/site-packages/airflow/example_dags/example_complex.py
[2026-04-25T09:43:15.064+0000] {processor.py:840} INFO - DAG(s) 'example_complex' retrieved from /usr/local/python/3.12.1/lib/python3.12/site-packages/airflow/example_dags/example_complex.py
[2026-04-25T09:43:15.085+0000] {logging_mixin.py:188} INFO - [2026-04-25T09:43:15.085+0000] {dag.py:3096} INFO - Sync 1 DAGs
[2026-04-25T09:43:15.094+0000] {logging_mixin.py:188} INFO - [2026-04-25T09:43:15.094+0000] {dag.py:3954} INFO - Setting next_dagrun for example_complex to None, run_after=None
[2026-04-25T09:43:15.111+0000] {processor.py:183} INFO - Processing /usr/local/python/3.12.1/lib/python3.12/site-packages/airflow/example_dags/example_complex.py took 0.060 seconds
[2026-04-25T09:44:17.503+0000] {processor.py:161} INFO - Started process (PID=28794) to work on /usr/local/python/3.12.1/lib/python3.12/site-packages/airflow/example_dags/example_complex.py
[2026-04-25T09:44:17.503+0000] {processor.py:830} INFO - Processing file /usr/local/python/3.12.1/lib/python3.12/site-packages/airflow/example_dags/example_complex.py for tasks to queue
[2026-04-25T09:44:17.504+0000] {logging_mixin.py:188} INFO - [2026-04-25T09:44:17.504+0000] {dagbag.py:540} INFO - Filling up the DagBag from /usr/local/python/3.12.1/lib/python3.12/site-packages/airflow/example_dags/example_complex.py
[2026-04-25T09:44:17.512+0000] {processor.py:840} INFO - DAG(s) 'example_complex' retrieved from /usr/local/python/3.12.1/lib/python3.12/site-packages/airflow/example_dags/example_complex.py
[2026-04-25T09:44:17.532+0000] {logging_mixin.py:188} INFO - [2026-04-25T09:44:17.532+0000] {dag.py:3096} INFO - Sync 1 DAGs
[2026-04-25T09:44:17.542+0000] {logging_mixin.py:188} INFO - [2026-04-25T09:44:17.541+0000] {dag.py:3954} INFO - Setting next_dagrun for example_complex to None, run_after=None
[2026-04-25T09:44:17.558+0000] {processor.py:183} INFO - Processing /usr/local/python/3.12.1/lib/python3.12/site-packages/airflow/example_dags/example_complex.py took 0.059 seconds
[2026-04-25T09:45:14.937+0000] {processor.py:161} INFO - Started process (PID=29250) to work on /usr/local/python/3.12.1/lib/python3.12/site-packages/airflow/example_dags/example_complex.py
[2026-04-25T09:45:14.938+0000] {processor.py:830} INFO - Processing file /usr/local/python/3.12.1/lib/python3.12/site-packages/airflow/example_dags/example_complex.py for tasks to queue
[2026-04-25T09:45:14.939+0000] {logging_mixin.py:188} INFO - [2026-04-25T09:45:14.938+0000] {dagbag.py:540} INFO - Filling up the DagBag from /usr/local/python/3.12.1/lib/python3.12/site-packages/airflow/example_dags/example_complex.py
[2026-04-25T09:45:14.946+0000] {processor.py:840} INFO - DAG(s) 'example_complex' retrieved from /usr/local/python/3.12.1/lib/python3.12/site-packages/airflow/example_dags/example_complex.py
[2026-04-25T09:45:14.966+0000] {logging_mixin.py:188} INFO - [2026-04-25T09:45:14.966+0000] {dag.py:3096} INFO - Sync 1 DAGs
[2026-04-25T09:45:14.975+0000] {logging_mixin.py:188} INFO - [2026-04-25T09:45:14.975+0000] {dag.py:3954} INFO - Setting next_dagrun for example_complex to None, run_after=None
[2026-04-25T09:45:14.992+0000] {processor.py:183} INFO - Processing /usr/local/python/3.12.1/lib/python3.12/site-packages/airflow/example_dags/example_complex.py took 0.060 seconds
[2026-04-25T09:46:18.853+0000] {processor.py:161} INFO - Started process (PID=29741) to work on /usr/local/python/3.12.1/lib/python3.12/site-packages/airflow/example_dags/example_complex.py
[2026-04-25T09:46:18.854+0000] {processor.py:830} INFO - Processing file /usr/local/python/3.12.1/lib/python3.12/site-packages/airflow/example_dags/example_complex.py for tasks to queue
[2026-04-25T09:46:18.855+0000] {logging_mixin.py:188} INFO - [2026-04-25T09:46:18.854+0000] {dagbag.py:540} INFO - Filling up the DagBag from /usr/local/python/3.12.1/lib/python3.12/site-packages/airflow/example_dags/example_complex.py
[2026-04-25T09:46:18.863+0000] {processor.py:840} INFO - DAG(s) 'example_complex' retrieved from /usr/local/python/3.12.1/lib/python3.12/site-packages/airflow/example_dags/example_complex.py
[2026-04-25T09:46:18.883+0000] {logging_mixin.py:188} INFO - [2026-04-25T09:46:18.883+0000] {dag.py:3096} INFO - Sync 1 DAGs
[2026-04-25T09:46:18.893+0000] {logging_mixin.py:188} INFO - [2026-04-25T09:46:18.892+0000] {dag.py:3954} INFO - Setting next_dagrun for example_complex to None, run_after=None
[2026-04-25T09:46:18.909+0000] {processor.py:183} INFO - Processing /usr/local/python/3.12.1/lib/python3.12/site-packages/airflow/example_dags/example_complex.py took 0.061 seconds
