[2026-04-25T09:06:12.961+0000] {processor.py:161} INFO - Started process (PID=8464) to work on /usr/local/python/3.12.1/lib/python3.12/site-packages/airflow/example_dags/example_latest_only_with_trigger.py
[2026-04-25T09:06:12.963+0000] {processor.py:830} INFO - Processing file /usr/local/python/3.12.1/lib/python3.12/site-packages/airflow/example_dags/example_latest_only_with_trigger.py for tasks to queue
[2026-04-25T09:06:12.964+0000] {logging_mixin.py:188} INFO - [2026-04-25T09:06:12.963+0000] {dagbag.py:540} INFO - Filling up the DagBag from /usr/local/python/3.12.1/lib/python3.12/site-packages/airflow/example_dags/example_latest_only_with_trigger.py
[2026-04-25T09:06:12.972+0000] {processor.py:840} INFO - DAG(s) 'latest_only_with_trigger' retrieved from /usr/local/python/3.12.1/lib/python3.12/site-packages/airflow/example_dags/example_latest_only_with_trigger.py
[2026-04-25T09:06:13.259+0000] {logging_mixin.py:188} INFO - [2026-04-25T09:06:13.257+0000] {override.py:1930} INFO - Created Permission View: can delete on DAG:latest_only_with_trigger
[2026-04-25T09:06:13.295+0000] {logging_mixin.py:188} INFO - [2026-04-25T09:06:13.294+0000] {override.py:1930} INFO - Created Permission View: can edit on DAG:latest_only_with_trigger
[2026-04-25T09:06:13.331+0000] {logging_mixin.py:188} INFO - [2026-04-25T09:06:13.330+0000] {override.py:1930} INFO - Created Permission View: can read on DAG:latest_only_with_trigger
[2026-04-25T09:06:13.331+0000] {logging_mixin.py:188} INFO - [2026-04-25T09:06:13.331+0000] {dag.py:3096} INFO - Sync 1 DAGs
[2026-04-25T09:06:13.345+0000] {logging_mixin.py:188} INFO - [2026-04-25T09:06:13.345+0000] {dag.py:3118} INFO - Creating ORM DAG for latest_only_with_trigger
[2026-04-25T09:06:13.357+0000] {logging_mixin.py:188} INFO - [2026-04-25T09:06:13.356+0000] {dag.py:3954} INFO - Setting next_dagrun for latest_only_with_trigger to 2026-04-25 04:00:00+00:00, run_after=2026-04-25 08:00:00+00:00
[2026-04-25T09:06:13.389+0000] {processor.py:183} INFO - Processing /usr/local/python/3.12.1/lib/python3.12/site-packages/airflow/example_dags/example_latest_only_with_trigger.py took 0.436 seconds
[2026-04-25T09:07:07.755+0000] {processor.py:161} INFO - Started process (PID=9037) to work on /usr/local/python/3.12.1/lib/python3.12/site-packages/airflow/example_dags/example_latest_only_with_trigger.py
[2026-04-25T09:07:07.756+0000] {processor.py:830} INFO - Processing file /usr/local/python/3.12.1/lib/python3.12/site-packages/airflow/example_dags/example_latest_only_with_trigger.py for tasks to queue
[2026-04-25T09:07:07.757+0000] {logging_mixin.py:188} INFO - [2026-04-25T09:07:07.756+0000] {dagbag.py:540} INFO - Filling up the DagBag from /usr/local/python/3.12.1/lib/python3.12/site-packages/airflow/example_dags/example_latest_only_with_trigger.py
[2026-04-25T09:07:07.761+0000] {processor.py:840} INFO - DAG(s) 'latest_only_with_trigger' retrieved from /usr/local/python/3.12.1/lib/python3.12/site-packages/airflow/example_dags/example_latest_only_with_trigger.py
[2026-04-25T09:07:07.774+0000] {logging_mixin.py:188} INFO - [2026-04-25T09:07:07.774+0000] {dag.py:3096} INFO - Sync 1 DAGs
[2026-04-25T09:07:07.789+0000] {logging_mixin.py:188} INFO - [2026-04-25T09:07:07.789+0000] {dag.py:3954} INFO - Setting next_dagrun for latest_only_with_trigger to 2026-04-25 04:00:00+00:00, run_after=2026-04-25 08:00:00+00:00
[2026-04-25T09:07:07.824+0000] {processor.py:183} INFO - Processing /usr/local/python/3.12.1/lib/python3.12/site-packages/airflow/example_dags/example_latest_only_with_trigger.py took 0.072 seconds
[2026-04-25T09:07:59.361+0000] {processor.py:161} INFO - Started process (PID=9548) to work on /usr/local/python/3.12.1/lib/python3.12/site-packages/airflow/example_dags/example_latest_only_with_trigger.py
[2026-04-25T09:07:59.361+0000] {processor.py:830} INFO - Processing file /usr/local/python/3.12.1/lib/python3.12/site-packages/airflow/example_dags/example_latest_only_with_trigger.py for tasks to queue
[2026-04-25T09:07:59.362+0000] {logging_mixin.py:188} INFO - [2026-04-25T09:07:59.362+0000] {dagbag.py:540} INFO - Filling up the DagBag from /usr/local/python/3.12.1/lib/python3.12/site-packages/airflow/example_dags/example_latest_only_with_trigger.py
[2026-04-25T09:07:59.366+0000] {processor.py:840} INFO - DAG(s) 'latest_only_with_trigger' retrieved from /usr/local/python/3.12.1/lib/python3.12/site-packages/airflow/example_dags/example_latest_only_with_trigger.py
[2026-04-25T09:07:59.379+0000] {logging_mixin.py:188} INFO - [2026-04-25T09:07:59.378+0000] {dag.py:3096} INFO - Sync 1 DAGs
[2026-04-25T09:07:59.393+0000] {logging_mixin.py:188} INFO - [2026-04-25T09:07:59.393+0000] {dag.py:3954} INFO - Setting next_dagrun for latest_only_with_trigger to 2026-04-25 04:00:00+00:00, run_after=2026-04-25 08:00:00+00:00
[2026-04-25T09:07:59.409+0000] {processor.py:183} INFO - Processing /usr/local/python/3.12.1/lib/python3.12/site-packages/airflow/example_dags/example_latest_only_with_trigger.py took 0.053 seconds
[2026-04-25T09:08:46.036+0000] {processor.py:161} INFO - Started process (PID=9966) to work on /usr/local/python/3.12.1/lib/python3.12/site-packages/airflow/example_dags/example_latest_only_with_trigger.py
[2026-04-25T09:08:46.036+0000] {processor.py:830} INFO - Processing file /usr/local/python/3.12.1/lib/python3.12/site-packages/airflow/example_dags/example_latest_only_with_trigger.py for tasks to queue
[2026-04-25T09:08:46.037+0000] {logging_mixin.py:188} INFO - [2026-04-25T09:08:46.037+0000] {dagbag.py:540} INFO - Filling up the DagBag from /usr/local/python/3.12.1/lib/python3.12/site-packages/airflow/example_dags/example_latest_only_with_trigger.py
[2026-04-25T09:08:46.042+0000] {processor.py:840} INFO - DAG(s) 'latest_only_with_trigger' retrieved from /usr/local/python/3.12.1/lib/python3.12/site-packages/airflow/example_dags/example_latest_only_with_trigger.py
[2026-04-25T09:08:46.054+0000] {logging_mixin.py:188} INFO - [2026-04-25T09:08:46.054+0000] {dag.py:3096} INFO - Sync 1 DAGs
[2026-04-25T09:08:46.069+0000] {logging_mixin.py:188} INFO - [2026-04-25T09:08:46.069+0000] {dag.py:3954} INFO - Setting next_dagrun for latest_only_with_trigger to 2026-04-25 04:00:00+00:00, run_after=2026-04-25 08:00:00+00:00
[2026-04-25T09:08:46.086+0000] {processor.py:183} INFO - Processing /usr/local/python/3.12.1/lib/python3.12/site-packages/airflow/example_dags/example_latest_only_with_trigger.py took 0.054 seconds
[2026-04-25T09:09:50.439+0000] {processor.py:161} INFO - Started process (PID=10871) to work on /usr/local/python/3.12.1/lib/python3.12/site-packages/airflow/example_dags/example_latest_only_with_trigger.py
[2026-04-25T09:09:50.440+0000] {processor.py:830} INFO - Processing file /usr/local/python/3.12.1/lib/python3.12/site-packages/airflow/example_dags/example_latest_only_with_trigger.py for tasks to queue
[2026-04-25T09:09:50.440+0000] {logging_mixin.py:188} INFO - [2026-04-25T09:09:50.440+0000] {dagbag.py:540} INFO - Filling up the DagBag from /usr/local/python/3.12.1/lib/python3.12/site-packages/airflow/example_dags/example_latest_only_with_trigger.py
[2026-04-25T09:09:50.445+0000] {processor.py:840} INFO - DAG(s) 'latest_only_with_trigger' retrieved from /usr/local/python/3.12.1/lib/python3.12/site-packages/airflow/example_dags/example_latest_only_with_trigger.py
[2026-04-25T09:09:50.457+0000] {logging_mixin.py:188} INFO - [2026-04-25T09:09:50.457+0000] {dag.py:3096} INFO - Sync 1 DAGs
[2026-04-25T09:09:50.472+0000] {logging_mixin.py:188} INFO - [2026-04-25T09:09:50.472+0000] {dag.py:3954} INFO - Setting next_dagrun for latest_only_with_trigger to 2026-04-25 04:00:00+00:00, run_after=2026-04-25 08:00:00+00:00
[2026-04-25T09:09:50.490+0000] {processor.py:183} INFO - Processing /usr/local/python/3.12.1/lib/python3.12/site-packages/airflow/example_dags/example_latest_only_with_trigger.py took 0.056 seconds
[2026-04-25T09:10:47.225+0000] {processor.py:161} INFO - Started process (PID=11473) to work on /usr/local/python/3.12.1/lib/python3.12/site-packages/airflow/example_dags/example_latest_only_with_trigger.py
[2026-04-25T09:10:47.226+0000] {processor.py:830} INFO - Processing file /usr/local/python/3.12.1/lib/python3.12/site-packages/airflow/example_dags/example_latest_only_with_trigger.py for tasks to queue
[2026-04-25T09:10:47.227+0000] {logging_mixin.py:188} INFO - [2026-04-25T09:10:47.226+0000] {dagbag.py:540} INFO - Filling up the DagBag from /usr/local/python/3.12.1/lib/python3.12/site-packages/airflow/example_dags/example_latest_only_with_trigger.py
[2026-04-25T09:10:47.231+0000] {processor.py:840} INFO - DAG(s) 'latest_only_with_trigger' retrieved from /usr/local/python/3.12.1/lib/python3.12/site-packages/airflow/example_dags/example_latest_only_with_trigger.py
[2026-04-25T09:10:47.244+0000] {logging_mixin.py:188} INFO - [2026-04-25T09:10:47.244+0000] {dag.py:3096} INFO - Sync 1 DAGs
[2026-04-25T09:10:47.259+0000] {logging_mixin.py:188} INFO - [2026-04-25T09:10:47.259+0000] {dag.py:3954} INFO - Setting next_dagrun for latest_only_with_trigger to 2026-04-25 04:00:00+00:00, run_after=2026-04-25 08:00:00+00:00
[2026-04-25T09:10:47.276+0000] {processor.py:183} INFO - Processing /usr/local/python/3.12.1/lib/python3.12/site-packages/airflow/example_dags/example_latest_only_with_trigger.py took 0.055 seconds
[2026-04-25T09:11:53.709+0000] {processor.py:161} INFO - Started process (PID=12699) to work on /usr/local/python/3.12.1/lib/python3.12/site-packages/airflow/example_dags/example_latest_only_with_trigger.py
[2026-04-25T09:11:53.711+0000] {processor.py:830} INFO - Processing file /usr/local/python/3.12.1/lib/python3.12/site-packages/airflow/example_dags/example_latest_only_with_trigger.py for tasks to queue
[2026-04-25T09:11:53.715+0000] {logging_mixin.py:188} INFO - [2026-04-25T09:11:53.713+0000] {dagbag.py:540} INFO - Filling up the DagBag from /usr/local/python/3.12.1/lib/python3.12/site-packages/airflow/example_dags/example_latest_only_with_trigger.py
[2026-04-25T09:11:53.743+0000] {processor.py:840} INFO - DAG(s) 'latest_only_with_trigger' retrieved from /usr/local/python/3.12.1/lib/python3.12/site-packages/airflow/example_dags/example_latest_only_with_trigger.py
[2026-04-25T09:11:53.856+0000] {logging_mixin.py:188} INFO - [2026-04-25T09:11:53.856+0000] {dag.py:3096} INFO - Sync 1 DAGs
[2026-04-25T09:11:53.869+0000] {logging_mixin.py:188} INFO - [2026-04-25T09:11:53.869+0000] {dag.py:3954} INFO - Setting next_dagrun for latest_only_with_trigger to 2026-04-25 04:00:00+00:00, run_after=2026-04-25 08:00:00+00:00
[2026-04-25T09:11:53.886+0000] {processor.py:183} INFO - Processing /usr/local/python/3.12.1/lib/python3.12/site-packages/airflow/example_dags/example_latest_only_with_trigger.py took 0.197 seconds
[2026-04-25T09:11:56.693+0000] {processor.py:161} INFO - Started process (PID=12718) to work on /usr/local/python/3.12.1/lib/python3.12/site-packages/airflow/example_dags/example_latest_only_with_trigger.py
[2026-04-25T09:11:56.694+0000] {processor.py:830} INFO - Processing file /usr/local/python/3.12.1/lib/python3.12/site-packages/airflow/example_dags/example_latest_only_with_trigger.py for tasks to queue
[2026-04-25T09:11:56.694+0000] {logging_mixin.py:188} INFO - [2026-04-25T09:11:56.694+0000] {dagbag.py:540} INFO - Filling up the DagBag from /usr/local/python/3.12.1/lib/python3.12/site-packages/airflow/example_dags/example_latest_only_with_trigger.py
[2026-04-25T09:11:56.701+0000] {processor.py:840} INFO - DAG(s) 'latest_only_with_trigger' retrieved from /usr/local/python/3.12.1/lib/python3.12/site-packages/airflow/example_dags/example_latest_only_with_trigger.py
[2026-04-25T09:11:56.710+0000] {logging_mixin.py:188} INFO - [2026-04-25T09:11:56.710+0000] {dag.py:3096} INFO - Sync 1 DAGs
[2026-04-25T09:11:56.730+0000] {logging_mixin.py:188} INFO - [2026-04-25T09:11:56.729+0000] {dag.py:3954} INFO - Setting next_dagrun for latest_only_with_trigger to 2026-04-25 04:00:00+00:00, run_after=2026-04-25 08:00:00+00:00
[2026-04-25T09:11:56.750+0000] {processor.py:183} INFO - Processing /usr/local/python/3.12.1/lib/python3.12/site-packages/airflow/example_dags/example_latest_only_with_trigger.py took 0.063 seconds
[2026-04-25T09:12:39.180+0000] {processor.py:161} INFO - Started process (PID=13301) to work on /usr/local/python/3.12.1/lib/python3.12/site-packages/airflow/example_dags/example_latest_only_with_trigger.py
[2026-04-25T09:12:39.181+0000] {processor.py:830} INFO - Processing file /usr/local/python/3.12.1/lib/python3.12/site-packages/airflow/example_dags/example_latest_only_with_trigger.py for tasks to queue
[2026-04-25T09:12:39.182+0000] {logging_mixin.py:188} INFO - [2026-04-25T09:12:39.182+0000] {dagbag.py:540} INFO - Filling up the DagBag from /usr/local/python/3.12.1/lib/python3.12/site-packages/airflow/example_dags/example_latest_only_with_trigger.py
[2026-04-25T09:12:39.189+0000] {processor.py:840} INFO - DAG(s) 'latest_only_with_trigger' retrieved from /usr/local/python/3.12.1/lib/python3.12/site-packages/airflow/example_dags/example_latest_only_with_trigger.py
[2026-04-25T09:12:39.211+0000] {logging_mixin.py:188} INFO - [2026-04-25T09:12:39.210+0000] {dag.py:3096} INFO - Sync 1 DAGs
[2026-04-25T09:12:39.238+0000] {logging_mixin.py:188} INFO - [2026-04-25T09:12:39.237+0000] {dag.py:3954} INFO - Setting next_dagrun for latest_only_with_trigger to 2026-04-25 04:00:00+00:00, run_after=2026-04-25 08:00:00+00:00
[2026-04-25T09:12:39.269+0000] {processor.py:183} INFO - Processing /usr/local/python/3.12.1/lib/python3.12/site-packages/airflow/example_dags/example_latest_only_with_trigger.py took 0.096 seconds
[2026-04-25T09:12:47.044+0000] {processor.py:161} INFO - Started process (PID=13366) to work on /usr/local/python/3.12.1/lib/python3.12/site-packages/airflow/example_dags/example_latest_only_with_trigger.py
[2026-04-25T09:12:47.044+0000] {processor.py:830} INFO - Processing file /usr/local/python/3.12.1/lib/python3.12/site-packages/airflow/example_dags/example_latest_only_with_trigger.py for tasks to queue
[2026-04-25T09:12:47.045+0000] {logging_mixin.py:188} INFO - [2026-04-25T09:12:47.045+0000] {dagbag.py:540} INFO - Filling up the DagBag from /usr/local/python/3.12.1/lib/python3.12/site-packages/airflow/example_dags/example_latest_only_with_trigger.py
[2026-04-25T09:12:47.049+0000] {processor.py:840} INFO - DAG(s) 'latest_only_with_trigger' retrieved from /usr/local/python/3.12.1/lib/python3.12/site-packages/airflow/example_dags/example_latest_only_with_trigger.py
[2026-04-25T09:12:47.063+0000] {logging_mixin.py:188} INFO - [2026-04-25T09:12:47.062+0000] {dag.py:3096} INFO - Sync 1 DAGs
[2026-04-25T09:12:47.079+0000] {logging_mixin.py:188} INFO - [2026-04-25T09:12:47.078+0000] {dag.py:3954} INFO - Setting next_dagrun for latest_only_with_trigger to 2026-04-25 04:00:00+00:00, run_after=2026-04-25 08:00:00+00:00
[2026-04-25T09:12:47.097+0000] {processor.py:183} INFO - Processing /usr/local/python/3.12.1/lib/python3.12/site-packages/airflow/example_dags/example_latest_only_with_trigger.py took 0.057 seconds
[2026-04-25T09:14:11.291+0000] {processor.py:161} INFO - Started process (PID=14555) to work on /usr/local/python/3.12.1/lib/python3.12/site-packages/airflow/example_dags/example_latest_only_with_trigger.py
[2026-04-25T09:14:11.292+0000] {processor.py:830} INFO - Processing file /usr/local/python/3.12.1/lib/python3.12/site-packages/airflow/example_dags/example_latest_only_with_trigger.py for tasks to queue
[2026-04-25T09:14:11.293+0000] {logging_mixin.py:188} INFO - [2026-04-25T09:14:11.292+0000] {dagbag.py:540} INFO - Filling up the DagBag from /usr/local/python/3.12.1/lib/python3.12/site-packages/airflow/example_dags/example_latest_only_with_trigger.py
[2026-04-25T09:14:11.301+0000] {processor.py:840} INFO - DAG(s) 'latest_only_with_trigger' retrieved from /usr/local/python/3.12.1/lib/python3.12/site-packages/airflow/example_dags/example_latest_only_with_trigger.py
[2026-04-25T09:14:11.331+0000] {logging_mixin.py:188} INFO - [2026-04-25T09:14:11.330+0000] {dag.py:3096} INFO - Sync 1 DAGs
[2026-04-25T09:14:11.361+0000] {logging_mixin.py:188} INFO - [2026-04-25T09:14:11.361+0000] {dag.py:3954} INFO - Setting next_dagrun for latest_only_with_trigger to 2026-04-25 04:00:00+00:00, run_after=2026-04-25 08:00:00+00:00
[2026-04-25T09:14:11.469+0000] {processor.py:183} INFO - Processing /usr/local/python/3.12.1/lib/python3.12/site-packages/airflow/example_dags/example_latest_only_with_trigger.py took 0.191 seconds
[2026-04-25T09:15:00.066+0000] {processor.py:161} INFO - Started process (PID=14919) to work on /usr/local/python/3.12.1/lib/python3.12/site-packages/airflow/example_dags/example_latest_only_with_trigger.py
[2026-04-25T09:15:00.067+0000] {processor.py:830} INFO - Processing file /usr/local/python/3.12.1/lib/python3.12/site-packages/airflow/example_dags/example_latest_only_with_trigger.py for tasks to queue
[2026-04-25T09:15:00.068+0000] {logging_mixin.py:188} INFO - [2026-04-25T09:15:00.067+0000] {dagbag.py:540} INFO - Filling up the DagBag from /usr/local/python/3.12.1/lib/python3.12/site-packages/airflow/example_dags/example_latest_only_with_trigger.py
[2026-04-25T09:15:00.074+0000] {processor.py:840} INFO - DAG(s) 'latest_only_with_trigger' retrieved from /usr/local/python/3.12.1/lib/python3.12/site-packages/airflow/example_dags/example_latest_only_with_trigger.py
[2026-04-25T09:15:00.097+0000] {logging_mixin.py:188} INFO - [2026-04-25T09:15:00.096+0000] {dag.py:3096} INFO - Sync 1 DAGs
[2026-04-25T09:15:00.121+0000] {logging_mixin.py:188} INFO - [2026-04-25T09:15:00.121+0000] {dag.py:3954} INFO - Setting next_dagrun for latest_only_with_trigger to 2026-04-25 04:00:00+00:00, run_after=2026-04-25 08:00:00+00:00
[2026-04-25T09:15:00.163+0000] {processor.py:183} INFO - Processing /usr/local/python/3.12.1/lib/python3.12/site-packages/airflow/example_dags/example_latest_only_with_trigger.py took 0.102 seconds
[2026-04-25T09:15:56.459+0000] {processor.py:161} INFO - Started process (PID=15552) to work on /usr/local/python/3.12.1/lib/python3.12/site-packages/airflow/example_dags/example_latest_only_with_trigger.py
[2026-04-25T09:15:56.459+0000] {processor.py:830} INFO - Processing file /usr/local/python/3.12.1/lib/python3.12/site-packages/airflow/example_dags/example_latest_only_with_trigger.py for tasks to queue
[2026-04-25T09:15:56.460+0000] {logging_mixin.py:188} INFO - [2026-04-25T09:15:56.460+0000] {dagbag.py:540} INFO - Filling up the DagBag from /usr/local/python/3.12.1/lib/python3.12/site-packages/airflow/example_dags/example_latest_only_with_trigger.py
[2026-04-25T09:15:56.465+0000] {processor.py:840} INFO - DAG(s) 'latest_only_with_trigger' retrieved from /usr/local/python/3.12.1/lib/python3.12/site-packages/airflow/example_dags/example_latest_only_with_trigger.py
[2026-04-25T09:15:56.477+0000] {logging_mixin.py:188} INFO - [2026-04-25T09:15:56.477+0000] {dag.py:3096} INFO - Sync 1 DAGs
[2026-04-25T09:15:56.492+0000] {logging_mixin.py:188} INFO - [2026-04-25T09:15:56.492+0000] {dag.py:3954} INFO - Setting next_dagrun for latest_only_with_trigger to 2026-04-25 04:00:00+00:00, run_after=2026-04-25 08:00:00+00:00
[2026-04-25T09:15:56.509+0000] {processor.py:183} INFO - Processing /usr/local/python/3.12.1/lib/python3.12/site-packages/airflow/example_dags/example_latest_only_with_trigger.py took 0.054 seconds
[2026-04-25T09:16:55.750+0000] {processor.py:161} INFO - Started process (PID=16066) to work on /usr/local/python/3.12.1/lib/python3.12/site-packages/airflow/example_dags/example_latest_only_with_trigger.py
[2026-04-25T09:16:55.753+0000] {processor.py:830} INFO - Processing file /usr/local/python/3.12.1/lib/python3.12/site-packages/airflow/example_dags/example_latest_only_with_trigger.py for tasks to queue
[2026-04-25T09:16:55.754+0000] {logging_mixin.py:188} INFO - [2026-04-25T09:16:55.754+0000] {dagbag.py:540} INFO - Filling up the DagBag from /usr/local/python/3.12.1/lib/python3.12/site-packages/airflow/example_dags/example_latest_only_with_trigger.py
[2026-04-25T09:16:55.767+0000] {processor.py:840} INFO - DAG(s) 'latest_only_with_trigger' retrieved from /usr/local/python/3.12.1/lib/python3.12/site-packages/airflow/example_dags/example_latest_only_with_trigger.py
[2026-04-25T09:16:56.012+0000] {logging_mixin.py:188} INFO - [2026-04-25T09:16:56.012+0000] {dag.py:3096} INFO - Sync 1 DAGs
[2026-04-25T09:16:56.044+0000] {logging_mixin.py:188} INFO - [2026-04-25T09:16:56.044+0000] {dag.py:3954} INFO - Setting next_dagrun for latest_only_with_trigger to 2026-04-25 04:00:00+00:00, run_after=2026-04-25 08:00:00+00:00
[2026-04-25T09:16:56.078+0000] {processor.py:183} INFO - Processing /usr/local/python/3.12.1/lib/python3.12/site-packages/airflow/example_dags/example_latest_only_with_trigger.py took 0.340 seconds
[2026-04-25T09:17:47.961+0000] {processor.py:161} INFO - Started process (PID=16524) to work on /usr/local/python/3.12.1/lib/python3.12/site-packages/airflow/example_dags/example_latest_only_with_trigger.py
[2026-04-25T09:17:47.961+0000] {processor.py:830} INFO - Processing file /usr/local/python/3.12.1/lib/python3.12/site-packages/airflow/example_dags/example_latest_only_with_trigger.py for tasks to queue
[2026-04-25T09:17:47.962+0000] {logging_mixin.py:188} INFO - [2026-04-25T09:17:47.962+0000] {dagbag.py:540} INFO - Filling up the DagBag from /usr/local/python/3.12.1/lib/python3.12/site-packages/airflow/example_dags/example_latest_only_with_trigger.py
[2026-04-25T09:17:47.966+0000] {processor.py:840} INFO - DAG(s) 'latest_only_with_trigger' retrieved from /usr/local/python/3.12.1/lib/python3.12/site-packages/airflow/example_dags/example_latest_only_with_trigger.py
[2026-04-25T09:17:47.979+0000] {logging_mixin.py:188} INFO - [2026-04-25T09:17:47.979+0000] {dag.py:3096} INFO - Sync 1 DAGs
[2026-04-25T09:17:47.994+0000] {logging_mixin.py:188} INFO - [2026-04-25T09:17:47.994+0000] {dag.py:3954} INFO - Setting next_dagrun for latest_only_with_trigger to 2026-04-25 04:00:00+00:00, run_after=2026-04-25 08:00:00+00:00
[2026-04-25T09:17:48.011+0000] {processor.py:183} INFO - Processing /usr/local/python/3.12.1/lib/python3.12/site-packages/airflow/example_dags/example_latest_only_with_trigger.py took 0.054 seconds
[2026-04-25T09:18:52.243+0000] {processor.py:161} INFO - Started process (PID=17022) to work on /usr/local/python/3.12.1/lib/python3.12/site-packages/airflow/example_dags/example_latest_only_with_trigger.py
[2026-04-25T09:18:52.243+0000] {processor.py:830} INFO - Processing file /usr/local/python/3.12.1/lib/python3.12/site-packages/airflow/example_dags/example_latest_only_with_trigger.py for tasks to queue
[2026-04-25T09:18:52.244+0000] {logging_mixin.py:188} INFO - [2026-04-25T09:18:52.244+0000] {dagbag.py:540} INFO - Filling up the DagBag from /usr/local/python/3.12.1/lib/python3.12/site-packages/airflow/example_dags/example_latest_only_with_trigger.py
[2026-04-25T09:18:52.249+0000] {processor.py:840} INFO - DAG(s) 'latest_only_with_trigger' retrieved from /usr/local/python/3.12.1/lib/python3.12/site-packages/airflow/example_dags/example_latest_only_with_trigger.py
[2026-04-25T09:18:52.265+0000] {logging_mixin.py:188} INFO - [2026-04-25T09:18:52.264+0000] {dag.py:3096} INFO - Sync 1 DAGs
[2026-04-25T09:18:52.291+0000] {logging_mixin.py:188} INFO - [2026-04-25T09:18:52.291+0000] {dag.py:3954} INFO - Setting next_dagrun for latest_only_with_trigger to 2026-04-25 04:00:00+00:00, run_after=2026-04-25 08:00:00+00:00
[2026-04-25T09:18:52.309+0000] {processor.py:183} INFO - Processing /usr/local/python/3.12.1/lib/python3.12/site-packages/airflow/example_dags/example_latest_only_with_trigger.py took 0.071 seconds
[2026-04-25T09:19:46.455+0000] {processor.py:161} INFO - Started process (PID=17434) to work on /usr/local/python/3.12.1/lib/python3.12/site-packages/airflow/example_dags/example_latest_only_with_trigger.py
[2026-04-25T09:19:46.455+0000] {processor.py:830} INFO - Processing file /usr/local/python/3.12.1/lib/python3.12/site-packages/airflow/example_dags/example_latest_only_with_trigger.py for tasks to queue
[2026-04-25T09:19:46.456+0000] {logging_mixin.py:188} INFO - [2026-04-25T09:19:46.456+0000] {dagbag.py:540} INFO - Filling up the DagBag from /usr/local/python/3.12.1/lib/python3.12/site-packages/airflow/example_dags/example_latest_only_with_trigger.py
[2026-04-25T09:19:46.460+0000] {processor.py:840} INFO - DAG(s) 'latest_only_with_trigger' retrieved from /usr/local/python/3.12.1/lib/python3.12/site-packages/airflow/example_dags/example_latest_only_with_trigger.py
[2026-04-25T09:19:46.473+0000] {logging_mixin.py:188} INFO - [2026-04-25T09:19:46.473+0000] {dag.py:3096} INFO - Sync 1 DAGs
[2026-04-25T09:19:46.488+0000] {logging_mixin.py:188} INFO - [2026-04-25T09:19:46.488+0000] {dag.py:3954} INFO - Setting next_dagrun for latest_only_with_trigger to 2026-04-25 04:00:00+00:00, run_after=2026-04-25 08:00:00+00:00
[2026-04-25T09:19:46.506+0000] {processor.py:183} INFO - Processing /usr/local/python/3.12.1/lib/python3.12/site-packages/airflow/example_dags/example_latest_only_with_trigger.py took 0.055 seconds
[2026-04-25T09:20:42.862+0000] {processor.py:161} INFO - Started process (PID=17876) to work on /usr/local/python/3.12.1/lib/python3.12/site-packages/airflow/example_dags/example_latest_only_with_trigger.py
[2026-04-25T09:20:42.862+0000] {processor.py:830} INFO - Processing file /usr/local/python/3.12.1/lib/python3.12/site-packages/airflow/example_dags/example_latest_only_with_trigger.py for tasks to queue
[2026-04-25T09:20:42.863+0000] {logging_mixin.py:188} INFO - [2026-04-25T09:20:42.863+0000] {dagbag.py:540} INFO - Filling up the DagBag from /usr/local/python/3.12.1/lib/python3.12/site-packages/airflow/example_dags/example_latest_only_with_trigger.py
[2026-04-25T09:20:42.868+0000] {processor.py:840} INFO - DAG(s) 'latest_only_with_trigger' retrieved from /usr/local/python/3.12.1/lib/python3.12/site-packages/airflow/example_dags/example_latest_only_with_trigger.py
[2026-04-25T09:20:42.880+0000] {logging_mixin.py:188} INFO - [2026-04-25T09:20:42.880+0000] {dag.py:3096} INFO - Sync 1 DAGs
[2026-04-25T09:20:42.895+0000] {logging_mixin.py:188} INFO - [2026-04-25T09:20:42.895+0000] {dag.py:3954} INFO - Setting next_dagrun for latest_only_with_trigger to 2026-04-25 04:00:00+00:00, run_after=2026-04-25 08:00:00+00:00
[2026-04-25T09:20:42.912+0000] {processor.py:183} INFO - Processing /usr/local/python/3.12.1/lib/python3.12/site-packages/airflow/example_dags/example_latest_only_with_trigger.py took 0.055 seconds
[2026-04-25T09:21:42.218+0000] {processor.py:161} INFO - Started process (PID=18336) to work on /usr/local/python/3.12.1/lib/python3.12/site-packages/airflow/example_dags/example_latest_only_with_trigger.py
[2026-04-25T09:21:42.219+0000] {processor.py:830} INFO - Processing file /usr/local/python/3.12.1/lib/python3.12/site-packages/airflow/example_dags/example_latest_only_with_trigger.py for tasks to queue
[2026-04-25T09:21:42.220+0000] {logging_mixin.py:188} INFO - [2026-04-25T09:21:42.220+0000] {dagbag.py:540} INFO - Filling up the DagBag from /usr/local/python/3.12.1/lib/python3.12/site-packages/airflow/example_dags/example_latest_only_with_trigger.py
[2026-04-25T09:21:42.224+0000] {processor.py:840} INFO - DAG(s) 'latest_only_with_trigger' retrieved from /usr/local/python/3.12.1/lib/python3.12/site-packages/airflow/example_dags/example_latest_only_with_trigger.py
[2026-04-25T09:21:42.237+0000] {logging_mixin.py:188} INFO - [2026-04-25T09:21:42.237+0000] {dag.py:3096} INFO - Sync 1 DAGs
[2026-04-25T09:21:42.253+0000] {logging_mixin.py:188} INFO - [2026-04-25T09:21:42.252+0000] {dag.py:3954} INFO - Setting next_dagrun for latest_only_with_trigger to 2026-04-25 04:00:00+00:00, run_after=2026-04-25 08:00:00+00:00
[2026-04-25T09:21:42.273+0000] {processor.py:183} INFO - Processing /usr/local/python/3.12.1/lib/python3.12/site-packages/airflow/example_dags/example_latest_only_with_trigger.py took 0.059 seconds
[2026-04-25T09:22:40.854+0000] {processor.py:161} INFO - Started process (PID=18778) to work on /usr/local/python/3.12.1/lib/python3.12/site-packages/airflow/example_dags/example_latest_only_with_trigger.py
[2026-04-25T09:22:40.855+0000] {processor.py:830} INFO - Processing file /usr/local/python/3.12.1/lib/python3.12/site-packages/airflow/example_dags/example_latest_only_with_trigger.py for tasks to queue
[2026-04-25T09:22:40.856+0000] {logging_mixin.py:188} INFO - [2026-04-25T09:22:40.856+0000] {dagbag.py:540} INFO - Filling up the DagBag from /usr/local/python/3.12.1/lib/python3.12/site-packages/airflow/example_dags/example_latest_only_with_trigger.py
[2026-04-25T09:22:40.866+0000] {processor.py:840} INFO - DAG(s) 'latest_only_with_trigger' retrieved from /usr/local/python/3.12.1/lib/python3.12/site-packages/airflow/example_dags/example_latest_only_with_trigger.py
[2026-04-25T09:22:40.892+0000] {logging_mixin.py:188} INFO - [2026-04-25T09:22:40.892+0000] {dag.py:3096} INFO - Sync 1 DAGs
[2026-04-25T09:22:40.914+0000] {logging_mixin.py:188} INFO - [2026-04-25T09:22:40.914+0000] {dag.py:3954} INFO - Setting next_dagrun for latest_only_with_trigger to 2026-04-25 04:00:00+00:00, run_after=2026-04-25 08:00:00+00:00
[2026-04-25T09:22:40.942+0000] {processor.py:183} INFO - Processing /usr/local/python/3.12.1/lib/python3.12/site-packages/airflow/example_dags/example_latest_only_with_trigger.py took 0.094 seconds
[2026-04-25T09:23:36.752+0000] {processor.py:161} INFO - Started process (PID=19219) to work on /usr/local/python/3.12.1/lib/python3.12/site-packages/airflow/example_dags/example_latest_only_with_trigger.py
[2026-04-25T09:23:36.752+0000] {processor.py:830} INFO - Processing file /usr/local/python/3.12.1/lib/python3.12/site-packages/airflow/example_dags/example_latest_only_with_trigger.py for tasks to queue
[2026-04-25T09:23:36.753+0000] {logging_mixin.py:188} INFO - [2026-04-25T09:23:36.753+0000] {dagbag.py:540} INFO - Filling up the DagBag from /usr/local/python/3.12.1/lib/python3.12/site-packages/airflow/example_dags/example_latest_only_with_trigger.py
[2026-04-25T09:23:36.758+0000] {processor.py:840} INFO - DAG(s) 'latest_only_with_trigger' retrieved from /usr/local/python/3.12.1/lib/python3.12/site-packages/airflow/example_dags/example_latest_only_with_trigger.py
[2026-04-25T09:23:36.770+0000] {logging_mixin.py:188} INFO - [2026-04-25T09:23:36.769+0000] {dag.py:3096} INFO - Sync 1 DAGs
[2026-04-25T09:23:36.784+0000] {logging_mixin.py:188} INFO - [2026-04-25T09:23:36.784+0000] {dag.py:3954} INFO - Setting next_dagrun for latest_only_with_trigger to 2026-04-25 04:00:00+00:00, run_after=2026-04-25 08:00:00+00:00
[2026-04-25T09:23:36.800+0000] {processor.py:183} INFO - Processing /usr/local/python/3.12.1/lib/python3.12/site-packages/airflow/example_dags/example_latest_only_with_trigger.py took 0.053 seconds
[2026-04-25T09:24:37.086+0000] {processor.py:161} INFO - Started process (PID=19686) to work on /usr/local/python/3.12.1/lib/python3.12/site-packages/airflow/example_dags/example_latest_only_with_trigger.py
[2026-04-25T09:24:37.086+0000] {processor.py:830} INFO - Processing file /usr/local/python/3.12.1/lib/python3.12/site-packages/airflow/example_dags/example_latest_only_with_trigger.py for tasks to queue
[2026-04-25T09:24:37.087+0000] {logging_mixin.py:188} INFO - [2026-04-25T09:24:37.087+0000] {dagbag.py:540} INFO - Filling up the DagBag from /usr/local/python/3.12.1/lib/python3.12/site-packages/airflow/example_dags/example_latest_only_with_trigger.py
[2026-04-25T09:24:37.091+0000] {processor.py:840} INFO - DAG(s) 'latest_only_with_trigger' retrieved from /usr/local/python/3.12.1/lib/python3.12/site-packages/airflow/example_dags/example_latest_only_with_trigger.py
[2026-04-25T09:24:37.103+0000] {logging_mixin.py:188} INFO - [2026-04-25T09:24:37.103+0000] {dag.py:3096} INFO - Sync 1 DAGs
[2026-04-25T09:24:37.117+0000] {logging_mixin.py:188} INFO - [2026-04-25T09:24:37.117+0000] {dag.py:3954} INFO - Setting next_dagrun for latest_only_with_trigger to 2026-04-25 04:00:00+00:00, run_after=2026-04-25 08:00:00+00:00
[2026-04-25T09:24:37.133+0000] {processor.py:183} INFO - Processing /usr/local/python/3.12.1/lib/python3.12/site-packages/airflow/example_dags/example_latest_only_with_trigger.py took 0.052 seconds
[2026-04-25T09:25:35.111+0000] {processor.py:161} INFO - Started process (PID=20139) to work on /usr/local/python/3.12.1/lib/python3.12/site-packages/airflow/example_dags/example_latest_only_with_trigger.py
[2026-04-25T09:25:35.112+0000] {processor.py:830} INFO - Processing file /usr/local/python/3.12.1/lib/python3.12/site-packages/airflow/example_dags/example_latest_only_with_trigger.py for tasks to queue
[2026-04-25T09:25:35.113+0000] {logging_mixin.py:188} INFO - [2026-04-25T09:25:35.112+0000] {dagbag.py:540} INFO - Filling up the DagBag from /usr/local/python/3.12.1/lib/python3.12/site-packages/airflow/example_dags/example_latest_only_with_trigger.py
[2026-04-25T09:25:35.117+0000] {processor.py:840} INFO - DAG(s) 'latest_only_with_trigger' retrieved from /usr/local/python/3.12.1/lib/python3.12/site-packages/airflow/example_dags/example_latest_only_with_trigger.py
[2026-04-25T09:25:35.129+0000] {logging_mixin.py:188} INFO - [2026-04-25T09:25:35.129+0000] {dag.py:3096} INFO - Sync 1 DAGs
[2026-04-25T09:25:35.152+0000] {logging_mixin.py:188} INFO - [2026-04-25T09:25:35.152+0000] {dag.py:3954} INFO - Setting next_dagrun for latest_only_with_trigger to 2026-04-25 04:00:00+00:00, run_after=2026-04-25 08:00:00+00:00
[2026-04-25T09:25:35.191+0000] {processor.py:183} INFO - Processing /usr/local/python/3.12.1/lib/python3.12/site-packages/airflow/example_dags/example_latest_only_with_trigger.py took 0.084 seconds
[2026-04-25T09:26:35.108+0000] {processor.py:161} INFO - Started process (PID=20597) to work on /usr/local/python/3.12.1/lib/python3.12/site-packages/airflow/example_dags/example_latest_only_with_trigger.py
[2026-04-25T09:26:35.109+0000] {processor.py:830} INFO - Processing file /usr/local/python/3.12.1/lib/python3.12/site-packages/airflow/example_dags/example_latest_only_with_trigger.py for tasks to queue
[2026-04-25T09:26:35.110+0000] {logging_mixin.py:188} INFO - [2026-04-25T09:26:35.110+0000] {dagbag.py:540} INFO - Filling up the DagBag from /usr/local/python/3.12.1/lib/python3.12/site-packages/airflow/example_dags/example_latest_only_with_trigger.py
[2026-04-25T09:26:35.119+0000] {processor.py:840} INFO - DAG(s) 'latest_only_with_trigger' retrieved from /usr/local/python/3.12.1/lib/python3.12/site-packages/airflow/example_dags/example_latest_only_with_trigger.py
[2026-04-25T09:26:35.141+0000] {logging_mixin.py:188} INFO - [2026-04-25T09:26:35.140+0000] {dag.py:3096} INFO - Sync 1 DAGs
[2026-04-25T09:26:35.194+0000] {logging_mixin.py:188} INFO - [2026-04-25T09:26:35.192+0000] {dag.py:3954} INFO - Setting next_dagrun for latest_only_with_trigger to 2026-04-25 04:00:00+00:00, run_after=2026-04-25 08:00:00+00:00
[2026-04-25T09:26:35.248+0000] {processor.py:183} INFO - Processing /usr/local/python/3.12.1/lib/python3.12/site-packages/airflow/example_dags/example_latest_only_with_trigger.py took 0.147 seconds
[2026-04-25T09:27:32.906+0000] {processor.py:161} INFO - Started process (PID=21041) to work on /usr/local/python/3.12.1/lib/python3.12/site-packages/airflow/example_dags/example_latest_only_with_trigger.py
[2026-04-25T09:27:32.906+0000] {processor.py:830} INFO - Processing file /usr/local/python/3.12.1/lib/python3.12/site-packages/airflow/example_dags/example_latest_only_with_trigger.py for tasks to queue
[2026-04-25T09:27:32.907+0000] {logging_mixin.py:188} INFO - [2026-04-25T09:27:32.907+0000] {dagbag.py:540} INFO - Filling up the DagBag from /usr/local/python/3.12.1/lib/python3.12/site-packages/airflow/example_dags/example_latest_only_with_trigger.py
[2026-04-25T09:27:32.911+0000] {processor.py:840} INFO - DAG(s) 'latest_only_with_trigger' retrieved from /usr/local/python/3.12.1/lib/python3.12/site-packages/airflow/example_dags/example_latest_only_with_trigger.py
[2026-04-25T09:27:32.926+0000] {logging_mixin.py:188} INFO - [2026-04-25T09:27:32.926+0000] {dag.py:3096} INFO - Sync 1 DAGs
[2026-04-25T09:27:32.944+0000] {logging_mixin.py:188} INFO - [2026-04-25T09:27:32.944+0000] {dag.py:3954} INFO - Setting next_dagrun for latest_only_with_trigger to 2026-04-25 04:00:00+00:00, run_after=2026-04-25 08:00:00+00:00
[2026-04-25T09:27:32.960+0000] {processor.py:183} INFO - Processing /usr/local/python/3.12.1/lib/python3.12/site-packages/airflow/example_dags/example_latest_only_with_trigger.py took 0.059 seconds
[2026-04-25T09:28:37.883+0000] {processor.py:161} INFO - Started process (PID=21556) to work on /usr/local/python/3.12.1/lib/python3.12/site-packages/airflow/example_dags/example_latest_only_with_trigger.py
[2026-04-25T09:28:37.884+0000] {processor.py:830} INFO - Processing file /usr/local/python/3.12.1/lib/python3.12/site-packages/airflow/example_dags/example_latest_only_with_trigger.py for tasks to queue
[2026-04-25T09:28:37.884+0000] {logging_mixin.py:188} INFO - [2026-04-25T09:28:37.884+0000] {dagbag.py:540} INFO - Filling up the DagBag from /usr/local/python/3.12.1/lib/python3.12/site-packages/airflow/example_dags/example_latest_only_with_trigger.py
[2026-04-25T09:28:37.889+0000] {processor.py:840} INFO - DAG(s) 'latest_only_with_trigger' retrieved from /usr/local/python/3.12.1/lib/python3.12/site-packages/airflow/example_dags/example_latest_only_with_trigger.py
[2026-04-25T09:28:37.901+0000] {logging_mixin.py:188} INFO - [2026-04-25T09:28:37.901+0000] {dag.py:3096} INFO - Sync 1 DAGs
[2026-04-25T09:28:37.916+0000] {logging_mixin.py:188} INFO - [2026-04-25T09:28:37.915+0000] {dag.py:3954} INFO - Setting next_dagrun for latest_only_with_trigger to 2026-04-25 04:00:00+00:00, run_after=2026-04-25 08:00:00+00:00
[2026-04-25T09:28:38.074+0000] {processor.py:183} INFO - Processing /usr/local/python/3.12.1/lib/python3.12/site-packages/airflow/example_dags/example_latest_only_with_trigger.py took 0.195 seconds
[2026-04-25T09:29:38.434+0000] {processor.py:161} INFO - Started process (PID=22025) to work on /usr/local/python/3.12.1/lib/python3.12/site-packages/airflow/example_dags/example_latest_only_with_trigger.py
[2026-04-25T09:29:38.434+0000] {processor.py:830} INFO - Processing file /usr/local/python/3.12.1/lib/python3.12/site-packages/airflow/example_dags/example_latest_only_with_trigger.py for tasks to queue
[2026-04-25T09:29:38.435+0000] {logging_mixin.py:188} INFO - [2026-04-25T09:29:38.435+0000] {dagbag.py:540} INFO - Filling up the DagBag from /usr/local/python/3.12.1/lib/python3.12/site-packages/airflow/example_dags/example_latest_only_with_trigger.py
[2026-04-25T09:29:38.439+0000] {processor.py:840} INFO - DAG(s) 'latest_only_with_trigger' retrieved from /usr/local/python/3.12.1/lib/python3.12/site-packages/airflow/example_dags/example_latest_only_with_trigger.py
[2026-04-25T09:29:38.451+0000] {logging_mixin.py:188} INFO - [2026-04-25T09:29:38.451+0000] {dag.py:3096} INFO - Sync 1 DAGs
[2026-04-25T09:29:38.466+0000] {logging_mixin.py:188} INFO - [2026-04-25T09:29:38.465+0000] {dag.py:3954} INFO - Setting next_dagrun for latest_only_with_trigger to 2026-04-25 04:00:00+00:00, run_after=2026-04-25 08:00:00+00:00
[2026-04-25T09:29:38.482+0000] {processor.py:183} INFO - Processing /usr/local/python/3.12.1/lib/python3.12/site-packages/airflow/example_dags/example_latest_only_with_trigger.py took 0.053 seconds
[2026-04-25T09:30:36.959+0000] {processor.py:161} INFO - Started process (PID=22455) to work on /usr/local/python/3.12.1/lib/python3.12/site-packages/airflow/example_dags/example_latest_only_with_trigger.py
[2026-04-25T09:30:36.960+0000] {processor.py:830} INFO - Processing file /usr/local/python/3.12.1/lib/python3.12/site-packages/airflow/example_dags/example_latest_only_with_trigger.py for tasks to queue
[2026-04-25T09:30:36.960+0000] {logging_mixin.py:188} INFO - [2026-04-25T09:30:36.960+0000] {dagbag.py:540} INFO - Filling up the DagBag from /usr/local/python/3.12.1/lib/python3.12/site-packages/airflow/example_dags/example_latest_only_with_trigger.py
[2026-04-25T09:30:36.964+0000] {processor.py:840} INFO - DAG(s) 'latest_only_with_trigger' retrieved from /usr/local/python/3.12.1/lib/python3.12/site-packages/airflow/example_dags/example_latest_only_with_trigger.py
[2026-04-25T09:30:36.976+0000] {logging_mixin.py:188} INFO - [2026-04-25T09:30:36.976+0000] {dag.py:3096} INFO - Sync 1 DAGs
[2026-04-25T09:30:36.990+0000] {logging_mixin.py:188} INFO - [2026-04-25T09:30:36.990+0000] {dag.py:3954} INFO - Setting next_dagrun for latest_only_with_trigger to 2026-04-25 04:00:00+00:00, run_after=2026-04-25 08:00:00+00:00
[2026-04-25T09:30:37.006+0000] {processor.py:183} INFO - Processing /usr/local/python/3.12.1/lib/python3.12/site-packages/airflow/example_dags/example_latest_only_with_trigger.py took 0.051 seconds
[2026-04-25T09:31:23.143+0000] {processor.py:161} INFO - Started process (PID=22821) to work on /usr/local/python/3.12.1/lib/python3.12/site-packages/airflow/example_dags/example_latest_only_with_trigger.py
[2026-04-25T09:31:23.146+0000] {processor.py:830} INFO - Processing file /usr/local/python/3.12.1/lib/python3.12/site-packages/airflow/example_dags/example_latest_only_with_trigger.py for tasks to queue
[2026-04-25T09:31:23.147+0000] {logging_mixin.py:188} INFO - [2026-04-25T09:31:23.147+0000] {dagbag.py:540} INFO - Filling up the DagBag from /usr/local/python/3.12.1/lib/python3.12/site-packages/airflow/example_dags/example_latest_only_with_trigger.py
[2026-04-25T09:31:23.153+0000] {processor.py:840} INFO - DAG(s) 'latest_only_with_trigger' retrieved from /usr/local/python/3.12.1/lib/python3.12/site-packages/airflow/example_dags/example_latest_only_with_trigger.py
[2026-04-25T09:31:23.176+0000] {logging_mixin.py:188} INFO - [2026-04-25T09:31:23.175+0000] {dag.py:3096} INFO - Sync 1 DAGs
[2026-04-25T09:31:23.221+0000] {logging_mixin.py:188} INFO - [2026-04-25T09:31:23.218+0000] {dag.py:3954} INFO - Setting next_dagrun for latest_only_with_trigger to 2026-04-25 04:00:00+00:00, run_after=2026-04-25 08:00:00+00:00
[2026-04-25T09:31:23.274+0000] {processor.py:183} INFO - Processing /usr/local/python/3.12.1/lib/python3.12/site-packages/airflow/example_dags/example_latest_only_with_trigger.py took 0.140 seconds
[2026-04-25T09:32:27.225+0000] {processor.py:161} INFO - Started process (PID=23304) to work on /usr/local/python/3.12.1/lib/python3.12/site-packages/airflow/example_dags/example_latest_only_with_trigger.py
[2026-04-25T09:32:27.226+0000] {processor.py:830} INFO - Processing file /usr/local/python/3.12.1/lib/python3.12/site-packages/airflow/example_dags/example_latest_only_with_trigger.py for tasks to queue
[2026-04-25T09:32:27.227+0000] {logging_mixin.py:188} INFO - [2026-04-25T09:32:27.226+0000] {dagbag.py:540} INFO - Filling up the DagBag from /usr/local/python/3.12.1/lib/python3.12/site-packages/airflow/example_dags/example_latest_only_with_trigger.py
[2026-04-25T09:32:27.233+0000] {processor.py:840} INFO - DAG(s) 'latest_only_with_trigger' retrieved from /usr/local/python/3.12.1/lib/python3.12/site-packages/airflow/example_dags/example_latest_only_with_trigger.py
[2026-04-25T09:32:27.251+0000] {logging_mixin.py:188} INFO - [2026-04-25T09:32:27.251+0000] {dag.py:3096} INFO - Sync 1 DAGs
[2026-04-25T09:32:27.268+0000] {logging_mixin.py:188} INFO - [2026-04-25T09:32:27.268+0000] {dag.py:3954} INFO - Setting next_dagrun for latest_only_with_trigger to 2026-04-25 04:00:00+00:00, run_after=2026-04-25 08:00:00+00:00
[2026-04-25T09:32:27.285+0000] {processor.py:183} INFO - Processing /usr/local/python/3.12.1/lib/python3.12/site-packages/airflow/example_dags/example_latest_only_with_trigger.py took 0.066 seconds
[2026-04-25T09:33:35.149+0000] {processor.py:161} INFO - Started process (PID=23831) to work on /usr/local/python/3.12.1/lib/python3.12/site-packages/airflow/example_dags/example_latest_only_with_trigger.py
[2026-04-25T09:33:35.150+0000] {processor.py:830} INFO - Processing file /usr/local/python/3.12.1/lib/python3.12/site-packages/airflow/example_dags/example_latest_only_with_trigger.py for tasks to queue
[2026-04-25T09:33:35.150+0000] {logging_mixin.py:188} INFO - [2026-04-25T09:33:35.150+0000] {dagbag.py:540} INFO - Filling up the DagBag from /usr/local/python/3.12.1/lib/python3.12/site-packages/airflow/example_dags/example_latest_only_with_trigger.py
[2026-04-25T09:33:35.155+0000] {processor.py:840} INFO - DAG(s) 'latest_only_with_trigger' retrieved from /usr/local/python/3.12.1/lib/python3.12/site-packages/airflow/example_dags/example_latest_only_with_trigger.py
[2026-04-25T09:33:35.312+0000] {logging_mixin.py:188} INFO - [2026-04-25T09:33:35.312+0000] {dag.py:3096} INFO - Sync 1 DAGs
[2026-04-25T09:33:35.325+0000] {logging_mixin.py:188} INFO - [2026-04-25T09:33:35.324+0000] {dag.py:3954} INFO - Setting next_dagrun for latest_only_with_trigger to 2026-04-25 04:00:00+00:00, run_after=2026-04-25 08:00:00+00:00
[2026-04-25T09:33:35.341+0000] {processor.py:183} INFO - Processing /usr/local/python/3.12.1/lib/python3.12/site-packages/airflow/example_dags/example_latest_only_with_trigger.py took 0.196 seconds
[2026-04-25T09:34:21.359+0000] {processor.py:161} INFO - Started process (PID=24180) to work on /usr/local/python/3.12.1/lib/python3.12/site-packages/airflow/example_dags/example_latest_only_with_trigger.py
[2026-04-25T09:34:21.360+0000] {processor.py:830} INFO - Processing file /usr/local/python/3.12.1/lib/python3.12/site-packages/airflow/example_dags/example_latest_only_with_trigger.py for tasks to queue
[2026-04-25T09:34:21.360+0000] {logging_mixin.py:188} INFO - [2026-04-25T09:34:21.360+0000] {dagbag.py:540} INFO - Filling up the DagBag from /usr/local/python/3.12.1/lib/python3.12/site-packages/airflow/example_dags/example_latest_only_with_trigger.py
[2026-04-25T09:34:21.365+0000] {processor.py:840} INFO - DAG(s) 'latest_only_with_trigger' retrieved from /usr/local/python/3.12.1/lib/python3.12/site-packages/airflow/example_dags/example_latest_only_with_trigger.py
[2026-04-25T09:34:21.377+0000] {logging_mixin.py:188} INFO - [2026-04-25T09:34:21.377+0000] {dag.py:3096} INFO - Sync 1 DAGs
[2026-04-25T09:34:21.392+0000] {logging_mixin.py:188} INFO - [2026-04-25T09:34:21.392+0000] {dag.py:3954} INFO - Setting next_dagrun for latest_only_with_trigger to 2026-04-25 04:00:00+00:00, run_after=2026-04-25 08:00:00+00:00
[2026-04-25T09:34:21.409+0000] {processor.py:183} INFO - Processing /usr/local/python/3.12.1/lib/python3.12/site-packages/airflow/example_dags/example_latest_only_with_trigger.py took 0.055 seconds
[2026-04-25T09:35:15.752+0000] {processor.py:161} INFO - Started process (PID=24609) to work on /usr/local/python/3.12.1/lib/python3.12/site-packages/airflow/example_dags/example_latest_only_with_trigger.py
[2026-04-25T09:35:15.753+0000] {processor.py:830} INFO - Processing file /usr/local/python/3.12.1/lib/python3.12/site-packages/airflow/example_dags/example_latest_only_with_trigger.py for tasks to queue
[2026-04-25T09:35:15.753+0000] {logging_mixin.py:188} INFO - [2026-04-25T09:35:15.753+0000] {dagbag.py:540} INFO - Filling up the DagBag from /usr/local/python/3.12.1/lib/python3.12/site-packages/airflow/example_dags/example_latest_only_with_trigger.py
[2026-04-25T09:35:15.758+0000] {processor.py:840} INFO - DAG(s) 'latest_only_with_trigger' retrieved from /usr/local/python/3.12.1/lib/python3.12/site-packages/airflow/example_dags/example_latest_only_with_trigger.py
[2026-04-25T09:35:15.770+0000] {logging_mixin.py:188} INFO - [2026-04-25T09:35:15.770+0000] {dag.py:3096} INFO - Sync 1 DAGs
[2026-04-25T09:35:15.785+0000] {logging_mixin.py:188} INFO - [2026-04-25T09:35:15.785+0000] {dag.py:3954} INFO - Setting next_dagrun for latest_only_with_trigger to 2026-04-25 04:00:00+00:00, run_after=2026-04-25 08:00:00+00:00
[2026-04-25T09:35:15.801+0000] {processor.py:183} INFO - Processing /usr/local/python/3.12.1/lib/python3.12/site-packages/airflow/example_dags/example_latest_only_with_trigger.py took 0.054 seconds
[2026-04-25T09:36:13.099+0000] {processor.py:161} INFO - Started process (PID=25047) to work on /usr/local/python/3.12.1/lib/python3.12/site-packages/airflow/example_dags/example_latest_only_with_trigger.py
[2026-04-25T09:36:13.100+0000] {processor.py:830} INFO - Processing file /usr/local/python/3.12.1/lib/python3.12/site-packages/airflow/example_dags/example_latest_only_with_trigger.py for tasks to queue
[2026-04-25T09:36:13.100+0000] {logging_mixin.py:188} INFO - [2026-04-25T09:36:13.100+0000] {dagbag.py:540} INFO - Filling up the DagBag from /usr/local/python/3.12.1/lib/python3.12/site-packages/airflow/example_dags/example_latest_only_with_trigger.py
[2026-04-25T09:36:13.105+0000] {processor.py:840} INFO - DAG(s) 'latest_only_with_trigger' retrieved from /usr/local/python/3.12.1/lib/python3.12/site-packages/airflow/example_dags/example_latest_only_with_trigger.py
[2026-04-25T09:36:13.118+0000] {logging_mixin.py:188} INFO - [2026-04-25T09:36:13.117+0000] {dag.py:3096} INFO - Sync 1 DAGs
[2026-04-25T09:36:13.135+0000] {logging_mixin.py:188} INFO - [2026-04-25T09:36:13.134+0000] {dag.py:3954} INFO - Setting next_dagrun for latest_only_with_trigger to 2026-04-25 04:00:00+00:00, run_after=2026-04-25 08:00:00+00:00
[2026-04-25T09:36:13.151+0000] {processor.py:183} INFO - Processing /usr/local/python/3.12.1/lib/python3.12/site-packages/airflow/example_dags/example_latest_only_with_trigger.py took 0.057 seconds
[2026-04-25T09:37:16.122+0000] {processor.py:161} INFO - Started process (PID=25535) to work on /usr/local/python/3.12.1/lib/python3.12/site-packages/airflow/example_dags/example_latest_only_with_trigger.py
[2026-04-25T09:37:16.123+0000] {processor.py:830} INFO - Processing file /usr/local/python/3.12.1/lib/python3.12/site-packages/airflow/example_dags/example_latest_only_with_trigger.py for tasks to queue
[2026-04-25T09:37:16.124+0000] {logging_mixin.py:188} INFO - [2026-04-25T09:37:16.124+0000] {dagbag.py:540} INFO - Filling up the DagBag from /usr/local/python/3.12.1/lib/python3.12/site-packages/airflow/example_dags/example_latest_only_with_trigger.py
[2026-04-25T09:37:16.133+0000] {processor.py:840} INFO - DAG(s) 'latest_only_with_trigger' retrieved from /usr/local/python/3.12.1/lib/python3.12/site-packages/airflow/example_dags/example_latest_only_with_trigger.py
[2026-04-25T09:37:16.153+0000] {logging_mixin.py:188} INFO - [2026-04-25T09:37:16.153+0000] {dag.py:3096} INFO - Sync 1 DAGs
[2026-04-25T09:37:16.183+0000] {logging_mixin.py:188} INFO - [2026-04-25T09:37:16.182+0000] {dag.py:3954} INFO - Setting next_dagrun for latest_only_with_trigger to 2026-04-25 04:00:00+00:00, run_after=2026-04-25 08:00:00+00:00
[2026-04-25T09:37:16.214+0000] {processor.py:183} INFO - Processing /usr/local/python/3.12.1/lib/python3.12/site-packages/airflow/example_dags/example_latest_only_with_trigger.py took 0.098 seconds
[2026-04-25T09:38:16.718+0000] {processor.py:161} INFO - Started process (PID=25990) to work on /usr/local/python/3.12.1/lib/python3.12/site-packages/airflow/example_dags/example_latest_only_with_trigger.py
[2026-04-25T09:38:16.718+0000] {processor.py:830} INFO - Processing file /usr/local/python/3.12.1/lib/python3.12/site-packages/airflow/example_dags/example_latest_only_with_trigger.py for tasks to queue
[2026-04-25T09:38:16.719+0000] {logging_mixin.py:188} INFO - [2026-04-25T09:38:16.719+0000] {dagbag.py:540} INFO - Filling up the DagBag from /usr/local/python/3.12.1/lib/python3.12/site-packages/airflow/example_dags/example_latest_only_with_trigger.py
[2026-04-25T09:38:16.723+0000] {processor.py:840} INFO - DAG(s) 'latest_only_with_trigger' retrieved from /usr/local/python/3.12.1/lib/python3.12/site-packages/airflow/example_dags/example_latest_only_with_trigger.py
[2026-04-25T09:38:16.736+0000] {logging_mixin.py:188} INFO - [2026-04-25T09:38:16.735+0000] {dag.py:3096} INFO - Sync 1 DAGs
[2026-04-25T09:38:16.751+0000] {logging_mixin.py:188} INFO - [2026-04-25T09:38:16.751+0000] {dag.py:3954} INFO - Setting next_dagrun for latest_only_with_trigger to 2026-04-25 04:00:00+00:00, run_after=2026-04-25 08:00:00+00:00
[2026-04-25T09:38:16.770+0000] {processor.py:183} INFO - Processing /usr/local/python/3.12.1/lib/python3.12/site-packages/airflow/example_dags/example_latest_only_with_trigger.py took 0.056 seconds
[2026-04-25T09:39:17.588+0000] {processor.py:161} INFO - Started process (PID=26466) to work on /usr/local/python/3.12.1/lib/python3.12/site-packages/airflow/example_dags/example_latest_only_with_trigger.py
[2026-04-25T09:39:17.589+0000] {processor.py:830} INFO - Processing file /usr/local/python/3.12.1/lib/python3.12/site-packages/airflow/example_dags/example_latest_only_with_trigger.py for tasks to queue
[2026-04-25T09:39:17.589+0000] {logging_mixin.py:188} INFO - [2026-04-25T09:39:17.589+0000] {dagbag.py:540} INFO - Filling up the DagBag from /usr/local/python/3.12.1/lib/python3.12/site-packages/airflow/example_dags/example_latest_only_with_trigger.py
[2026-04-25T09:39:17.594+0000] {processor.py:840} INFO - DAG(s) 'latest_only_with_trigger' retrieved from /usr/local/python/3.12.1/lib/python3.12/site-packages/airflow/example_dags/example_latest_only_with_trigger.py
[2026-04-25T09:39:17.606+0000] {logging_mixin.py:188} INFO - [2026-04-25T09:39:17.606+0000] {dag.py:3096} INFO - Sync 1 DAGs
[2026-04-25T09:39:17.621+0000] {logging_mixin.py:188} INFO - [2026-04-25T09:39:17.621+0000] {dag.py:3954} INFO - Setting next_dagrun for latest_only_with_trigger to 2026-04-25 04:00:00+00:00, run_after=2026-04-25 08:00:00+00:00
[2026-04-25T09:39:17.639+0000] {processor.py:183} INFO - Processing /usr/local/python/3.12.1/lib/python3.12/site-packages/airflow/example_dags/example_latest_only_with_trigger.py took 0.055 seconds
[2026-04-25T09:40:16.020+0000] {processor.py:161} INFO - Started process (PID=26919) to work on /usr/local/python/3.12.1/lib/python3.12/site-packages/airflow/example_dags/example_latest_only_with_trigger.py
[2026-04-25T09:40:16.020+0000] {processor.py:830} INFO - Processing file /usr/local/python/3.12.1/lib/python3.12/site-packages/airflow/example_dags/example_latest_only_with_trigger.py for tasks to queue
[2026-04-25T09:40:16.021+0000] {logging_mixin.py:188} INFO - [2026-04-25T09:40:16.021+0000] {dagbag.py:540} INFO - Filling up the DagBag from /usr/local/python/3.12.1/lib/python3.12/site-packages/airflow/example_dags/example_latest_only_with_trigger.py
[2026-04-25T09:40:16.026+0000] {processor.py:840} INFO - DAG(s) 'latest_only_with_trigger' retrieved from /usr/local/python/3.12.1/lib/python3.12/site-packages/airflow/example_dags/example_latest_only_with_trigger.py
[2026-04-25T09:40:16.038+0000] {logging_mixin.py:188} INFO - [2026-04-25T09:40:16.038+0000] {dag.py:3096} INFO - Sync 1 DAGs
[2026-04-25T09:40:16.053+0000] {logging_mixin.py:188} INFO - [2026-04-25T09:40:16.053+0000] {dag.py:3954} INFO - Setting next_dagrun for latest_only_with_trigger to 2026-04-25 04:00:00+00:00, run_after=2026-04-25 08:00:00+00:00
[2026-04-25T09:40:16.070+0000] {processor.py:183} INFO - Processing /usr/local/python/3.12.1/lib/python3.12/site-packages/airflow/example_dags/example_latest_only_with_trigger.py took 0.055 seconds
[2026-04-25T09:41:13.893+0000] {processor.py:161} INFO - Started process (PID=27373) to work on /usr/local/python/3.12.1/lib/python3.12/site-packages/airflow/example_dags/example_latest_only_with_trigger.py
[2026-04-25T09:41:13.893+0000] {processor.py:830} INFO - Processing file /usr/local/python/3.12.1/lib/python3.12/site-packages/airflow/example_dags/example_latest_only_with_trigger.py for tasks to queue
[2026-04-25T09:41:13.894+0000] {logging_mixin.py:188} INFO - [2026-04-25T09:41:13.894+0000] {dagbag.py:540} INFO - Filling up the DagBag from /usr/local/python/3.12.1/lib/python3.12/site-packages/airflow/example_dags/example_latest_only_with_trigger.py
[2026-04-25T09:41:13.898+0000] {processor.py:840} INFO - DAG(s) 'latest_only_with_trigger' retrieved from /usr/local/python/3.12.1/lib/python3.12/site-packages/airflow/example_dags/example_latest_only_with_trigger.py
[2026-04-25T09:41:13.911+0000] {logging_mixin.py:188} INFO - [2026-04-25T09:41:13.910+0000] {dag.py:3096} INFO - Sync 1 DAGs
[2026-04-25T09:41:13.926+0000] {logging_mixin.py:188} INFO - [2026-04-25T09:41:13.926+0000] {dag.py:3954} INFO - Setting next_dagrun for latest_only_with_trigger to 2026-04-25 04:00:00+00:00, run_after=2026-04-25 08:00:00+00:00
[2026-04-25T09:41:13.943+0000] {processor.py:183} INFO - Processing /usr/local/python/3.12.1/lib/python3.12/site-packages/airflow/example_dags/example_latest_only_with_trigger.py took 0.054 seconds
[2026-04-25T09:42:10.215+0000] {processor.py:161} INFO - Started process (PID=27803) to work on /usr/local/python/3.12.1/lib/python3.12/site-packages/airflow/example_dags/example_latest_only_with_trigger.py
[2026-04-25T09:42:10.215+0000] {processor.py:830} INFO - Processing file /usr/local/python/3.12.1/lib/python3.12/site-packages/airflow/example_dags/example_latest_only_with_trigger.py for tasks to queue
[2026-04-25T09:42:10.216+0000] {logging_mixin.py:188} INFO - [2026-04-25T09:42:10.216+0000] {dagbag.py:540} INFO - Filling up the DagBag from /usr/local/python/3.12.1/lib/python3.12/site-packages/airflow/example_dags/example_latest_only_with_trigger.py
[2026-04-25T09:42:10.221+0000] {processor.py:840} INFO - DAG(s) 'latest_only_with_trigger' retrieved from /usr/local/python/3.12.1/lib/python3.12/site-packages/airflow/example_dags/example_latest_only_with_trigger.py
[2026-04-25T09:42:10.233+0000] {logging_mixin.py:188} INFO - [2026-04-25T09:42:10.232+0000] {dag.py:3096} INFO - Sync 1 DAGs
[2026-04-25T09:42:10.248+0000] {logging_mixin.py:188} INFO - [2026-04-25T09:42:10.247+0000] {dag.py:3954} INFO - Setting next_dagrun for latest_only_with_trigger to 2026-04-25 04:00:00+00:00, run_after=2026-04-25 08:00:00+00:00
[2026-04-25T09:42:10.265+0000] {processor.py:183} INFO - Processing /usr/local/python/3.12.1/lib/python3.12/site-packages/airflow/example_dags/example_latest_only_with_trigger.py took 0.054 seconds
[2026-04-25T09:43:11.688+0000] {processor.py:161} INFO - Started process (PID=28277) to work on /usr/local/python/3.12.1/lib/python3.12/site-packages/airflow/example_dags/example_latest_only_with_trigger.py
[2026-04-25T09:43:11.689+0000] {processor.py:830} INFO - Processing file /usr/local/python/3.12.1/lib/python3.12/site-packages/airflow/example_dags/example_latest_only_with_trigger.py for tasks to queue
[2026-04-25T09:43:11.689+0000] {logging_mixin.py:188} INFO - [2026-04-25T09:43:11.689+0000] {dagbag.py:540} INFO - Filling up the DagBag from /usr/local/python/3.12.1/lib/python3.12/site-packages/airflow/example_dags/example_latest_only_with_trigger.py
[2026-04-25T09:43:11.694+0000] {processor.py:840} INFO - DAG(s) 'latest_only_with_trigger' retrieved from /usr/local/python/3.12.1/lib/python3.12/site-packages/airflow/example_dags/example_latest_only_with_trigger.py
[2026-04-25T09:43:11.706+0000] {logging_mixin.py:188} INFO - [2026-04-25T09:43:11.705+0000] {dag.py:3096} INFO - Sync 1 DAGs
[2026-04-25T09:43:11.721+0000] {logging_mixin.py:188} INFO - [2026-04-25T09:43:11.720+0000] {dag.py:3954} INFO - Setting next_dagrun for latest_only_with_trigger to 2026-04-25 04:00:00+00:00, run_after=2026-04-25 08:00:00+00:00
[2026-04-25T09:43:11.737+0000] {processor.py:183} INFO - Processing /usr/local/python/3.12.1/lib/python3.12/site-packages/airflow/example_dags/example_latest_only_with_trigger.py took 0.053 seconds
[2026-04-25T09:44:13.495+0000] {processor.py:161} INFO - Started process (PID=28774) to work on /usr/local/python/3.12.1/lib/python3.12/site-packages/airflow/example_dags/example_latest_only_with_trigger.py
[2026-04-25T09:44:13.496+0000] {processor.py:830} INFO - Processing file /usr/local/python/3.12.1/lib/python3.12/site-packages/airflow/example_dags/example_latest_only_with_trigger.py for tasks to queue
[2026-04-25T09:44:13.497+0000] {logging_mixin.py:188} INFO - [2026-04-25T09:44:13.496+0000] {dagbag.py:540} INFO - Filling up the DagBag from /usr/local/python/3.12.1/lib/python3.12/site-packages/airflow/example_dags/example_latest_only_with_trigger.py
[2026-04-25T09:44:13.501+0000] {processor.py:840} INFO - DAG(s) 'latest_only_with_trigger' retrieved from /usr/local/python/3.12.1/lib/python3.12/site-packages/airflow/example_dags/example_latest_only_with_trigger.py
[2026-04-25T09:44:13.513+0000] {logging_mixin.py:188} INFO - [2026-04-25T09:44:13.513+0000] {dag.py:3096} INFO - Sync 1 DAGs
[2026-04-25T09:44:13.528+0000] {logging_mixin.py:188} INFO - [2026-04-25T09:44:13.527+0000] {dag.py:3954} INFO - Setting next_dagrun for latest_only_with_trigger to 2026-04-25 04:00:00+00:00, run_after=2026-04-25 08:00:00+00:00
[2026-04-25T09:44:13.544+0000] {processor.py:183} INFO - Processing /usr/local/python/3.12.1/lib/python3.12/site-packages/airflow/example_dags/example_latest_only_with_trigger.py took 0.053 seconds
[2026-04-25T09:45:10.916+0000] {processor.py:161} INFO - Started process (PID=29206) to work on /usr/local/python/3.12.1/lib/python3.12/site-packages/airflow/example_dags/example_latest_only_with_trigger.py
[2026-04-25T09:45:10.917+0000] {processor.py:830} INFO - Processing file /usr/local/python/3.12.1/lib/python3.12/site-packages/airflow/example_dags/example_latest_only_with_trigger.py for tasks to queue
[2026-04-25T09:45:10.918+0000] {logging_mixin.py:188} INFO - [2026-04-25T09:45:10.917+0000] {dagbag.py:540} INFO - Filling up the DagBag from /usr/local/python/3.12.1/lib/python3.12/site-packages/airflow/example_dags/example_latest_only_with_trigger.py
[2026-04-25T09:45:10.922+0000] {processor.py:840} INFO - DAG(s) 'latest_only_with_trigger' retrieved from /usr/local/python/3.12.1/lib/python3.12/site-packages/airflow/example_dags/example_latest_only_with_trigger.py
[2026-04-25T09:45:10.934+0000] {logging_mixin.py:188} INFO - [2026-04-25T09:45:10.934+0000] {dag.py:3096} INFO - Sync 1 DAGs
[2026-04-25T09:45:10.949+0000] {logging_mixin.py:188} INFO - [2026-04-25T09:45:10.949+0000] {dag.py:3954} INFO - Setting next_dagrun for latest_only_with_trigger to 2026-04-25 04:00:00+00:00, run_after=2026-04-25 08:00:00+00:00
[2026-04-25T09:45:10.966+0000] {processor.py:183} INFO - Processing /usr/local/python/3.12.1/lib/python3.12/site-packages/airflow/example_dags/example_latest_only_with_trigger.py took 0.054 seconds
[2026-04-25T09:46:12.853+0000] {processor.py:161} INFO - Started process (PID=29681) to work on /usr/local/python/3.12.1/lib/python3.12/site-packages/airflow/example_dags/example_latest_only_with_trigger.py
[2026-04-25T09:46:12.853+0000] {processor.py:830} INFO - Processing file /usr/local/python/3.12.1/lib/python3.12/site-packages/airflow/example_dags/example_latest_only_with_trigger.py for tasks to queue
[2026-04-25T09:46:12.854+0000] {logging_mixin.py:188} INFO - [2026-04-25T09:46:12.854+0000] {dagbag.py:540} INFO - Filling up the DagBag from /usr/local/python/3.12.1/lib/python3.12/site-packages/airflow/example_dags/example_latest_only_with_trigger.py
[2026-04-25T09:46:12.858+0000] {processor.py:840} INFO - DAG(s) 'latest_only_with_trigger' retrieved from /usr/local/python/3.12.1/lib/python3.12/site-packages/airflow/example_dags/example_latest_only_with_trigger.py
[2026-04-25T09:46:12.870+0000] {logging_mixin.py:188} INFO - [2026-04-25T09:46:12.870+0000] {dag.py:3096} INFO - Sync 1 DAGs
[2026-04-25T09:46:12.888+0000] {logging_mixin.py:188} INFO - [2026-04-25T09:46:12.888+0000] {dag.py:3954} INFO - Setting next_dagrun for latest_only_with_trigger to 2026-04-25 04:00:00+00:00, run_after=2026-04-25 08:00:00+00:00
[2026-04-25T09:46:12.905+0000] {processor.py:183} INFO - Processing /usr/local/python/3.12.1/lib/python3.12/site-packages/airflow/example_dags/example_latest_only_with_trigger.py took 0.057 seconds
