[2026-04-25T09:06:03.929+0000] {processor.py:161} INFO - Started process (PID=8327) to work on /usr/local/python/3.12.1/lib/python3.12/site-packages/airflow/example_dags/example_short_circuit_decorator.py
[2026-04-25T09:06:03.930+0000] {processor.py:830} INFO - Processing file /usr/local/python/3.12.1/lib/python3.12/site-packages/airflow/example_dags/example_short_circuit_decorator.py for tasks to queue
[2026-04-25T09:06:03.931+0000] {logging_mixin.py:188} INFO - [2026-04-25T09:06:03.930+0000] {dagbag.py:540} INFO - Filling up the DagBag from /usr/local/python/3.12.1/lib/python3.12/site-packages/airflow/example_dags/example_short_circuit_decorator.py
[2026-04-25T09:06:03.939+0000] {processor.py:840} INFO - DAG(s) 'example_short_circuit_decorator' retrieved from /usr/local/python/3.12.1/lib/python3.12/site-packages/airflow/example_dags/example_short_circuit_decorator.py
[2026-04-25T09:06:04.039+0000] {logging_mixin.py:188} INFO - [2026-04-25T09:06:04.038+0000] {override.py:1930} INFO - Created Permission View: can delete on DAG:example_short_circuit_decorator
[2026-04-25T09:06:04.047+0000] {logging_mixin.py:188} INFO - [2026-04-25T09:06:04.047+0000] {override.py:1930} INFO - Created Permission View: can edit on DAG:example_short_circuit_decorator
[2026-04-25T09:06:04.054+0000] {logging_mixin.py:188} INFO - [2026-04-25T09:06:04.053+0000] {override.py:1930} INFO - Created Permission View: can read on DAG:example_short_circuit_decorator
[2026-04-25T09:06:04.054+0000] {logging_mixin.py:188} INFO - [2026-04-25T09:06:04.054+0000] {dag.py:3096} INFO - Sync 1 DAGs
[2026-04-25T09:06:04.062+0000] {logging_mixin.py:188} INFO - [2026-04-25T09:06:04.062+0000] {dag.py:3118} INFO - Creating ORM DAG for example_short_circuit_decorator
[2026-04-25T09:06:04.069+0000] {logging_mixin.py:188} INFO - [2026-04-25T09:06:04.069+0000] {dag.py:3954} INFO - Setting next_dagrun for example_short_circuit_decorator to 2026-04-24 00:00:00+00:00, run_after=2026-04-25 00:00:00+00:00
[2026-04-25T09:06:04.091+0000] {processor.py:183} INFO - Processing /usr/local/python/3.12.1/lib/python3.12/site-packages/airflow/example_dags/example_short_circuit_decorator.py took 0.166 seconds
[2026-04-25T09:06:59.667+0000] {processor.py:161} INFO - Started process (PID=8963) to work on /usr/local/python/3.12.1/lib/python3.12/site-packages/airflow/example_dags/example_short_circuit_decorator.py
[2026-04-25T09:06:59.668+0000] {processor.py:830} INFO - Processing file /usr/local/python/3.12.1/lib/python3.12/site-packages/airflow/example_dags/example_short_circuit_decorator.py for tasks to queue
[2026-04-25T09:06:59.668+0000] {logging_mixin.py:188} INFO - [2026-04-25T09:06:59.668+0000] {dagbag.py:540} INFO - Filling up the DagBag from /usr/local/python/3.12.1/lib/python3.12/site-packages/airflow/example_dags/example_short_circuit_decorator.py
[2026-04-25T09:06:59.675+0000] {processor.py:840} INFO - DAG(s) 'example_short_circuit_decorator' retrieved from /usr/local/python/3.12.1/lib/python3.12/site-packages/airflow/example_dags/example_short_circuit_decorator.py
[2026-04-25T09:06:59.689+0000] {logging_mixin.py:188} INFO - [2026-04-25T09:06:59.689+0000] {dag.py:3096} INFO - Sync 1 DAGs
[2026-04-25T09:06:59.704+0000] {logging_mixin.py:188} INFO - [2026-04-25T09:06:59.704+0000] {dag.py:3954} INFO - Setting next_dagrun for example_short_circuit_decorator to 2026-04-24 00:00:00+00:00, run_after=2026-04-25 00:00:00+00:00
[2026-04-25T09:06:59.722+0000] {processor.py:183} INFO - Processing /usr/local/python/3.12.1/lib/python3.12/site-packages/airflow/example_dags/example_short_circuit_decorator.py took 0.059 seconds
[2026-04-25T09:07:50.361+0000] {processor.py:161} INFO - Started process (PID=9394) to work on /usr/local/python/3.12.1/lib/python3.12/site-packages/airflow/example_dags/example_short_circuit_decorator.py
[2026-04-25T09:07:50.362+0000] {processor.py:830} INFO - Processing file /usr/local/python/3.12.1/lib/python3.12/site-packages/airflow/example_dags/example_short_circuit_decorator.py for tasks to queue
[2026-04-25T09:07:50.362+0000] {logging_mixin.py:188} INFO - [2026-04-25T09:07:50.362+0000] {dagbag.py:540} INFO - Filling up the DagBag from /usr/local/python/3.12.1/lib/python3.12/site-packages/airflow/example_dags/example_short_circuit_decorator.py
[2026-04-25T09:07:50.371+0000] {processor.py:840} INFO - DAG(s) 'example_short_circuit_decorator' retrieved from /usr/local/python/3.12.1/lib/python3.12/site-packages/airflow/example_dags/example_short_circuit_decorator.py
[2026-04-25T09:07:50.393+0000] {logging_mixin.py:188} INFO - [2026-04-25T09:07:50.393+0000] {dag.py:3096} INFO - Sync 1 DAGs
[2026-04-25T09:07:50.408+0000] {logging_mixin.py:188} INFO - [2026-04-25T09:07:50.408+0000] {dag.py:3954} INFO - Setting next_dagrun for example_short_circuit_decorator to 2026-04-24 00:00:00+00:00, run_after=2026-04-25 00:00:00+00:00
[2026-04-25T09:07:50.436+0000] {processor.py:183} INFO - Processing /usr/local/python/3.12.1/lib/python3.12/site-packages/airflow/example_dags/example_short_circuit_decorator.py took 0.080 seconds
[2026-04-25T09:08:38.503+0000] {processor.py:161} INFO - Started process (PID=9897) to work on /usr/local/python/3.12.1/lib/python3.12/site-packages/airflow/example_dags/example_short_circuit_decorator.py
[2026-04-25T09:08:38.504+0000] {processor.py:830} INFO - Processing file /usr/local/python/3.12.1/lib/python3.12/site-packages/airflow/example_dags/example_short_circuit_decorator.py for tasks to queue
[2026-04-25T09:08:38.505+0000] {logging_mixin.py:188} INFO - [2026-04-25T09:08:38.504+0000] {dagbag.py:540} INFO - Filling up the DagBag from /usr/local/python/3.12.1/lib/python3.12/site-packages/airflow/example_dags/example_short_circuit_decorator.py
[2026-04-25T09:08:38.512+0000] {processor.py:840} INFO - DAG(s) 'example_short_circuit_decorator' retrieved from /usr/local/python/3.12.1/lib/python3.12/site-packages/airflow/example_dags/example_short_circuit_decorator.py
[2026-04-25T09:08:38.526+0000] {logging_mixin.py:188} INFO - [2026-04-25T09:08:38.526+0000] {dag.py:3096} INFO - Sync 1 DAGs
[2026-04-25T09:08:38.548+0000] {logging_mixin.py:188} INFO - [2026-04-25T09:08:38.548+0000] {dag.py:3954} INFO - Setting next_dagrun for example_short_circuit_decorator to 2026-04-24 00:00:00+00:00, run_after=2026-04-25 00:00:00+00:00
[2026-04-25T09:08:38.601+0000] {processor.py:183} INFO - Processing /usr/local/python/3.12.1/lib/python3.12/site-packages/airflow/example_dags/example_short_circuit_decorator.py took 0.102 seconds
[2026-04-25T09:09:19.744+0000] {processor.py:161} INFO - Started process (PID=10328) to work on /usr/local/python/3.12.1/lib/python3.12/site-packages/airflow/example_dags/example_short_circuit_decorator.py
[2026-04-25T09:09:19.745+0000] {processor.py:830} INFO - Processing file /usr/local/python/3.12.1/lib/python3.12/site-packages/airflow/example_dags/example_short_circuit_decorator.py for tasks to queue
[2026-04-25T09:09:19.746+0000] {logging_mixin.py:188} INFO - [2026-04-25T09:09:19.745+0000] {dagbag.py:540} INFO - Filling up the DagBag from /usr/local/python/3.12.1/lib/python3.12/site-packages/airflow/example_dags/example_short_circuit_decorator.py
[2026-04-25T09:09:19.753+0000] {processor.py:840} INFO - DAG(s) 'example_short_circuit_decorator' retrieved from /usr/local/python/3.12.1/lib/python3.12/site-packages/airflow/example_dags/example_short_circuit_decorator.py
[2026-04-25T09:09:19.769+0000] {logging_mixin.py:188} INFO - [2026-04-25T09:09:19.769+0000] {dag.py:3096} INFO - Sync 1 DAGs
[2026-04-25T09:09:19.784+0000] {logging_mixin.py:188} INFO - [2026-04-25T09:09:19.784+0000] {dag.py:3954} INFO - Setting next_dagrun for example_short_circuit_decorator to 2026-04-24 00:00:00+00:00, run_after=2026-04-25 00:00:00+00:00
[2026-04-25T09:09:19.804+0000] {processor.py:183} INFO - Processing /usr/local/python/3.12.1/lib/python3.12/site-packages/airflow/example_dags/example_short_circuit_decorator.py took 0.066 seconds
[2026-04-25T09:10:04.431+0000] {processor.py:161} INFO - Started process (PID=10972) to work on /usr/local/python/3.12.1/lib/python3.12/site-packages/airflow/example_dags/example_short_circuit_decorator.py
[2026-04-25T09:10:04.432+0000] {processor.py:830} INFO - Processing file /usr/local/python/3.12.1/lib/python3.12/site-packages/airflow/example_dags/example_short_circuit_decorator.py for tasks to queue
[2026-04-25T09:10:04.433+0000] {logging_mixin.py:188} INFO - [2026-04-25T09:10:04.432+0000] {dagbag.py:540} INFO - Filling up the DagBag from /usr/local/python/3.12.1/lib/python3.12/site-packages/airflow/example_dags/example_short_circuit_decorator.py
[2026-04-25T09:10:04.440+0000] {processor.py:840} INFO - DAG(s) 'example_short_circuit_decorator' retrieved from /usr/local/python/3.12.1/lib/python3.12/site-packages/airflow/example_dags/example_short_circuit_decorator.py
[2026-04-25T09:10:04.455+0000] {logging_mixin.py:188} INFO - [2026-04-25T09:10:04.454+0000] {dag.py:3096} INFO - Sync 1 DAGs
[2026-04-25T09:10:04.470+0000] {logging_mixin.py:188} INFO - [2026-04-25T09:10:04.469+0000] {dag.py:3954} INFO - Setting next_dagrun for example_short_circuit_decorator to 2026-04-24 00:00:00+00:00, run_after=2026-04-25 00:00:00+00:00
[2026-04-25T09:10:04.487+0000] {processor.py:183} INFO - Processing /usr/local/python/3.12.1/lib/python3.12/site-packages/airflow/example_dags/example_short_circuit_decorator.py took 0.060 seconds
[2026-04-25T09:10:42.086+0000] {processor.py:161} INFO - Started process (PID=11421) to work on /usr/local/python/3.12.1/lib/python3.12/site-packages/airflow/example_dags/example_short_circuit_decorator.py
[2026-04-25T09:10:42.087+0000] {processor.py:830} INFO - Processing file /usr/local/python/3.12.1/lib/python3.12/site-packages/airflow/example_dags/example_short_circuit_decorator.py for tasks to queue
[2026-04-25T09:10:42.088+0000] {logging_mixin.py:188} INFO - [2026-04-25T09:10:42.087+0000] {dagbag.py:540} INFO - Filling up the DagBag from /usr/local/python/3.12.1/lib/python3.12/site-packages/airflow/example_dags/example_short_circuit_decorator.py
[2026-04-25T09:10:42.095+0000] {processor.py:840} INFO - DAG(s) 'example_short_circuit_decorator' retrieved from /usr/local/python/3.12.1/lib/python3.12/site-packages/airflow/example_dags/example_short_circuit_decorator.py
[2026-04-25T09:10:42.110+0000] {logging_mixin.py:188} INFO - [2026-04-25T09:10:42.110+0000] {dag.py:3096} INFO - Sync 1 DAGs
[2026-04-25T09:10:42.126+0000] {logging_mixin.py:188} INFO - [2026-04-25T09:10:42.125+0000] {dag.py:3954} INFO - Setting next_dagrun for example_short_circuit_decorator to 2026-04-24 00:00:00+00:00, run_after=2026-04-25 00:00:00+00:00
[2026-04-25T09:10:42.143+0000] {processor.py:183} INFO - Processing /usr/local/python/3.12.1/lib/python3.12/site-packages/airflow/example_dags/example_short_circuit_decorator.py took 0.061 seconds
[2026-04-25T09:11:31.873+0000] {processor.py:161} INFO - Started process (PID=12432) to work on /usr/local/python/3.12.1/lib/python3.12/site-packages/airflow/example_dags/example_short_circuit_decorator.py
[2026-04-25T09:11:31.874+0000] {processor.py:830} INFO - Processing file /usr/local/python/3.12.1/lib/python3.12/site-packages/airflow/example_dags/example_short_circuit_decorator.py for tasks to queue
[2026-04-25T09:11:31.875+0000] {logging_mixin.py:188} INFO - [2026-04-25T09:11:31.874+0000] {dagbag.py:540} INFO - Filling up the DagBag from /usr/local/python/3.12.1/lib/python3.12/site-packages/airflow/example_dags/example_short_circuit_decorator.py
[2026-04-25T09:11:31.884+0000] {processor.py:840} INFO - DAG(s) 'example_short_circuit_decorator' retrieved from /usr/local/python/3.12.1/lib/python3.12/site-packages/airflow/example_dags/example_short_circuit_decorator.py
[2026-04-25T09:11:31.891+0000] {logging_mixin.py:188} INFO - [2026-04-25T09:11:31.890+0000] {dag.py:3096} INFO - Sync 1 DAGs
[2026-04-25T09:11:31.910+0000] {logging_mixin.py:188} INFO - [2026-04-25T09:11:31.910+0000] {dag.py:3954} INFO - Setting next_dagrun for example_short_circuit_decorator to 2026-04-24 00:00:00+00:00, run_after=2026-04-25 00:00:00+00:00
[2026-04-25T09:11:31.931+0000] {processor.py:183} INFO - Processing /usr/local/python/3.12.1/lib/python3.12/site-packages/airflow/example_dags/example_short_circuit_decorator.py took 0.063 seconds
[2026-04-25T09:11:49.125+0000] {processor.py:161} INFO - Started process (PID=12659) to work on /usr/local/python/3.12.1/lib/python3.12/site-packages/airflow/example_dags/example_short_circuit_decorator.py
[2026-04-25T09:11:49.126+0000] {processor.py:830} INFO - Processing file /usr/local/python/3.12.1/lib/python3.12/site-packages/airflow/example_dags/example_short_circuit_decorator.py for tasks to queue
[2026-04-25T09:11:49.127+0000] {logging_mixin.py:188} INFO - [2026-04-25T09:11:49.127+0000] {dagbag.py:540} INFO - Filling up the DagBag from /usr/local/python/3.12.1/lib/python3.12/site-packages/airflow/example_dags/example_short_circuit_decorator.py
[2026-04-25T09:11:49.138+0000] {processor.py:840} INFO - DAG(s) 'example_short_circuit_decorator' retrieved from /usr/local/python/3.12.1/lib/python3.12/site-packages/airflow/example_dags/example_short_circuit_decorator.py
[2026-04-25T09:11:49.228+0000] {logging_mixin.py:188} INFO - [2026-04-25T09:11:49.227+0000] {dag.py:3096} INFO - Sync 1 DAGs
[2026-04-25T09:11:49.241+0000] {logging_mixin.py:188} INFO - [2026-04-25T09:11:49.241+0000] {dag.py:3954} INFO - Setting next_dagrun for example_short_circuit_decorator to 2026-04-24 00:00:00+00:00, run_after=2026-04-25 00:00:00+00:00
[2026-04-25T09:11:49.258+0000] {processor.py:183} INFO - Processing /usr/local/python/3.12.1/lib/python3.12/site-packages/airflow/example_dags/example_short_circuit_decorator.py took 0.139 seconds
[2026-04-25T09:12:19.680+0000] {processor.py:161} INFO - Started process (PID=12934) to work on /usr/local/python/3.12.1/lib/python3.12/site-packages/airflow/example_dags/example_short_circuit_decorator.py
[2026-04-25T09:12:19.681+0000] {processor.py:830} INFO - Processing file /usr/local/python/3.12.1/lib/python3.12/site-packages/airflow/example_dags/example_short_circuit_decorator.py for tasks to queue
[2026-04-25T09:12:19.681+0000] {logging_mixin.py:188} INFO - [2026-04-25T09:12:19.681+0000] {dagbag.py:540} INFO - Filling up the DagBag from /usr/local/python/3.12.1/lib/python3.12/site-packages/airflow/example_dags/example_short_circuit_decorator.py
[2026-04-25T09:12:19.688+0000] {processor.py:840} INFO - DAG(s) 'example_short_circuit_decorator' retrieved from /usr/local/python/3.12.1/lib/python3.12/site-packages/airflow/example_dags/example_short_circuit_decorator.py
[2026-04-25T09:12:19.702+0000] {logging_mixin.py:188} INFO - [2026-04-25T09:12:19.702+0000] {dag.py:3096} INFO - Sync 1 DAGs
[2026-04-25T09:12:19.723+0000] {logging_mixin.py:188} INFO - [2026-04-25T09:12:19.723+0000] {dag.py:3954} INFO - Setting next_dagrun for example_short_circuit_decorator to 2026-04-24 00:00:00+00:00, run_after=2026-04-25 00:00:00+00:00
[2026-04-25T09:12:19.739+0000] {processor.py:183} INFO - Processing /usr/local/python/3.12.1/lib/python3.12/site-packages/airflow/example_dags/example_short_circuit_decorator.py took 0.063 seconds
[2026-04-25T09:12:39.236+0000] {processor.py:161} INFO - Started process (PID=13308) to work on /usr/local/python/3.12.1/lib/python3.12/site-packages/airflow/example_dags/example_short_circuit_decorator.py
[2026-04-25T09:12:39.245+0000] {processor.py:830} INFO - Processing file /usr/local/python/3.12.1/lib/python3.12/site-packages/airflow/example_dags/example_short_circuit_decorator.py for tasks to queue
[2026-04-25T09:12:39.246+0000] {logging_mixin.py:188} INFO - [2026-04-25T09:12:39.245+0000] {dagbag.py:540} INFO - Filling up the DagBag from /usr/local/python/3.12.1/lib/python3.12/site-packages/airflow/example_dags/example_short_circuit_decorator.py
[2026-04-25T09:12:39.266+0000] {processor.py:840} INFO - DAG(s) 'example_short_circuit_decorator' retrieved from /usr/local/python/3.12.1/lib/python3.12/site-packages/airflow/example_dags/example_short_circuit_decorator.py
[2026-04-25T09:12:39.287+0000] {logging_mixin.py:188} INFO - [2026-04-25T09:12:39.286+0000] {dag.py:3096} INFO - Sync 1 DAGs
[2026-04-25T09:12:39.305+0000] {logging_mixin.py:188} INFO - [2026-04-25T09:12:39.305+0000] {dag.py:3954} INFO - Setting next_dagrun for example_short_circuit_decorator to 2026-04-24 00:00:00+00:00, run_after=2026-04-25 00:00:00+00:00
[2026-04-25T09:12:39.321+0000] {processor.py:183} INFO - Processing /usr/local/python/3.12.1/lib/python3.12/site-packages/airflow/example_dags/example_short_circuit_decorator.py took 0.103 seconds
[2026-04-25T09:13:16.917+0000] {processor.py:161} INFO - Started process (PID=13654) to work on /usr/local/python/3.12.1/lib/python3.12/site-packages/airflow/example_dags/example_short_circuit_decorator.py
[2026-04-25T09:13:16.918+0000] {processor.py:830} INFO - Processing file /usr/local/python/3.12.1/lib/python3.12/site-packages/airflow/example_dags/example_short_circuit_decorator.py for tasks to queue
[2026-04-25T09:13:16.919+0000] {logging_mixin.py:188} INFO - [2026-04-25T09:13:16.918+0000] {dagbag.py:540} INFO - Filling up the DagBag from /usr/local/python/3.12.1/lib/python3.12/site-packages/airflow/example_dags/example_short_circuit_decorator.py
[2026-04-25T09:13:16.926+0000] {processor.py:840} INFO - DAG(s) 'example_short_circuit_decorator' retrieved from /usr/local/python/3.12.1/lib/python3.12/site-packages/airflow/example_dags/example_short_circuit_decorator.py
[2026-04-25T09:13:16.941+0000] {logging_mixin.py:188} INFO - [2026-04-25T09:13:16.941+0000] {dag.py:3096} INFO - Sync 1 DAGs
[2026-04-25T09:13:16.956+0000] {logging_mixin.py:188} INFO - [2026-04-25T09:13:16.955+0000] {dag.py:3954} INFO - Setting next_dagrun for example_short_circuit_decorator to 2026-04-24 00:00:00+00:00, run_after=2026-04-25 00:00:00+00:00
[2026-04-25T09:13:16.972+0000] {processor.py:183} INFO - Processing /usr/local/python/3.12.1/lib/python3.12/site-packages/airflow/example_dags/example_short_circuit_decorator.py took 0.059 seconds
[2026-04-25T09:14:03.531+0000] {processor.py:161} INFO - Started process (PID=14493) to work on /usr/local/python/3.12.1/lib/python3.12/site-packages/airflow/example_dags/example_short_circuit_decorator.py
[2026-04-25T09:14:03.532+0000] {processor.py:830} INFO - Processing file /usr/local/python/3.12.1/lib/python3.12/site-packages/airflow/example_dags/example_short_circuit_decorator.py for tasks to queue
[2026-04-25T09:14:03.533+0000] {logging_mixin.py:188} INFO - [2026-04-25T09:14:03.532+0000] {dagbag.py:540} INFO - Filling up the DagBag from /usr/local/python/3.12.1/lib/python3.12/site-packages/airflow/example_dags/example_short_circuit_decorator.py
[2026-04-25T09:14:03.540+0000] {processor.py:840} INFO - DAG(s) 'example_short_circuit_decorator' retrieved from /usr/local/python/3.12.1/lib/python3.12/site-packages/airflow/example_dags/example_short_circuit_decorator.py
[2026-04-25T09:14:03.555+0000] {logging_mixin.py:188} INFO - [2026-04-25T09:14:03.555+0000] {dag.py:3096} INFO - Sync 1 DAGs
[2026-04-25T09:14:03.570+0000] {logging_mixin.py:188} INFO - [2026-04-25T09:14:03.570+0000] {dag.py:3954} INFO - Setting next_dagrun for example_short_circuit_decorator to 2026-04-24 00:00:00+00:00, run_after=2026-04-25 00:00:00+00:00
[2026-04-25T09:14:03.587+0000] {processor.py:183} INFO - Processing /usr/local/python/3.12.1/lib/python3.12/site-packages/airflow/example_dags/example_short_circuit_decorator.py took 0.060 seconds
[2026-04-25T09:14:52.382+0000] {processor.py:161} INFO - Started process (PID=14880) to work on /usr/local/python/3.12.1/lib/python3.12/site-packages/airflow/example_dags/example_short_circuit_decorator.py
[2026-04-25T09:14:52.382+0000] {processor.py:830} INFO - Processing file /usr/local/python/3.12.1/lib/python3.12/site-packages/airflow/example_dags/example_short_circuit_decorator.py for tasks to queue
[2026-04-25T09:14:52.383+0000] {logging_mixin.py:188} INFO - [2026-04-25T09:14:52.383+0000] {dagbag.py:540} INFO - Filling up the DagBag from /usr/local/python/3.12.1/lib/python3.12/site-packages/airflow/example_dags/example_short_circuit_decorator.py
[2026-04-25T09:14:52.390+0000] {processor.py:840} INFO - DAG(s) 'example_short_circuit_decorator' retrieved from /usr/local/python/3.12.1/lib/python3.12/site-packages/airflow/example_dags/example_short_circuit_decorator.py
[2026-04-25T09:14:52.406+0000] {logging_mixin.py:188} INFO - [2026-04-25T09:14:52.406+0000] {dag.py:3096} INFO - Sync 1 DAGs
[2026-04-25T09:14:52.420+0000] {logging_mixin.py:188} INFO - [2026-04-25T09:14:52.420+0000] {dag.py:3954} INFO - Setting next_dagrun for example_short_circuit_decorator to 2026-04-24 00:00:00+00:00, run_after=2026-04-25 00:00:00+00:00
[2026-04-25T09:14:52.436+0000] {processor.py:183} INFO - Processing /usr/local/python/3.12.1/lib/python3.12/site-packages/airflow/example_dags/example_short_circuit_decorator.py took 0.060 seconds
[2026-04-25T09:15:42.508+0000] {processor.py:161} INFO - Started process (PID=15403) to work on /usr/local/python/3.12.1/lib/python3.12/site-packages/airflow/example_dags/example_short_circuit_decorator.py
[2026-04-25T09:15:42.509+0000] {processor.py:830} INFO - Processing file /usr/local/python/3.12.1/lib/python3.12/site-packages/airflow/example_dags/example_short_circuit_decorator.py for tasks to queue
[2026-04-25T09:15:42.509+0000] {logging_mixin.py:188} INFO - [2026-04-25T09:15:42.509+0000] {dagbag.py:540} INFO - Filling up the DagBag from /usr/local/python/3.12.1/lib/python3.12/site-packages/airflow/example_dags/example_short_circuit_decorator.py
[2026-04-25T09:15:42.518+0000] {processor.py:840} INFO - DAG(s) 'example_short_circuit_decorator' retrieved from /usr/local/python/3.12.1/lib/python3.12/site-packages/airflow/example_dags/example_short_circuit_decorator.py
[2026-04-25T09:15:42.565+0000] {logging_mixin.py:188} INFO - [2026-04-25T09:15:42.564+0000] {dag.py:3096} INFO - Sync 1 DAGs
[2026-04-25T09:15:42.595+0000] {logging_mixin.py:188} INFO - [2026-04-25T09:15:42.595+0000] {dag.py:3954} INFO - Setting next_dagrun for example_short_circuit_decorator to 2026-04-24 00:00:00+00:00, run_after=2026-04-25 00:00:00+00:00
[2026-04-25T09:15:42.612+0000] {processor.py:183} INFO - Processing /usr/local/python/3.12.1/lib/python3.12/site-packages/airflow/example_dags/example_short_circuit_decorator.py took 0.109 seconds
[2026-04-25T09:16:39.080+0000] {processor.py:161} INFO - Started process (PID=15906) to work on /usr/local/python/3.12.1/lib/python3.12/site-packages/airflow/example_dags/example_short_circuit_decorator.py
[2026-04-25T09:16:39.081+0000] {processor.py:830} INFO - Processing file /usr/local/python/3.12.1/lib/python3.12/site-packages/airflow/example_dags/example_short_circuit_decorator.py for tasks to queue
[2026-04-25T09:16:39.082+0000] {logging_mixin.py:188} INFO - [2026-04-25T09:16:39.081+0000] {dagbag.py:540} INFO - Filling up the DagBag from /usr/local/python/3.12.1/lib/python3.12/site-packages/airflow/example_dags/example_short_circuit_decorator.py
[2026-04-25T09:16:39.089+0000] {processor.py:840} INFO - DAG(s) 'example_short_circuit_decorator' retrieved from /usr/local/python/3.12.1/lib/python3.12/site-packages/airflow/example_dags/example_short_circuit_decorator.py
[2026-04-25T09:16:39.102+0000] {logging_mixin.py:188} INFO - [2026-04-25T09:16:39.102+0000] {dag.py:3096} INFO - Sync 1 DAGs
[2026-04-25T09:16:39.116+0000] {logging_mixin.py:188} INFO - [2026-04-25T09:16:39.116+0000] {dag.py:3954} INFO - Setting next_dagrun for example_short_circuit_decorator to 2026-04-24 00:00:00+00:00, run_after=2026-04-25 00:00:00+00:00
[2026-04-25T09:16:39.133+0000] {processor.py:183} INFO - Processing /usr/local/python/3.12.1/lib/python3.12/site-packages/airflow/example_dags/example_short_circuit_decorator.py took 0.057 seconds
[2026-04-25T09:17:39.806+0000] {processor.py:161} INFO - Started process (PID=16453) to work on /usr/local/python/3.12.1/lib/python3.12/site-packages/airflow/example_dags/example_short_circuit_decorator.py
[2026-04-25T09:17:39.807+0000] {processor.py:830} INFO - Processing file /usr/local/python/3.12.1/lib/python3.12/site-packages/airflow/example_dags/example_short_circuit_decorator.py for tasks to queue
[2026-04-25T09:17:39.808+0000] {logging_mixin.py:188} INFO - [2026-04-25T09:17:39.808+0000] {dagbag.py:540} INFO - Filling up the DagBag from /usr/local/python/3.12.1/lib/python3.12/site-packages/airflow/example_dags/example_short_circuit_decorator.py
[2026-04-25T09:17:39.820+0000] {processor.py:840} INFO - DAG(s) 'example_short_circuit_decorator' retrieved from /usr/local/python/3.12.1/lib/python3.12/site-packages/airflow/example_dags/example_short_circuit_decorator.py
[2026-04-25T09:17:40.121+0000] {logging_mixin.py:188} INFO - [2026-04-25T09:17:40.114+0000] {dag.py:3096} INFO - Sync 1 DAGs
[2026-04-25T09:17:40.191+0000] {logging_mixin.py:188} INFO - [2026-04-25T09:17:40.191+0000] {dag.py:3954} INFO - Setting next_dagrun for example_short_circuit_decorator to 2026-04-24 00:00:00+00:00, run_after=2026-04-25 00:00:00+00:00
[2026-04-25T09:17:40.290+0000] {processor.py:183} INFO - Processing /usr/local/python/3.12.1/lib/python3.12/site-packages/airflow/example_dags/example_short_circuit_decorator.py took 0.490 seconds
[2026-04-25T09:18:26.431+0000] {processor.py:161} INFO - Started process (PID=16810) to work on /usr/local/python/3.12.1/lib/python3.12/site-packages/airflow/example_dags/example_short_circuit_decorator.py
[2026-04-25T09:18:26.432+0000] {processor.py:830} INFO - Processing file /usr/local/python/3.12.1/lib/python3.12/site-packages/airflow/example_dags/example_short_circuit_decorator.py for tasks to queue
[2026-04-25T09:18:26.432+0000] {logging_mixin.py:188} INFO - [2026-04-25T09:18:26.432+0000] {dagbag.py:540} INFO - Filling up the DagBag from /usr/local/python/3.12.1/lib/python3.12/site-packages/airflow/example_dags/example_short_circuit_decorator.py
[2026-04-25T09:18:26.444+0000] {processor.py:840} INFO - DAG(s) 'example_short_circuit_decorator' retrieved from /usr/local/python/3.12.1/lib/python3.12/site-packages/airflow/example_dags/example_short_circuit_decorator.py
[2026-04-25T09:18:26.469+0000] {logging_mixin.py:188} INFO - [2026-04-25T09:18:26.468+0000] {dag.py:3096} INFO - Sync 1 DAGs
[2026-04-25T09:18:26.493+0000] {logging_mixin.py:188} INFO - [2026-04-25T09:18:26.493+0000] {dag.py:3954} INFO - Setting next_dagrun for example_short_circuit_decorator to 2026-04-24 00:00:00+00:00, run_after=2026-04-25 00:00:00+00:00
[2026-04-25T09:18:26.521+0000] {processor.py:183} INFO - Processing /usr/local/python/3.12.1/lib/python3.12/site-packages/airflow/example_dags/example_short_circuit_decorator.py took 0.094 seconds
[2026-04-25T09:19:05.294+0000] {processor.py:161} INFO - Started process (PID=17116) to work on /usr/local/python/3.12.1/lib/python3.12/site-packages/airflow/example_dags/example_short_circuit_decorator.py
[2026-04-25T09:19:05.295+0000] {processor.py:830} INFO - Processing file /usr/local/python/3.12.1/lib/python3.12/site-packages/airflow/example_dags/example_short_circuit_decorator.py for tasks to queue
[2026-04-25T09:19:05.296+0000] {logging_mixin.py:188} INFO - [2026-04-25T09:19:05.295+0000] {dagbag.py:540} INFO - Filling up the DagBag from /usr/local/python/3.12.1/lib/python3.12/site-packages/airflow/example_dags/example_short_circuit_decorator.py
[2026-04-25T09:19:05.303+0000] {processor.py:840} INFO - DAG(s) 'example_short_circuit_decorator' retrieved from /usr/local/python/3.12.1/lib/python3.12/site-packages/airflow/example_dags/example_short_circuit_decorator.py
[2026-04-25T09:19:05.316+0000] {logging_mixin.py:188} INFO - [2026-04-25T09:19:05.316+0000] {dag.py:3096} INFO - Sync 1 DAGs
[2026-04-25T09:19:05.330+0000] {logging_mixin.py:188} INFO - [2026-04-25T09:19:05.330+0000] {dag.py:3954} INFO - Setting next_dagrun for example_short_circuit_decorator to 2026-04-24 00:00:00+00:00, run_after=2026-04-25 00:00:00+00:00
[2026-04-25T09:19:05.346+0000] {processor.py:183} INFO - Processing /usr/local/python/3.12.1/lib/python3.12/site-packages/airflow/example_dags/example_short_circuit_decorator.py took 0.057 seconds
[2026-04-25T09:20:01.865+0000] {processor.py:161} INFO - Started process (PID=17553) to work on /usr/local/python/3.12.1/lib/python3.12/site-packages/airflow/example_dags/example_short_circuit_decorator.py
[2026-04-25T09:20:01.865+0000] {processor.py:830} INFO - Processing file /usr/local/python/3.12.1/lib/python3.12/site-packages/airflow/example_dags/example_short_circuit_decorator.py for tasks to queue
[2026-04-25T09:20:01.866+0000] {logging_mixin.py:188} INFO - [2026-04-25T09:20:01.866+0000] {dagbag.py:540} INFO - Filling up the DagBag from /usr/local/python/3.12.1/lib/python3.12/site-packages/airflow/example_dags/example_short_circuit_decorator.py
[2026-04-25T09:20:01.873+0000] {processor.py:840} INFO - DAG(s) 'example_short_circuit_decorator' retrieved from /usr/local/python/3.12.1/lib/python3.12/site-packages/airflow/example_dags/example_short_circuit_decorator.py
[2026-04-25T09:20:01.890+0000] {logging_mixin.py:188} INFO - [2026-04-25T09:20:01.890+0000] {dag.py:3096} INFO - Sync 1 DAGs
[2026-04-25T09:20:01.905+0000] {logging_mixin.py:188} INFO - [2026-04-25T09:20:01.905+0000] {dag.py:3954} INFO - Setting next_dagrun for example_short_circuit_decorator to 2026-04-24 00:00:00+00:00, run_after=2026-04-25 00:00:00+00:00
[2026-04-25T09:20:01.922+0000] {processor.py:183} INFO - Processing /usr/local/python/3.12.1/lib/python3.12/site-packages/airflow/example_dags/example_short_circuit_decorator.py took 0.061 seconds
[2026-04-25T09:20:56.110+0000] {processor.py:161} INFO - Started process (PID=17970) to work on /usr/local/python/3.12.1/lib/python3.12/site-packages/airflow/example_dags/example_short_circuit_decorator.py
[2026-04-25T09:20:56.111+0000] {processor.py:830} INFO - Processing file /usr/local/python/3.12.1/lib/python3.12/site-packages/airflow/example_dags/example_short_circuit_decorator.py for tasks to queue
[2026-04-25T09:20:56.111+0000] {logging_mixin.py:188} INFO - [2026-04-25T09:20:56.111+0000] {dagbag.py:540} INFO - Filling up the DagBag from /usr/local/python/3.12.1/lib/python3.12/site-packages/airflow/example_dags/example_short_circuit_decorator.py
[2026-04-25T09:20:56.125+0000] {processor.py:840} INFO - DAG(s) 'example_short_circuit_decorator' retrieved from /usr/local/python/3.12.1/lib/python3.12/site-packages/airflow/example_dags/example_short_circuit_decorator.py
[2026-04-25T09:20:56.165+0000] {logging_mixin.py:188} INFO - [2026-04-25T09:20:56.165+0000] {dag.py:3096} INFO - Sync 1 DAGs
[2026-04-25T09:20:56.191+0000] {logging_mixin.py:188} INFO - [2026-04-25T09:20:56.191+0000] {dag.py:3954} INFO - Setting next_dagrun for example_short_circuit_decorator to 2026-04-24 00:00:00+00:00, run_after=2026-04-25 00:00:00+00:00
[2026-04-25T09:20:56.208+0000] {processor.py:183} INFO - Processing /usr/local/python/3.12.1/lib/python3.12/site-packages/airflow/example_dags/example_short_circuit_decorator.py took 0.104 seconds
[2026-04-25T09:21:41.088+0000] {processor.py:161} INFO - Started process (PID=18327) to work on /usr/local/python/3.12.1/lib/python3.12/site-packages/airflow/example_dags/example_short_circuit_decorator.py
[2026-04-25T09:21:41.088+0000] {processor.py:830} INFO - Processing file /usr/local/python/3.12.1/lib/python3.12/site-packages/airflow/example_dags/example_short_circuit_decorator.py for tasks to queue
[2026-04-25T09:21:41.089+0000] {logging_mixin.py:188} INFO - [2026-04-25T09:21:41.089+0000] {dagbag.py:540} INFO - Filling up the DagBag from /usr/local/python/3.12.1/lib/python3.12/site-packages/airflow/example_dags/example_short_circuit_decorator.py
[2026-04-25T09:21:41.096+0000] {processor.py:840} INFO - DAG(s) 'example_short_circuit_decorator' retrieved from /usr/local/python/3.12.1/lib/python3.12/site-packages/airflow/example_dags/example_short_circuit_decorator.py
[2026-04-25T09:21:41.111+0000] {logging_mixin.py:188} INFO - [2026-04-25T09:21:41.110+0000] {dag.py:3096} INFO - Sync 1 DAGs
[2026-04-25T09:21:41.125+0000] {logging_mixin.py:188} INFO - [2026-04-25T09:21:41.125+0000] {dag.py:3954} INFO - Setting next_dagrun for example_short_circuit_decorator to 2026-04-24 00:00:00+00:00, run_after=2026-04-25 00:00:00+00:00
[2026-04-25T09:21:41.144+0000] {processor.py:183} INFO - Processing /usr/local/python/3.12.1/lib/python3.12/site-packages/airflow/example_dags/example_short_circuit_decorator.py took 0.060 seconds
[2026-04-25T09:22:37.517+0000] {processor.py:161} INFO - Started process (PID=18757) to work on /usr/local/python/3.12.1/lib/python3.12/site-packages/airflow/example_dags/example_short_circuit_decorator.py
[2026-04-25T09:22:37.518+0000] {processor.py:830} INFO - Processing file /usr/local/python/3.12.1/lib/python3.12/site-packages/airflow/example_dags/example_short_circuit_decorator.py for tasks to queue
[2026-04-25T09:22:37.519+0000] {logging_mixin.py:188} INFO - [2026-04-25T09:22:37.519+0000] {dagbag.py:540} INFO - Filling up the DagBag from /usr/local/python/3.12.1/lib/python3.12/site-packages/airflow/example_dags/example_short_circuit_decorator.py
[2026-04-25T09:22:37.528+0000] {processor.py:840} INFO - DAG(s) 'example_short_circuit_decorator' retrieved from /usr/local/python/3.12.1/lib/python3.12/site-packages/airflow/example_dags/example_short_circuit_decorator.py
[2026-04-25T09:22:37.542+0000] {logging_mixin.py:188} INFO - [2026-04-25T09:22:37.542+0000] {dag.py:3096} INFO - Sync 1 DAGs
[2026-04-25T09:22:37.557+0000] {logging_mixin.py:188} INFO - [2026-04-25T09:22:37.557+0000] {dag.py:3954} INFO - Setting next_dagrun for example_short_circuit_decorator to 2026-04-24 00:00:00+00:00, run_after=2026-04-25 00:00:00+00:00
[2026-04-25T09:22:37.574+0000] {processor.py:183} INFO - Processing /usr/local/python/3.12.1/lib/python3.12/site-packages/airflow/example_dags/example_short_circuit_decorator.py took 0.070 seconds
[2026-04-25T09:23:33.861+0000] {processor.py:161} INFO - Started process (PID=19200) to work on /usr/local/python/3.12.1/lib/python3.12/site-packages/airflow/example_dags/example_short_circuit_decorator.py
[2026-04-25T09:23:33.862+0000] {processor.py:830} INFO - Processing file /usr/local/python/3.12.1/lib/python3.12/site-packages/airflow/example_dags/example_short_circuit_decorator.py for tasks to queue
[2026-04-25T09:23:33.862+0000] {logging_mixin.py:188} INFO - [2026-04-25T09:23:33.862+0000] {dagbag.py:540} INFO - Filling up the DagBag from /usr/local/python/3.12.1/lib/python3.12/site-packages/airflow/example_dags/example_short_circuit_decorator.py
[2026-04-25T09:23:33.869+0000] {processor.py:840} INFO - DAG(s) 'example_short_circuit_decorator' retrieved from /usr/local/python/3.12.1/lib/python3.12/site-packages/airflow/example_dags/example_short_circuit_decorator.py
[2026-04-25T09:23:33.883+0000] {logging_mixin.py:188} INFO - [2026-04-25T09:23:33.883+0000] {dag.py:3096} INFO - Sync 1 DAGs
[2026-04-25T09:23:33.897+0000] {logging_mixin.py:188} INFO - [2026-04-25T09:23:33.897+0000] {dag.py:3954} INFO - Setting next_dagrun for example_short_circuit_decorator to 2026-04-24 00:00:00+00:00, run_after=2026-04-25 00:00:00+00:00
[2026-04-25T09:23:33.913+0000] {processor.py:183} INFO - Processing /usr/local/python/3.12.1/lib/python3.12/site-packages/airflow/example_dags/example_short_circuit_decorator.py took 0.056 seconds
[2026-04-25T09:24:33.546+0000] {processor.py:161} INFO - Started process (PID=19666) to work on /usr/local/python/3.12.1/lib/python3.12/site-packages/airflow/example_dags/example_short_circuit_decorator.py
[2026-04-25T09:24:33.547+0000] {processor.py:830} INFO - Processing file /usr/local/python/3.12.1/lib/python3.12/site-packages/airflow/example_dags/example_short_circuit_decorator.py for tasks to queue
[2026-04-25T09:24:33.547+0000] {logging_mixin.py:188} INFO - [2026-04-25T09:24:33.547+0000] {dagbag.py:540} INFO - Filling up the DagBag from /usr/local/python/3.12.1/lib/python3.12/site-packages/airflow/example_dags/example_short_circuit_decorator.py
[2026-04-25T09:24:33.557+0000] {processor.py:840} INFO - DAG(s) 'example_short_circuit_decorator' retrieved from /usr/local/python/3.12.1/lib/python3.12/site-packages/airflow/example_dags/example_short_circuit_decorator.py
[2026-04-25T09:24:33.571+0000] {logging_mixin.py:188} INFO - [2026-04-25T09:24:33.571+0000] {dag.py:3096} INFO - Sync 1 DAGs
[2026-04-25T09:24:33.585+0000] {logging_mixin.py:188} INFO - [2026-04-25T09:24:33.585+0000] {dag.py:3954} INFO - Setting next_dagrun for example_short_circuit_decorator to 2026-04-24 00:00:00+00:00, run_after=2026-04-25 00:00:00+00:00
[2026-04-25T09:24:33.602+0000] {processor.py:183} INFO - Processing /usr/local/python/3.12.1/lib/python3.12/site-packages/airflow/example_dags/example_short_circuit_decorator.py took 0.060 seconds
[2026-04-25T09:25:14.194+0000] {processor.py:161} INFO - Started process (PID=19976) to work on /usr/local/python/3.12.1/lib/python3.12/site-packages/airflow/example_dags/example_short_circuit_decorator.py
[2026-04-25T09:25:14.195+0000] {processor.py:830} INFO - Processing file /usr/local/python/3.12.1/lib/python3.12/site-packages/airflow/example_dags/example_short_circuit_decorator.py for tasks to queue
[2026-04-25T09:25:14.195+0000] {logging_mixin.py:188} INFO - [2026-04-25T09:25:14.195+0000] {dagbag.py:540} INFO - Filling up the DagBag from /usr/local/python/3.12.1/lib/python3.12/site-packages/airflow/example_dags/example_short_circuit_decorator.py
[2026-04-25T09:25:14.203+0000] {processor.py:840} INFO - DAG(s) 'example_short_circuit_decorator' retrieved from /usr/local/python/3.12.1/lib/python3.12/site-packages/airflow/example_dags/example_short_circuit_decorator.py
[2026-04-25T09:25:14.216+0000] {logging_mixin.py:188} INFO - [2026-04-25T09:25:14.216+0000] {dag.py:3096} INFO - Sync 1 DAGs
[2026-04-25T09:25:14.231+0000] {logging_mixin.py:188} INFO - [2026-04-25T09:25:14.231+0000] {dag.py:3954} INFO - Setting next_dagrun for example_short_circuit_decorator to 2026-04-24 00:00:00+00:00, run_after=2026-04-25 00:00:00+00:00
[2026-04-25T09:25:14.247+0000] {processor.py:183} INFO - Processing /usr/local/python/3.12.1/lib/python3.12/site-packages/airflow/example_dags/example_short_circuit_decorator.py took 0.057 seconds
[2026-04-25T09:26:09.625+0000] {processor.py:161} INFO - Started process (PID=20403) to work on /usr/local/python/3.12.1/lib/python3.12/site-packages/airflow/example_dags/example_short_circuit_decorator.py
[2026-04-25T09:26:09.625+0000] {processor.py:830} INFO - Processing file /usr/local/python/3.12.1/lib/python3.12/site-packages/airflow/example_dags/example_short_circuit_decorator.py for tasks to queue
[2026-04-25T09:26:09.626+0000] {logging_mixin.py:188} INFO - [2026-04-25T09:26:09.626+0000] {dagbag.py:540} INFO - Filling up the DagBag from /usr/local/python/3.12.1/lib/python3.12/site-packages/airflow/example_dags/example_short_circuit_decorator.py
[2026-04-25T09:26:09.633+0000] {processor.py:840} INFO - DAG(s) 'example_short_circuit_decorator' retrieved from /usr/local/python/3.12.1/lib/python3.12/site-packages/airflow/example_dags/example_short_circuit_decorator.py
[2026-04-25T09:26:09.648+0000] {logging_mixin.py:188} INFO - [2026-04-25T09:26:09.647+0000] {dag.py:3096} INFO - Sync 1 DAGs
[2026-04-25T09:26:09.662+0000] {logging_mixin.py:188} INFO - [2026-04-25T09:26:09.662+0000] {dag.py:3954} INFO - Setting next_dagrun for example_short_circuit_decorator to 2026-04-24 00:00:00+00:00, run_after=2026-04-25 00:00:00+00:00
[2026-04-25T09:26:09.679+0000] {processor.py:183} INFO - Processing /usr/local/python/3.12.1/lib/python3.12/site-packages/airflow/example_dags/example_short_circuit_decorator.py took 0.058 seconds
[2026-04-25T09:26:50.628+0000] {processor.py:161} INFO - Started process (PID=20719) to work on /usr/local/python/3.12.1/lib/python3.12/site-packages/airflow/example_dags/example_short_circuit_decorator.py
[2026-04-25T09:26:50.628+0000] {processor.py:830} INFO - Processing file /usr/local/python/3.12.1/lib/python3.12/site-packages/airflow/example_dags/example_short_circuit_decorator.py for tasks to queue
[2026-04-25T09:26:50.629+0000] {logging_mixin.py:188} INFO - [2026-04-25T09:26:50.629+0000] {dagbag.py:540} INFO - Filling up the DagBag from /usr/local/python/3.12.1/lib/python3.12/site-packages/airflow/example_dags/example_short_circuit_decorator.py
[2026-04-25T09:26:50.636+0000] {processor.py:840} INFO - DAG(s) 'example_short_circuit_decorator' retrieved from /usr/local/python/3.12.1/lib/python3.12/site-packages/airflow/example_dags/example_short_circuit_decorator.py
[2026-04-25T09:26:50.650+0000] {logging_mixin.py:188} INFO - [2026-04-25T09:26:50.649+0000] {dag.py:3096} INFO - Sync 1 DAGs
[2026-04-25T09:26:50.664+0000] {logging_mixin.py:188} INFO - [2026-04-25T09:26:50.664+0000] {dag.py:3954} INFO - Setting next_dagrun for example_short_circuit_decorator to 2026-04-24 00:00:00+00:00, run_after=2026-04-25 00:00:00+00:00
[2026-04-25T09:26:50.681+0000] {processor.py:183} INFO - Processing /usr/local/python/3.12.1/lib/python3.12/site-packages/airflow/example_dags/example_short_circuit_decorator.py took 0.057 seconds
[2026-04-25T09:27:51.138+0000] {processor.py:161} INFO - Started process (PID=21185) to work on /usr/local/python/3.12.1/lib/python3.12/site-packages/airflow/example_dags/example_short_circuit_decorator.py
[2026-04-25T09:27:51.138+0000] {processor.py:830} INFO - Processing file /usr/local/python/3.12.1/lib/python3.12/site-packages/airflow/example_dags/example_short_circuit_decorator.py for tasks to queue
[2026-04-25T09:27:51.139+0000] {logging_mixin.py:188} INFO - [2026-04-25T09:27:51.139+0000] {dagbag.py:540} INFO - Filling up the DagBag from /usr/local/python/3.12.1/lib/python3.12/site-packages/airflow/example_dags/example_short_circuit_decorator.py
[2026-04-25T09:27:51.146+0000] {processor.py:840} INFO - DAG(s) 'example_short_circuit_decorator' retrieved from /usr/local/python/3.12.1/lib/python3.12/site-packages/airflow/example_dags/example_short_circuit_decorator.py
[2026-04-25T09:27:51.160+0000] {logging_mixin.py:188} INFO - [2026-04-25T09:27:51.160+0000] {dag.py:3096} INFO - Sync 1 DAGs
[2026-04-25T09:27:51.175+0000] {logging_mixin.py:188} INFO - [2026-04-25T09:27:51.175+0000] {dag.py:3954} INFO - Setting next_dagrun for example_short_circuit_decorator to 2026-04-24 00:00:00+00:00, run_after=2026-04-25 00:00:00+00:00
[2026-04-25T09:27:51.191+0000] {processor.py:183} INFO - Processing /usr/local/python/3.12.1/lib/python3.12/site-packages/airflow/example_dags/example_short_circuit_decorator.py took 0.058 seconds
[2026-04-25T09:28:35.599+0000] {processor.py:161} INFO - Started process (PID=21521) to work on /usr/local/python/3.12.1/lib/python3.12/site-packages/airflow/example_dags/example_short_circuit_decorator.py
[2026-04-25T09:28:35.600+0000] {processor.py:830} INFO - Processing file /usr/local/python/3.12.1/lib/python3.12/site-packages/airflow/example_dags/example_short_circuit_decorator.py for tasks to queue
[2026-04-25T09:28:35.601+0000] {logging_mixin.py:188} INFO - [2026-04-25T09:28:35.600+0000] {dagbag.py:540} INFO - Filling up the DagBag from /usr/local/python/3.12.1/lib/python3.12/site-packages/airflow/example_dags/example_short_circuit_decorator.py
[2026-04-25T09:28:35.608+0000] {processor.py:840} INFO - DAG(s) 'example_short_circuit_decorator' retrieved from /usr/local/python/3.12.1/lib/python3.12/site-packages/airflow/example_dags/example_short_circuit_decorator.py
[2026-04-25T09:28:35.623+0000] {logging_mixin.py:188} INFO - [2026-04-25T09:28:35.623+0000] {dag.py:3096} INFO - Sync 1 DAGs
[2026-04-25T09:28:35.641+0000] {logging_mixin.py:188} INFO - [2026-04-25T09:28:35.641+0000] {dag.py:3954} INFO - Setting next_dagrun for example_short_circuit_decorator to 2026-04-24 00:00:00+00:00, run_after=2026-04-25 00:00:00+00:00
[2026-04-25T09:28:35.658+0000] {processor.py:183} INFO - Processing /usr/local/python/3.12.1/lib/python3.12/site-packages/airflow/example_dags/example_short_circuit_decorator.py took 0.063 seconds
[2026-04-25T09:29:36.127+0000] {processor.py:161} INFO - Started process (PID=21990) to work on /usr/local/python/3.12.1/lib/python3.12/site-packages/airflow/example_dags/example_short_circuit_decorator.py
[2026-04-25T09:29:36.128+0000] {processor.py:830} INFO - Processing file /usr/local/python/3.12.1/lib/python3.12/site-packages/airflow/example_dags/example_short_circuit_decorator.py for tasks to queue
[2026-04-25T09:29:36.129+0000] {logging_mixin.py:188} INFO - [2026-04-25T09:29:36.128+0000] {dagbag.py:540} INFO - Filling up the DagBag from /usr/local/python/3.12.1/lib/python3.12/site-packages/airflow/example_dags/example_short_circuit_decorator.py
[2026-04-25T09:29:36.135+0000] {processor.py:840} INFO - DAG(s) 'example_short_circuit_decorator' retrieved from /usr/local/python/3.12.1/lib/python3.12/site-packages/airflow/example_dags/example_short_circuit_decorator.py
[2026-04-25T09:29:36.149+0000] {logging_mixin.py:188} INFO - [2026-04-25T09:29:36.148+0000] {dag.py:3096} INFO - Sync 1 DAGs
[2026-04-25T09:29:36.163+0000] {logging_mixin.py:188} INFO - [2026-04-25T09:29:36.162+0000] {dag.py:3954} INFO - Setting next_dagrun for example_short_circuit_decorator to 2026-04-24 00:00:00+00:00, run_after=2026-04-25 00:00:00+00:00
[2026-04-25T09:29:36.179+0000] {processor.py:183} INFO - Processing /usr/local/python/3.12.1/lib/python3.12/site-packages/airflow/example_dags/example_short_circuit_decorator.py took 0.055 seconds
[2026-04-25T09:30:34.092+0000] {processor.py:161} INFO - Started process (PID=22443) to work on /usr/local/python/3.12.1/lib/python3.12/site-packages/airflow/example_dags/example_short_circuit_decorator.py
[2026-04-25T09:30:34.092+0000] {processor.py:830} INFO - Processing file /usr/local/python/3.12.1/lib/python3.12/site-packages/airflow/example_dags/example_short_circuit_decorator.py for tasks to queue
[2026-04-25T09:30:34.093+0000] {logging_mixin.py:188} INFO - [2026-04-25T09:30:34.093+0000] {dagbag.py:540} INFO - Filling up the DagBag from /usr/local/python/3.12.1/lib/python3.12/site-packages/airflow/example_dags/example_short_circuit_decorator.py
[2026-04-25T09:30:34.100+0000] {processor.py:840} INFO - DAG(s) 'example_short_circuit_decorator' retrieved from /usr/local/python/3.12.1/lib/python3.12/site-packages/airflow/example_dags/example_short_circuit_decorator.py
[2026-04-25T09:30:34.113+0000] {logging_mixin.py:188} INFO - [2026-04-25T09:30:34.113+0000] {dag.py:3096} INFO - Sync 1 DAGs
[2026-04-25T09:30:34.128+0000] {logging_mixin.py:188} INFO - [2026-04-25T09:30:34.127+0000] {dag.py:3954} INFO - Setting next_dagrun for example_short_circuit_decorator to 2026-04-24 00:00:00+00:00, run_after=2026-04-25 00:00:00+00:00
[2026-04-25T09:30:34.144+0000] {processor.py:183} INFO - Processing /usr/local/python/3.12.1/lib/python3.12/site-packages/airflow/example_dags/example_short_circuit_decorator.py took 0.056 seconds
[2026-04-25T09:31:18.453+0000] {processor.py:161} INFO - Started process (PID=22774) to work on /usr/local/python/3.12.1/lib/python3.12/site-packages/airflow/example_dags/example_short_circuit_decorator.py
[2026-04-25T09:31:18.454+0000] {processor.py:830} INFO - Processing file /usr/local/python/3.12.1/lib/python3.12/site-packages/airflow/example_dags/example_short_circuit_decorator.py for tasks to queue
[2026-04-25T09:31:18.455+0000] {logging_mixin.py:188} INFO - [2026-04-25T09:31:18.454+0000] {dagbag.py:540} INFO - Filling up the DagBag from /usr/local/python/3.12.1/lib/python3.12/site-packages/airflow/example_dags/example_short_circuit_decorator.py
[2026-04-25T09:31:18.461+0000] {processor.py:840} INFO - DAG(s) 'example_short_circuit_decorator' retrieved from /usr/local/python/3.12.1/lib/python3.12/site-packages/airflow/example_dags/example_short_circuit_decorator.py
[2026-04-25T09:31:18.475+0000] {logging_mixin.py:188} INFO - [2026-04-25T09:31:18.475+0000] {dag.py:3096} INFO - Sync 1 DAGs
[2026-04-25T09:31:18.489+0000] {logging_mixin.py:188} INFO - [2026-04-25T09:31:18.489+0000] {dag.py:3954} INFO - Setting next_dagrun for example_short_circuit_decorator to 2026-04-24 00:00:00+00:00, run_after=2026-04-25 00:00:00+00:00
[2026-04-25T09:31:18.507+0000] {processor.py:183} INFO - Processing /usr/local/python/3.12.1/lib/python3.12/site-packages/airflow/example_dags/example_short_circuit_decorator.py took 0.058 seconds
[2026-04-25T09:32:01.038+0000] {processor.py:161} INFO - Started process (PID=23121) to work on /usr/local/python/3.12.1/lib/python3.12/site-packages/airflow/example_dags/example_short_circuit_decorator.py
[2026-04-25T09:32:01.039+0000] {processor.py:830} INFO - Processing file /usr/local/python/3.12.1/lib/python3.12/site-packages/airflow/example_dags/example_short_circuit_decorator.py for tasks to queue
[2026-04-25T09:32:01.040+0000] {logging_mixin.py:188} INFO - [2026-04-25T09:32:01.039+0000] {dagbag.py:540} INFO - Filling up the DagBag from /usr/local/python/3.12.1/lib/python3.12/site-packages/airflow/example_dags/example_short_circuit_decorator.py
[2026-04-25T09:32:01.047+0000] {processor.py:840} INFO - DAG(s) 'example_short_circuit_decorator' retrieved from /usr/local/python/3.12.1/lib/python3.12/site-packages/airflow/example_dags/example_short_circuit_decorator.py
[2026-04-25T09:32:01.061+0000] {logging_mixin.py:188} INFO - [2026-04-25T09:32:01.061+0000] {dag.py:3096} INFO - Sync 1 DAGs
[2026-04-25T09:32:01.076+0000] {logging_mixin.py:188} INFO - [2026-04-25T09:32:01.076+0000] {dag.py:3954} INFO - Setting next_dagrun for example_short_circuit_decorator to 2026-04-24 00:00:00+00:00, run_after=2026-04-25 00:00:00+00:00
[2026-04-25T09:32:01.248+0000] {processor.py:183} INFO - Processing /usr/local/python/3.12.1/lib/python3.12/site-packages/airflow/example_dags/example_short_circuit_decorator.py took 0.214 seconds
[2026-04-25T09:32:45.013+0000] {processor.py:161} INFO - Started process (PID=23448) to work on /usr/local/python/3.12.1/lib/python3.12/site-packages/airflow/example_dags/example_short_circuit_decorator.py
[2026-04-25T09:32:45.014+0000] {processor.py:830} INFO - Processing file /usr/local/python/3.12.1/lib/python3.12/site-packages/airflow/example_dags/example_short_circuit_decorator.py for tasks to queue
[2026-04-25T09:32:45.015+0000] {logging_mixin.py:188} INFO - [2026-04-25T09:32:45.015+0000] {dagbag.py:540} INFO - Filling up the DagBag from /usr/local/python/3.12.1/lib/python3.12/site-packages/airflow/example_dags/example_short_circuit_decorator.py
[2026-04-25T09:32:45.022+0000] {processor.py:840} INFO - DAG(s) 'example_short_circuit_decorator' retrieved from /usr/local/python/3.12.1/lib/python3.12/site-packages/airflow/example_dags/example_short_circuit_decorator.py
[2026-04-25T09:32:45.035+0000] {logging_mixin.py:188} INFO - [2026-04-25T09:32:45.035+0000] {dag.py:3096} INFO - Sync 1 DAGs
[2026-04-25T09:32:45.049+0000] {logging_mixin.py:188} INFO - [2026-04-25T09:32:45.049+0000] {dag.py:3954} INFO - Setting next_dagrun for example_short_circuit_decorator to 2026-04-24 00:00:00+00:00, run_after=2026-04-25 00:00:00+00:00
[2026-04-25T09:32:45.066+0000] {processor.py:183} INFO - Processing /usr/local/python/3.12.1/lib/python3.12/site-packages/airflow/example_dags/example_short_circuit_decorator.py took 0.056 seconds
[2026-04-25T09:33:29.813+0000] {processor.py:161} INFO - Started process (PID=23784) to work on /usr/local/python/3.12.1/lib/python3.12/site-packages/airflow/example_dags/example_short_circuit_decorator.py
[2026-04-25T09:33:29.814+0000] {processor.py:830} INFO - Processing file /usr/local/python/3.12.1/lib/python3.12/site-packages/airflow/example_dags/example_short_circuit_decorator.py for tasks to queue
[2026-04-25T09:33:29.814+0000] {logging_mixin.py:188} INFO - [2026-04-25T09:33:29.814+0000] {dagbag.py:540} INFO - Filling up the DagBag from /usr/local/python/3.12.1/lib/python3.12/site-packages/airflow/example_dags/example_short_circuit_decorator.py
[2026-04-25T09:33:29.821+0000] {processor.py:840} INFO - DAG(s) 'example_short_circuit_decorator' retrieved from /usr/local/python/3.12.1/lib/python3.12/site-packages/airflow/example_dags/example_short_circuit_decorator.py
[2026-04-25T09:33:29.984+0000] {logging_mixin.py:188} INFO - [2026-04-25T09:33:29.983+0000] {dag.py:3096} INFO - Sync 1 DAGs
[2026-04-25T09:33:29.997+0000] {logging_mixin.py:188} INFO - [2026-04-25T09:33:29.997+0000] {dag.py:3954} INFO - Setting next_dagrun for example_short_circuit_decorator to 2026-04-24 00:00:00+00:00, run_after=2026-04-25 00:00:00+00:00
[2026-04-25T09:33:30.024+0000] {processor.py:183} INFO - Processing /usr/local/python/3.12.1/lib/python3.12/site-packages/airflow/example_dags/example_short_circuit_decorator.py took 0.217 seconds
[2026-04-25T09:34:16.232+0000] {processor.py:161} INFO - Started process (PID=24152) to work on /usr/local/python/3.12.1/lib/python3.12/site-packages/airflow/example_dags/example_short_circuit_decorator.py
[2026-04-25T09:34:16.237+0000] {processor.py:830} INFO - Processing file /usr/local/python/3.12.1/lib/python3.12/site-packages/airflow/example_dags/example_short_circuit_decorator.py for tasks to queue
[2026-04-25T09:34:16.239+0000] {logging_mixin.py:188} INFO - [2026-04-25T09:34:16.239+0000] {dagbag.py:540} INFO - Filling up the DagBag from /usr/local/python/3.12.1/lib/python3.12/site-packages/airflow/example_dags/example_short_circuit_decorator.py
[2026-04-25T09:34:16.247+0000] {processor.py:840} INFO - DAG(s) 'example_short_circuit_decorator' retrieved from /usr/local/python/3.12.1/lib/python3.12/site-packages/airflow/example_dags/example_short_circuit_decorator.py
[2026-04-25T09:34:16.261+0000] {logging_mixin.py:188} INFO - [2026-04-25T09:34:16.261+0000] {dag.py:3096} INFO - Sync 1 DAGs
[2026-04-25T09:34:16.276+0000] {logging_mixin.py:188} INFO - [2026-04-25T09:34:16.276+0000] {dag.py:3954} INFO - Setting next_dagrun for example_short_circuit_decorator to 2026-04-24 00:00:00+00:00, run_after=2026-04-25 00:00:00+00:00
[2026-04-25T09:34:16.294+0000] {processor.py:183} INFO - Processing /usr/local/python/3.12.1/lib/python3.12/site-packages/airflow/example_dags/example_short_circuit_decorator.py took 0.069 seconds
[2026-04-25T09:35:10.961+0000] {processor.py:161} INFO - Started process (PID=24570) to work on /usr/local/python/3.12.1/lib/python3.12/site-packages/airflow/example_dags/example_short_circuit_decorator.py
[2026-04-25T09:35:10.961+0000] {processor.py:830} INFO - Processing file /usr/local/python/3.12.1/lib/python3.12/site-packages/airflow/example_dags/example_short_circuit_decorator.py for tasks to queue
[2026-04-25T09:35:10.962+0000] {logging_mixin.py:188} INFO - [2026-04-25T09:35:10.962+0000] {dagbag.py:540} INFO - Filling up the DagBag from /usr/local/python/3.12.1/lib/python3.12/site-packages/airflow/example_dags/example_short_circuit_decorator.py
[2026-04-25T09:35:10.970+0000] {processor.py:840} INFO - DAG(s) 'example_short_circuit_decorator' retrieved from /usr/local/python/3.12.1/lib/python3.12/site-packages/airflow/example_dags/example_short_circuit_decorator.py
[2026-04-25T09:35:10.983+0000] {logging_mixin.py:188} INFO - [2026-04-25T09:35:10.983+0000] {dag.py:3096} INFO - Sync 1 DAGs
[2026-04-25T09:35:10.998+0000] {logging_mixin.py:188} INFO - [2026-04-25T09:35:10.998+0000] {dag.py:3954} INFO - Setting next_dagrun for example_short_circuit_decorator to 2026-04-24 00:00:00+00:00, run_after=2026-04-25 00:00:00+00:00
[2026-04-25T09:35:11.014+0000] {processor.py:183} INFO - Processing /usr/local/python/3.12.1/lib/python3.12/site-packages/airflow/example_dags/example_short_circuit_decorator.py took 0.058 seconds
[2026-04-25T09:35:50.144+0000] {processor.py:161} INFO - Started process (PID=24876) to work on /usr/local/python/3.12.1/lib/python3.12/site-packages/airflow/example_dags/example_short_circuit_decorator.py
[2026-04-25T09:35:50.145+0000] {processor.py:830} INFO - Processing file /usr/local/python/3.12.1/lib/python3.12/site-packages/airflow/example_dags/example_short_circuit_decorator.py for tasks to queue
[2026-04-25T09:35:50.145+0000] {logging_mixin.py:188} INFO - [2026-04-25T09:35:50.145+0000] {dagbag.py:540} INFO - Filling up the DagBag from /usr/local/python/3.12.1/lib/python3.12/site-packages/airflow/example_dags/example_short_circuit_decorator.py
[2026-04-25T09:35:50.152+0000] {processor.py:840} INFO - DAG(s) 'example_short_circuit_decorator' retrieved from /usr/local/python/3.12.1/lib/python3.12/site-packages/airflow/example_dags/example_short_circuit_decorator.py
[2026-04-25T09:35:50.170+0000] {logging_mixin.py:188} INFO - [2026-04-25T09:35:50.170+0000] {dag.py:3096} INFO - Sync 1 DAGs
[2026-04-25T09:35:50.186+0000] {logging_mixin.py:188} INFO - [2026-04-25T09:35:50.186+0000] {dag.py:3954} INFO - Setting next_dagrun for example_short_circuit_decorator to 2026-04-24 00:00:00+00:00, run_after=2026-04-25 00:00:00+00:00
[2026-04-25T09:35:50.203+0000] {processor.py:183} INFO - Processing /usr/local/python/3.12.1/lib/python3.12/site-packages/airflow/example_dags/example_short_circuit_decorator.py took 0.064 seconds
[2026-04-25T09:36:49.349+0000] {processor.py:161} INFO - Started process (PID=25329) to work on /usr/local/python/3.12.1/lib/python3.12/site-packages/airflow/example_dags/example_short_circuit_decorator.py
[2026-04-25T09:36:49.350+0000] {processor.py:830} INFO - Processing file /usr/local/python/3.12.1/lib/python3.12/site-packages/airflow/example_dags/example_short_circuit_decorator.py for tasks to queue
[2026-04-25T09:36:49.352+0000] {logging_mixin.py:188} INFO - [2026-04-25T09:36:49.351+0000] {dagbag.py:540} INFO - Filling up the DagBag from /usr/local/python/3.12.1/lib/python3.12/site-packages/airflow/example_dags/example_short_circuit_decorator.py
[2026-04-25T09:36:49.364+0000] {processor.py:840} INFO - DAG(s) 'example_short_circuit_decorator' retrieved from /usr/local/python/3.12.1/lib/python3.12/site-packages/airflow/example_dags/example_short_circuit_decorator.py
[2026-04-25T09:36:49.390+0000] {logging_mixin.py:188} INFO - [2026-04-25T09:36:49.389+0000] {dag.py:3096} INFO - Sync 1 DAGs
[2026-04-25T09:36:49.414+0000] {logging_mixin.py:188} INFO - [2026-04-25T09:36:49.414+0000] {dag.py:3954} INFO - Setting next_dagrun for example_short_circuit_decorator to 2026-04-24 00:00:00+00:00, run_after=2026-04-25 00:00:00+00:00
[2026-04-25T09:36:49.439+0000] {processor.py:183} INFO - Processing /usr/local/python/3.12.1/lib/python3.12/site-packages/airflow/example_dags/example_short_circuit_decorator.py took 0.097 seconds
[2026-04-25T09:37:31.531+0000] {processor.py:161} INFO - Started process (PID=25656) to work on /usr/local/python/3.12.1/lib/python3.12/site-packages/airflow/example_dags/example_short_circuit_decorator.py
[2026-04-25T09:37:31.532+0000] {processor.py:830} INFO - Processing file /usr/local/python/3.12.1/lib/python3.12/site-packages/airflow/example_dags/example_short_circuit_decorator.py for tasks to queue
[2026-04-25T09:37:31.533+0000] {logging_mixin.py:188} INFO - [2026-04-25T09:37:31.532+0000] {dagbag.py:540} INFO - Filling up the DagBag from /usr/local/python/3.12.1/lib/python3.12/site-packages/airflow/example_dags/example_short_circuit_decorator.py
[2026-04-25T09:37:31.540+0000] {processor.py:840} INFO - DAG(s) 'example_short_circuit_decorator' retrieved from /usr/local/python/3.12.1/lib/python3.12/site-packages/airflow/example_dags/example_short_circuit_decorator.py
[2026-04-25T09:37:31.554+0000] {logging_mixin.py:188} INFO - [2026-04-25T09:37:31.554+0000] {dag.py:3096} INFO - Sync 1 DAGs
[2026-04-25T09:37:31.570+0000] {logging_mixin.py:188} INFO - [2026-04-25T09:37:31.570+0000] {dag.py:3954} INFO - Setting next_dagrun for example_short_circuit_decorator to 2026-04-24 00:00:00+00:00, run_after=2026-04-25 00:00:00+00:00
[2026-04-25T09:37:31.587+0000] {processor.py:183} INFO - Processing /usr/local/python/3.12.1/lib/python3.12/site-packages/airflow/example_dags/example_short_circuit_decorator.py took 0.060 seconds
[2026-04-25T09:38:33.202+0000] {processor.py:161} INFO - Started process (PID=26123) to work on /usr/local/python/3.12.1/lib/python3.12/site-packages/airflow/example_dags/example_short_circuit_decorator.py
[2026-04-25T09:38:33.203+0000] {processor.py:830} INFO - Processing file /usr/local/python/3.12.1/lib/python3.12/site-packages/airflow/example_dags/example_short_circuit_decorator.py for tasks to queue
[2026-04-25T09:38:33.203+0000] {logging_mixin.py:188} INFO - [2026-04-25T09:38:33.203+0000] {dagbag.py:540} INFO - Filling up the DagBag from /usr/local/python/3.12.1/lib/python3.12/site-packages/airflow/example_dags/example_short_circuit_decorator.py
[2026-04-25T09:38:33.211+0000] {processor.py:840} INFO - DAG(s) 'example_short_circuit_decorator' retrieved from /usr/local/python/3.12.1/lib/python3.12/site-packages/airflow/example_dags/example_short_circuit_decorator.py
[2026-04-25T09:38:33.225+0000] {logging_mixin.py:188} INFO - [2026-04-25T09:38:33.225+0000] {dag.py:3096} INFO - Sync 1 DAGs
[2026-04-25T09:38:33.240+0000] {logging_mixin.py:188} INFO - [2026-04-25T09:38:33.240+0000] {dag.py:3954} INFO - Setting next_dagrun for example_short_circuit_decorator to 2026-04-24 00:00:00+00:00, run_after=2026-04-25 00:00:00+00:00
[2026-04-25T09:38:33.257+0000] {processor.py:183} INFO - Processing /usr/local/python/3.12.1/lib/python3.12/site-packages/airflow/example_dags/example_short_circuit_decorator.py took 0.059 seconds
[2026-04-25T09:39:14.339+0000] {processor.py:161} INFO - Started process (PID=26442) to work on /usr/local/python/3.12.1/lib/python3.12/site-packages/airflow/example_dags/example_short_circuit_decorator.py
[2026-04-25T09:39:14.340+0000] {processor.py:830} INFO - Processing file /usr/local/python/3.12.1/lib/python3.12/site-packages/airflow/example_dags/example_short_circuit_decorator.py for tasks to queue
[2026-04-25T09:39:14.341+0000] {logging_mixin.py:188} INFO - [2026-04-25T09:39:14.340+0000] {dagbag.py:540} INFO - Filling up the DagBag from /usr/local/python/3.12.1/lib/python3.12/site-packages/airflow/example_dags/example_short_circuit_decorator.py
[2026-04-25T09:39:14.347+0000] {processor.py:840} INFO - DAG(s) 'example_short_circuit_decorator' retrieved from /usr/local/python/3.12.1/lib/python3.12/site-packages/airflow/example_dags/example_short_circuit_decorator.py
[2026-04-25T09:39:14.361+0000] {logging_mixin.py:188} INFO - [2026-04-25T09:39:14.361+0000] {dag.py:3096} INFO - Sync 1 DAGs
[2026-04-25T09:39:14.375+0000] {logging_mixin.py:188} INFO - [2026-04-25T09:39:14.375+0000] {dag.py:3954} INFO - Setting next_dagrun for example_short_circuit_decorator to 2026-04-24 00:00:00+00:00, run_after=2026-04-25 00:00:00+00:00
[2026-04-25T09:39:14.396+0000] {processor.py:183} INFO - Processing /usr/local/python/3.12.1/lib/python3.12/site-packages/airflow/example_dags/example_short_circuit_decorator.py took 0.061 seconds
[2026-04-25T09:40:13.458+0000] {processor.py:161} INFO - Started process (PID=26907) to work on /usr/local/python/3.12.1/lib/python3.12/site-packages/airflow/example_dags/example_short_circuit_decorator.py
[2026-04-25T09:40:13.458+0000] {processor.py:830} INFO - Processing file /usr/local/python/3.12.1/lib/python3.12/site-packages/airflow/example_dags/example_short_circuit_decorator.py for tasks to queue
[2026-04-25T09:40:13.459+0000] {logging_mixin.py:188} INFO - [2026-04-25T09:40:13.459+0000] {dagbag.py:540} INFO - Filling up the DagBag from /usr/local/python/3.12.1/lib/python3.12/site-packages/airflow/example_dags/example_short_circuit_decorator.py
[2026-04-25T09:40:13.466+0000] {processor.py:840} INFO - DAG(s) 'example_short_circuit_decorator' retrieved from /usr/local/python/3.12.1/lib/python3.12/site-packages/airflow/example_dags/example_short_circuit_decorator.py
[2026-04-25T09:40:13.481+0000] {logging_mixin.py:188} INFO - [2026-04-25T09:40:13.480+0000] {dag.py:3096} INFO - Sync 1 DAGs
[2026-04-25T09:40:13.496+0000] {logging_mixin.py:188} INFO - [2026-04-25T09:40:13.496+0000] {dag.py:3954} INFO - Setting next_dagrun for example_short_circuit_decorator to 2026-04-24 00:00:00+00:00, run_after=2026-04-25 00:00:00+00:00
[2026-04-25T09:40:13.513+0000] {processor.py:183} INFO - Processing /usr/local/python/3.12.1/lib/python3.12/site-packages/airflow/example_dags/example_short_circuit_decorator.py took 0.059 seconds
[2026-04-25T09:41:11.209+0000] {processor.py:161} INFO - Started process (PID=27356) to work on /usr/local/python/3.12.1/lib/python3.12/site-packages/airflow/example_dags/example_short_circuit_decorator.py
[2026-04-25T09:41:11.210+0000] {processor.py:830} INFO - Processing file /usr/local/python/3.12.1/lib/python3.12/site-packages/airflow/example_dags/example_short_circuit_decorator.py for tasks to queue
[2026-04-25T09:41:11.210+0000] {logging_mixin.py:188} INFO - [2026-04-25T09:41:11.210+0000] {dagbag.py:540} INFO - Filling up the DagBag from /usr/local/python/3.12.1/lib/python3.12/site-packages/airflow/example_dags/example_short_circuit_decorator.py
[2026-04-25T09:41:11.218+0000] {processor.py:840} INFO - DAG(s) 'example_short_circuit_decorator' retrieved from /usr/local/python/3.12.1/lib/python3.12/site-packages/airflow/example_dags/example_short_circuit_decorator.py
[2026-04-25T09:41:11.233+0000] {logging_mixin.py:188} INFO - [2026-04-25T09:41:11.233+0000] {dag.py:3096} INFO - Sync 1 DAGs
[2026-04-25T09:41:11.249+0000] {logging_mixin.py:188} INFO - [2026-04-25T09:41:11.249+0000] {dag.py:3954} INFO - Setting next_dagrun for example_short_circuit_decorator to 2026-04-24 00:00:00+00:00, run_after=2026-04-25 00:00:00+00:00
[2026-04-25T09:41:11.266+0000] {processor.py:183} INFO - Processing /usr/local/python/3.12.1/lib/python3.12/site-packages/airflow/example_dags/example_short_circuit_decorator.py took 0.061 seconds
[2026-04-25T09:42:07.457+0000] {processor.py:161} INFO - Started process (PID=27791) to work on /usr/local/python/3.12.1/lib/python3.12/site-packages/airflow/example_dags/example_short_circuit_decorator.py
[2026-04-25T09:42:07.457+0000] {processor.py:830} INFO - Processing file /usr/local/python/3.12.1/lib/python3.12/site-packages/airflow/example_dags/example_short_circuit_decorator.py for tasks to queue
[2026-04-25T09:42:07.458+0000] {logging_mixin.py:188} INFO - [2026-04-25T09:42:07.458+0000] {dagbag.py:540} INFO - Filling up the DagBag from /usr/local/python/3.12.1/lib/python3.12/site-packages/airflow/example_dags/example_short_circuit_decorator.py
[2026-04-25T09:42:07.465+0000] {processor.py:840} INFO - DAG(s) 'example_short_circuit_decorator' retrieved from /usr/local/python/3.12.1/lib/python3.12/site-packages/airflow/example_dags/example_short_circuit_decorator.py
[2026-04-25T09:42:07.479+0000] {logging_mixin.py:188} INFO - [2026-04-25T09:42:07.479+0000] {dag.py:3096} INFO - Sync 1 DAGs
[2026-04-25T09:42:07.493+0000] {logging_mixin.py:188} INFO - [2026-04-25T09:42:07.493+0000] {dag.py:3954} INFO - Setting next_dagrun for example_short_circuit_decorator to 2026-04-24 00:00:00+00:00, run_after=2026-04-25 00:00:00+00:00
[2026-04-25T09:42:07.509+0000] {processor.py:183} INFO - Processing /usr/local/python/3.12.1/lib/python3.12/site-packages/airflow/example_dags/example_short_circuit_decorator.py took 0.057 seconds
[2026-04-25T09:43:05.534+0000] {processor.py:161} INFO - Started process (PID=28241) to work on /usr/local/python/3.12.1/lib/python3.12/site-packages/airflow/example_dags/example_short_circuit_decorator.py
[2026-04-25T09:43:05.535+0000] {processor.py:830} INFO - Processing file /usr/local/python/3.12.1/lib/python3.12/site-packages/airflow/example_dags/example_short_circuit_decorator.py for tasks to queue
[2026-04-25T09:43:05.536+0000] {logging_mixin.py:188} INFO - [2026-04-25T09:43:05.535+0000] {dagbag.py:540} INFO - Filling up the DagBag from /usr/local/python/3.12.1/lib/python3.12/site-packages/airflow/example_dags/example_short_circuit_decorator.py
[2026-04-25T09:43:05.543+0000] {processor.py:840} INFO - DAG(s) 'example_short_circuit_decorator' retrieved from /usr/local/python/3.12.1/lib/python3.12/site-packages/airflow/example_dags/example_short_circuit_decorator.py
[2026-04-25T09:43:05.556+0000] {logging_mixin.py:188} INFO - [2026-04-25T09:43:05.556+0000] {dag.py:3096} INFO - Sync 1 DAGs
[2026-04-25T09:43:05.570+0000] {logging_mixin.py:188} INFO - [2026-04-25T09:43:05.570+0000] {dag.py:3954} INFO - Setting next_dagrun for example_short_circuit_decorator to 2026-04-24 00:00:00+00:00, run_after=2026-04-25 00:00:00+00:00
[2026-04-25T09:43:05.586+0000] {processor.py:183} INFO - Processing /usr/local/python/3.12.1/lib/python3.12/site-packages/airflow/example_dags/example_short_circuit_decorator.py took 0.056 seconds
[2026-04-25T09:43:48.334+0000] {processor.py:161} INFO - Started process (PID=28570) to work on /usr/local/python/3.12.1/lib/python3.12/site-packages/airflow/example_dags/example_short_circuit_decorator.py
[2026-04-25T09:43:48.334+0000] {processor.py:830} INFO - Processing file /usr/local/python/3.12.1/lib/python3.12/site-packages/airflow/example_dags/example_short_circuit_decorator.py for tasks to queue
[2026-04-25T09:43:48.335+0000] {logging_mixin.py:188} INFO - [2026-04-25T09:43:48.335+0000] {dagbag.py:540} INFO - Filling up the DagBag from /usr/local/python/3.12.1/lib/python3.12/site-packages/airflow/example_dags/example_short_circuit_decorator.py
[2026-04-25T09:43:48.342+0000] {processor.py:840} INFO - DAG(s) 'example_short_circuit_decorator' retrieved from /usr/local/python/3.12.1/lib/python3.12/site-packages/airflow/example_dags/example_short_circuit_decorator.py
[2026-04-25T09:43:48.356+0000] {logging_mixin.py:188} INFO - [2026-04-25T09:43:48.356+0000] {dag.py:3096} INFO - Sync 1 DAGs
[2026-04-25T09:43:48.371+0000] {logging_mixin.py:188} INFO - [2026-04-25T09:43:48.371+0000] {dag.py:3954} INFO - Setting next_dagrun for example_short_circuit_decorator to 2026-04-24 00:00:00+00:00, run_after=2026-04-25 00:00:00+00:00
[2026-04-25T09:43:48.386+0000] {processor.py:183} INFO - Processing /usr/local/python/3.12.1/lib/python3.12/site-packages/airflow/example_dags/example_short_circuit_decorator.py took 0.057 seconds
[2026-04-25T09:44:29.246+0000] {processor.py:161} INFO - Started process (PID=28887) to work on /usr/local/python/3.12.1/lib/python3.12/site-packages/airflow/example_dags/example_short_circuit_decorator.py
[2026-04-25T09:44:29.247+0000] {processor.py:830} INFO - Processing file /usr/local/python/3.12.1/lib/python3.12/site-packages/airflow/example_dags/example_short_circuit_decorator.py for tasks to queue
[2026-04-25T09:44:29.248+0000] {logging_mixin.py:188} INFO - [2026-04-25T09:44:29.247+0000] {dagbag.py:540} INFO - Filling up the DagBag from /usr/local/python/3.12.1/lib/python3.12/site-packages/airflow/example_dags/example_short_circuit_decorator.py
[2026-04-25T09:44:29.255+0000] {processor.py:840} INFO - DAG(s) 'example_short_circuit_decorator' retrieved from /usr/local/python/3.12.1/lib/python3.12/site-packages/airflow/example_dags/example_short_circuit_decorator.py
[2026-04-25T09:44:29.269+0000] {logging_mixin.py:188} INFO - [2026-04-25T09:44:29.269+0000] {dag.py:3096} INFO - Sync 1 DAGs
[2026-04-25T09:44:29.283+0000] {logging_mixin.py:188} INFO - [2026-04-25T09:44:29.283+0000] {dag.py:3954} INFO - Setting next_dagrun for example_short_circuit_decorator to 2026-04-24 00:00:00+00:00, run_after=2026-04-25 00:00:00+00:00
[2026-04-25T09:44:29.301+0000] {processor.py:183} INFO - Processing /usr/local/python/3.12.1/lib/python3.12/site-packages/airflow/example_dags/example_short_circuit_decorator.py took 0.059 seconds
[2026-04-25T09:45:26.470+0000] {processor.py:161} INFO - Started process (PID=29332) to work on /usr/local/python/3.12.1/lib/python3.12/site-packages/airflow/example_dags/example_short_circuit_decorator.py
[2026-04-25T09:45:26.471+0000] {processor.py:830} INFO - Processing file /usr/local/python/3.12.1/lib/python3.12/site-packages/airflow/example_dags/example_short_circuit_decorator.py for tasks to queue
[2026-04-25T09:45:26.471+0000] {logging_mixin.py:188} INFO - [2026-04-25T09:45:26.471+0000] {dagbag.py:540} INFO - Filling up the DagBag from /usr/local/python/3.12.1/lib/python3.12/site-packages/airflow/example_dags/example_short_circuit_decorator.py
[2026-04-25T09:45:26.479+0000] {processor.py:840} INFO - DAG(s) 'example_short_circuit_decorator' retrieved from /usr/local/python/3.12.1/lib/python3.12/site-packages/airflow/example_dags/example_short_circuit_decorator.py
[2026-04-25T09:45:26.493+0000] {logging_mixin.py:188} INFO - [2026-04-25T09:45:26.492+0000] {dag.py:3096} INFO - Sync 1 DAGs
[2026-04-25T09:45:26.508+0000] {logging_mixin.py:188} INFO - [2026-04-25T09:45:26.508+0000] {dag.py:3954} INFO - Setting next_dagrun for example_short_circuit_decorator to 2026-04-24 00:00:00+00:00, run_after=2026-04-25 00:00:00+00:00
[2026-04-25T09:45:26.525+0000] {processor.py:183} INFO - Processing /usr/local/python/3.12.1/lib/python3.12/site-packages/airflow/example_dags/example_short_circuit_decorator.py took 0.059 seconds
[2026-04-25T09:46:08.577+0000] {processor.py:161} INFO - Started process (PID=29659) to work on /usr/local/python/3.12.1/lib/python3.12/site-packages/airflow/example_dags/example_short_circuit_decorator.py
[2026-04-25T09:46:08.578+0000] {processor.py:830} INFO - Processing file /usr/local/python/3.12.1/lib/python3.12/site-packages/airflow/example_dags/example_short_circuit_decorator.py for tasks to queue
[2026-04-25T09:46:08.579+0000] {logging_mixin.py:188} INFO - [2026-04-25T09:46:08.578+0000] {dagbag.py:540} INFO - Filling up the DagBag from /usr/local/python/3.12.1/lib/python3.12/site-packages/airflow/example_dags/example_short_circuit_decorator.py
[2026-04-25T09:46:08.586+0000] {processor.py:840} INFO - DAG(s) 'example_short_circuit_decorator' retrieved from /usr/local/python/3.12.1/lib/python3.12/site-packages/airflow/example_dags/example_short_circuit_decorator.py
[2026-04-25T09:46:08.600+0000] {logging_mixin.py:188} INFO - [2026-04-25T09:46:08.600+0000] {dag.py:3096} INFO - Sync 1 DAGs
[2026-04-25T09:46:08.616+0000] {logging_mixin.py:188} INFO - [2026-04-25T09:46:08.615+0000] {dag.py:3954} INFO - Setting next_dagrun for example_short_circuit_decorator to 2026-04-24 00:00:00+00:00, run_after=2026-04-25 00:00:00+00:00
[2026-04-25T09:46:08.632+0000] {processor.py:183} INFO - Processing /usr/local/python/3.12.1/lib/python3.12/site-packages/airflow/example_dags/example_short_circuit_decorator.py took 0.059 seconds
[2026-04-25T09:46:49.856+0000] {processor.py:161} INFO - Started process (PID=29973) to work on /usr/local/python/3.12.1/lib/python3.12/site-packages/airflow/example_dags/example_short_circuit_decorator.py
[2026-04-25T09:46:49.856+0000] {processor.py:830} INFO - Processing file /usr/local/python/3.12.1/lib/python3.12/site-packages/airflow/example_dags/example_short_circuit_decorator.py for tasks to queue
[2026-04-25T09:46:49.857+0000] {logging_mixin.py:188} INFO - [2026-04-25T09:46:49.857+0000] {dagbag.py:540} INFO - Filling up the DagBag from /usr/local/python/3.12.1/lib/python3.12/site-packages/airflow/example_dags/example_short_circuit_decorator.py
[2026-04-25T09:46:49.864+0000] {processor.py:840} INFO - DAG(s) 'example_short_circuit_decorator' retrieved from /usr/local/python/3.12.1/lib/python3.12/site-packages/airflow/example_dags/example_short_circuit_decorator.py
[2026-04-25T09:46:49.878+0000] {logging_mixin.py:188} INFO - [2026-04-25T09:46:49.878+0000] {dag.py:3096} INFO - Sync 1 DAGs
[2026-04-25T09:46:49.893+0000] {logging_mixin.py:188} INFO - [2026-04-25T09:46:49.893+0000] {dag.py:3954} INFO - Setting next_dagrun for example_short_circuit_decorator to 2026-04-24 00:00:00+00:00, run_after=2026-04-25 00:00:00+00:00
[2026-04-25T09:46:49.909+0000] {processor.py:183} INFO - Processing /usr/local/python/3.12.1/lib/python3.12/site-packages/airflow/example_dags/example_short_circuit_decorator.py took 0.058 seconds
