[2026-04-25T09:05:57.280+0000] {processor.py:161} INFO - Started process (PID=8222) to work on /usr/local/python/3.12.1/lib/python3.12/site-packages/airflow/example_dags/example_short_circuit_operator.py
[2026-04-25T09:05:57.280+0000] {processor.py:830} INFO - Processing file /usr/local/python/3.12.1/lib/python3.12/site-packages/airflow/example_dags/example_short_circuit_operator.py for tasks to queue
[2026-04-25T09:05:57.281+0000] {logging_mixin.py:188} INFO - [2026-04-25T09:05:57.281+0000] {dagbag.py:540} INFO - Filling up the DagBag from /usr/local/python/3.12.1/lib/python3.12/site-packages/airflow/example_dags/example_short_circuit_operator.py
[2026-04-25T09:05:57.292+0000] {processor.py:840} INFO - DAG(s) 'example_short_circuit_operator' retrieved from /usr/local/python/3.12.1/lib/python3.12/site-packages/airflow/example_dags/example_short_circuit_operator.py
[2026-04-25T09:05:57.388+0000] {logging_mixin.py:188} INFO - [2026-04-25T09:05:57.387+0000] {override.py:1930} INFO - Created Permission View: can delete on DAG:example_short_circuit_operator
[2026-04-25T09:05:57.397+0000] {logging_mixin.py:188} INFO - [2026-04-25T09:05:57.397+0000] {override.py:1930} INFO - Created Permission View: can edit on DAG:example_short_circuit_operator
[2026-04-25T09:05:57.404+0000] {logging_mixin.py:188} INFO - [2026-04-25T09:05:57.403+0000] {override.py:1930} INFO - Created Permission View: can read on DAG:example_short_circuit_operator
[2026-04-25T09:05:57.404+0000] {logging_mixin.py:188} INFO - [2026-04-25T09:05:57.404+0000] {dag.py:3096} INFO - Sync 1 DAGs
[2026-04-25T09:05:57.412+0000] {logging_mixin.py:188} INFO - [2026-04-25T09:05:57.412+0000] {dag.py:3118} INFO - Creating ORM DAG for example_short_circuit_operator
[2026-04-25T09:05:57.419+0000] {logging_mixin.py:188} INFO - [2026-04-25T09:05:57.419+0000] {dag.py:3954} INFO - Setting next_dagrun for example_short_circuit_operator to 2026-04-24 00:00:00+00:00, run_after=2026-04-25 00:00:00+00:00
[2026-04-25T09:05:57.435+0000] {processor.py:183} INFO - Processing /usr/local/python/3.12.1/lib/python3.12/site-packages/airflow/example_dags/example_short_circuit_operator.py took 0.160 seconds
[2026-04-25T09:06:54.667+0000] {processor.py:161} INFO - Started process (PID=8930) to work on /usr/local/python/3.12.1/lib/python3.12/site-packages/airflow/example_dags/example_short_circuit_operator.py
[2026-04-25T09:06:54.668+0000] {processor.py:830} INFO - Processing file /usr/local/python/3.12.1/lib/python3.12/site-packages/airflow/example_dags/example_short_circuit_operator.py for tasks to queue
[2026-04-25T09:06:54.669+0000] {logging_mixin.py:188} INFO - [2026-04-25T09:06:54.668+0000] {dagbag.py:540} INFO - Filling up the DagBag from /usr/local/python/3.12.1/lib/python3.12/site-packages/airflow/example_dags/example_short_circuit_operator.py
[2026-04-25T09:06:54.675+0000] {processor.py:840} INFO - DAG(s) 'example_short_circuit_operator' retrieved from /usr/local/python/3.12.1/lib/python3.12/site-packages/airflow/example_dags/example_short_circuit_operator.py
[2026-04-25T09:06:54.688+0000] {logging_mixin.py:188} INFO - [2026-04-25T09:06:54.688+0000] {dag.py:3096} INFO - Sync 1 DAGs
[2026-04-25T09:06:54.703+0000] {logging_mixin.py:188} INFO - [2026-04-25T09:06:54.703+0000] {dag.py:3954} INFO - Setting next_dagrun for example_short_circuit_operator to 2026-04-24 00:00:00+00:00, run_after=2026-04-25 00:00:00+00:00
[2026-04-25T09:06:54.719+0000] {processor.py:183} INFO - Processing /usr/local/python/3.12.1/lib/python3.12/site-packages/airflow/example_dags/example_short_circuit_operator.py took 0.056 seconds
[2026-04-25T09:07:42.322+0000] {processor.py:161} INFO - Started process (PID=9321) to work on /usr/local/python/3.12.1/lib/python3.12/site-packages/airflow/example_dags/example_short_circuit_operator.py
[2026-04-25T09:07:42.323+0000] {processor.py:830} INFO - Processing file /usr/local/python/3.12.1/lib/python3.12/site-packages/airflow/example_dags/example_short_circuit_operator.py for tasks to queue
[2026-04-25T09:07:42.325+0000] {logging_mixin.py:188} INFO - [2026-04-25T09:07:42.324+0000] {dagbag.py:540} INFO - Filling up the DagBag from /usr/local/python/3.12.1/lib/python3.12/site-packages/airflow/example_dags/example_short_circuit_operator.py
[2026-04-25T09:07:42.334+0000] {processor.py:840} INFO - DAG(s) 'example_short_circuit_operator' retrieved from /usr/local/python/3.12.1/lib/python3.12/site-packages/airflow/example_dags/example_short_circuit_operator.py
[2026-04-25T09:07:42.357+0000] {logging_mixin.py:188} INFO - [2026-04-25T09:07:42.357+0000] {dag.py:3096} INFO - Sync 1 DAGs
[2026-04-25T09:07:42.381+0000] {logging_mixin.py:188} INFO - [2026-04-25T09:07:42.380+0000] {dag.py:3954} INFO - Setting next_dagrun for example_short_circuit_operator to 2026-04-24 00:00:00+00:00, run_after=2026-04-25 00:00:00+00:00
[2026-04-25T09:07:42.410+0000] {processor.py:183} INFO - Processing /usr/local/python/3.12.1/lib/python3.12/site-packages/airflow/example_dags/example_short_circuit_operator.py took 0.094 seconds
[2026-04-25T09:08:34.514+0000] {processor.py:161} INFO - Started process (PID=9870) to work on /usr/local/python/3.12.1/lib/python3.12/site-packages/airflow/example_dags/example_short_circuit_operator.py
[2026-04-25T09:08:34.514+0000] {processor.py:830} INFO - Processing file /usr/local/python/3.12.1/lib/python3.12/site-packages/airflow/example_dags/example_short_circuit_operator.py for tasks to queue
[2026-04-25T09:08:34.515+0000] {logging_mixin.py:188} INFO - [2026-04-25T09:08:34.515+0000] {dagbag.py:540} INFO - Filling up the DagBag from /usr/local/python/3.12.1/lib/python3.12/site-packages/airflow/example_dags/example_short_circuit_operator.py
[2026-04-25T09:08:34.521+0000] {processor.py:840} INFO - DAG(s) 'example_short_circuit_operator' retrieved from /usr/local/python/3.12.1/lib/python3.12/site-packages/airflow/example_dags/example_short_circuit_operator.py
[2026-04-25T09:08:34.545+0000] {logging_mixin.py:188} INFO - [2026-04-25T09:08:34.545+0000] {dag.py:3096} INFO - Sync 1 DAGs
[2026-04-25T09:08:34.560+0000] {logging_mixin.py:188} INFO - [2026-04-25T09:08:34.560+0000] {dag.py:3954} INFO - Setting next_dagrun for example_short_circuit_operator to 2026-04-24 00:00:00+00:00, run_after=2026-04-25 00:00:00+00:00
[2026-04-25T09:08:34.577+0000] {processor.py:183} INFO - Processing /usr/local/python/3.12.1/lib/python3.12/site-packages/airflow/example_dags/example_short_circuit_operator.py took 0.069 seconds
[2026-04-25T09:09:14.603+0000] {processor.py:161} INFO - Started process (PID=10175) to work on /usr/local/python/3.12.1/lib/python3.12/site-packages/airflow/example_dags/example_short_circuit_operator.py
[2026-04-25T09:09:14.604+0000] {processor.py:830} INFO - Processing file /usr/local/python/3.12.1/lib/python3.12/site-packages/airflow/example_dags/example_short_circuit_operator.py for tasks to queue
[2026-04-25T09:09:14.605+0000] {logging_mixin.py:188} INFO - [2026-04-25T09:09:14.604+0000] {dagbag.py:540} INFO - Filling up the DagBag from /usr/local/python/3.12.1/lib/python3.12/site-packages/airflow/example_dags/example_short_circuit_operator.py
[2026-04-25T09:09:14.610+0000] {processor.py:840} INFO - DAG(s) 'example_short_circuit_operator' retrieved from /usr/local/python/3.12.1/lib/python3.12/site-packages/airflow/example_dags/example_short_circuit_operator.py
[2026-04-25T09:09:14.624+0000] {logging_mixin.py:188} INFO - [2026-04-25T09:09:14.624+0000] {dag.py:3096} INFO - Sync 1 DAGs
[2026-04-25T09:09:14.639+0000] {logging_mixin.py:188} INFO - [2026-04-25T09:09:14.639+0000] {dag.py:3954} INFO - Setting next_dagrun for example_short_circuit_operator to 2026-04-24 00:00:00+00:00, run_after=2026-04-25 00:00:00+00:00
[2026-04-25T09:09:14.655+0000] {processor.py:183} INFO - Processing /usr/local/python/3.12.1/lib/python3.12/site-packages/airflow/example_dags/example_short_circuit_operator.py took 0.056 seconds
[2026-04-25T09:10:00.131+0000] {processor.py:161} INFO - Started process (PID=10945) to work on /usr/local/python/3.12.1/lib/python3.12/site-packages/airflow/example_dags/example_short_circuit_operator.py
[2026-04-25T09:10:00.132+0000] {processor.py:830} INFO - Processing file /usr/local/python/3.12.1/lib/python3.12/site-packages/airflow/example_dags/example_short_circuit_operator.py for tasks to queue
[2026-04-25T09:10:00.132+0000] {logging_mixin.py:188} INFO - [2026-04-25T09:10:00.132+0000] {dagbag.py:540} INFO - Filling up the DagBag from /usr/local/python/3.12.1/lib/python3.12/site-packages/airflow/example_dags/example_short_circuit_operator.py
[2026-04-25T09:10:00.138+0000] {processor.py:840} INFO - DAG(s) 'example_short_circuit_operator' retrieved from /usr/local/python/3.12.1/lib/python3.12/site-packages/airflow/example_dags/example_short_circuit_operator.py
[2026-04-25T09:10:00.152+0000] {logging_mixin.py:188} INFO - [2026-04-25T09:10:00.152+0000] {dag.py:3096} INFO - Sync 1 DAGs
[2026-04-25T09:10:00.167+0000] {logging_mixin.py:188} INFO - [2026-04-25T09:10:00.166+0000] {dag.py:3954} INFO - Setting next_dagrun for example_short_circuit_operator to 2026-04-24 00:00:00+00:00, run_after=2026-04-25 00:00:00+00:00
[2026-04-25T09:10:00.184+0000] {processor.py:183} INFO - Processing /usr/local/python/3.12.1/lib/python3.12/site-packages/airflow/example_dags/example_short_circuit_operator.py took 0.057 seconds
[2026-04-25T09:10:37.369+0000] {processor.py:161} INFO - Started process (PID=11348) to work on /usr/local/python/3.12.1/lib/python3.12/site-packages/airflow/example_dags/example_short_circuit_operator.py
[2026-04-25T09:10:37.370+0000] {processor.py:830} INFO - Processing file /usr/local/python/3.12.1/lib/python3.12/site-packages/airflow/example_dags/example_short_circuit_operator.py for tasks to queue
[2026-04-25T09:10:37.371+0000] {logging_mixin.py:188} INFO - [2026-04-25T09:10:37.370+0000] {dagbag.py:540} INFO - Filling up the DagBag from /usr/local/python/3.12.1/lib/python3.12/site-packages/airflow/example_dags/example_short_circuit_operator.py
[2026-04-25T09:10:37.376+0000] {processor.py:840} INFO - DAG(s) 'example_short_circuit_operator' retrieved from /usr/local/python/3.12.1/lib/python3.12/site-packages/airflow/example_dags/example_short_circuit_operator.py
[2026-04-25T09:10:37.392+0000] {logging_mixin.py:188} INFO - [2026-04-25T09:10:37.391+0000] {dag.py:3096} INFO - Sync 1 DAGs
[2026-04-25T09:10:37.407+0000] {logging_mixin.py:188} INFO - [2026-04-25T09:10:37.406+0000] {dag.py:3954} INFO - Setting next_dagrun for example_short_circuit_operator to 2026-04-24 00:00:00+00:00, run_after=2026-04-25 00:00:00+00:00
[2026-04-25T09:10:37.423+0000] {processor.py:183} INFO - Processing /usr/local/python/3.12.1/lib/python3.12/site-packages/airflow/example_dags/example_short_circuit_operator.py took 0.058 seconds
[2026-04-25T09:11:26.369+0000] {processor.py:161} INFO - Started process (PID=12279) to work on /usr/local/python/3.12.1/lib/python3.12/site-packages/airflow/example_dags/example_short_circuit_operator.py
[2026-04-25T09:11:26.376+0000] {processor.py:830} INFO - Processing file /usr/local/python/3.12.1/lib/python3.12/site-packages/airflow/example_dags/example_short_circuit_operator.py for tasks to queue
[2026-04-25T09:11:26.377+0000] {logging_mixin.py:188} INFO - [2026-04-25T09:11:26.377+0000] {dagbag.py:540} INFO - Filling up the DagBag from /usr/local/python/3.12.1/lib/python3.12/site-packages/airflow/example_dags/example_short_circuit_operator.py
[2026-04-25T09:11:26.402+0000] {processor.py:840} INFO - DAG(s) 'example_short_circuit_operator' retrieved from /usr/local/python/3.12.1/lib/python3.12/site-packages/airflow/example_dags/example_short_circuit_operator.py
[2026-04-25T09:11:26.425+0000] {logging_mixin.py:188} INFO - [2026-04-25T09:11:26.424+0000] {dag.py:3096} INFO - Sync 1 DAGs
[2026-04-25T09:11:26.476+0000] {logging_mixin.py:188} INFO - [2026-04-25T09:11:26.476+0000] {dag.py:3954} INFO - Setting next_dagrun for example_short_circuit_operator to 2026-04-24 00:00:00+00:00, run_after=2026-04-25 00:00:00+00:00
[2026-04-25T09:11:26.501+0000] {processor.py:183} INFO - Processing /usr/local/python/3.12.1/lib/python3.12/site-packages/airflow/example_dags/example_short_circuit_operator.py took 0.147 seconds
[2026-04-25T09:11:42.729+0000] {processor.py:161} INFO - Started process (PID=12595) to work on /usr/local/python/3.12.1/lib/python3.12/site-packages/airflow/example_dags/example_short_circuit_operator.py
[2026-04-25T09:11:42.729+0000] {processor.py:830} INFO - Processing file /usr/local/python/3.12.1/lib/python3.12/site-packages/airflow/example_dags/example_short_circuit_operator.py for tasks to queue
[2026-04-25T09:11:42.730+0000] {logging_mixin.py:188} INFO - [2026-04-25T09:11:42.730+0000] {dagbag.py:540} INFO - Filling up the DagBag from /usr/local/python/3.12.1/lib/python3.12/site-packages/airflow/example_dags/example_short_circuit_operator.py
[2026-04-25T09:11:42.744+0000] {processor.py:840} INFO - DAG(s) 'example_short_circuit_operator' retrieved from /usr/local/python/3.12.1/lib/python3.12/site-packages/airflow/example_dags/example_short_circuit_operator.py
[2026-04-25T09:11:42.923+0000] {logging_mixin.py:188} INFO - [2026-04-25T09:11:42.923+0000] {dag.py:3096} INFO - Sync 1 DAGs
[2026-04-25T09:11:42.936+0000] {logging_mixin.py:188} INFO - [2026-04-25T09:11:42.936+0000] {dag.py:3954} INFO - Setting next_dagrun for example_short_circuit_operator to 2026-04-24 00:00:00+00:00, run_after=2026-04-25 00:00:00+00:00
[2026-04-25T09:11:42.955+0000] {processor.py:183} INFO - Processing /usr/local/python/3.12.1/lib/python3.12/site-packages/airflow/example_dags/example_short_circuit_operator.py took 0.230 seconds
[2026-04-25T09:12:14.268+0000] {processor.py:161} INFO - Started process (PID=12875) to work on /usr/local/python/3.12.1/lib/python3.12/site-packages/airflow/example_dags/example_short_circuit_operator.py
[2026-04-25T09:12:14.268+0000] {processor.py:830} INFO - Processing file /usr/local/python/3.12.1/lib/python3.12/site-packages/airflow/example_dags/example_short_circuit_operator.py for tasks to queue
[2026-04-25T09:12:14.269+0000] {logging_mixin.py:188} INFO - [2026-04-25T09:12:14.269+0000] {dagbag.py:540} INFO - Filling up the DagBag from /usr/local/python/3.12.1/lib/python3.12/site-packages/airflow/example_dags/example_short_circuit_operator.py
[2026-04-25T09:12:14.276+0000] {processor.py:840} INFO - DAG(s) 'example_short_circuit_operator' retrieved from /usr/local/python/3.12.1/lib/python3.12/site-packages/airflow/example_dags/example_short_circuit_operator.py
[2026-04-25T09:12:14.289+0000] {logging_mixin.py:188} INFO - [2026-04-25T09:12:14.289+0000] {dag.py:3096} INFO - Sync 1 DAGs
[2026-04-25T09:12:14.310+0000] {logging_mixin.py:188} INFO - [2026-04-25T09:12:14.310+0000] {dag.py:3954} INFO - Setting next_dagrun for example_short_circuit_operator to 2026-04-24 00:00:00+00:00, run_after=2026-04-25 00:00:00+00:00
[2026-04-25T09:12:14.326+0000] {processor.py:183} INFO - Processing /usr/local/python/3.12.1/lib/python3.12/site-packages/airflow/example_dags/example_short_circuit_operator.py took 0.063 seconds
[2026-04-25T09:12:33.939+0000] {processor.py:161} INFO - Started process (PID=13188) to work on /usr/local/python/3.12.1/lib/python3.12/site-packages/airflow/example_dags/example_short_circuit_operator.py
[2026-04-25T09:12:33.942+0000] {processor.py:830} INFO - Processing file /usr/local/python/3.12.1/lib/python3.12/site-packages/airflow/example_dags/example_short_circuit_operator.py for tasks to queue
[2026-04-25T09:12:33.946+0000] {logging_mixin.py:188} INFO - [2026-04-25T09:12:33.945+0000] {dagbag.py:540} INFO - Filling up the DagBag from /usr/local/python/3.12.1/lib/python3.12/site-packages/airflow/example_dags/example_short_circuit_operator.py
[2026-04-25T09:12:33.957+0000] {processor.py:840} INFO - DAG(s) 'example_short_circuit_operator' retrieved from /usr/local/python/3.12.1/lib/python3.12/site-packages/airflow/example_dags/example_short_circuit_operator.py
[2026-04-25T09:12:33.981+0000] {logging_mixin.py:188} INFO - [2026-04-25T09:12:33.981+0000] {dag.py:3096} INFO - Sync 1 DAGs
[2026-04-25T09:12:34.004+0000] {logging_mixin.py:188} INFO - [2026-04-25T09:12:34.004+0000] {dag.py:3954} INFO - Setting next_dagrun for example_short_circuit_operator to 2026-04-24 00:00:00+00:00, run_after=2026-04-25 00:00:00+00:00
[2026-04-25T09:12:34.021+0000] {processor.py:183} INFO - Processing /usr/local/python/3.12.1/lib/python3.12/site-packages/airflow/example_dags/example_short_circuit_operator.py took 0.099 seconds
[2026-04-25T09:12:56.349+0000] {processor.py:161} INFO - Started process (PID=13457) to work on /usr/local/python/3.12.1/lib/python3.12/site-packages/airflow/example_dags/example_short_circuit_operator.py
[2026-04-25T09:12:56.349+0000] {processor.py:830} INFO - Processing file /usr/local/python/3.12.1/lib/python3.12/site-packages/airflow/example_dags/example_short_circuit_operator.py for tasks to queue
[2026-04-25T09:12:56.350+0000] {logging_mixin.py:188} INFO - [2026-04-25T09:12:56.350+0000] {dagbag.py:540} INFO - Filling up the DagBag from /usr/local/python/3.12.1/lib/python3.12/site-packages/airflow/example_dags/example_short_circuit_operator.py
[2026-04-25T09:12:56.357+0000] {processor.py:840} INFO - DAG(s) 'example_short_circuit_operator' retrieved from /usr/local/python/3.12.1/lib/python3.12/site-packages/airflow/example_dags/example_short_circuit_operator.py
[2026-04-25T09:12:56.373+0000] {logging_mixin.py:188} INFO - [2026-04-25T09:12:56.373+0000] {dag.py:3096} INFO - Sync 1 DAGs
[2026-04-25T09:12:56.390+0000] {logging_mixin.py:188} INFO - [2026-04-25T09:12:56.390+0000] {dag.py:3954} INFO - Setting next_dagrun for example_short_circuit_operator to 2026-04-24 00:00:00+00:00, run_after=2026-04-25 00:00:00+00:00
[2026-04-25T09:12:56.407+0000] {processor.py:183} INFO - Processing /usr/local/python/3.12.1/lib/python3.12/site-packages/airflow/example_dags/example_short_circuit_operator.py took 0.063 seconds
[2026-04-25T09:13:25.178+0000] {processor.py:161} INFO - Started process (PID=13855) to work on /usr/local/python/3.12.1/lib/python3.12/site-packages/airflow/example_dags/example_short_circuit_operator.py
[2026-04-25T09:13:25.179+0000] {processor.py:830} INFO - Processing file /usr/local/python/3.12.1/lib/python3.12/site-packages/airflow/example_dags/example_short_circuit_operator.py for tasks to queue
[2026-04-25T09:13:25.180+0000] {logging_mixin.py:188} INFO - [2026-04-25T09:13:25.179+0000] {dagbag.py:540} INFO - Filling up the DagBag from /usr/local/python/3.12.1/lib/python3.12/site-packages/airflow/example_dags/example_short_circuit_operator.py
[2026-04-25T09:13:25.187+0000] {processor.py:840} INFO - DAG(s) 'example_short_circuit_operator' retrieved from /usr/local/python/3.12.1/lib/python3.12/site-packages/airflow/example_dags/example_short_circuit_operator.py
[2026-04-25T09:13:25.206+0000] {logging_mixin.py:188} INFO - [2026-04-25T09:13:25.206+0000] {dag.py:3096} INFO - Sync 1 DAGs
[2026-04-25T09:13:25.232+0000] {logging_mixin.py:188} INFO - [2026-04-25T09:13:25.232+0000] {dag.py:3954} INFO - Setting next_dagrun for example_short_circuit_operator to 2026-04-24 00:00:00+00:00, run_after=2026-04-25 00:00:00+00:00
[2026-04-25T09:13:25.253+0000] {processor.py:183} INFO - Processing /usr/local/python/3.12.1/lib/python3.12/site-packages/airflow/example_dags/example_short_circuit_operator.py took 0.080 seconds
[2026-04-25T09:13:58.690+0000] {processor.py:161} INFO - Started process (PID=14442) to work on /usr/local/python/3.12.1/lib/python3.12/site-packages/airflow/example_dags/example_short_circuit_operator.py
[2026-04-25T09:13:58.691+0000] {processor.py:830} INFO - Processing file /usr/local/python/3.12.1/lib/python3.12/site-packages/airflow/example_dags/example_short_circuit_operator.py for tasks to queue
[2026-04-25T09:13:58.692+0000] {logging_mixin.py:188} INFO - [2026-04-25T09:13:58.692+0000] {dagbag.py:540} INFO - Filling up the DagBag from /usr/local/python/3.12.1/lib/python3.12/site-packages/airflow/example_dags/example_short_circuit_operator.py
[2026-04-25T09:13:58.701+0000] {processor.py:840} INFO - DAG(s) 'example_short_circuit_operator' retrieved from /usr/local/python/3.12.1/lib/python3.12/site-packages/airflow/example_dags/example_short_circuit_operator.py
[2026-04-25T09:13:58.717+0000] {logging_mixin.py:188} INFO - [2026-04-25T09:13:58.717+0000] {dag.py:3096} INFO - Sync 1 DAGs
[2026-04-25T09:13:58.731+0000] {logging_mixin.py:188} INFO - [2026-04-25T09:13:58.731+0000] {dag.py:3954} INFO - Setting next_dagrun for example_short_circuit_operator to 2026-04-24 00:00:00+00:00, run_after=2026-04-25 00:00:00+00:00
[2026-04-25T09:13:58.748+0000] {processor.py:183} INFO - Processing /usr/local/python/3.12.1/lib/python3.12/site-packages/airflow/example_dags/example_short_circuit_operator.py took 0.061 seconds
[2026-04-25T09:14:47.240+0000] {processor.py:161} INFO - Started process (PID=14829) to work on /usr/local/python/3.12.1/lib/python3.12/site-packages/airflow/example_dags/example_short_circuit_operator.py
[2026-04-25T09:14:47.241+0000] {processor.py:830} INFO - Processing file /usr/local/python/3.12.1/lib/python3.12/site-packages/airflow/example_dags/example_short_circuit_operator.py for tasks to queue
[2026-04-25T09:14:47.242+0000] {logging_mixin.py:188} INFO - [2026-04-25T09:14:47.241+0000] {dagbag.py:540} INFO - Filling up the DagBag from /usr/local/python/3.12.1/lib/python3.12/site-packages/airflow/example_dags/example_short_circuit_operator.py
[2026-04-25T09:14:47.248+0000] {processor.py:840} INFO - DAG(s) 'example_short_circuit_operator' retrieved from /usr/local/python/3.12.1/lib/python3.12/site-packages/airflow/example_dags/example_short_circuit_operator.py
[2026-04-25T09:14:47.262+0000] {logging_mixin.py:188} INFO - [2026-04-25T09:14:47.262+0000] {dag.py:3096} INFO - Sync 1 DAGs
[2026-04-25T09:14:47.278+0000] {logging_mixin.py:188} INFO - [2026-04-25T09:14:47.278+0000] {dag.py:3954} INFO - Setting next_dagrun for example_short_circuit_operator to 2026-04-24 00:00:00+00:00, run_after=2026-04-25 00:00:00+00:00
[2026-04-25T09:14:47.295+0000] {processor.py:183} INFO - Processing /usr/local/python/3.12.1/lib/python3.12/site-packages/airflow/example_dags/example_short_circuit_operator.py took 0.059 seconds
[2026-04-25T09:15:37.378+0000] {processor.py:161} INFO - Started process (PID=15267) to work on /usr/local/python/3.12.1/lib/python3.12/site-packages/airflow/example_dags/example_short_circuit_operator.py
[2026-04-25T09:15:37.379+0000] {processor.py:830} INFO - Processing file /usr/local/python/3.12.1/lib/python3.12/site-packages/airflow/example_dags/example_short_circuit_operator.py for tasks to queue
[2026-04-25T09:15:37.380+0000] {logging_mixin.py:188} INFO - [2026-04-25T09:15:37.379+0000] {dagbag.py:540} INFO - Filling up the DagBag from /usr/local/python/3.12.1/lib/python3.12/site-packages/airflow/example_dags/example_short_circuit_operator.py
[2026-04-25T09:15:37.390+0000] {processor.py:840} INFO - DAG(s) 'example_short_circuit_operator' retrieved from /usr/local/python/3.12.1/lib/python3.12/site-packages/airflow/example_dags/example_short_circuit_operator.py
[2026-04-25T09:15:37.412+0000] {logging_mixin.py:188} INFO - [2026-04-25T09:15:37.412+0000] {dag.py:3096} INFO - Sync 1 DAGs
[2026-04-25T09:15:37.436+0000] {logging_mixin.py:188} INFO - [2026-04-25T09:15:37.436+0000] {dag.py:3954} INFO - Setting next_dagrun for example_short_circuit_operator to 2026-04-24 00:00:00+00:00, run_after=2026-04-25 00:00:00+00:00
[2026-04-25T09:15:37.459+0000] {processor.py:183} INFO - Processing /usr/local/python/3.12.1/lib/python3.12/site-packages/airflow/example_dags/example_short_circuit_operator.py took 0.088 seconds
[2026-04-25T09:16:33.916+0000] {processor.py:161} INFO - Started process (PID=15854) to work on /usr/local/python/3.12.1/lib/python3.12/site-packages/airflow/example_dags/example_short_circuit_operator.py
[2026-04-25T09:16:33.916+0000] {processor.py:830} INFO - Processing file /usr/local/python/3.12.1/lib/python3.12/site-packages/airflow/example_dags/example_short_circuit_operator.py for tasks to queue
[2026-04-25T09:16:33.917+0000] {logging_mixin.py:188} INFO - [2026-04-25T09:16:33.917+0000] {dagbag.py:540} INFO - Filling up the DagBag from /usr/local/python/3.12.1/lib/python3.12/site-packages/airflow/example_dags/example_short_circuit_operator.py
[2026-04-25T09:16:33.923+0000] {processor.py:840} INFO - DAG(s) 'example_short_circuit_operator' retrieved from /usr/local/python/3.12.1/lib/python3.12/site-packages/airflow/example_dags/example_short_circuit_operator.py
[2026-04-25T09:16:33.937+0000] {logging_mixin.py:188} INFO - [2026-04-25T09:16:33.936+0000] {dag.py:3096} INFO - Sync 1 DAGs
[2026-04-25T09:16:33.951+0000] {logging_mixin.py:188} INFO - [2026-04-25T09:16:33.951+0000] {dag.py:3954} INFO - Setting next_dagrun for example_short_circuit_operator to 2026-04-24 00:00:00+00:00, run_after=2026-04-25 00:00:00+00:00
[2026-04-25T09:16:33.968+0000] {processor.py:183} INFO - Processing /usr/local/python/3.12.1/lib/python3.12/site-packages/airflow/example_dags/example_short_circuit_operator.py took 0.056 seconds
[2026-04-25T09:17:17.379+0000] {processor.py:161} INFO - Started process (PID=16284) to work on /usr/local/python/3.12.1/lib/python3.12/site-packages/airflow/example_dags/example_short_circuit_operator.py
[2026-04-25T09:17:17.380+0000] {processor.py:830} INFO - Processing file /usr/local/python/3.12.1/lib/python3.12/site-packages/airflow/example_dags/example_short_circuit_operator.py for tasks to queue
[2026-04-25T09:17:17.381+0000] {logging_mixin.py:188} INFO - [2026-04-25T09:17:17.380+0000] {dagbag.py:540} INFO - Filling up the DagBag from /usr/local/python/3.12.1/lib/python3.12/site-packages/airflow/example_dags/example_short_circuit_operator.py
[2026-04-25T09:17:17.391+0000] {processor.py:840} INFO - DAG(s) 'example_short_circuit_operator' retrieved from /usr/local/python/3.12.1/lib/python3.12/site-packages/airflow/example_dags/example_short_circuit_operator.py
[2026-04-25T09:17:17.401+0000] {logging_mixin.py:188} INFO - [2026-04-25T09:17:17.400+0000] {dag.py:3096} INFO - Sync 1 DAGs
[2026-04-25T09:17:17.432+0000] {logging_mixin.py:188} INFO - [2026-04-25T09:17:17.432+0000] {dag.py:3954} INFO - Setting next_dagrun for example_short_circuit_operator to 2026-04-24 00:00:00+00:00, run_after=2026-04-25 00:00:00+00:00
[2026-04-25T09:17:17.461+0000] {processor.py:183} INFO - Processing /usr/local/python/3.12.1/lib/python3.12/site-packages/airflow/example_dags/example_short_circuit_operator.py took 0.090 seconds
[2026-04-25T09:18:02.349+0000] {processor.py:161} INFO - Started process (PID=16630) to work on /usr/local/python/3.12.1/lib/python3.12/site-packages/airflow/example_dags/example_short_circuit_operator.py
[2026-04-25T09:18:02.350+0000] {processor.py:830} INFO - Processing file /usr/local/python/3.12.1/lib/python3.12/site-packages/airflow/example_dags/example_short_circuit_operator.py for tasks to queue
[2026-04-25T09:18:02.350+0000] {logging_mixin.py:188} INFO - [2026-04-25T09:18:02.350+0000] {dagbag.py:540} INFO - Filling up the DagBag from /usr/local/python/3.12.1/lib/python3.12/site-packages/airflow/example_dags/example_short_circuit_operator.py
[2026-04-25T09:18:02.356+0000] {processor.py:840} INFO - DAG(s) 'example_short_circuit_operator' retrieved from /usr/local/python/3.12.1/lib/python3.12/site-packages/airflow/example_dags/example_short_circuit_operator.py
[2026-04-25T09:18:02.464+0000] {logging_mixin.py:188} INFO - [2026-04-25T09:18:02.464+0000] {dag.py:3096} INFO - Sync 1 DAGs
[2026-04-25T09:18:02.479+0000] {logging_mixin.py:188} INFO - [2026-04-25T09:18:02.479+0000] {dag.py:3954} INFO - Setting next_dagrun for example_short_circuit_operator to 2026-04-24 00:00:00+00:00, run_after=2026-04-25 00:00:00+00:00
[2026-04-25T09:18:02.496+0000] {processor.py:183} INFO - Processing /usr/local/python/3.12.1/lib/python3.12/site-packages/airflow/example_dags/example_short_circuit_operator.py took 0.151 seconds
[2026-04-25T09:18:47.458+0000] {processor.py:161} INFO - Started process (PID=16988) to work on /usr/local/python/3.12.1/lib/python3.12/site-packages/airflow/example_dags/example_short_circuit_operator.py
[2026-04-25T09:18:47.459+0000] {processor.py:830} INFO - Processing file /usr/local/python/3.12.1/lib/python3.12/site-packages/airflow/example_dags/example_short_circuit_operator.py for tasks to queue
[2026-04-25T09:18:47.459+0000] {logging_mixin.py:188} INFO - [2026-04-25T09:18:47.459+0000] {dagbag.py:540} INFO - Filling up the DagBag from /usr/local/python/3.12.1/lib/python3.12/site-packages/airflow/example_dags/example_short_circuit_operator.py
[2026-04-25T09:18:47.465+0000] {processor.py:840} INFO - DAG(s) 'example_short_circuit_operator' retrieved from /usr/local/python/3.12.1/lib/python3.12/site-packages/airflow/example_dags/example_short_circuit_operator.py
[2026-04-25T09:18:47.479+0000] {logging_mixin.py:188} INFO - [2026-04-25T09:18:47.479+0000] {dag.py:3096} INFO - Sync 1 DAGs
[2026-04-25T09:18:47.494+0000] {logging_mixin.py:188} INFO - [2026-04-25T09:18:47.494+0000] {dag.py:3954} INFO - Setting next_dagrun for example_short_circuit_operator to 2026-04-24 00:00:00+00:00, run_after=2026-04-25 00:00:00+00:00
[2026-04-25T09:18:47.512+0000] {processor.py:183} INFO - Processing /usr/local/python/3.12.1/lib/python3.12/site-packages/airflow/example_dags/example_short_circuit_operator.py took 0.058 seconds
[2026-04-25T09:19:42.446+0000] {processor.py:161} INFO - Started process (PID=17407) to work on /usr/local/python/3.12.1/lib/python3.12/site-packages/airflow/example_dags/example_short_circuit_operator.py
[2026-04-25T09:19:42.447+0000] {processor.py:830} INFO - Processing file /usr/local/python/3.12.1/lib/python3.12/site-packages/airflow/example_dags/example_short_circuit_operator.py for tasks to queue
[2026-04-25T09:19:42.448+0000] {logging_mixin.py:188} INFO - [2026-04-25T09:19:42.447+0000] {dagbag.py:540} INFO - Filling up the DagBag from /usr/local/python/3.12.1/lib/python3.12/site-packages/airflow/example_dags/example_short_circuit_operator.py
[2026-04-25T09:19:42.454+0000] {processor.py:840} INFO - DAG(s) 'example_short_circuit_operator' retrieved from /usr/local/python/3.12.1/lib/python3.12/site-packages/airflow/example_dags/example_short_circuit_operator.py
[2026-04-25T09:19:42.468+0000] {logging_mixin.py:188} INFO - [2026-04-25T09:19:42.467+0000] {dag.py:3096} INFO - Sync 1 DAGs
[2026-04-25T09:19:42.482+0000] {logging_mixin.py:188} INFO - [2026-04-25T09:19:42.482+0000] {dag.py:3954} INFO - Setting next_dagrun for example_short_circuit_operator to 2026-04-24 00:00:00+00:00, run_after=2026-04-25 00:00:00+00:00
[2026-04-25T09:19:42.499+0000] {processor.py:183} INFO - Processing /usr/local/python/3.12.1/lib/python3.12/site-packages/airflow/example_dags/example_short_circuit_operator.py took 0.057 seconds
[2026-04-25T09:20:38.865+0000] {processor.py:161} INFO - Started process (PID=17844) to work on /usr/local/python/3.12.1/lib/python3.12/site-packages/airflow/example_dags/example_short_circuit_operator.py
[2026-04-25T09:20:38.866+0000] {processor.py:830} INFO - Processing file /usr/local/python/3.12.1/lib/python3.12/site-packages/airflow/example_dags/example_short_circuit_operator.py for tasks to queue
[2026-04-25T09:20:38.866+0000] {logging_mixin.py:188} INFO - [2026-04-25T09:20:38.866+0000] {dagbag.py:540} INFO - Filling up the DagBag from /usr/local/python/3.12.1/lib/python3.12/site-packages/airflow/example_dags/example_short_circuit_operator.py
[2026-04-25T09:20:38.877+0000] {processor.py:840} INFO - DAG(s) 'example_short_circuit_operator' retrieved from /usr/local/python/3.12.1/lib/python3.12/site-packages/airflow/example_dags/example_short_circuit_operator.py
[2026-04-25T09:20:38.899+0000] {logging_mixin.py:188} INFO - [2026-04-25T09:20:38.899+0000] {dag.py:3096} INFO - Sync 1 DAGs
[2026-04-25T09:20:38.913+0000] {logging_mixin.py:188} INFO - [2026-04-25T09:20:38.913+0000] {dag.py:3954} INFO - Setting next_dagrun for example_short_circuit_operator to 2026-04-24 00:00:00+00:00, run_after=2026-04-25 00:00:00+00:00
[2026-04-25T09:20:38.929+0000] {processor.py:183} INFO - Processing /usr/local/python/3.12.1/lib/python3.12/site-packages/airflow/example_dags/example_short_circuit_operator.py took 0.069 seconds
[2026-04-25T09:21:36.151+0000] {processor.py:161} INFO - Started process (PID=18283) to work on /usr/local/python/3.12.1/lib/python3.12/site-packages/airflow/example_dags/example_short_circuit_operator.py
[2026-04-25T09:21:36.151+0000] {processor.py:830} INFO - Processing file /usr/local/python/3.12.1/lib/python3.12/site-packages/airflow/example_dags/example_short_circuit_operator.py for tasks to queue
[2026-04-25T09:21:36.152+0000] {logging_mixin.py:188} INFO - [2026-04-25T09:21:36.152+0000] {dagbag.py:540} INFO - Filling up the DagBag from /usr/local/python/3.12.1/lib/python3.12/site-packages/airflow/example_dags/example_short_circuit_operator.py
[2026-04-25T09:21:36.158+0000] {processor.py:840} INFO - DAG(s) 'example_short_circuit_operator' retrieved from /usr/local/python/3.12.1/lib/python3.12/site-packages/airflow/example_dags/example_short_circuit_operator.py
[2026-04-25T09:21:36.174+0000] {logging_mixin.py:188} INFO - [2026-04-25T09:21:36.173+0000] {dag.py:3096} INFO - Sync 1 DAGs
[2026-04-25T09:21:36.188+0000] {logging_mixin.py:188} INFO - [2026-04-25T09:21:36.188+0000] {dag.py:3954} INFO - Setting next_dagrun for example_short_circuit_operator to 2026-04-24 00:00:00+00:00, run_after=2026-04-25 00:00:00+00:00
[2026-04-25T09:21:36.209+0000] {processor.py:183} INFO - Processing /usr/local/python/3.12.1/lib/python3.12/site-packages/airflow/example_dags/example_short_circuit_operator.py took 0.062 seconds
[2026-04-25T09:22:16.952+0000] {processor.py:161} INFO - Started process (PID=18596) to work on /usr/local/python/3.12.1/lib/python3.12/site-packages/airflow/example_dags/example_short_circuit_operator.py
[2026-04-25T09:22:16.952+0000] {processor.py:830} INFO - Processing file /usr/local/python/3.12.1/lib/python3.12/site-packages/airflow/example_dags/example_short_circuit_operator.py for tasks to queue
[2026-04-25T09:22:16.953+0000] {logging_mixin.py:188} INFO - [2026-04-25T09:22:16.953+0000] {dagbag.py:540} INFO - Filling up the DagBag from /usr/local/python/3.12.1/lib/python3.12/site-packages/airflow/example_dags/example_short_circuit_operator.py
[2026-04-25T09:22:16.959+0000] {processor.py:840} INFO - DAG(s) 'example_short_circuit_operator' retrieved from /usr/local/python/3.12.1/lib/python3.12/site-packages/airflow/example_dags/example_short_circuit_operator.py
[2026-04-25T09:22:16.974+0000] {logging_mixin.py:188} INFO - [2026-04-25T09:22:16.973+0000] {dag.py:3096} INFO - Sync 1 DAGs
[2026-04-25T09:22:16.988+0000] {logging_mixin.py:188} INFO - [2026-04-25T09:22:16.988+0000] {dag.py:3954} INFO - Setting next_dagrun for example_short_circuit_operator to 2026-04-24 00:00:00+00:00, run_after=2026-04-25 00:00:00+00:00
[2026-04-25T09:22:17.005+0000] {processor.py:183} INFO - Processing /usr/local/python/3.12.1/lib/python3.12/site-packages/airflow/example_dags/example_short_circuit_operator.py took 0.057 seconds
[2026-04-25T09:22:56.686+0000] {processor.py:161} INFO - Started process (PID=18905) to work on /usr/local/python/3.12.1/lib/python3.12/site-packages/airflow/example_dags/example_short_circuit_operator.py
[2026-04-25T09:22:56.687+0000] {processor.py:830} INFO - Processing file /usr/local/python/3.12.1/lib/python3.12/site-packages/airflow/example_dags/example_short_circuit_operator.py for tasks to queue
[2026-04-25T09:22:56.688+0000] {logging_mixin.py:188} INFO - [2026-04-25T09:22:56.688+0000] {dagbag.py:540} INFO - Filling up the DagBag from /usr/local/python/3.12.1/lib/python3.12/site-packages/airflow/example_dags/example_short_circuit_operator.py
[2026-04-25T09:22:56.694+0000] {processor.py:840} INFO - DAG(s) 'example_short_circuit_operator' retrieved from /usr/local/python/3.12.1/lib/python3.12/site-packages/airflow/example_dags/example_short_circuit_operator.py
[2026-04-25T09:22:56.707+0000] {logging_mixin.py:188} INFO - [2026-04-25T09:22:56.707+0000] {dag.py:3096} INFO - Sync 1 DAGs
[2026-04-25T09:22:56.721+0000] {logging_mixin.py:188} INFO - [2026-04-25T09:22:56.721+0000] {dag.py:3954} INFO - Setting next_dagrun for example_short_circuit_operator to 2026-04-24 00:00:00+00:00, run_after=2026-04-25 00:00:00+00:00
[2026-04-25T09:22:56.738+0000] {processor.py:183} INFO - Processing /usr/local/python/3.12.1/lib/python3.12/site-packages/airflow/example_dags/example_short_circuit_operator.py took 0.055 seconds
[2026-04-25T09:23:51.866+0000] {processor.py:161} INFO - Started process (PID=19328) to work on /usr/local/python/3.12.1/lib/python3.12/site-packages/airflow/example_dags/example_short_circuit_operator.py
[2026-04-25T09:23:51.867+0000] {processor.py:830} INFO - Processing file /usr/local/python/3.12.1/lib/python3.12/site-packages/airflow/example_dags/example_short_circuit_operator.py for tasks to queue
[2026-04-25T09:23:51.867+0000] {logging_mixin.py:188} INFO - [2026-04-25T09:23:51.867+0000] {dagbag.py:540} INFO - Filling up the DagBag from /usr/local/python/3.12.1/lib/python3.12/site-packages/airflow/example_dags/example_short_circuit_operator.py
[2026-04-25T09:23:51.873+0000] {processor.py:840} INFO - DAG(s) 'example_short_circuit_operator' retrieved from /usr/local/python/3.12.1/lib/python3.12/site-packages/airflow/example_dags/example_short_circuit_operator.py
[2026-04-25T09:23:51.887+0000] {logging_mixin.py:188} INFO - [2026-04-25T09:23:51.886+0000] {dag.py:3096} INFO - Sync 1 DAGs
[2026-04-25T09:23:51.901+0000] {logging_mixin.py:188} INFO - [2026-04-25T09:23:51.901+0000] {dag.py:3954} INFO - Setting next_dagrun for example_short_circuit_operator to 2026-04-24 00:00:00+00:00, run_after=2026-04-25 00:00:00+00:00
[2026-04-25T09:23:51.918+0000] {processor.py:183} INFO - Processing /usr/local/python/3.12.1/lib/python3.12/site-packages/airflow/example_dags/example_short_circuit_operator.py took 0.056 seconds
[2026-04-25T09:24:31.947+0000] {processor.py:161} INFO - Started process (PID=19639) to work on /usr/local/python/3.12.1/lib/python3.12/site-packages/airflow/example_dags/example_short_circuit_operator.py
[2026-04-25T09:24:31.948+0000] {processor.py:830} INFO - Processing file /usr/local/python/3.12.1/lib/python3.12/site-packages/airflow/example_dags/example_short_circuit_operator.py for tasks to queue
[2026-04-25T09:24:31.949+0000] {logging_mixin.py:188} INFO - [2026-04-25T09:24:31.948+0000] {dagbag.py:540} INFO - Filling up the DagBag from /usr/local/python/3.12.1/lib/python3.12/site-packages/airflow/example_dags/example_short_circuit_operator.py
[2026-04-25T09:24:31.954+0000] {processor.py:840} INFO - DAG(s) 'example_short_circuit_operator' retrieved from /usr/local/python/3.12.1/lib/python3.12/site-packages/airflow/example_dags/example_short_circuit_operator.py
[2026-04-25T09:24:31.968+0000] {logging_mixin.py:188} INFO - [2026-04-25T09:24:31.967+0000] {dag.py:3096} INFO - Sync 1 DAGs
[2026-04-25T09:24:31.982+0000] {logging_mixin.py:188} INFO - [2026-04-25T09:24:31.982+0000] {dag.py:3954} INFO - Setting next_dagrun for example_short_circuit_operator to 2026-04-24 00:00:00+00:00, run_after=2026-04-25 00:00:00+00:00
[2026-04-25T09:24:31.999+0000] {processor.py:183} INFO - Processing /usr/local/python/3.12.1/lib/python3.12/site-packages/airflow/example_dags/example_short_circuit_operator.py took 0.055 seconds
[2026-04-25T09:25:12.919+0000] {processor.py:161} INFO - Started process (PID=19955) to work on /usr/local/python/3.12.1/lib/python3.12/site-packages/airflow/example_dags/example_short_circuit_operator.py
[2026-04-25T09:25:12.920+0000] {processor.py:830} INFO - Processing file /usr/local/python/3.12.1/lib/python3.12/site-packages/airflow/example_dags/example_short_circuit_operator.py for tasks to queue
[2026-04-25T09:25:12.921+0000] {logging_mixin.py:188} INFO - [2026-04-25T09:25:12.920+0000] {dagbag.py:540} INFO - Filling up the DagBag from /usr/local/python/3.12.1/lib/python3.12/site-packages/airflow/example_dags/example_short_circuit_operator.py
[2026-04-25T09:25:12.928+0000] {processor.py:840} INFO - DAG(s) 'example_short_circuit_operator' retrieved from /usr/local/python/3.12.1/lib/python3.12/site-packages/airflow/example_dags/example_short_circuit_operator.py
[2026-04-25T09:25:12.941+0000] {logging_mixin.py:188} INFO - [2026-04-25T09:25:12.941+0000] {dag.py:3096} INFO - Sync 1 DAGs
[2026-04-25T09:25:12.956+0000] {logging_mixin.py:188} INFO - [2026-04-25T09:25:12.955+0000] {dag.py:3954} INFO - Setting next_dagrun for example_short_circuit_operator to 2026-04-24 00:00:00+00:00, run_after=2026-04-25 00:00:00+00:00
[2026-04-25T09:25:12.972+0000] {processor.py:183} INFO - Processing /usr/local/python/3.12.1/lib/python3.12/site-packages/airflow/example_dags/example_short_circuit_operator.py took 0.057 seconds
[2026-04-25T09:26:07.588+0000] {processor.py:161} INFO - Started process (PID=20387) to work on /usr/local/python/3.12.1/lib/python3.12/site-packages/airflow/example_dags/example_short_circuit_operator.py
[2026-04-25T09:26:07.589+0000] {processor.py:830} INFO - Processing file /usr/local/python/3.12.1/lib/python3.12/site-packages/airflow/example_dags/example_short_circuit_operator.py for tasks to queue
[2026-04-25T09:26:07.590+0000] {logging_mixin.py:188} INFO - [2026-04-25T09:26:07.589+0000] {dagbag.py:540} INFO - Filling up the DagBag from /usr/local/python/3.12.1/lib/python3.12/site-packages/airflow/example_dags/example_short_circuit_operator.py
[2026-04-25T09:26:07.595+0000] {processor.py:840} INFO - DAG(s) 'example_short_circuit_operator' retrieved from /usr/local/python/3.12.1/lib/python3.12/site-packages/airflow/example_dags/example_short_circuit_operator.py
[2026-04-25T09:26:07.609+0000] {logging_mixin.py:188} INFO - [2026-04-25T09:26:07.609+0000] {dag.py:3096} INFO - Sync 1 DAGs
[2026-04-25T09:26:07.623+0000] {logging_mixin.py:188} INFO - [2026-04-25T09:26:07.623+0000] {dag.py:3954} INFO - Setting next_dagrun for example_short_circuit_operator to 2026-04-24 00:00:00+00:00, run_after=2026-04-25 00:00:00+00:00
[2026-04-25T09:26:07.639+0000] {processor.py:183} INFO - Processing /usr/local/python/3.12.1/lib/python3.12/site-packages/airflow/example_dags/example_short_circuit_operator.py took 0.055 seconds
[2026-04-25T09:26:48.901+0000] {processor.py:161} INFO - Started process (PID=20710) to work on /usr/local/python/3.12.1/lib/python3.12/site-packages/airflow/example_dags/example_short_circuit_operator.py
[2026-04-25T09:26:48.902+0000] {processor.py:830} INFO - Processing file /usr/local/python/3.12.1/lib/python3.12/site-packages/airflow/example_dags/example_short_circuit_operator.py for tasks to queue
[2026-04-25T09:26:48.903+0000] {logging_mixin.py:188} INFO - [2026-04-25T09:26:48.902+0000] {dagbag.py:540} INFO - Filling up the DagBag from /usr/local/python/3.12.1/lib/python3.12/site-packages/airflow/example_dags/example_short_circuit_operator.py
[2026-04-25T09:26:48.908+0000] {processor.py:840} INFO - DAG(s) 'example_short_circuit_operator' retrieved from /usr/local/python/3.12.1/lib/python3.12/site-packages/airflow/example_dags/example_short_circuit_operator.py
[2026-04-25T09:26:48.921+0000] {logging_mixin.py:188} INFO - [2026-04-25T09:26:48.921+0000] {dag.py:3096} INFO - Sync 1 DAGs
[2026-04-25T09:26:48.935+0000] {logging_mixin.py:188} INFO - [2026-04-25T09:26:48.935+0000] {dag.py:3954} INFO - Setting next_dagrun for example_short_circuit_operator to 2026-04-24 00:00:00+00:00, run_after=2026-04-25 00:00:00+00:00
[2026-04-25T09:26:48.951+0000] {processor.py:183} INFO - Processing /usr/local/python/3.12.1/lib/python3.12/site-packages/airflow/example_dags/example_short_circuit_operator.py took 0.054 seconds
[2026-04-25T09:27:27.767+0000] {processor.py:161} INFO - Started process (PID=21013) to work on /usr/local/python/3.12.1/lib/python3.12/site-packages/airflow/example_dags/example_short_circuit_operator.py
[2026-04-25T09:27:27.768+0000] {processor.py:830} INFO - Processing file /usr/local/python/3.12.1/lib/python3.12/site-packages/airflow/example_dags/example_short_circuit_operator.py for tasks to queue
[2026-04-25T09:27:27.769+0000] {logging_mixin.py:188} INFO - [2026-04-25T09:27:27.768+0000] {dagbag.py:540} INFO - Filling up the DagBag from /usr/local/python/3.12.1/lib/python3.12/site-packages/airflow/example_dags/example_short_circuit_operator.py
[2026-04-25T09:27:27.775+0000] {processor.py:840} INFO - DAG(s) 'example_short_circuit_operator' retrieved from /usr/local/python/3.12.1/lib/python3.12/site-packages/airflow/example_dags/example_short_circuit_operator.py
[2026-04-25T09:27:27.789+0000] {logging_mixin.py:188} INFO - [2026-04-25T09:27:27.788+0000] {dag.py:3096} INFO - Sync 1 DAGs
[2026-04-25T09:27:27.803+0000] {logging_mixin.py:188} INFO - [2026-04-25T09:27:27.803+0000] {dag.py:3954} INFO - Setting next_dagrun for example_short_circuit_operator to 2026-04-24 00:00:00+00:00, run_after=2026-04-25 00:00:00+00:00
[2026-04-25T09:27:27.819+0000] {processor.py:183} INFO - Processing /usr/local/python/3.12.1/lib/python3.12/site-packages/airflow/example_dags/example_short_circuit_operator.py took 0.056 seconds
[2026-04-25T09:28:09.974+0000] {processor.py:161} INFO - Started process (PID=21333) to work on /usr/local/python/3.12.1/lib/python3.12/site-packages/airflow/example_dags/example_short_circuit_operator.py
[2026-04-25T09:28:09.974+0000] {processor.py:830} INFO - Processing file /usr/local/python/3.12.1/lib/python3.12/site-packages/airflow/example_dags/example_short_circuit_operator.py for tasks to queue
[2026-04-25T09:28:09.975+0000] {logging_mixin.py:188} INFO - [2026-04-25T09:28:09.975+0000] {dagbag.py:540} INFO - Filling up the DagBag from /usr/local/python/3.12.1/lib/python3.12/site-packages/airflow/example_dags/example_short_circuit_operator.py
[2026-04-25T09:28:09.981+0000] {processor.py:840} INFO - DAG(s) 'example_short_circuit_operator' retrieved from /usr/local/python/3.12.1/lib/python3.12/site-packages/airflow/example_dags/example_short_circuit_operator.py
[2026-04-25T09:28:09.996+0000] {logging_mixin.py:188} INFO - [2026-04-25T09:28:09.995+0000] {dag.py:3096} INFO - Sync 1 DAGs
[2026-04-25T09:28:10.011+0000] {logging_mixin.py:188} INFO - [2026-04-25T09:28:10.010+0000] {dag.py:3954} INFO - Setting next_dagrun for example_short_circuit_operator to 2026-04-24 00:00:00+00:00, run_after=2026-04-25 00:00:00+00:00
[2026-04-25T09:28:10.027+0000] {processor.py:183} INFO - Processing /usr/local/python/3.12.1/lib/python3.12/site-packages/airflow/example_dags/example_short_circuit_operator.py took 0.058 seconds
[2026-04-25T09:28:51.883+0000] {processor.py:161} INFO - Started process (PID=21651) to work on /usr/local/python/3.12.1/lib/python3.12/site-packages/airflow/example_dags/example_short_circuit_operator.py
[2026-04-25T09:28:51.884+0000] {processor.py:830} INFO - Processing file /usr/local/python/3.12.1/lib/python3.12/site-packages/airflow/example_dags/example_short_circuit_operator.py for tasks to queue
[2026-04-25T09:28:51.885+0000] {logging_mixin.py:188} INFO - [2026-04-25T09:28:51.885+0000] {dagbag.py:540} INFO - Filling up the DagBag from /usr/local/python/3.12.1/lib/python3.12/site-packages/airflow/example_dags/example_short_circuit_operator.py
[2026-04-25T09:28:51.891+0000] {processor.py:840} INFO - DAG(s) 'example_short_circuit_operator' retrieved from /usr/local/python/3.12.1/lib/python3.12/site-packages/airflow/example_dags/example_short_circuit_operator.py
[2026-04-25T09:28:51.904+0000] {logging_mixin.py:188} INFO - [2026-04-25T09:28:51.904+0000] {dag.py:3096} INFO - Sync 1 DAGs
[2026-04-25T09:28:51.919+0000] {logging_mixin.py:188} INFO - [2026-04-25T09:28:51.918+0000] {dag.py:3954} INFO - Setting next_dagrun for example_short_circuit_operator to 2026-04-24 00:00:00+00:00, run_after=2026-04-25 00:00:00+00:00
[2026-04-25T09:28:51.936+0000] {processor.py:183} INFO - Processing /usr/local/python/3.12.1/lib/python3.12/site-packages/airflow/example_dags/example_short_circuit_operator.py took 0.057 seconds
[2026-04-25T09:29:33.252+0000] {processor.py:161} INFO - Started process (PID=21972) to work on /usr/local/python/3.12.1/lib/python3.12/site-packages/airflow/example_dags/example_short_circuit_operator.py
[2026-04-25T09:29:33.253+0000] {processor.py:830} INFO - Processing file /usr/local/python/3.12.1/lib/python3.12/site-packages/airflow/example_dags/example_short_circuit_operator.py for tasks to queue
[2026-04-25T09:29:33.254+0000] {logging_mixin.py:188} INFO - [2026-04-25T09:29:33.253+0000] {dagbag.py:540} INFO - Filling up the DagBag from /usr/local/python/3.12.1/lib/python3.12/site-packages/airflow/example_dags/example_short_circuit_operator.py
[2026-04-25T09:29:33.260+0000] {processor.py:840} INFO - DAG(s) 'example_short_circuit_operator' retrieved from /usr/local/python/3.12.1/lib/python3.12/site-packages/airflow/example_dags/example_short_circuit_operator.py
[2026-04-25T09:29:33.273+0000] {logging_mixin.py:188} INFO - [2026-04-25T09:29:33.273+0000] {dag.py:3096} INFO - Sync 1 DAGs
[2026-04-25T09:29:33.287+0000] {logging_mixin.py:188} INFO - [2026-04-25T09:29:33.286+0000] {dag.py:3954} INFO - Setting next_dagrun for example_short_circuit_operator to 2026-04-24 00:00:00+00:00, run_after=2026-04-25 00:00:00+00:00
[2026-04-25T09:29:33.302+0000] {processor.py:183} INFO - Processing /usr/local/python/3.12.1/lib/python3.12/site-packages/airflow/example_dags/example_short_circuit_operator.py took 0.056 seconds
[2026-04-25T09:30:11.162+0000] {processor.py:161} INFO - Started process (PID=22272) to work on /usr/local/python/3.12.1/lib/python3.12/site-packages/airflow/example_dags/example_short_circuit_operator.py
[2026-04-25T09:30:11.163+0000] {processor.py:830} INFO - Processing file /usr/local/python/3.12.1/lib/python3.12/site-packages/airflow/example_dags/example_short_circuit_operator.py for tasks to queue
[2026-04-25T09:30:11.164+0000] {logging_mixin.py:188} INFO - [2026-04-25T09:30:11.164+0000] {dagbag.py:540} INFO - Filling up the DagBag from /usr/local/python/3.12.1/lib/python3.12/site-packages/airflow/example_dags/example_short_circuit_operator.py
[2026-04-25T09:30:11.172+0000] {processor.py:840} INFO - DAG(s) 'example_short_circuit_operator' retrieved from /usr/local/python/3.12.1/lib/python3.12/site-packages/airflow/example_dags/example_short_circuit_operator.py
[2026-04-25T09:30:11.192+0000] {logging_mixin.py:188} INFO - [2026-04-25T09:30:11.192+0000] {dag.py:3096} INFO - Sync 1 DAGs
[2026-04-25T09:30:11.212+0000] {logging_mixin.py:188} INFO - [2026-04-25T09:30:11.212+0000] {dag.py:3954} INFO - Setting next_dagrun for example_short_circuit_operator to 2026-04-24 00:00:00+00:00, run_after=2026-04-25 00:00:00+00:00
[2026-04-25T09:30:11.230+0000] {processor.py:183} INFO - Processing /usr/local/python/3.12.1/lib/python3.12/site-packages/airflow/example_dags/example_short_circuit_operator.py took 0.074 seconds
[2026-04-25T09:30:52.374+0000] {processor.py:161} INFO - Started process (PID=22586) to work on /usr/local/python/3.12.1/lib/python3.12/site-packages/airflow/example_dags/example_short_circuit_operator.py
[2026-04-25T09:30:52.375+0000] {processor.py:830} INFO - Processing file /usr/local/python/3.12.1/lib/python3.12/site-packages/airflow/example_dags/example_short_circuit_operator.py for tasks to queue
[2026-04-25T09:30:52.376+0000] {logging_mixin.py:188} INFO - [2026-04-25T09:30:52.375+0000] {dagbag.py:540} INFO - Filling up the DagBag from /usr/local/python/3.12.1/lib/python3.12/site-packages/airflow/example_dags/example_short_circuit_operator.py
[2026-04-25T09:30:52.381+0000] {processor.py:840} INFO - DAG(s) 'example_short_circuit_operator' retrieved from /usr/local/python/3.12.1/lib/python3.12/site-packages/airflow/example_dags/example_short_circuit_operator.py
[2026-04-25T09:30:52.395+0000] {logging_mixin.py:188} INFO - [2026-04-25T09:30:52.395+0000] {dag.py:3096} INFO - Sync 1 DAGs
[2026-04-25T09:30:52.409+0000] {logging_mixin.py:188} INFO - [2026-04-25T09:30:52.409+0000] {dag.py:3954} INFO - Setting next_dagrun for example_short_circuit_operator to 2026-04-24 00:00:00+00:00, run_after=2026-04-25 00:00:00+00:00
[2026-04-25T09:30:52.575+0000] {processor.py:183} INFO - Processing /usr/local/python/3.12.1/lib/python3.12/site-packages/airflow/example_dags/example_short_circuit_operator.py took 0.205 seconds
[2026-04-25T09:31:38.371+0000] {processor.py:161} INFO - Started process (PID=22934) to work on /usr/local/python/3.12.1/lib/python3.12/site-packages/airflow/example_dags/example_short_circuit_operator.py
[2026-04-25T09:31:38.371+0000] {processor.py:830} INFO - Processing file /usr/local/python/3.12.1/lib/python3.12/site-packages/airflow/example_dags/example_short_circuit_operator.py for tasks to queue
[2026-04-25T09:31:38.372+0000] {logging_mixin.py:188} INFO - [2026-04-25T09:31:38.372+0000] {dagbag.py:540} INFO - Filling up the DagBag from /usr/local/python/3.12.1/lib/python3.12/site-packages/airflow/example_dags/example_short_circuit_operator.py
[2026-04-25T09:31:38.378+0000] {processor.py:840} INFO - DAG(s) 'example_short_circuit_operator' retrieved from /usr/local/python/3.12.1/lib/python3.12/site-packages/airflow/example_dags/example_short_circuit_operator.py
[2026-04-25T09:31:38.391+0000] {logging_mixin.py:188} INFO - [2026-04-25T09:31:38.391+0000] {dag.py:3096} INFO - Sync 1 DAGs
[2026-04-25T09:31:38.405+0000] {logging_mixin.py:188} INFO - [2026-04-25T09:31:38.405+0000] {dag.py:3954} INFO - Setting next_dagrun for example_short_circuit_operator to 2026-04-24 00:00:00+00:00, run_after=2026-04-25 00:00:00+00:00
[2026-04-25T09:31:38.421+0000] {processor.py:183} INFO - Processing /usr/local/python/3.12.1/lib/python3.12/site-packages/airflow/example_dags/example_short_circuit_operator.py took 0.054 seconds
[2026-04-25T09:32:20.915+0000] {processor.py:161} INFO - Started process (PID=23245) to work on /usr/local/python/3.12.1/lib/python3.12/site-packages/airflow/example_dags/example_short_circuit_operator.py
[2026-04-25T09:32:20.916+0000] {processor.py:830} INFO - Processing file /usr/local/python/3.12.1/lib/python3.12/site-packages/airflow/example_dags/example_short_circuit_operator.py for tasks to queue
[2026-04-25T09:32:20.916+0000] {logging_mixin.py:188} INFO - [2026-04-25T09:32:20.916+0000] {dagbag.py:540} INFO - Filling up the DagBag from /usr/local/python/3.12.1/lib/python3.12/site-packages/airflow/example_dags/example_short_circuit_operator.py
[2026-04-25T09:32:20.922+0000] {processor.py:840} INFO - DAG(s) 'example_short_circuit_operator' retrieved from /usr/local/python/3.12.1/lib/python3.12/site-packages/airflow/example_dags/example_short_circuit_operator.py
[2026-04-25T09:32:20.944+0000] {logging_mixin.py:188} INFO - [2026-04-25T09:32:20.944+0000] {dag.py:3096} INFO - Sync 1 DAGs
[2026-04-25T09:32:20.969+0000] {logging_mixin.py:188} INFO - [2026-04-25T09:32:20.969+0000] {dag.py:3954} INFO - Setting next_dagrun for example_short_circuit_operator to 2026-04-24 00:00:00+00:00, run_after=2026-04-25 00:00:00+00:00
[2026-04-25T09:32:20.994+0000] {processor.py:183} INFO - Processing /usr/local/python/3.12.1/lib/python3.12/site-packages/airflow/example_dags/example_short_circuit_operator.py took 0.083 seconds
[2026-04-25T09:33:05.987+0000] {processor.py:161} INFO - Started process (PID=23607) to work on /usr/local/python/3.12.1/lib/python3.12/site-packages/airflow/example_dags/example_short_circuit_operator.py
[2026-04-25T09:33:05.988+0000] {processor.py:830} INFO - Processing file /usr/local/python/3.12.1/lib/python3.12/site-packages/airflow/example_dags/example_short_circuit_operator.py for tasks to queue
[2026-04-25T09:33:05.989+0000] {logging_mixin.py:188} INFO - [2026-04-25T09:33:05.988+0000] {dagbag.py:540} INFO - Filling up the DagBag from /usr/local/python/3.12.1/lib/python3.12/site-packages/airflow/example_dags/example_short_circuit_operator.py
[2026-04-25T09:33:05.995+0000] {processor.py:840} INFO - DAG(s) 'example_short_circuit_operator' retrieved from /usr/local/python/3.12.1/lib/python3.12/site-packages/airflow/example_dags/example_short_circuit_operator.py
[2026-04-25T09:33:06.010+0000] {logging_mixin.py:188} INFO - [2026-04-25T09:33:06.010+0000] {dag.py:3096} INFO - Sync 1 DAGs
[2026-04-25T09:33:06.025+0000] {logging_mixin.py:188} INFO - [2026-04-25T09:33:06.025+0000] {dag.py:3954} INFO - Setting next_dagrun for example_short_circuit_operator to 2026-04-24 00:00:00+00:00, run_after=2026-04-25 00:00:00+00:00
[2026-04-25T09:33:06.200+0000] {processor.py:183} INFO - Processing /usr/local/python/3.12.1/lib/python3.12/site-packages/airflow/example_dags/example_short_circuit_operator.py took 0.218 seconds
[2026-04-25T09:33:50.498+0000] {processor.py:161} INFO - Started process (PID=23946) to work on /usr/local/python/3.12.1/lib/python3.12/site-packages/airflow/example_dags/example_short_circuit_operator.py
[2026-04-25T09:33:50.499+0000] {processor.py:830} INFO - Processing file /usr/local/python/3.12.1/lib/python3.12/site-packages/airflow/example_dags/example_short_circuit_operator.py for tasks to queue
[2026-04-25T09:33:50.499+0000] {logging_mixin.py:188} INFO - [2026-04-25T09:33:50.499+0000] {dagbag.py:540} INFO - Filling up the DagBag from /usr/local/python/3.12.1/lib/python3.12/site-packages/airflow/example_dags/example_short_circuit_operator.py
[2026-04-25T09:33:50.505+0000] {processor.py:840} INFO - DAG(s) 'example_short_circuit_operator' retrieved from /usr/local/python/3.12.1/lib/python3.12/site-packages/airflow/example_dags/example_short_circuit_operator.py
[2026-04-25T09:33:50.519+0000] {logging_mixin.py:188} INFO - [2026-04-25T09:33:50.519+0000] {dag.py:3096} INFO - Sync 1 DAGs
[2026-04-25T09:33:50.534+0000] {logging_mixin.py:188} INFO - [2026-04-25T09:33:50.534+0000] {dag.py:3954} INFO - Setting next_dagrun for example_short_circuit_operator to 2026-04-24 00:00:00+00:00, run_after=2026-04-25 00:00:00+00:00
[2026-04-25T09:33:50.551+0000] {processor.py:183} INFO - Processing /usr/local/python/3.12.1/lib/python3.12/site-packages/airflow/example_dags/example_short_circuit_operator.py took 0.057 seconds
[2026-04-25T09:34:31.809+0000] {processor.py:161} INFO - Started process (PID=24262) to work on /usr/local/python/3.12.1/lib/python3.12/site-packages/airflow/example_dags/example_short_circuit_operator.py
[2026-04-25T09:34:31.809+0000] {processor.py:830} INFO - Processing file /usr/local/python/3.12.1/lib/python3.12/site-packages/airflow/example_dags/example_short_circuit_operator.py for tasks to queue
[2026-04-25T09:34:31.810+0000] {logging_mixin.py:188} INFO - [2026-04-25T09:34:31.810+0000] {dagbag.py:540} INFO - Filling up the DagBag from /usr/local/python/3.12.1/lib/python3.12/site-packages/airflow/example_dags/example_short_circuit_operator.py
[2026-04-25T09:34:31.816+0000] {processor.py:840} INFO - DAG(s) 'example_short_circuit_operator' retrieved from /usr/local/python/3.12.1/lib/python3.12/site-packages/airflow/example_dags/example_short_circuit_operator.py
[2026-04-25T09:34:31.830+0000] {logging_mixin.py:188} INFO - [2026-04-25T09:34:31.830+0000] {dag.py:3096} INFO - Sync 1 DAGs
[2026-04-25T09:34:31.845+0000] {logging_mixin.py:188} INFO - [2026-04-25T09:34:31.845+0000] {dag.py:3954} INFO - Setting next_dagrun for example_short_circuit_operator to 2026-04-24 00:00:00+00:00, run_after=2026-04-25 00:00:00+00:00
[2026-04-25T09:34:31.863+0000] {processor.py:183} INFO - Processing /usr/local/python/3.12.1/lib/python3.12/site-packages/airflow/example_dags/example_short_circuit_operator.py took 0.058 seconds
[2026-04-25T09:35:29.524+0000] {processor.py:161} INFO - Started process (PID=24715) to work on /usr/local/python/3.12.1/lib/python3.12/site-packages/airflow/example_dags/example_short_circuit_operator.py
[2026-04-25T09:35:29.525+0000] {processor.py:830} INFO - Processing file /usr/local/python/3.12.1/lib/python3.12/site-packages/airflow/example_dags/example_short_circuit_operator.py for tasks to queue
[2026-04-25T09:35:29.525+0000] {logging_mixin.py:188} INFO - [2026-04-25T09:35:29.525+0000] {dagbag.py:540} INFO - Filling up the DagBag from /usr/local/python/3.12.1/lib/python3.12/site-packages/airflow/example_dags/example_short_circuit_operator.py
[2026-04-25T09:35:29.531+0000] {processor.py:840} INFO - DAG(s) 'example_short_circuit_operator' retrieved from /usr/local/python/3.12.1/lib/python3.12/site-packages/airflow/example_dags/example_short_circuit_operator.py
[2026-04-25T09:35:29.546+0000] {logging_mixin.py:188} INFO - [2026-04-25T09:35:29.545+0000] {dag.py:3096} INFO - Sync 1 DAGs
[2026-04-25T09:35:29.561+0000] {logging_mixin.py:188} INFO - [2026-04-25T09:35:29.560+0000] {dag.py:3954} INFO - Setting next_dagrun for example_short_circuit_operator to 2026-04-24 00:00:00+00:00, run_after=2026-04-25 00:00:00+00:00
[2026-04-25T09:35:29.577+0000] {processor.py:183} INFO - Processing /usr/local/python/3.12.1/lib/python3.12/site-packages/airflow/example_dags/example_short_circuit_operator.py took 0.057 seconds
[2026-04-25T09:36:08.244+0000] {processor.py:161} INFO - Started process (PID=25014) to work on /usr/local/python/3.12.1/lib/python3.12/site-packages/airflow/example_dags/example_short_circuit_operator.py
[2026-04-25T09:36:08.245+0000] {processor.py:830} INFO - Processing file /usr/local/python/3.12.1/lib/python3.12/site-packages/airflow/example_dags/example_short_circuit_operator.py for tasks to queue
[2026-04-25T09:36:08.245+0000] {logging_mixin.py:188} INFO - [2026-04-25T09:36:08.245+0000] {dagbag.py:540} INFO - Filling up the DagBag from /usr/local/python/3.12.1/lib/python3.12/site-packages/airflow/example_dags/example_short_circuit_operator.py
[2026-04-25T09:36:08.251+0000] {processor.py:840} INFO - DAG(s) 'example_short_circuit_operator' retrieved from /usr/local/python/3.12.1/lib/python3.12/site-packages/airflow/example_dags/example_short_circuit_operator.py
[2026-04-25T09:36:08.265+0000] {logging_mixin.py:188} INFO - [2026-04-25T09:36:08.265+0000] {dag.py:3096} INFO - Sync 1 DAGs
[2026-04-25T09:36:08.280+0000] {logging_mixin.py:188} INFO - [2026-04-25T09:36:08.280+0000] {dag.py:3954} INFO - Setting next_dagrun for example_short_circuit_operator to 2026-04-24 00:00:00+00:00, run_after=2026-04-25 00:00:00+00:00
[2026-04-25T09:36:08.299+0000] {processor.py:183} INFO - Processing /usr/local/python/3.12.1/lib/python3.12/site-packages/airflow/example_dags/example_short_circuit_operator.py took 0.059 seconds
[2026-04-25T09:36:47.527+0000] {processor.py:161} INFO - Started process (PID=25319) to work on /usr/local/python/3.12.1/lib/python3.12/site-packages/airflow/example_dags/example_short_circuit_operator.py
[2026-04-25T09:36:47.528+0000] {processor.py:830} INFO - Processing file /usr/local/python/3.12.1/lib/python3.12/site-packages/airflow/example_dags/example_short_circuit_operator.py for tasks to queue
[2026-04-25T09:36:47.529+0000] {logging_mixin.py:188} INFO - [2026-04-25T09:36:47.529+0000] {dagbag.py:540} INFO - Filling up the DagBag from /usr/local/python/3.12.1/lib/python3.12/site-packages/airflow/example_dags/example_short_circuit_operator.py
[2026-04-25T09:36:47.540+0000] {processor.py:840} INFO - DAG(s) 'example_short_circuit_operator' retrieved from /usr/local/python/3.12.1/lib/python3.12/site-packages/airflow/example_dags/example_short_circuit_operator.py
[2026-04-25T09:36:47.562+0000] {logging_mixin.py:188} INFO - [2026-04-25T09:36:47.562+0000] {dag.py:3096} INFO - Sync 1 DAGs
[2026-04-25T09:36:47.585+0000] {logging_mixin.py:188} INFO - [2026-04-25T09:36:47.585+0000] {dag.py:3954} INFO - Setting next_dagrun for example_short_circuit_operator to 2026-04-24 00:00:00+00:00, run_after=2026-04-25 00:00:00+00:00
[2026-04-25T09:36:47.602+0000] {processor.py:183} INFO - Processing /usr/local/python/3.12.1/lib/python3.12/site-packages/airflow/example_dags/example_short_circuit_operator.py took 0.081 seconds
[2026-04-25T09:37:29.341+0000] {processor.py:161} INFO - Started process (PID=25645) to work on /usr/local/python/3.12.1/lib/python3.12/site-packages/airflow/example_dags/example_short_circuit_operator.py
[2026-04-25T09:37:29.342+0000] {processor.py:830} INFO - Processing file /usr/local/python/3.12.1/lib/python3.12/site-packages/airflow/example_dags/example_short_circuit_operator.py for tasks to queue
[2026-04-25T09:37:29.343+0000] {logging_mixin.py:188} INFO - [2026-04-25T09:37:29.342+0000] {dagbag.py:540} INFO - Filling up the DagBag from /usr/local/python/3.12.1/lib/python3.12/site-packages/airflow/example_dags/example_short_circuit_operator.py
[2026-04-25T09:37:29.349+0000] {processor.py:840} INFO - DAG(s) 'example_short_circuit_operator' retrieved from /usr/local/python/3.12.1/lib/python3.12/site-packages/airflow/example_dags/example_short_circuit_operator.py
[2026-04-25T09:37:29.363+0000] {logging_mixin.py:188} INFO - [2026-04-25T09:37:29.363+0000] {dag.py:3096} INFO - Sync 1 DAGs
[2026-04-25T09:37:29.379+0000] {logging_mixin.py:188} INFO - [2026-04-25T09:37:29.379+0000] {dag.py:3954} INFO - Setting next_dagrun for example_short_circuit_operator to 2026-04-24 00:00:00+00:00, run_after=2026-04-25 00:00:00+00:00
[2026-04-25T09:37:29.397+0000] {processor.py:183} INFO - Processing /usr/local/python/3.12.1/lib/python3.12/site-packages/airflow/example_dags/example_short_circuit_operator.py took 0.060 seconds
[2026-04-25T09:38:10.971+0000] {processor.py:161} INFO - Started process (PID=25960) to work on /usr/local/python/3.12.1/lib/python3.12/site-packages/airflow/example_dags/example_short_circuit_operator.py
[2026-04-25T09:38:10.972+0000] {processor.py:830} INFO - Processing file /usr/local/python/3.12.1/lib/python3.12/site-packages/airflow/example_dags/example_short_circuit_operator.py for tasks to queue
[2026-04-25T09:38:10.973+0000] {logging_mixin.py:188} INFO - [2026-04-25T09:38:10.973+0000] {dagbag.py:540} INFO - Filling up the DagBag from /usr/local/python/3.12.1/lib/python3.12/site-packages/airflow/example_dags/example_short_circuit_operator.py
[2026-04-25T09:38:10.979+0000] {processor.py:840} INFO - DAG(s) 'example_short_circuit_operator' retrieved from /usr/local/python/3.12.1/lib/python3.12/site-packages/airflow/example_dags/example_short_circuit_operator.py
[2026-04-25T09:38:10.993+0000] {logging_mixin.py:188} INFO - [2026-04-25T09:38:10.993+0000] {dag.py:3096} INFO - Sync 1 DAGs
[2026-04-25T09:38:11.009+0000] {logging_mixin.py:188} INFO - [2026-04-25T09:38:11.009+0000] {dag.py:3954} INFO - Setting next_dagrun for example_short_circuit_operator to 2026-04-24 00:00:00+00:00, run_after=2026-04-25 00:00:00+00:00
[2026-04-25T09:38:11.025+0000] {processor.py:183} INFO - Processing /usr/local/python/3.12.1/lib/python3.12/site-packages/airflow/example_dags/example_short_circuit_operator.py took 0.058 seconds
[2026-04-25T09:38:52.037+0000] {processor.py:161} INFO - Started process (PID=26276) to work on /usr/local/python/3.12.1/lib/python3.12/site-packages/airflow/example_dags/example_short_circuit_operator.py
[2026-04-25T09:38:52.038+0000] {processor.py:830} INFO - Processing file /usr/local/python/3.12.1/lib/python3.12/site-packages/airflow/example_dags/example_short_circuit_operator.py for tasks to queue
[2026-04-25T09:38:52.039+0000] {logging_mixin.py:188} INFO - [2026-04-25T09:38:52.038+0000] {dagbag.py:540} INFO - Filling up the DagBag from /usr/local/python/3.12.1/lib/python3.12/site-packages/airflow/example_dags/example_short_circuit_operator.py
[2026-04-25T09:38:52.047+0000] {processor.py:840} INFO - DAG(s) 'example_short_circuit_operator' retrieved from /usr/local/python/3.12.1/lib/python3.12/site-packages/airflow/example_dags/example_short_circuit_operator.py
[2026-04-25T09:38:52.072+0000] {logging_mixin.py:188} INFO - [2026-04-25T09:38:52.071+0000] {dag.py:3096} INFO - Sync 1 DAGs
[2026-04-25T09:38:52.088+0000] {logging_mixin.py:188} INFO - [2026-04-25T09:38:52.088+0000] {dag.py:3954} INFO - Setting next_dagrun for example_short_circuit_operator to 2026-04-24 00:00:00+00:00, run_after=2026-04-25 00:00:00+00:00
[2026-04-25T09:38:52.105+0000] {processor.py:183} INFO - Processing /usr/local/python/3.12.1/lib/python3.12/site-packages/airflow/example_dags/example_short_circuit_operator.py took 0.075 seconds
[2026-04-25T09:39:30.988+0000] {processor.py:161} INFO - Started process (PID=26579) to work on /usr/local/python/3.12.1/lib/python3.12/site-packages/airflow/example_dags/example_short_circuit_operator.py
[2026-04-25T09:39:30.989+0000] {processor.py:830} INFO - Processing file /usr/local/python/3.12.1/lib/python3.12/site-packages/airflow/example_dags/example_short_circuit_operator.py for tasks to queue
[2026-04-25T09:39:30.990+0000] {logging_mixin.py:188} INFO - [2026-04-25T09:39:30.990+0000] {dagbag.py:540} INFO - Filling up the DagBag from /usr/local/python/3.12.1/lib/python3.12/site-packages/airflow/example_dags/example_short_circuit_operator.py
[2026-04-25T09:39:30.996+0000] {processor.py:840} INFO - DAG(s) 'example_short_circuit_operator' retrieved from /usr/local/python/3.12.1/lib/python3.12/site-packages/airflow/example_dags/example_short_circuit_operator.py
[2026-04-25T09:39:31.010+0000] {logging_mixin.py:188} INFO - [2026-04-25T09:39:31.009+0000] {dag.py:3096} INFO - Sync 1 DAGs
[2026-04-25T09:39:31.024+0000] {logging_mixin.py:188} INFO - [2026-04-25T09:39:31.024+0000] {dag.py:3954} INFO - Setting next_dagrun for example_short_circuit_operator to 2026-04-24 00:00:00+00:00, run_after=2026-04-25 00:00:00+00:00
[2026-04-25T09:39:31.042+0000] {processor.py:183} INFO - Processing /usr/local/python/3.12.1/lib/python3.12/site-packages/airflow/example_dags/example_short_circuit_operator.py took 0.058 seconds
[2026-04-25T09:40:10.883+0000] {processor.py:161} INFO - Started process (PID=26891) to work on /usr/local/python/3.12.1/lib/python3.12/site-packages/airflow/example_dags/example_short_circuit_operator.py
[2026-04-25T09:40:10.884+0000] {processor.py:830} INFO - Processing file /usr/local/python/3.12.1/lib/python3.12/site-packages/airflow/example_dags/example_short_circuit_operator.py for tasks to queue
[2026-04-25T09:40:10.885+0000] {logging_mixin.py:188} INFO - [2026-04-25T09:40:10.884+0000] {dagbag.py:540} INFO - Filling up the DagBag from /usr/local/python/3.12.1/lib/python3.12/site-packages/airflow/example_dags/example_short_circuit_operator.py
[2026-04-25T09:40:10.891+0000] {processor.py:840} INFO - DAG(s) 'example_short_circuit_operator' retrieved from /usr/local/python/3.12.1/lib/python3.12/site-packages/airflow/example_dags/example_short_circuit_operator.py
[2026-04-25T09:40:10.905+0000] {logging_mixin.py:188} INFO - [2026-04-25T09:40:10.905+0000] {dag.py:3096} INFO - Sync 1 DAGs
[2026-04-25T09:40:10.921+0000] {logging_mixin.py:188} INFO - [2026-04-25T09:40:10.921+0000] {dag.py:3954} INFO - Setting next_dagrun for example_short_circuit_operator to 2026-04-24 00:00:00+00:00, run_after=2026-04-25 00:00:00+00:00
[2026-04-25T09:40:10.937+0000] {processor.py:183} INFO - Processing /usr/local/python/3.12.1/lib/python3.12/site-packages/airflow/example_dags/example_short_circuit_operator.py took 0.058 seconds
[2026-04-25T09:41:06.683+0000] {processor.py:161} INFO - Started process (PID=27311) to work on /usr/local/python/3.12.1/lib/python3.12/site-packages/airflow/example_dags/example_short_circuit_operator.py
[2026-04-25T09:41:06.684+0000] {processor.py:830} INFO - Processing file /usr/local/python/3.12.1/lib/python3.12/site-packages/airflow/example_dags/example_short_circuit_operator.py for tasks to queue
[2026-04-25T09:41:06.685+0000] {logging_mixin.py:188} INFO - [2026-04-25T09:41:06.685+0000] {dagbag.py:540} INFO - Filling up the DagBag from /usr/local/python/3.12.1/lib/python3.12/site-packages/airflow/example_dags/example_short_circuit_operator.py
[2026-04-25T09:41:06.695+0000] {processor.py:840} INFO - DAG(s) 'example_short_circuit_operator' retrieved from /usr/local/python/3.12.1/lib/python3.12/site-packages/airflow/example_dags/example_short_circuit_operator.py
[2026-04-25T09:41:06.721+0000] {logging_mixin.py:188} INFO - [2026-04-25T09:41:06.720+0000] {dag.py:3096} INFO - Sync 1 DAGs
[2026-04-25T09:41:06.746+0000] {logging_mixin.py:188} INFO - [2026-04-25T09:41:06.746+0000] {dag.py:3954} INFO - Setting next_dagrun for example_short_circuit_operator to 2026-04-24 00:00:00+00:00, run_after=2026-04-25 00:00:00+00:00
[2026-04-25T09:41:06.768+0000] {processor.py:183} INFO - Processing /usr/local/python/3.12.1/lib/python3.12/site-packages/airflow/example_dags/example_short_circuit_operator.py took 0.090 seconds
[2026-04-25T09:41:47.054+0000] {processor.py:161} INFO - Started process (PID=27628) to work on /usr/local/python/3.12.1/lib/python3.12/site-packages/airflow/example_dags/example_short_circuit_operator.py
[2026-04-25T09:41:47.055+0000] {processor.py:830} INFO - Processing file /usr/local/python/3.12.1/lib/python3.12/site-packages/airflow/example_dags/example_short_circuit_operator.py for tasks to queue
[2026-04-25T09:41:47.056+0000] {logging_mixin.py:188} INFO - [2026-04-25T09:41:47.056+0000] {dagbag.py:540} INFO - Filling up the DagBag from /usr/local/python/3.12.1/lib/python3.12/site-packages/airflow/example_dags/example_short_circuit_operator.py
[2026-04-25T09:41:47.062+0000] {processor.py:840} INFO - DAG(s) 'example_short_circuit_operator' retrieved from /usr/local/python/3.12.1/lib/python3.12/site-packages/airflow/example_dags/example_short_circuit_operator.py
[2026-04-25T09:41:47.076+0000] {logging_mixin.py:188} INFO - [2026-04-25T09:41:47.076+0000] {dag.py:3096} INFO - Sync 1 DAGs
[2026-04-25T09:41:47.091+0000] {logging_mixin.py:188} INFO - [2026-04-25T09:41:47.091+0000] {dag.py:3954} INFO - Setting next_dagrun for example_short_circuit_operator to 2026-04-24 00:00:00+00:00, run_after=2026-04-25 00:00:00+00:00
[2026-04-25T09:41:47.108+0000] {processor.py:183} INFO - Processing /usr/local/python/3.12.1/lib/python3.12/site-packages/airflow/example_dags/example_short_circuit_operator.py took 0.058 seconds
[2026-04-25T09:42:42.196+0000] {processor.py:161} INFO - Started process (PID=28070) to work on /usr/local/python/3.12.1/lib/python3.12/site-packages/airflow/example_dags/example_short_circuit_operator.py
[2026-04-25T09:42:42.196+0000] {processor.py:830} INFO - Processing file /usr/local/python/3.12.1/lib/python3.12/site-packages/airflow/example_dags/example_short_circuit_operator.py for tasks to queue
[2026-04-25T09:42:42.197+0000] {logging_mixin.py:188} INFO - [2026-04-25T09:42:42.197+0000] {dagbag.py:540} INFO - Filling up the DagBag from /usr/local/python/3.12.1/lib/python3.12/site-packages/airflow/example_dags/example_short_circuit_operator.py
[2026-04-25T09:42:42.203+0000] {processor.py:840} INFO - DAG(s) 'example_short_circuit_operator' retrieved from /usr/local/python/3.12.1/lib/python3.12/site-packages/airflow/example_dags/example_short_circuit_operator.py
[2026-04-25T09:42:42.217+0000] {logging_mixin.py:188} INFO - [2026-04-25T09:42:42.217+0000] {dag.py:3096} INFO - Sync 1 DAGs
[2026-04-25T09:42:42.232+0000] {logging_mixin.py:188} INFO - [2026-04-25T09:42:42.232+0000] {dag.py:3954} INFO - Setting next_dagrun for example_short_circuit_operator to 2026-04-24 00:00:00+00:00, run_after=2026-04-25 00:00:00+00:00
[2026-04-25T09:42:42.248+0000] {processor.py:183} INFO - Processing /usr/local/python/3.12.1/lib/python3.12/site-packages/airflow/example_dags/example_short_circuit_operator.py took 0.057 seconds
[2026-04-25T09:43:24.954+0000] {processor.py:161} INFO - Started process (PID=28394) to work on /usr/local/python/3.12.1/lib/python3.12/site-packages/airflow/example_dags/example_short_circuit_operator.py
[2026-04-25T09:43:24.957+0000] {processor.py:830} INFO - Processing file /usr/local/python/3.12.1/lib/python3.12/site-packages/airflow/example_dags/example_short_circuit_operator.py for tasks to queue
[2026-04-25T09:43:24.960+0000] {logging_mixin.py:188} INFO - [2026-04-25T09:43:24.958+0000] {dagbag.py:540} INFO - Filling up the DagBag from /usr/local/python/3.12.1/lib/python3.12/site-packages/airflow/example_dags/example_short_circuit_operator.py
[2026-04-25T09:43:24.974+0000] {processor.py:840} INFO - DAG(s) 'example_short_circuit_operator' retrieved from /usr/local/python/3.12.1/lib/python3.12/site-packages/airflow/example_dags/example_short_circuit_operator.py
[2026-04-25T09:43:25.003+0000] {logging_mixin.py:188} INFO - [2026-04-25T09:43:25.002+0000] {dag.py:3096} INFO - Sync 1 DAGs
[2026-04-25T09:43:25.018+0000] {logging_mixin.py:188} INFO - [2026-04-25T09:43:25.018+0000] {dag.py:3954} INFO - Setting next_dagrun for example_short_circuit_operator to 2026-04-24 00:00:00+00:00, run_after=2026-04-25 00:00:00+00:00
[2026-04-25T09:43:25.035+0000] {processor.py:183} INFO - Processing /usr/local/python/3.12.1/lib/python3.12/site-packages/airflow/example_dags/example_short_circuit_operator.py took 0.102 seconds
[2026-04-25T09:44:07.225+0000] {processor.py:161} INFO - Started process (PID=28714) to work on /usr/local/python/3.12.1/lib/python3.12/site-packages/airflow/example_dags/example_short_circuit_operator.py
[2026-04-25T09:44:07.226+0000] {processor.py:830} INFO - Processing file /usr/local/python/3.12.1/lib/python3.12/site-packages/airflow/example_dags/example_short_circuit_operator.py for tasks to queue
[2026-04-25T09:44:07.227+0000] {logging_mixin.py:188} INFO - [2026-04-25T09:44:07.226+0000] {dagbag.py:540} INFO - Filling up the DagBag from /usr/local/python/3.12.1/lib/python3.12/site-packages/airflow/example_dags/example_short_circuit_operator.py
[2026-04-25T09:44:07.232+0000] {processor.py:840} INFO - DAG(s) 'example_short_circuit_operator' retrieved from /usr/local/python/3.12.1/lib/python3.12/site-packages/airflow/example_dags/example_short_circuit_operator.py
[2026-04-25T09:44:07.254+0000] {logging_mixin.py:188} INFO - [2026-04-25T09:44:07.253+0000] {dag.py:3096} INFO - Sync 1 DAGs
[2026-04-25T09:44:07.281+0000] {logging_mixin.py:188} INFO - [2026-04-25T09:44:07.280+0000] {dag.py:3954} INFO - Setting next_dagrun for example_short_circuit_operator to 2026-04-24 00:00:00+00:00, run_after=2026-04-25 00:00:00+00:00
[2026-04-25T09:44:07.307+0000] {processor.py:183} INFO - Processing /usr/local/python/3.12.1/lib/python3.12/site-packages/airflow/example_dags/example_short_circuit_operator.py took 0.086 seconds
[2026-04-25T09:44:46.955+0000] {processor.py:161} INFO - Started process (PID=29024) to work on /usr/local/python/3.12.1/lib/python3.12/site-packages/airflow/example_dags/example_short_circuit_operator.py
[2026-04-25T09:44:46.956+0000] {processor.py:830} INFO - Processing file /usr/local/python/3.12.1/lib/python3.12/site-packages/airflow/example_dags/example_short_circuit_operator.py for tasks to queue
[2026-04-25T09:44:46.956+0000] {logging_mixin.py:188} INFO - [2026-04-25T09:44:46.956+0000] {dagbag.py:540} INFO - Filling up the DagBag from /usr/local/python/3.12.1/lib/python3.12/site-packages/airflow/example_dags/example_short_circuit_operator.py
[2026-04-25T09:44:46.962+0000] {processor.py:840} INFO - DAG(s) 'example_short_circuit_operator' retrieved from /usr/local/python/3.12.1/lib/python3.12/site-packages/airflow/example_dags/example_short_circuit_operator.py
[2026-04-25T09:44:46.976+0000] {logging_mixin.py:188} INFO - [2026-04-25T09:44:46.976+0000] {dag.py:3096} INFO - Sync 1 DAGs
[2026-04-25T09:44:46.992+0000] {logging_mixin.py:188} INFO - [2026-04-25T09:44:46.992+0000] {dag.py:3954} INFO - Setting next_dagrun for example_short_circuit_operator to 2026-04-24 00:00:00+00:00, run_after=2026-04-25 00:00:00+00:00
[2026-04-25T09:44:47.009+0000] {processor.py:183} INFO - Processing /usr/local/python/3.12.1/lib/python3.12/site-packages/airflow/example_dags/example_short_circuit_operator.py took 0.058 seconds
[2026-04-25T09:45:44.660+0000] {processor.py:161} INFO - Started process (PID=29459) to work on /usr/local/python/3.12.1/lib/python3.12/site-packages/airflow/example_dags/example_short_circuit_operator.py
[2026-04-25T09:45:44.661+0000] {processor.py:830} INFO - Processing file /usr/local/python/3.12.1/lib/python3.12/site-packages/airflow/example_dags/example_short_circuit_operator.py for tasks to queue
[2026-04-25T09:45:44.662+0000] {logging_mixin.py:188} INFO - [2026-04-25T09:45:44.662+0000] {dagbag.py:540} INFO - Filling up the DagBag from /usr/local/python/3.12.1/lib/python3.12/site-packages/airflow/example_dags/example_short_circuit_operator.py
[2026-04-25T09:45:44.671+0000] {processor.py:840} INFO - DAG(s) 'example_short_circuit_operator' retrieved from /usr/local/python/3.12.1/lib/python3.12/site-packages/airflow/example_dags/example_short_circuit_operator.py
[2026-04-25T09:45:44.712+0000] {logging_mixin.py:188} INFO - [2026-04-25T09:45:44.711+0000] {dag.py:3096} INFO - Sync 1 DAGs
[2026-04-25T09:45:44.761+0000] {logging_mixin.py:188} INFO - [2026-04-25T09:45:44.761+0000] {dag.py:3954} INFO - Setting next_dagrun for example_short_circuit_operator to 2026-04-24 00:00:00+00:00, run_after=2026-04-25 00:00:00+00:00
[2026-04-25T09:45:44.787+0000] {processor.py:183} INFO - Processing /usr/local/python/3.12.1/lib/python3.12/site-packages/airflow/example_dags/example_short_circuit_operator.py took 0.135 seconds
[2026-04-25T09:46:28.036+0000] {processor.py:161} INFO - Started process (PID=29806) to work on /usr/local/python/3.12.1/lib/python3.12/site-packages/airflow/example_dags/example_short_circuit_operator.py
[2026-04-25T09:46:28.036+0000] {processor.py:830} INFO - Processing file /usr/local/python/3.12.1/lib/python3.12/site-packages/airflow/example_dags/example_short_circuit_operator.py for tasks to queue
[2026-04-25T09:46:28.037+0000] {logging_mixin.py:188} INFO - [2026-04-25T09:46:28.037+0000] {dagbag.py:540} INFO - Filling up the DagBag from /usr/local/python/3.12.1/lib/python3.12/site-packages/airflow/example_dags/example_short_circuit_operator.py
[2026-04-25T09:46:28.043+0000] {processor.py:840} INFO - DAG(s) 'example_short_circuit_operator' retrieved from /usr/local/python/3.12.1/lib/python3.12/site-packages/airflow/example_dags/example_short_circuit_operator.py
[2026-04-25T09:46:28.057+0000] {logging_mixin.py:188} INFO - [2026-04-25T09:46:28.057+0000] {dag.py:3096} INFO - Sync 1 DAGs
[2026-04-25T09:46:28.073+0000] {logging_mixin.py:188} INFO - [2026-04-25T09:46:28.073+0000] {dag.py:3954} INFO - Setting next_dagrun for example_short_circuit_operator to 2026-04-24 00:00:00+00:00, run_after=2026-04-25 00:00:00+00:00
[2026-04-25T09:46:28.090+0000] {processor.py:183} INFO - Processing /usr/local/python/3.12.1/lib/python3.12/site-packages/airflow/example_dags/example_short_circuit_operator.py took 0.059 seconds
