[2026-04-25T09:06:07.930+0000] {processor.py:161} INFO - Started process (PID=8399) to work on /usr/local/python/3.12.1/lib/python3.12/site-packages/airflow/example_dags/example_python_decorator.py
[2026-04-25T09:06:07.930+0000] {processor.py:830} INFO - Processing file /usr/local/python/3.12.1/lib/python3.12/site-packages/airflow/example_dags/example_python_decorator.py for tasks to queue
[2026-04-25T09:06:07.931+0000] {logging_mixin.py:188} INFO - [2026-04-25T09:06:07.931+0000] {dagbag.py:540} INFO - Filling up the DagBag from /usr/local/python/3.12.1/lib/python3.12/site-packages/airflow/example_dags/example_python_decorator.py
[2026-04-25T09:06:07.943+0000] {processor.py:840} INFO - DAG(s) 'example_python_decorator' retrieved from /usr/local/python/3.12.1/lib/python3.12/site-packages/airflow/example_dags/example_python_decorator.py
[2026-04-25T09:06:08.037+0000] {logging_mixin.py:188} INFO - [2026-04-25T09:06:08.036+0000] {override.py:1930} INFO - Created Permission View: can delete on DAG:example_python_decorator
[2026-04-25T09:06:08.046+0000] {logging_mixin.py:188} INFO - [2026-04-25T09:06:08.046+0000] {override.py:1930} INFO - Created Permission View: can edit on DAG:example_python_decorator
[2026-04-25T09:06:08.055+0000] {logging_mixin.py:188} INFO - [2026-04-25T09:06:08.054+0000] {override.py:1930} INFO - Created Permission View: can read on DAG:example_python_decorator
[2026-04-25T09:06:08.055+0000] {logging_mixin.py:188} INFO - [2026-04-25T09:06:08.055+0000] {dag.py:3096} INFO - Sync 1 DAGs
[2026-04-25T09:06:08.063+0000] {logging_mixin.py:188} INFO - [2026-04-25T09:06:08.063+0000] {dag.py:3118} INFO - Creating ORM DAG for example_python_decorator
[2026-04-25T09:06:08.064+0000] {logging_mixin.py:188} INFO - [2026-04-25T09:06:08.063+0000] {dag.py:3954} INFO - Setting next_dagrun for example_python_decorator to None, run_after=None
[2026-04-25T09:06:08.080+0000] {processor.py:183} INFO - Processing /usr/local/python/3.12.1/lib/python3.12/site-packages/airflow/example_dags/example_python_decorator.py took 0.156 seconds
[2026-04-25T09:07:04.483+0000] {processor.py:161} INFO - Started process (PID=9013) to work on /usr/local/python/3.12.1/lib/python3.12/site-packages/airflow/example_dags/example_python_decorator.py
[2026-04-25T09:07:04.483+0000] {processor.py:830} INFO - Processing file /usr/local/python/3.12.1/lib/python3.12/site-packages/airflow/example_dags/example_python_decorator.py for tasks to queue
[2026-04-25T09:07:04.484+0000] {logging_mixin.py:188} INFO - [2026-04-25T09:07:04.484+0000] {dagbag.py:540} INFO - Filling up the DagBag from /usr/local/python/3.12.1/lib/python3.12/site-packages/airflow/example_dags/example_python_decorator.py
[2026-04-25T09:07:04.494+0000] {processor.py:840} INFO - DAG(s) 'example_python_decorator' retrieved from /usr/local/python/3.12.1/lib/python3.12/site-packages/airflow/example_dags/example_python_decorator.py
[2026-04-25T09:07:04.508+0000] {logging_mixin.py:188} INFO - [2026-04-25T09:07:04.508+0000] {dag.py:3096} INFO - Sync 1 DAGs
[2026-04-25T09:07:04.517+0000] {logging_mixin.py:188} INFO - [2026-04-25T09:07:04.517+0000] {dag.py:3954} INFO - Setting next_dagrun for example_python_decorator to None, run_after=None
[2026-04-25T09:07:04.535+0000] {processor.py:183} INFO - Processing /usr/local/python/3.12.1/lib/python3.12/site-packages/airflow/example_dags/example_python_decorator.py took 0.056 seconds
[2026-04-25T09:07:55.387+0000] {processor.py:161} INFO - Started process (PID=9484) to work on /usr/local/python/3.12.1/lib/python3.12/site-packages/airflow/example_dags/example_python_decorator.py
[2026-04-25T09:07:55.388+0000] {processor.py:830} INFO - Processing file /usr/local/python/3.12.1/lib/python3.12/site-packages/airflow/example_dags/example_python_decorator.py for tasks to queue
[2026-04-25T09:07:55.389+0000] {logging_mixin.py:188} INFO - [2026-04-25T09:07:55.389+0000] {dagbag.py:540} INFO - Filling up the DagBag from /usr/local/python/3.12.1/lib/python3.12/site-packages/airflow/example_dags/example_python_decorator.py
[2026-04-25T09:07:55.399+0000] {processor.py:840} INFO - DAG(s) 'example_python_decorator' retrieved from /usr/local/python/3.12.1/lib/python3.12/site-packages/airflow/example_dags/example_python_decorator.py
[2026-04-25T09:07:55.413+0000] {logging_mixin.py:188} INFO - [2026-04-25T09:07:55.413+0000] {dag.py:3096} INFO - Sync 1 DAGs
[2026-04-25T09:07:55.422+0000] {logging_mixin.py:188} INFO - [2026-04-25T09:07:55.422+0000] {dag.py:3954} INFO - Setting next_dagrun for example_python_decorator to None, run_after=None
[2026-04-25T09:07:55.440+0000] {processor.py:183} INFO - Processing /usr/local/python/3.12.1/lib/python3.12/site-packages/airflow/example_dags/example_python_decorator.py took 0.056 seconds
[2026-04-25T09:08:42.082+0000] {processor.py:161} INFO - Started process (PID=9922) to work on /usr/local/python/3.12.1/lib/python3.12/site-packages/airflow/example_dags/example_python_decorator.py
[2026-04-25T09:08:42.083+0000] {processor.py:830} INFO - Processing file /usr/local/python/3.12.1/lib/python3.12/site-packages/airflow/example_dags/example_python_decorator.py for tasks to queue
[2026-04-25T09:08:42.084+0000] {logging_mixin.py:188} INFO - [2026-04-25T09:08:42.083+0000] {dagbag.py:540} INFO - Filling up the DagBag from /usr/local/python/3.12.1/lib/python3.12/site-packages/airflow/example_dags/example_python_decorator.py
[2026-04-25T09:08:42.094+0000] {processor.py:840} INFO - DAG(s) 'example_python_decorator' retrieved from /usr/local/python/3.12.1/lib/python3.12/site-packages/airflow/example_dags/example_python_decorator.py
[2026-04-25T09:08:42.108+0000] {logging_mixin.py:188} INFO - [2026-04-25T09:08:42.108+0000] {dag.py:3096} INFO - Sync 1 DAGs
[2026-04-25T09:08:42.118+0000] {logging_mixin.py:188} INFO - [2026-04-25T09:08:42.118+0000] {dag.py:3954} INFO - Setting next_dagrun for example_python_decorator to None, run_after=None
[2026-04-25T09:08:42.137+0000] {processor.py:183} INFO - Processing /usr/local/python/3.12.1/lib/python3.12/site-packages/airflow/example_dags/example_python_decorator.py took 0.059 seconds
[2026-04-25T09:09:46.437+0000] {processor.py:161} INFO - Started process (PID=10851) to work on /usr/local/python/3.12.1/lib/python3.12/site-packages/airflow/example_dags/example_python_decorator.py
[2026-04-25T09:09:46.438+0000] {processor.py:830} INFO - Processing file /usr/local/python/3.12.1/lib/python3.12/site-packages/airflow/example_dags/example_python_decorator.py for tasks to queue
[2026-04-25T09:09:46.438+0000] {logging_mixin.py:188} INFO - [2026-04-25T09:09:46.438+0000] {dagbag.py:540} INFO - Filling up the DagBag from /usr/local/python/3.12.1/lib/python3.12/site-packages/airflow/example_dags/example_python_decorator.py
[2026-04-25T09:09:46.449+0000] {processor.py:840} INFO - DAG(s) 'example_python_decorator' retrieved from /usr/local/python/3.12.1/lib/python3.12/site-packages/airflow/example_dags/example_python_decorator.py
[2026-04-25T09:09:46.463+0000] {logging_mixin.py:188} INFO - [2026-04-25T09:09:46.463+0000] {dag.py:3096} INFO - Sync 1 DAGs
[2026-04-25T09:09:46.472+0000] {logging_mixin.py:188} INFO - [2026-04-25T09:09:46.472+0000] {dag.py:3954} INFO - Setting next_dagrun for example_python_decorator to None, run_after=None
[2026-04-25T09:09:46.491+0000] {processor.py:183} INFO - Processing /usr/local/python/3.12.1/lib/python3.12/site-packages/airflow/example_dags/example_python_decorator.py took 0.058 seconds
[2026-04-25T09:10:43.225+0000] {processor.py:161} INFO - Started process (PID=11429) to work on /usr/local/python/3.12.1/lib/python3.12/site-packages/airflow/example_dags/example_python_decorator.py
[2026-04-25T09:10:43.226+0000] {processor.py:830} INFO - Processing file /usr/local/python/3.12.1/lib/python3.12/site-packages/airflow/example_dags/example_python_decorator.py for tasks to queue
[2026-04-25T09:10:43.227+0000] {logging_mixin.py:188} INFO - [2026-04-25T09:10:43.227+0000] {dagbag.py:540} INFO - Filling up the DagBag from /usr/local/python/3.12.1/lib/python3.12/site-packages/airflow/example_dags/example_python_decorator.py
[2026-04-25T09:10:43.237+0000] {processor.py:840} INFO - DAG(s) 'example_python_decorator' retrieved from /usr/local/python/3.12.1/lib/python3.12/site-packages/airflow/example_dags/example_python_decorator.py
[2026-04-25T09:10:43.251+0000] {logging_mixin.py:188} INFO - [2026-04-25T09:10:43.251+0000] {dag.py:3096} INFO - Sync 1 DAGs
[2026-04-25T09:10:43.260+0000] {logging_mixin.py:188} INFO - [2026-04-25T09:10:43.260+0000] {dag.py:3954} INFO - Setting next_dagrun for example_python_decorator to None, run_after=None
[2026-04-25T09:10:43.276+0000] {processor.py:183} INFO - Processing /usr/local/python/3.12.1/lib/python3.12/site-packages/airflow/example_dags/example_python_decorator.py took 0.055 seconds
[2026-04-25T09:11:33.035+0000] {processor.py:161} INFO - Started process (PID=12441) to work on /usr/local/python/3.12.1/lib/python3.12/site-packages/airflow/example_dags/example_python_decorator.py
[2026-04-25T09:11:33.036+0000] {processor.py:830} INFO - Processing file /usr/local/python/3.12.1/lib/python3.12/site-packages/airflow/example_dags/example_python_decorator.py for tasks to queue
[2026-04-25T09:11:33.036+0000] {logging_mixin.py:188} INFO - [2026-04-25T09:11:33.036+0000] {dagbag.py:540} INFO - Filling up the DagBag from /usr/local/python/3.12.1/lib/python3.12/site-packages/airflow/example_dags/example_python_decorator.py
[2026-04-25T09:11:33.046+0000] {processor.py:840} INFO - DAG(s) 'example_python_decorator' retrieved from /usr/local/python/3.12.1/lib/python3.12/site-packages/airflow/example_dags/example_python_decorator.py
[2026-04-25T09:11:33.052+0000] {logging_mixin.py:188} INFO - [2026-04-25T09:11:33.052+0000] {dag.py:3096} INFO - Sync 1 DAGs
[2026-04-25T09:11:33.062+0000] {logging_mixin.py:188} INFO - [2026-04-25T09:11:33.062+0000] {dag.py:3954} INFO - Setting next_dagrun for example_python_decorator to None, run_after=None
[2026-04-25T09:11:33.081+0000] {processor.py:183} INFO - Processing /usr/local/python/3.12.1/lib/python3.12/site-packages/airflow/example_dags/example_python_decorator.py took 0.050 seconds
[2026-04-25T09:11:52.824+0000] {processor.py:161} INFO - Started process (PID=12682) to work on /usr/local/python/3.12.1/lib/python3.12/site-packages/airflow/example_dags/example_python_decorator.py
[2026-04-25T09:11:52.825+0000] {processor.py:830} INFO - Processing file /usr/local/python/3.12.1/lib/python3.12/site-packages/airflow/example_dags/example_python_decorator.py for tasks to queue
[2026-04-25T09:11:52.826+0000] {logging_mixin.py:188} INFO - [2026-04-25T09:11:52.826+0000] {dagbag.py:540} INFO - Filling up the DagBag from /usr/local/python/3.12.1/lib/python3.12/site-packages/airflow/example_dags/example_python_decorator.py
[2026-04-25T09:11:52.847+0000] {processor.py:840} INFO - DAG(s) 'example_python_decorator' retrieved from /usr/local/python/3.12.1/lib/python3.12/site-packages/airflow/example_dags/example_python_decorator.py
[2026-04-25T09:11:53.478+0000] {logging_mixin.py:188} INFO - [2026-04-25T09:11:53.477+0000] {dag.py:3096} INFO - Sync 1 DAGs
[2026-04-25T09:11:53.520+0000] {logging_mixin.py:188} INFO - [2026-04-25T09:11:53.520+0000] {dag.py:3954} INFO - Setting next_dagrun for example_python_decorator to None, run_after=None
[2026-04-25T09:11:53.692+0000] {processor.py:183} INFO - Processing /usr/local/python/3.12.1/lib/python3.12/site-packages/airflow/example_dags/example_python_decorator.py took 0.875 seconds
[2026-04-25T09:12:20.186+0000] {processor.py:161} INFO - Started process (PID=12935) to work on /usr/local/python/3.12.1/lib/python3.12/site-packages/airflow/example_dags/example_python_decorator.py
[2026-04-25T09:12:20.187+0000] {processor.py:830} INFO - Processing file /usr/local/python/3.12.1/lib/python3.12/site-packages/airflow/example_dags/example_python_decorator.py for tasks to queue
[2026-04-25T09:12:20.188+0000] {logging_mixin.py:188} INFO - [2026-04-25T09:12:20.187+0000] {dagbag.py:540} INFO - Filling up the DagBag from /usr/local/python/3.12.1/lib/python3.12/site-packages/airflow/example_dags/example_python_decorator.py
[2026-04-25T09:12:20.199+0000] {processor.py:840} INFO - DAG(s) 'example_python_decorator' retrieved from /usr/local/python/3.12.1/lib/python3.12/site-packages/airflow/example_dags/example_python_decorator.py
[2026-04-25T09:12:20.205+0000] {logging_mixin.py:188} INFO - [2026-04-25T09:12:20.205+0000] {dag.py:3096} INFO - Sync 1 DAGs
[2026-04-25T09:12:20.215+0000] {logging_mixin.py:188} INFO - [2026-04-25T09:12:20.215+0000] {dag.py:3954} INFO - Setting next_dagrun for example_python_decorator to None, run_after=None
[2026-04-25T09:12:20.232+0000] {processor.py:183} INFO - Processing /usr/local/python/3.12.1/lib/python3.12/site-packages/airflow/example_dags/example_python_decorator.py took 0.050 seconds
[2026-04-25T09:12:43.082+0000] {processor.py:161} INFO - Started process (PID=13342) to work on /usr/local/python/3.12.1/lib/python3.12/site-packages/airflow/example_dags/example_python_decorator.py
[2026-04-25T09:12:43.085+0000] {processor.py:830} INFO - Processing file /usr/local/python/3.12.1/lib/python3.12/site-packages/airflow/example_dags/example_python_decorator.py for tasks to queue
[2026-04-25T09:12:43.087+0000] {logging_mixin.py:188} INFO - [2026-04-25T09:12:43.086+0000] {dagbag.py:540} INFO - Filling up the DagBag from /usr/local/python/3.12.1/lib/python3.12/site-packages/airflow/example_dags/example_python_decorator.py
[2026-04-25T09:12:43.117+0000] {processor.py:840} INFO - DAG(s) 'example_python_decorator' retrieved from /usr/local/python/3.12.1/lib/python3.12/site-packages/airflow/example_dags/example_python_decorator.py
[2026-04-25T09:12:43.143+0000] {logging_mixin.py:188} INFO - [2026-04-25T09:12:43.143+0000] {dag.py:3096} INFO - Sync 1 DAGs
[2026-04-25T09:12:43.152+0000] {logging_mixin.py:188} INFO - [2026-04-25T09:12:43.152+0000] {dag.py:3954} INFO - Setting next_dagrun for example_python_decorator to None, run_after=None
[2026-04-25T09:12:43.169+0000] {processor.py:183} INFO - Processing /usr/local/python/3.12.1/lib/python3.12/site-packages/airflow/example_dags/example_python_decorator.py took 0.105 seconds
[2026-04-25T09:13:21.758+0000] {processor.py:161} INFO - Started process (PID=13768) to work on /usr/local/python/3.12.1/lib/python3.12/site-packages/airflow/example_dags/example_python_decorator.py
[2026-04-25T09:13:21.759+0000] {processor.py:830} INFO - Processing file /usr/local/python/3.12.1/lib/python3.12/site-packages/airflow/example_dags/example_python_decorator.py for tasks to queue
[2026-04-25T09:13:21.760+0000] {logging_mixin.py:188} INFO - [2026-04-25T09:13:21.759+0000] {dagbag.py:540} INFO - Filling up the DagBag from /usr/local/python/3.12.1/lib/python3.12/site-packages/airflow/example_dags/example_python_decorator.py
[2026-04-25T09:13:21.770+0000] {processor.py:840} INFO - DAG(s) 'example_python_decorator' retrieved from /usr/local/python/3.12.1/lib/python3.12/site-packages/airflow/example_dags/example_python_decorator.py
[2026-04-25T09:13:21.853+0000] {logging_mixin.py:188} INFO - [2026-04-25T09:13:21.853+0000] {dag.py:3096} INFO - Sync 1 DAGs
[2026-04-25T09:13:21.860+0000] {logging_mixin.py:188} INFO - [2026-04-25T09:13:21.860+0000] {dag.py:3954} INFO - Setting next_dagrun for example_python_decorator to None, run_after=None
[2026-04-25T09:13:21.878+0000] {processor.py:183} INFO - Processing /usr/local/python/3.12.1/lib/python3.12/site-packages/airflow/example_dags/example_python_decorator.py took 0.124 seconds
[2026-04-25T09:14:07.236+0000] {processor.py:161} INFO - Started process (PID=14523) to work on /usr/local/python/3.12.1/lib/python3.12/site-packages/airflow/example_dags/example_python_decorator.py
[2026-04-25T09:14:07.237+0000] {processor.py:830} INFO - Processing file /usr/local/python/3.12.1/lib/python3.12/site-packages/airflow/example_dags/example_python_decorator.py for tasks to queue
[2026-04-25T09:14:07.238+0000] {logging_mixin.py:188} INFO - [2026-04-25T09:14:07.237+0000] {dagbag.py:540} INFO - Filling up the DagBag from /usr/local/python/3.12.1/lib/python3.12/site-packages/airflow/example_dags/example_python_decorator.py
[2026-04-25T09:14:07.248+0000] {processor.py:840} INFO - DAG(s) 'example_python_decorator' retrieved from /usr/local/python/3.12.1/lib/python3.12/site-packages/airflow/example_dags/example_python_decorator.py
[2026-04-25T09:14:07.330+0000] {logging_mixin.py:188} INFO - [2026-04-25T09:14:07.330+0000] {dag.py:3096} INFO - Sync 1 DAGs
[2026-04-25T09:14:07.337+0000] {logging_mixin.py:188} INFO - [2026-04-25T09:14:07.337+0000] {dag.py:3954} INFO - Setting next_dagrun for example_python_decorator to None, run_after=None
[2026-04-25T09:14:07.354+0000] {processor.py:183} INFO - Processing /usr/local/python/3.12.1/lib/python3.12/site-packages/airflow/example_dags/example_python_decorator.py took 0.122 seconds
[2026-04-25T09:14:56.389+0000] {processor.py:161} INFO - Started process (PID=14906) to work on /usr/local/python/3.12.1/lib/python3.12/site-packages/airflow/example_dags/example_python_decorator.py
[2026-04-25T09:14:56.390+0000] {processor.py:830} INFO - Processing file /usr/local/python/3.12.1/lib/python3.12/site-packages/airflow/example_dags/example_python_decorator.py for tasks to queue
[2026-04-25T09:14:56.391+0000] {logging_mixin.py:188} INFO - [2026-04-25T09:14:56.391+0000] {dagbag.py:540} INFO - Filling up the DagBag from /usr/local/python/3.12.1/lib/python3.12/site-packages/airflow/example_dags/example_python_decorator.py
[2026-04-25T09:14:56.401+0000] {processor.py:840} INFO - DAG(s) 'example_python_decorator' retrieved from /usr/local/python/3.12.1/lib/python3.12/site-packages/airflow/example_dags/example_python_decorator.py
[2026-04-25T09:14:56.416+0000] {logging_mixin.py:188} INFO - [2026-04-25T09:14:56.415+0000] {dag.py:3096} INFO - Sync 1 DAGs
[2026-04-25T09:14:56.425+0000] {logging_mixin.py:188} INFO - [2026-04-25T09:14:56.425+0000] {dag.py:3954} INFO - Setting next_dagrun for example_python_decorator to None, run_after=None
[2026-04-25T09:14:56.442+0000] {processor.py:183} INFO - Processing /usr/local/python/3.12.1/lib/python3.12/site-packages/airflow/example_dags/example_python_decorator.py took 0.057 seconds
[2026-04-25T09:15:45.176+0000] {processor.py:161} INFO - Started process (PID=15457) to work on /usr/local/python/3.12.1/lib/python3.12/site-packages/airflow/example_dags/example_python_decorator.py
[2026-04-25T09:15:45.177+0000] {processor.py:830} INFO - Processing file /usr/local/python/3.12.1/lib/python3.12/site-packages/airflow/example_dags/example_python_decorator.py for tasks to queue
[2026-04-25T09:15:45.179+0000] {logging_mixin.py:188} INFO - [2026-04-25T09:15:45.178+0000] {dagbag.py:540} INFO - Filling up the DagBag from /usr/local/python/3.12.1/lib/python3.12/site-packages/airflow/example_dags/example_python_decorator.py
[2026-04-25T09:15:45.202+0000] {processor.py:840} INFO - DAG(s) 'example_python_decorator' retrieved from /usr/local/python/3.12.1/lib/python3.12/site-packages/airflow/example_dags/example_python_decorator.py
[2026-04-25T09:15:45.228+0000] {logging_mixin.py:188} INFO - [2026-04-25T09:15:45.227+0000] {dag.py:3096} INFO - Sync 1 DAGs
[2026-04-25T09:15:45.237+0000] {logging_mixin.py:188} INFO - [2026-04-25T09:15:45.237+0000] {dag.py:3954} INFO - Setting next_dagrun for example_python_decorator to None, run_after=None
[2026-04-25T09:15:45.253+0000] {processor.py:183} INFO - Processing /usr/local/python/3.12.1/lib/python3.12/site-packages/airflow/example_dags/example_python_decorator.py took 0.084 seconds
[2026-04-25T09:16:43.081+0000] {processor.py:161} INFO - Started process (PID=15932) to work on /usr/local/python/3.12.1/lib/python3.12/site-packages/airflow/example_dags/example_python_decorator.py
[2026-04-25T09:16:43.082+0000] {processor.py:830} INFO - Processing file /usr/local/python/3.12.1/lib/python3.12/site-packages/airflow/example_dags/example_python_decorator.py for tasks to queue
[2026-04-25T09:16:43.082+0000] {logging_mixin.py:188} INFO - [2026-04-25T09:16:43.082+0000] {dagbag.py:540} INFO - Filling up the DagBag from /usr/local/python/3.12.1/lib/python3.12/site-packages/airflow/example_dags/example_python_decorator.py
[2026-04-25T09:16:43.093+0000] {processor.py:840} INFO - DAG(s) 'example_python_decorator' retrieved from /usr/local/python/3.12.1/lib/python3.12/site-packages/airflow/example_dags/example_python_decorator.py
[2026-04-25T09:16:43.106+0000] {logging_mixin.py:188} INFO - [2026-04-25T09:16:43.106+0000] {dag.py:3096} INFO - Sync 1 DAGs
[2026-04-25T09:16:43.114+0000] {logging_mixin.py:188} INFO - [2026-04-25T09:16:43.114+0000] {dag.py:3954} INFO - Setting next_dagrun for example_python_decorator to None, run_after=None
[2026-04-25T09:16:43.132+0000] {processor.py:183} INFO - Processing /usr/local/python/3.12.1/lib/python3.12/site-packages/airflow/example_dags/example_python_decorator.py took 0.055 seconds
[2026-04-25T09:17:43.798+0000] {processor.py:161} INFO - Started process (PID=16480) to work on /usr/local/python/3.12.1/lib/python3.12/site-packages/airflow/example_dags/example_python_decorator.py
[2026-04-25T09:17:43.798+0000] {processor.py:830} INFO - Processing file /usr/local/python/3.12.1/lib/python3.12/site-packages/airflow/example_dags/example_python_decorator.py for tasks to queue
[2026-04-25T09:17:43.799+0000] {logging_mixin.py:188} INFO - [2026-04-25T09:17:43.799+0000] {dagbag.py:540} INFO - Filling up the DagBag from /usr/local/python/3.12.1/lib/python3.12/site-packages/airflow/example_dags/example_python_decorator.py
[2026-04-25T09:17:43.809+0000] {processor.py:840} INFO - DAG(s) 'example_python_decorator' retrieved from /usr/local/python/3.12.1/lib/python3.12/site-packages/airflow/example_dags/example_python_decorator.py
[2026-04-25T09:17:43.889+0000] {logging_mixin.py:188} INFO - [2026-04-25T09:17:43.889+0000] {dag.py:3096} INFO - Sync 1 DAGs
[2026-04-25T09:17:43.896+0000] {logging_mixin.py:188} INFO - [2026-04-25T09:17:43.896+0000] {dag.py:3954} INFO - Setting next_dagrun for example_python_decorator to None, run_after=None
[2026-04-25T09:17:43.913+0000] {processor.py:183} INFO - Processing /usr/local/python/3.12.1/lib/python3.12/site-packages/airflow/example_dags/example_python_decorator.py took 0.120 seconds
[2026-04-25T09:18:29.732+0000] {processor.py:161} INFO - Started process (PID=16852) to work on /usr/local/python/3.12.1/lib/python3.12/site-packages/airflow/example_dags/example_python_decorator.py
[2026-04-25T09:18:29.733+0000] {processor.py:830} INFO - Processing file /usr/local/python/3.12.1/lib/python3.12/site-packages/airflow/example_dags/example_python_decorator.py for tasks to queue
[2026-04-25T09:18:29.734+0000] {logging_mixin.py:188} INFO - [2026-04-25T09:18:29.734+0000] {dagbag.py:540} INFO - Filling up the DagBag from /usr/local/python/3.12.1/lib/python3.12/site-packages/airflow/example_dags/example_python_decorator.py
[2026-04-25T09:18:29.748+0000] {processor.py:840} INFO - DAG(s) 'example_python_decorator' retrieved from /usr/local/python/3.12.1/lib/python3.12/site-packages/airflow/example_dags/example_python_decorator.py
[2026-04-25T09:18:29.769+0000] {logging_mixin.py:188} INFO - [2026-04-25T09:18:29.769+0000] {dag.py:3096} INFO - Sync 1 DAGs
[2026-04-25T09:18:29.783+0000] {logging_mixin.py:188} INFO - [2026-04-25T09:18:29.783+0000] {dag.py:3954} INFO - Setting next_dagrun for example_python_decorator to None, run_after=None
[2026-04-25T09:18:29.805+0000] {processor.py:183} INFO - Processing /usr/local/python/3.12.1/lib/python3.12/site-packages/airflow/example_dags/example_python_decorator.py took 0.076 seconds
[2026-04-25T09:19:23.591+0000] {processor.py:161} INFO - Started process (PID=17259) to work on /usr/local/python/3.12.1/lib/python3.12/site-packages/airflow/example_dags/example_python_decorator.py
[2026-04-25T09:19:23.592+0000] {processor.py:830} INFO - Processing file /usr/local/python/3.12.1/lib/python3.12/site-packages/airflow/example_dags/example_python_decorator.py for tasks to queue
[2026-04-25T09:19:23.593+0000] {logging_mixin.py:188} INFO - [2026-04-25T09:19:23.592+0000] {dagbag.py:540} INFO - Filling up the DagBag from /usr/local/python/3.12.1/lib/python3.12/site-packages/airflow/example_dags/example_python_decorator.py
[2026-04-25T09:19:23.603+0000] {processor.py:840} INFO - DAG(s) 'example_python_decorator' retrieved from /usr/local/python/3.12.1/lib/python3.12/site-packages/airflow/example_dags/example_python_decorator.py
[2026-04-25T09:19:23.617+0000] {logging_mixin.py:188} INFO - [2026-04-25T09:19:23.616+0000] {dag.py:3096} INFO - Sync 1 DAGs
[2026-04-25T09:19:23.625+0000] {logging_mixin.py:188} INFO - [2026-04-25T09:19:23.625+0000] {dag.py:3954} INFO - Setting next_dagrun for example_python_decorator to None, run_after=None
[2026-04-25T09:19:23.642+0000] {processor.py:183} INFO - Processing /usr/local/python/3.12.1/lib/python3.12/site-packages/airflow/example_dags/example_python_decorator.py took 0.055 seconds
[2026-04-25T09:20:21.162+0000] {processor.py:161} INFO - Started process (PID=17711) to work on /usr/local/python/3.12.1/lib/python3.12/site-packages/airflow/example_dags/example_python_decorator.py
[2026-04-25T09:20:21.163+0000] {processor.py:830} INFO - Processing file /usr/local/python/3.12.1/lib/python3.12/site-packages/airflow/example_dags/example_python_decorator.py for tasks to queue
[2026-04-25T09:20:21.164+0000] {logging_mixin.py:188} INFO - [2026-04-25T09:20:21.164+0000] {dagbag.py:540} INFO - Filling up the DagBag from /usr/local/python/3.12.1/lib/python3.12/site-packages/airflow/example_dags/example_python_decorator.py
[2026-04-25T09:20:21.174+0000] {processor.py:840} INFO - DAG(s) 'example_python_decorator' retrieved from /usr/local/python/3.12.1/lib/python3.12/site-packages/airflow/example_dags/example_python_decorator.py
[2026-04-25T09:20:21.188+0000] {logging_mixin.py:188} INFO - [2026-04-25T09:20:21.188+0000] {dag.py:3096} INFO - Sync 1 DAGs
[2026-04-25T09:20:21.198+0000] {logging_mixin.py:188} INFO - [2026-04-25T09:20:21.198+0000] {dag.py:3954} INFO - Setting next_dagrun for example_python_decorator to None, run_after=None
[2026-04-25T09:20:21.215+0000] {processor.py:183} INFO - Processing /usr/local/python/3.12.1/lib/python3.12/site-packages/airflow/example_dags/example_python_decorator.py took 0.057 seconds
[2026-04-25T09:21:16.804+0000] {processor.py:161} INFO - Started process (PID=18132) to work on /usr/local/python/3.12.1/lib/python3.12/site-packages/airflow/example_dags/example_python_decorator.py
[2026-04-25T09:21:16.805+0000] {processor.py:830} INFO - Processing file /usr/local/python/3.12.1/lib/python3.12/site-packages/airflow/example_dags/example_python_decorator.py for tasks to queue
[2026-04-25T09:21:16.806+0000] {logging_mixin.py:188} INFO - [2026-04-25T09:21:16.805+0000] {dagbag.py:540} INFO - Filling up the DagBag from /usr/local/python/3.12.1/lib/python3.12/site-packages/airflow/example_dags/example_python_decorator.py
[2026-04-25T09:21:16.826+0000] {processor.py:840} INFO - DAG(s) 'example_python_decorator' retrieved from /usr/local/python/3.12.1/lib/python3.12/site-packages/airflow/example_dags/example_python_decorator.py
[2026-04-25T09:21:16.843+0000] {logging_mixin.py:188} INFO - [2026-04-25T09:21:16.842+0000] {dag.py:3096} INFO - Sync 1 DAGs
[2026-04-25T09:21:16.852+0000] {logging_mixin.py:188} INFO - [2026-04-25T09:21:16.852+0000] {dag.py:3954} INFO - Setting next_dagrun for example_python_decorator to None, run_after=None
[2026-04-25T09:21:16.869+0000] {processor.py:183} INFO - Processing /usr/local/python/3.12.1/lib/python3.12/site-packages/airflow/example_dags/example_python_decorator.py took 0.075 seconds
[2026-04-25T09:21:57.789+0000] {processor.py:161} INFO - Started process (PID=18445) to work on /usr/local/python/3.12.1/lib/python3.12/site-packages/airflow/example_dags/example_python_decorator.py
[2026-04-25T09:21:57.790+0000] {processor.py:830} INFO - Processing file /usr/local/python/3.12.1/lib/python3.12/site-packages/airflow/example_dags/example_python_decorator.py for tasks to queue
[2026-04-25T09:21:57.790+0000] {logging_mixin.py:188} INFO - [2026-04-25T09:21:57.790+0000] {dagbag.py:540} INFO - Filling up the DagBag from /usr/local/python/3.12.1/lib/python3.12/site-packages/airflow/example_dags/example_python_decorator.py
[2026-04-25T09:21:57.801+0000] {processor.py:840} INFO - DAG(s) 'example_python_decorator' retrieved from /usr/local/python/3.12.1/lib/python3.12/site-packages/airflow/example_dags/example_python_decorator.py
[2026-04-25T09:21:57.814+0000] {logging_mixin.py:188} INFO - [2026-04-25T09:21:57.814+0000] {dag.py:3096} INFO - Sync 1 DAGs
[2026-04-25T09:21:57.823+0000] {logging_mixin.py:188} INFO - [2026-04-25T09:21:57.823+0000] {dag.py:3954} INFO - Setting next_dagrun for example_python_decorator to None, run_after=None
[2026-04-25T09:21:57.840+0000] {processor.py:183} INFO - Processing /usr/local/python/3.12.1/lib/python3.12/site-packages/airflow/example_dags/example_python_decorator.py took 0.055 seconds
[2026-04-25T09:22:57.817+0000] {processor.py:161} INFO - Started process (PID=18913) to work on /usr/local/python/3.12.1/lib/python3.12/site-packages/airflow/example_dags/example_python_decorator.py
[2026-04-25T09:22:57.818+0000] {processor.py:830} INFO - Processing file /usr/local/python/3.12.1/lib/python3.12/site-packages/airflow/example_dags/example_python_decorator.py for tasks to queue
[2026-04-25T09:22:57.819+0000] {logging_mixin.py:188} INFO - [2026-04-25T09:22:57.818+0000] {dagbag.py:540} INFO - Filling up the DagBag from /usr/local/python/3.12.1/lib/python3.12/site-packages/airflow/example_dags/example_python_decorator.py
[2026-04-25T09:22:57.829+0000] {processor.py:840} INFO - DAG(s) 'example_python_decorator' retrieved from /usr/local/python/3.12.1/lib/python3.12/site-packages/airflow/example_dags/example_python_decorator.py
[2026-04-25T09:22:57.842+0000] {logging_mixin.py:188} INFO - [2026-04-25T09:22:57.842+0000] {dag.py:3096} INFO - Sync 1 DAGs
[2026-04-25T09:22:57.851+0000] {logging_mixin.py:188} INFO - [2026-04-25T09:22:57.851+0000] {dag.py:3954} INFO - Setting next_dagrun for example_python_decorator to None, run_after=None
[2026-04-25T09:22:57.868+0000] {processor.py:183} INFO - Processing /usr/local/python/3.12.1/lib/python3.12/site-packages/airflow/example_dags/example_python_decorator.py took 0.054 seconds
[2026-04-25T09:23:52.999+0000] {processor.py:161} INFO - Started process (PID=19354) to work on /usr/local/python/3.12.1/lib/python3.12/site-packages/airflow/example_dags/example_python_decorator.py
[2026-04-25T09:23:53.000+0000] {processor.py:830} INFO - Processing file /usr/local/python/3.12.1/lib/python3.12/site-packages/airflow/example_dags/example_python_decorator.py for tasks to queue
[2026-04-25T09:23:53.001+0000] {logging_mixin.py:188} INFO - [2026-04-25T09:23:53.000+0000] {dagbag.py:540} INFO - Filling up the DagBag from /usr/local/python/3.12.1/lib/python3.12/site-packages/airflow/example_dags/example_python_decorator.py
[2026-04-25T09:23:53.010+0000] {processor.py:840} INFO - DAG(s) 'example_python_decorator' retrieved from /usr/local/python/3.12.1/lib/python3.12/site-packages/airflow/example_dags/example_python_decorator.py
[2026-04-25T09:23:53.024+0000] {logging_mixin.py:188} INFO - [2026-04-25T09:23:53.024+0000] {dag.py:3096} INFO - Sync 1 DAGs
[2026-04-25T09:23:53.033+0000] {logging_mixin.py:188} INFO - [2026-04-25T09:23:53.033+0000] {dag.py:3954} INFO - Setting next_dagrun for example_python_decorator to None, run_after=None
[2026-04-25T09:23:53.049+0000] {processor.py:183} INFO - Processing /usr/local/python/3.12.1/lib/python3.12/site-packages/airflow/example_dags/example_python_decorator.py took 0.054 seconds
[2026-04-25T09:24:53.812+0000] {processor.py:161} INFO - Started process (PID=19822) to work on /usr/local/python/3.12.1/lib/python3.12/site-packages/airflow/example_dags/example_python_decorator.py
[2026-04-25T09:24:53.812+0000] {processor.py:830} INFO - Processing file /usr/local/python/3.12.1/lib/python3.12/site-packages/airflow/example_dags/example_python_decorator.py for tasks to queue
[2026-04-25T09:24:53.813+0000] {logging_mixin.py:188} INFO - [2026-04-25T09:24:53.813+0000] {dagbag.py:540} INFO - Filling up the DagBag from /usr/local/python/3.12.1/lib/python3.12/site-packages/airflow/example_dags/example_python_decorator.py
[2026-04-25T09:24:53.823+0000] {processor.py:840} INFO - DAG(s) 'example_python_decorator' retrieved from /usr/local/python/3.12.1/lib/python3.12/site-packages/airflow/example_dags/example_python_decorator.py
[2026-04-25T09:24:53.837+0000] {logging_mixin.py:188} INFO - [2026-04-25T09:24:53.837+0000] {dag.py:3096} INFO - Sync 1 DAGs
[2026-04-25T09:24:53.846+0000] {logging_mixin.py:188} INFO - [2026-04-25T09:24:53.845+0000] {dag.py:3954} INFO - Setting next_dagrun for example_python_decorator to None, run_after=None
[2026-04-25T09:24:53.864+0000] {processor.py:183} INFO - Processing /usr/local/python/3.12.1/lib/python3.12/site-packages/airflow/example_dags/example_python_decorator.py took 0.057 seconds
[2026-04-25T09:25:49.042+0000] {processor.py:161} INFO - Started process (PID=20246) to work on /usr/local/python/3.12.1/lib/python3.12/site-packages/airflow/example_dags/example_python_decorator.py
[2026-04-25T09:25:49.043+0000] {processor.py:830} INFO - Processing file /usr/local/python/3.12.1/lib/python3.12/site-packages/airflow/example_dags/example_python_decorator.py for tasks to queue
[2026-04-25T09:25:49.044+0000] {logging_mixin.py:188} INFO - [2026-04-25T09:25:49.043+0000] {dagbag.py:540} INFO - Filling up the DagBag from /usr/local/python/3.12.1/lib/python3.12/site-packages/airflow/example_dags/example_python_decorator.py
[2026-04-25T09:25:49.054+0000] {processor.py:840} INFO - DAG(s) 'example_python_decorator' retrieved from /usr/local/python/3.12.1/lib/python3.12/site-packages/airflow/example_dags/example_python_decorator.py
[2026-04-25T09:25:49.068+0000] {logging_mixin.py:188} INFO - [2026-04-25T09:25:49.068+0000] {dag.py:3096} INFO - Sync 1 DAGs
[2026-04-25T09:25:49.077+0000] {logging_mixin.py:188} INFO - [2026-04-25T09:25:49.077+0000] {dag.py:3954} INFO - Setting next_dagrun for example_python_decorator to None, run_after=None
[2026-04-25T09:25:49.100+0000] {processor.py:183} INFO - Processing /usr/local/python/3.12.1/lib/python3.12/site-packages/airflow/example_dags/example_python_decorator.py took 0.063 seconds
[2026-04-25T09:26:33.962+0000] {processor.py:161} INFO - Started process (PID=20583) to work on /usr/local/python/3.12.1/lib/python3.12/site-packages/airflow/example_dags/example_python_decorator.py
[2026-04-25T09:26:33.963+0000] {processor.py:830} INFO - Processing file /usr/local/python/3.12.1/lib/python3.12/site-packages/airflow/example_dags/example_python_decorator.py for tasks to queue
[2026-04-25T09:26:33.964+0000] {logging_mixin.py:188} INFO - [2026-04-25T09:26:33.963+0000] {dagbag.py:540} INFO - Filling up the DagBag from /usr/local/python/3.12.1/lib/python3.12/site-packages/airflow/example_dags/example_python_decorator.py
[2026-04-25T09:26:33.974+0000] {processor.py:840} INFO - DAG(s) 'example_python_decorator' retrieved from /usr/local/python/3.12.1/lib/python3.12/site-packages/airflow/example_dags/example_python_decorator.py
[2026-04-25T09:26:33.988+0000] {logging_mixin.py:188} INFO - [2026-04-25T09:26:33.987+0000] {dag.py:3096} INFO - Sync 1 DAGs
[2026-04-25T09:26:33.996+0000] {logging_mixin.py:188} INFO - [2026-04-25T09:26:33.996+0000] {dag.py:3954} INFO - Setting next_dagrun for example_python_decorator to None, run_after=None
[2026-04-25T09:26:34.012+0000] {processor.py:183} INFO - Processing /usr/local/python/3.12.1/lib/python3.12/site-packages/airflow/example_dags/example_python_decorator.py took 0.054 seconds
[2026-04-25T09:27:31.768+0000] {processor.py:161} INFO - Started process (PID=21039) to work on /usr/local/python/3.12.1/lib/python3.12/site-packages/airflow/example_dags/example_python_decorator.py
[2026-04-25T09:27:31.769+0000] {processor.py:830} INFO - Processing file /usr/local/python/3.12.1/lib/python3.12/site-packages/airflow/example_dags/example_python_decorator.py for tasks to queue
[2026-04-25T09:27:31.770+0000] {logging_mixin.py:188} INFO - [2026-04-25T09:27:31.769+0000] {dagbag.py:540} INFO - Filling up the DagBag from /usr/local/python/3.12.1/lib/python3.12/site-packages/airflow/example_dags/example_python_decorator.py
[2026-04-25T09:27:31.780+0000] {processor.py:840} INFO - DAG(s) 'example_python_decorator' retrieved from /usr/local/python/3.12.1/lib/python3.12/site-packages/airflow/example_dags/example_python_decorator.py
[2026-04-25T09:27:31.794+0000] {logging_mixin.py:188} INFO - [2026-04-25T09:27:31.793+0000] {dag.py:3096} INFO - Sync 1 DAGs
[2026-04-25T09:27:31.803+0000] {logging_mixin.py:188} INFO - [2026-04-25T09:27:31.803+0000] {dag.py:3954} INFO - Setting next_dagrun for example_python_decorator to None, run_after=None
[2026-04-25T09:27:31.819+0000] {processor.py:183} INFO - Processing /usr/local/python/3.12.1/lib/python3.12/site-packages/airflow/example_dags/example_python_decorator.py took 0.056 seconds
[2026-04-25T09:28:15.731+0000] {processor.py:161} INFO - Started process (PID=21369) to work on /usr/local/python/3.12.1/lib/python3.12/site-packages/airflow/example_dags/example_python_decorator.py
[2026-04-25T09:28:15.732+0000] {processor.py:830} INFO - Processing file /usr/local/python/3.12.1/lib/python3.12/site-packages/airflow/example_dags/example_python_decorator.py for tasks to queue
[2026-04-25T09:28:15.733+0000] {logging_mixin.py:188} INFO - [2026-04-25T09:28:15.732+0000] {dagbag.py:540} INFO - Filling up the DagBag from /usr/local/python/3.12.1/lib/python3.12/site-packages/airflow/example_dags/example_python_decorator.py
[2026-04-25T09:28:15.743+0000] {processor.py:840} INFO - DAG(s) 'example_python_decorator' retrieved from /usr/local/python/3.12.1/lib/python3.12/site-packages/airflow/example_dags/example_python_decorator.py
[2026-04-25T09:28:15.757+0000] {logging_mixin.py:188} INFO - [2026-04-25T09:28:15.757+0000] {dag.py:3096} INFO - Sync 1 DAGs
[2026-04-25T09:28:15.766+0000] {logging_mixin.py:188} INFO - [2026-04-25T09:28:15.765+0000] {dag.py:3954} INFO - Setting next_dagrun for example_python_decorator to None, run_after=None
[2026-04-25T09:28:15.782+0000] {processor.py:183} INFO - Processing /usr/local/python/3.12.1/lib/python3.12/site-packages/airflow/example_dags/example_python_decorator.py took 0.057 seconds
[2026-04-25T09:29:17.693+0000] {processor.py:161} INFO - Started process (PID=21847) to work on /usr/local/python/3.12.1/lib/python3.12/site-packages/airflow/example_dags/example_python_decorator.py
[2026-04-25T09:29:17.694+0000] {processor.py:830} INFO - Processing file /usr/local/python/3.12.1/lib/python3.12/site-packages/airflow/example_dags/example_python_decorator.py for tasks to queue
[2026-04-25T09:29:17.695+0000] {logging_mixin.py:188} INFO - [2026-04-25T09:29:17.694+0000] {dagbag.py:540} INFO - Filling up the DagBag from /usr/local/python/3.12.1/lib/python3.12/site-packages/airflow/example_dags/example_python_decorator.py
[2026-04-25T09:29:17.705+0000] {processor.py:840} INFO - DAG(s) 'example_python_decorator' retrieved from /usr/local/python/3.12.1/lib/python3.12/site-packages/airflow/example_dags/example_python_decorator.py
[2026-04-25T09:29:17.718+0000] {logging_mixin.py:188} INFO - [2026-04-25T09:29:17.718+0000] {dag.py:3096} INFO - Sync 1 DAGs
[2026-04-25T09:29:17.727+0000] {logging_mixin.py:188} INFO - [2026-04-25T09:29:17.726+0000] {dag.py:3954} INFO - Setting next_dagrun for example_python_decorator to None, run_after=None
[2026-04-25T09:29:17.743+0000] {processor.py:183} INFO - Processing /usr/local/python/3.12.1/lib/python3.12/site-packages/airflow/example_dags/example_python_decorator.py took 0.053 seconds
[2026-04-25T09:30:14.560+0000] {processor.py:161} INFO - Started process (PID=22285) to work on /usr/local/python/3.12.1/lib/python3.12/site-packages/airflow/example_dags/example_python_decorator.py
[2026-04-25T09:30:14.560+0000] {processor.py:830} INFO - Processing file /usr/local/python/3.12.1/lib/python3.12/site-packages/airflow/example_dags/example_python_decorator.py for tasks to queue
[2026-04-25T09:30:14.561+0000] {logging_mixin.py:188} INFO - [2026-04-25T09:30:14.561+0000] {dagbag.py:540} INFO - Filling up the DagBag from /usr/local/python/3.12.1/lib/python3.12/site-packages/airflow/example_dags/example_python_decorator.py
[2026-04-25T09:30:14.576+0000] {processor.py:840} INFO - DAG(s) 'example_python_decorator' retrieved from /usr/local/python/3.12.1/lib/python3.12/site-packages/airflow/example_dags/example_python_decorator.py
[2026-04-25T09:30:14.590+0000] {logging_mixin.py:188} INFO - [2026-04-25T09:30:14.590+0000] {dag.py:3096} INFO - Sync 1 DAGs
[2026-04-25T09:30:14.599+0000] {logging_mixin.py:188} INFO - [2026-04-25T09:30:14.598+0000] {dag.py:3954} INFO - Setting next_dagrun for example_python_decorator to None, run_after=None
[2026-04-25T09:30:14.614+0000] {processor.py:183} INFO - Processing /usr/local/python/3.12.1/lib/python3.12/site-packages/airflow/example_dags/example_python_decorator.py took 0.059 seconds
[2026-04-25T09:31:18.592+0000] {processor.py:161} INFO - Started process (PID=22776) to work on /usr/local/python/3.12.1/lib/python3.12/site-packages/airflow/example_dags/example_python_decorator.py
[2026-04-25T09:31:18.593+0000] {processor.py:830} INFO - Processing file /usr/local/python/3.12.1/lib/python3.12/site-packages/airflow/example_dags/example_python_decorator.py for tasks to queue
[2026-04-25T09:31:18.594+0000] {logging_mixin.py:188} INFO - [2026-04-25T09:31:18.593+0000] {dagbag.py:540} INFO - Filling up the DagBag from /usr/local/python/3.12.1/lib/python3.12/site-packages/airflow/example_dags/example_python_decorator.py
[2026-04-25T09:31:18.604+0000] {processor.py:840} INFO - DAG(s) 'example_python_decorator' retrieved from /usr/local/python/3.12.1/lib/python3.12/site-packages/airflow/example_dags/example_python_decorator.py
[2026-04-25T09:31:18.617+0000] {logging_mixin.py:188} INFO - [2026-04-25T09:31:18.617+0000] {dag.py:3096} INFO - Sync 1 DAGs
[2026-04-25T09:31:18.626+0000] {logging_mixin.py:188} INFO - [2026-04-25T09:31:18.626+0000] {dag.py:3954} INFO - Setting next_dagrun for example_python_decorator to None, run_after=None
[2026-04-25T09:31:18.642+0000] {processor.py:183} INFO - Processing /usr/local/python/3.12.1/lib/python3.12/site-packages/airflow/example_dags/example_python_decorator.py took 0.054 seconds
[2026-04-25T09:32:02.370+0000] {processor.py:161} INFO - Started process (PID=23123) to work on /usr/local/python/3.12.1/lib/python3.12/site-packages/airflow/example_dags/example_python_decorator.py
[2026-04-25T09:32:02.370+0000] {processor.py:830} INFO - Processing file /usr/local/python/3.12.1/lib/python3.12/site-packages/airflow/example_dags/example_python_decorator.py for tasks to queue
[2026-04-25T09:32:02.371+0000] {logging_mixin.py:188} INFO - [2026-04-25T09:32:02.371+0000] {dagbag.py:540} INFO - Filling up the DagBag from /usr/local/python/3.12.1/lib/python3.12/site-packages/airflow/example_dags/example_python_decorator.py
[2026-04-25T09:32:02.381+0000] {processor.py:840} INFO - DAG(s) 'example_python_decorator' retrieved from /usr/local/python/3.12.1/lib/python3.12/site-packages/airflow/example_dags/example_python_decorator.py
[2026-04-25T09:32:02.394+0000] {logging_mixin.py:188} INFO - [2026-04-25T09:32:02.394+0000] {dag.py:3096} INFO - Sync 1 DAGs
[2026-04-25T09:32:02.592+0000] {logging_mixin.py:188} INFO - [2026-04-25T09:32:02.592+0000] {dag.py:3954} INFO - Setting next_dagrun for example_python_decorator to None, run_after=None
[2026-04-25T09:32:02.611+0000] {processor.py:183} INFO - Processing /usr/local/python/3.12.1/lib/python3.12/site-packages/airflow/example_dags/example_python_decorator.py took 0.245 seconds
[2026-04-25T09:32:49.006+0000] {processor.py:161} INFO - Started process (PID=23474) to work on /usr/local/python/3.12.1/lib/python3.12/site-packages/airflow/example_dags/example_python_decorator.py
[2026-04-25T09:32:49.007+0000] {processor.py:830} INFO - Processing file /usr/local/python/3.12.1/lib/python3.12/site-packages/airflow/example_dags/example_python_decorator.py for tasks to queue
[2026-04-25T09:32:49.008+0000] {logging_mixin.py:188} INFO - [2026-04-25T09:32:49.007+0000] {dagbag.py:540} INFO - Filling up the DagBag from /usr/local/python/3.12.1/lib/python3.12/site-packages/airflow/example_dags/example_python_decorator.py
[2026-04-25T09:32:49.018+0000] {processor.py:840} INFO - DAG(s) 'example_python_decorator' retrieved from /usr/local/python/3.12.1/lib/python3.12/site-packages/airflow/example_dags/example_python_decorator.py
[2026-04-25T09:32:49.032+0000] {logging_mixin.py:188} INFO - [2026-04-25T09:32:49.031+0000] {dag.py:3096} INFO - Sync 1 DAGs
[2026-04-25T09:32:49.040+0000] {logging_mixin.py:188} INFO - [2026-04-25T09:32:49.040+0000] {dag.py:3954} INFO - Setting next_dagrun for example_python_decorator to None, run_after=None
[2026-04-25T09:32:49.056+0000] {processor.py:183} INFO - Processing /usr/local/python/3.12.1/lib/python3.12/site-packages/airflow/example_dags/example_python_decorator.py took 0.054 seconds
[2026-04-25T09:33:33.811+0000] {processor.py:161} INFO - Started process (PID=23828) to work on /usr/local/python/3.12.1/lib/python3.12/site-packages/airflow/example_dags/example_python_decorator.py
[2026-04-25T09:33:33.812+0000] {processor.py:830} INFO - Processing file /usr/local/python/3.12.1/lib/python3.12/site-packages/airflow/example_dags/example_python_decorator.py for tasks to queue
[2026-04-25T09:33:33.813+0000] {logging_mixin.py:188} INFO - [2026-04-25T09:33:33.812+0000] {dagbag.py:540} INFO - Filling up the DagBag from /usr/local/python/3.12.1/lib/python3.12/site-packages/airflow/example_dags/example_python_decorator.py
[2026-04-25T09:33:33.973+0000] {processor.py:840} INFO - DAG(s) 'example_python_decorator' retrieved from /usr/local/python/3.12.1/lib/python3.12/site-packages/airflow/example_dags/example_python_decorator.py
[2026-04-25T09:33:33.991+0000] {logging_mixin.py:188} INFO - [2026-04-25T09:33:33.991+0000] {dag.py:3096} INFO - Sync 1 DAGs
[2026-04-25T09:33:34.001+0000] {logging_mixin.py:188} INFO - [2026-04-25T09:33:34.001+0000] {dag.py:3954} INFO - Setting next_dagrun for example_python_decorator to None, run_after=None
[2026-04-25T09:33:34.017+0000] {processor.py:183} INFO - Processing /usr/local/python/3.12.1/lib/python3.12/site-packages/airflow/example_dags/example_python_decorator.py took 0.210 seconds
[2026-04-25T09:34:20.220+0000] {processor.py:161} INFO - Started process (PID=24172) to work on /usr/local/python/3.12.1/lib/python3.12/site-packages/airflow/example_dags/example_python_decorator.py
[2026-04-25T09:34:20.221+0000] {processor.py:830} INFO - Processing file /usr/local/python/3.12.1/lib/python3.12/site-packages/airflow/example_dags/example_python_decorator.py for tasks to queue
[2026-04-25T09:34:20.222+0000] {logging_mixin.py:188} INFO - [2026-04-25T09:34:20.221+0000] {dagbag.py:540} INFO - Filling up the DagBag from /usr/local/python/3.12.1/lib/python3.12/site-packages/airflow/example_dags/example_python_decorator.py
[2026-04-25T09:34:20.232+0000] {processor.py:840} INFO - DAG(s) 'example_python_decorator' retrieved from /usr/local/python/3.12.1/lib/python3.12/site-packages/airflow/example_dags/example_python_decorator.py
[2026-04-25T09:34:20.246+0000] {logging_mixin.py:188} INFO - [2026-04-25T09:34:20.246+0000] {dag.py:3096} INFO - Sync 1 DAGs
[2026-04-25T09:34:20.254+0000] {logging_mixin.py:188} INFO - [2026-04-25T09:34:20.254+0000] {dag.py:3954} INFO - Setting next_dagrun for example_python_decorator to None, run_after=None
[2026-04-25T09:34:20.271+0000] {processor.py:183} INFO - Processing /usr/local/python/3.12.1/lib/python3.12/site-packages/airflow/example_dags/example_python_decorator.py took 0.055 seconds
[2026-04-25T09:35:14.612+0000] {processor.py:161} INFO - Started process (PID=24601) to work on /usr/local/python/3.12.1/lib/python3.12/site-packages/airflow/example_dags/example_python_decorator.py
[2026-04-25T09:35:14.613+0000] {processor.py:830} INFO - Processing file /usr/local/python/3.12.1/lib/python3.12/site-packages/airflow/example_dags/example_python_decorator.py for tasks to queue
[2026-04-25T09:35:14.613+0000] {logging_mixin.py:188} INFO - [2026-04-25T09:35:14.613+0000] {dagbag.py:540} INFO - Filling up the DagBag from /usr/local/python/3.12.1/lib/python3.12/site-packages/airflow/example_dags/example_python_decorator.py
[2026-04-25T09:35:14.624+0000] {processor.py:840} INFO - DAG(s) 'example_python_decorator' retrieved from /usr/local/python/3.12.1/lib/python3.12/site-packages/airflow/example_dags/example_python_decorator.py
[2026-04-25T09:35:14.638+0000] {logging_mixin.py:188} INFO - [2026-04-25T09:35:14.638+0000] {dag.py:3096} INFO - Sync 1 DAGs
[2026-04-25T09:35:14.647+0000] {logging_mixin.py:188} INFO - [2026-04-25T09:35:14.647+0000] {dag.py:3954} INFO - Setting next_dagrun for example_python_decorator to None, run_after=None
[2026-04-25T09:35:14.663+0000] {processor.py:183} INFO - Processing /usr/local/python/3.12.1/lib/python3.12/site-packages/airflow/example_dags/example_python_decorator.py took 0.056 seconds
[2026-04-25T09:36:12.516+0000] {processor.py:161} INFO - Started process (PID=25040) to work on /usr/local/python/3.12.1/lib/python3.12/site-packages/airflow/example_dags/example_python_decorator.py
[2026-04-25T09:36:12.517+0000] {processor.py:830} INFO - Processing file /usr/local/python/3.12.1/lib/python3.12/site-packages/airflow/example_dags/example_python_decorator.py for tasks to queue
[2026-04-25T09:36:12.517+0000] {logging_mixin.py:188} INFO - [2026-04-25T09:36:12.517+0000] {dagbag.py:540} INFO - Filling up the DagBag from /usr/local/python/3.12.1/lib/python3.12/site-packages/airflow/example_dags/example_python_decorator.py
[2026-04-25T09:36:12.528+0000] {processor.py:840} INFO - DAG(s) 'example_python_decorator' retrieved from /usr/local/python/3.12.1/lib/python3.12/site-packages/airflow/example_dags/example_python_decorator.py
[2026-04-25T09:36:12.541+0000] {logging_mixin.py:188} INFO - [2026-04-25T09:36:12.541+0000] {dag.py:3096} INFO - Sync 1 DAGs
[2026-04-25T09:36:12.550+0000] {logging_mixin.py:188} INFO - [2026-04-25T09:36:12.550+0000] {dag.py:3954} INFO - Setting next_dagrun for example_python_decorator to None, run_after=None
[2026-04-25T09:36:12.568+0000] {processor.py:183} INFO - Processing /usr/local/python/3.12.1/lib/python3.12/site-packages/airflow/example_dags/example_python_decorator.py took 0.056 seconds
[2026-04-25T09:37:13.831+0000] {processor.py:161} INFO - Started process (PID=25514) to work on /usr/local/python/3.12.1/lib/python3.12/site-packages/airflow/example_dags/example_python_decorator.py
[2026-04-25T09:37:13.832+0000] {processor.py:830} INFO - Processing file /usr/local/python/3.12.1/lib/python3.12/site-packages/airflow/example_dags/example_python_decorator.py for tasks to queue
[2026-04-25T09:37:13.833+0000] {logging_mixin.py:188} INFO - [2026-04-25T09:37:13.833+0000] {dagbag.py:540} INFO - Filling up the DagBag from /usr/local/python/3.12.1/lib/python3.12/site-packages/airflow/example_dags/example_python_decorator.py
[2026-04-25T09:37:13.843+0000] {processor.py:840} INFO - DAG(s) 'example_python_decorator' retrieved from /usr/local/python/3.12.1/lib/python3.12/site-packages/airflow/example_dags/example_python_decorator.py
[2026-04-25T09:37:13.858+0000] {logging_mixin.py:188} INFO - [2026-04-25T09:37:13.857+0000] {dag.py:3096} INFO - Sync 1 DAGs
[2026-04-25T09:37:13.866+0000] {logging_mixin.py:188} INFO - [2026-04-25T09:37:13.866+0000] {dag.py:3954} INFO - Setting next_dagrun for example_python_decorator to None, run_after=None
[2026-04-25T09:37:13.882+0000] {processor.py:183} INFO - Processing /usr/local/python/3.12.1/lib/python3.12/site-packages/airflow/example_dags/example_python_decorator.py took 0.055 seconds
[2026-04-25T09:38:14.639+0000] {processor.py:161} INFO - Started process (PID=25980) to work on /usr/local/python/3.12.1/lib/python3.12/site-packages/airflow/example_dags/example_python_decorator.py
[2026-04-25T09:38:14.640+0000] {processor.py:830} INFO - Processing file /usr/local/python/3.12.1/lib/python3.12/site-packages/airflow/example_dags/example_python_decorator.py for tasks to queue
[2026-04-25T09:38:14.641+0000] {logging_mixin.py:188} INFO - [2026-04-25T09:38:14.641+0000] {dagbag.py:540} INFO - Filling up the DagBag from /usr/local/python/3.12.1/lib/python3.12/site-packages/airflow/example_dags/example_python_decorator.py
[2026-04-25T09:38:14.652+0000] {processor.py:840} INFO - DAG(s) 'example_python_decorator' retrieved from /usr/local/python/3.12.1/lib/python3.12/site-packages/airflow/example_dags/example_python_decorator.py
[2026-04-25T09:38:14.665+0000] {logging_mixin.py:188} INFO - [2026-04-25T09:38:14.665+0000] {dag.py:3096} INFO - Sync 1 DAGs
[2026-04-25T09:38:14.674+0000] {logging_mixin.py:188} INFO - [2026-04-25T09:38:14.674+0000] {dag.py:3954} INFO - Setting next_dagrun for example_python_decorator to None, run_after=None
[2026-04-25T09:38:14.691+0000] {processor.py:183} INFO - Processing /usr/local/python/3.12.1/lib/python3.12/site-packages/airflow/example_dags/example_python_decorator.py took 0.056 seconds
[2026-04-25T09:39:15.325+0000] {processor.py:161} INFO - Started process (PID=26450) to work on /usr/local/python/3.12.1/lib/python3.12/site-packages/airflow/example_dags/example_python_decorator.py
[2026-04-25T09:39:15.325+0000] {processor.py:830} INFO - Processing file /usr/local/python/3.12.1/lib/python3.12/site-packages/airflow/example_dags/example_python_decorator.py for tasks to queue
[2026-04-25T09:39:15.326+0000] {logging_mixin.py:188} INFO - [2026-04-25T09:39:15.326+0000] {dagbag.py:540} INFO - Filling up the DagBag from /usr/local/python/3.12.1/lib/python3.12/site-packages/airflow/example_dags/example_python_decorator.py
[2026-04-25T09:39:15.336+0000] {processor.py:840} INFO - DAG(s) 'example_python_decorator' retrieved from /usr/local/python/3.12.1/lib/python3.12/site-packages/airflow/example_dags/example_python_decorator.py
[2026-04-25T09:39:15.350+0000] {logging_mixin.py:188} INFO - [2026-04-25T09:39:15.349+0000] {dag.py:3096} INFO - Sync 1 DAGs
[2026-04-25T09:39:15.358+0000] {logging_mixin.py:188} INFO - [2026-04-25T09:39:15.358+0000] {dag.py:3954} INFO - Setting next_dagrun for example_python_decorator to None, run_after=None
[2026-04-25T09:39:15.375+0000] {processor.py:183} INFO - Processing /usr/local/python/3.12.1/lib/python3.12/site-packages/airflow/example_dags/example_python_decorator.py took 0.055 seconds
[2026-04-25T09:40:14.591+0000] {processor.py:161} INFO - Started process (PID=26909) to work on /usr/local/python/3.12.1/lib/python3.12/site-packages/airflow/example_dags/example_python_decorator.py
[2026-04-25T09:40:14.591+0000] {processor.py:830} INFO - Processing file /usr/local/python/3.12.1/lib/python3.12/site-packages/airflow/example_dags/example_python_decorator.py for tasks to queue
[2026-04-25T09:40:14.592+0000] {logging_mixin.py:188} INFO - [2026-04-25T09:40:14.592+0000] {dagbag.py:540} INFO - Filling up the DagBag from /usr/local/python/3.12.1/lib/python3.12/site-packages/airflow/example_dags/example_python_decorator.py
[2026-04-25T09:40:14.602+0000] {processor.py:840} INFO - DAG(s) 'example_python_decorator' retrieved from /usr/local/python/3.12.1/lib/python3.12/site-packages/airflow/example_dags/example_python_decorator.py
[2026-04-25T09:40:14.616+0000] {logging_mixin.py:188} INFO - [2026-04-25T09:40:14.616+0000] {dag.py:3096} INFO - Sync 1 DAGs
[2026-04-25T09:40:14.625+0000] {logging_mixin.py:188} INFO - [2026-04-25T09:40:14.625+0000] {dag.py:3954} INFO - Setting next_dagrun for example_python_decorator to None, run_after=None
[2026-04-25T09:40:14.642+0000] {processor.py:183} INFO - Processing /usr/local/python/3.12.1/lib/python3.12/site-packages/airflow/example_dags/example_python_decorator.py took 0.055 seconds
[2026-04-25T09:41:11.623+0000] {processor.py:161} INFO - Started process (PID=27357) to work on /usr/local/python/3.12.1/lib/python3.12/site-packages/airflow/example_dags/example_python_decorator.py
[2026-04-25T09:41:11.624+0000] {processor.py:830} INFO - Processing file /usr/local/python/3.12.1/lib/python3.12/site-packages/airflow/example_dags/example_python_decorator.py for tasks to queue
[2026-04-25T09:41:11.624+0000] {logging_mixin.py:188} INFO - [2026-04-25T09:41:11.624+0000] {dagbag.py:540} INFO - Filling up the DagBag from /usr/local/python/3.12.1/lib/python3.12/site-packages/airflow/example_dags/example_python_decorator.py
[2026-04-25T09:41:11.635+0000] {processor.py:840} INFO - DAG(s) 'example_python_decorator' retrieved from /usr/local/python/3.12.1/lib/python3.12/site-packages/airflow/example_dags/example_python_decorator.py
[2026-04-25T09:41:11.649+0000] {logging_mixin.py:188} INFO - [2026-04-25T09:41:11.648+0000] {dag.py:3096} INFO - Sync 1 DAGs
[2026-04-25T09:41:11.657+0000] {logging_mixin.py:188} INFO - [2026-04-25T09:41:11.657+0000] {dag.py:3954} INFO - Setting next_dagrun for example_python_decorator to None, run_after=None
[2026-04-25T09:41:11.675+0000] {processor.py:183} INFO - Processing /usr/local/python/3.12.1/lib/python3.12/site-packages/airflow/example_dags/example_python_decorator.py took 0.056 seconds
[2026-04-25T09:42:07.935+0000] {processor.py:161} INFO - Started process (PID=27792) to work on /usr/local/python/3.12.1/lib/python3.12/site-packages/airflow/example_dags/example_python_decorator.py
[2026-04-25T09:42:07.935+0000] {processor.py:830} INFO - Processing file /usr/local/python/3.12.1/lib/python3.12/site-packages/airflow/example_dags/example_python_decorator.py for tasks to queue
[2026-04-25T09:42:07.937+0000] {logging_mixin.py:188} INFO - [2026-04-25T09:42:07.936+0000] {dagbag.py:540} INFO - Filling up the DagBag from /usr/local/python/3.12.1/lib/python3.12/site-packages/airflow/example_dags/example_python_decorator.py
[2026-04-25T09:42:07.952+0000] {processor.py:840} INFO - DAG(s) 'example_python_decorator' retrieved from /usr/local/python/3.12.1/lib/python3.12/site-packages/airflow/example_dags/example_python_decorator.py
[2026-04-25T09:42:07.966+0000] {logging_mixin.py:188} INFO - [2026-04-25T09:42:07.965+0000] {dag.py:3096} INFO - Sync 1 DAGs
[2026-04-25T09:42:07.974+0000] {logging_mixin.py:188} INFO - [2026-04-25T09:42:07.974+0000] {dag.py:3954} INFO - Setting next_dagrun for example_python_decorator to None, run_after=None
[2026-04-25T09:42:07.991+0000] {processor.py:183} INFO - Processing /usr/local/python/3.12.1/lib/python3.12/site-packages/airflow/example_dags/example_python_decorator.py took 0.060 seconds
[2026-04-25T09:43:07.796+0000] {processor.py:161} INFO - Started process (PID=28257) to work on /usr/local/python/3.12.1/lib/python3.12/site-packages/airflow/example_dags/example_python_decorator.py
[2026-04-25T09:43:07.797+0000] {processor.py:830} INFO - Processing file /usr/local/python/3.12.1/lib/python3.12/site-packages/airflow/example_dags/example_python_decorator.py for tasks to queue
[2026-04-25T09:43:07.797+0000] {logging_mixin.py:188} INFO - [2026-04-25T09:43:07.797+0000] {dagbag.py:540} INFO - Filling up the DagBag from /usr/local/python/3.12.1/lib/python3.12/site-packages/airflow/example_dags/example_python_decorator.py
[2026-04-25T09:43:07.807+0000] {processor.py:840} INFO - DAG(s) 'example_python_decorator' retrieved from /usr/local/python/3.12.1/lib/python3.12/site-packages/airflow/example_dags/example_python_decorator.py
[2026-04-25T09:43:07.821+0000] {logging_mixin.py:188} INFO - [2026-04-25T09:43:07.821+0000] {dag.py:3096} INFO - Sync 1 DAGs
[2026-04-25T09:43:07.831+0000] {logging_mixin.py:188} INFO - [2026-04-25T09:43:07.831+0000] {dag.py:3954} INFO - Setting next_dagrun for example_python_decorator to None, run_after=None
[2026-04-25T09:43:07.847+0000] {processor.py:183} INFO - Processing /usr/local/python/3.12.1/lib/python3.12/site-packages/airflow/example_dags/example_python_decorator.py took 0.056 seconds
[2026-04-25T09:43:49.841+0000] {processor.py:161} INFO - Started process (PID=28579) to work on /usr/local/python/3.12.1/lib/python3.12/site-packages/airflow/example_dags/example_python_decorator.py
[2026-04-25T09:43:49.842+0000] {processor.py:830} INFO - Processing file /usr/local/python/3.12.1/lib/python3.12/site-packages/airflow/example_dags/example_python_decorator.py for tasks to queue
[2026-04-25T09:43:49.843+0000] {logging_mixin.py:188} INFO - [2026-04-25T09:43:49.843+0000] {dagbag.py:540} INFO - Filling up the DagBag from /usr/local/python/3.12.1/lib/python3.12/site-packages/airflow/example_dags/example_python_decorator.py
[2026-04-25T09:43:49.854+0000] {processor.py:840} INFO - DAG(s) 'example_python_decorator' retrieved from /usr/local/python/3.12.1/lib/python3.12/site-packages/airflow/example_dags/example_python_decorator.py
[2026-04-25T09:43:49.868+0000] {logging_mixin.py:188} INFO - [2026-04-25T09:43:49.868+0000] {dag.py:3096} INFO - Sync 1 DAGs
[2026-04-25T09:43:49.877+0000] {logging_mixin.py:188} INFO - [2026-04-25T09:43:49.877+0000] {dag.py:3954} INFO - Setting next_dagrun for example_python_decorator to None, run_after=None
[2026-04-25T09:43:49.894+0000] {processor.py:183} INFO - Processing /usr/local/python/3.12.1/lib/python3.12/site-packages/airflow/example_dags/example_python_decorator.py took 0.057 seconds
[2026-04-25T09:44:49.517+0000] {processor.py:161} INFO - Started process (PID=29036) to work on /usr/local/python/3.12.1/lib/python3.12/site-packages/airflow/example_dags/example_python_decorator.py
[2026-04-25T09:44:49.517+0000] {processor.py:830} INFO - Processing file /usr/local/python/3.12.1/lib/python3.12/site-packages/airflow/example_dags/example_python_decorator.py for tasks to queue
[2026-04-25T09:44:49.518+0000] {logging_mixin.py:188} INFO - [2026-04-25T09:44:49.518+0000] {dagbag.py:540} INFO - Filling up the DagBag from /usr/local/python/3.12.1/lib/python3.12/site-packages/airflow/example_dags/example_python_decorator.py
[2026-04-25T09:44:49.530+0000] {processor.py:840} INFO - DAG(s) 'example_python_decorator' retrieved from /usr/local/python/3.12.1/lib/python3.12/site-packages/airflow/example_dags/example_python_decorator.py
[2026-04-25T09:44:49.548+0000] {logging_mixin.py:188} INFO - [2026-04-25T09:44:49.548+0000] {dag.py:3096} INFO - Sync 1 DAGs
[2026-04-25T09:44:49.557+0000] {logging_mixin.py:188} INFO - [2026-04-25T09:44:49.557+0000] {dag.py:3954} INFO - Setting next_dagrun for example_python_decorator to None, run_after=None
[2026-04-25T09:44:49.574+0000] {processor.py:183} INFO - Processing /usr/local/python/3.12.1/lib/python3.12/site-packages/airflow/example_dags/example_python_decorator.py took 0.062 seconds
[2026-04-25T09:45:49.744+0000] {processor.py:161} INFO - Started process (PID=29511) to work on /usr/local/python/3.12.1/lib/python3.12/site-packages/airflow/example_dags/example_python_decorator.py
[2026-04-25T09:45:49.745+0000] {processor.py:830} INFO - Processing file /usr/local/python/3.12.1/lib/python3.12/site-packages/airflow/example_dags/example_python_decorator.py for tasks to queue
[2026-04-25T09:45:49.746+0000] {logging_mixin.py:188} INFO - [2026-04-25T09:45:49.745+0000] {dagbag.py:540} INFO - Filling up the DagBag from /usr/local/python/3.12.1/lib/python3.12/site-packages/airflow/example_dags/example_python_decorator.py
[2026-04-25T09:45:49.758+0000] {processor.py:840} INFO - DAG(s) 'example_python_decorator' retrieved from /usr/local/python/3.12.1/lib/python3.12/site-packages/airflow/example_dags/example_python_decorator.py
[2026-04-25T09:45:49.781+0000] {logging_mixin.py:188} INFO - [2026-04-25T09:45:49.781+0000] {dag.py:3096} INFO - Sync 1 DAGs
[2026-04-25T09:45:49.800+0000] {logging_mixin.py:188} INFO - [2026-04-25T09:45:49.800+0000] {dag.py:3954} INFO - Setting next_dagrun for example_python_decorator to None, run_after=None
[2026-04-25T09:45:49.822+0000] {processor.py:183} INFO - Processing /usr/local/python/3.12.1/lib/python3.12/site-packages/airflow/example_dags/example_python_decorator.py took 0.083 seconds
[2026-04-25T09:46:51.030+0000] {processor.py:161} INFO - Started process (PID=29976) to work on /usr/local/python/3.12.1/lib/python3.12/site-packages/airflow/example_dags/example_python_decorator.py
[2026-04-25T09:46:51.031+0000] {processor.py:830} INFO - Processing file /usr/local/python/3.12.1/lib/python3.12/site-packages/airflow/example_dags/example_python_decorator.py for tasks to queue
[2026-04-25T09:46:51.032+0000] {logging_mixin.py:188} INFO - [2026-04-25T09:46:51.031+0000] {dagbag.py:540} INFO - Filling up the DagBag from /usr/local/python/3.12.1/lib/python3.12/site-packages/airflow/example_dags/example_python_decorator.py
[2026-04-25T09:46:51.042+0000] {processor.py:840} INFO - DAG(s) 'example_python_decorator' retrieved from /usr/local/python/3.12.1/lib/python3.12/site-packages/airflow/example_dags/example_python_decorator.py
[2026-04-25T09:46:51.055+0000] {logging_mixin.py:188} INFO - [2026-04-25T09:46:51.055+0000] {dag.py:3096} INFO - Sync 1 DAGs
[2026-04-25T09:46:51.064+0000] {logging_mixin.py:188} INFO - [2026-04-25T09:46:51.064+0000] {dag.py:3954} INFO - Setting next_dagrun for example_python_decorator to None, run_after=None
[2026-04-25T09:46:51.080+0000] {processor.py:183} INFO - Processing /usr/local/python/3.12.1/lib/python3.12/site-packages/airflow/example_dags/example_python_decorator.py took 0.054 seconds
