[2026-04-25T09:06:24.839+0000] {processor.py:161} INFO - Started process (PID=8632) to work on /usr/local/python/3.12.1/lib/python3.12/site-packages/airflow/example_dags/example_dynamic_task_mapping.py
[2026-04-25T09:06:24.840+0000] {processor.py:830} INFO - Processing file /usr/local/python/3.12.1/lib/python3.12/site-packages/airflow/example_dags/example_dynamic_task_mapping.py for tasks to queue
[2026-04-25T09:06:24.841+0000] {logging_mixin.py:188} INFO - [2026-04-25T09:06:24.840+0000] {dagbag.py:540} INFO - Filling up the DagBag from /usr/local/python/3.12.1/lib/python3.12/site-packages/airflow/example_dags/example_dynamic_task_mapping.py
[2026-04-25T09:06:24.847+0000] {processor.py:840} INFO - DAG(s) 'example_dynamic_task_mapping' retrieved from /usr/local/python/3.12.1/lib/python3.12/site-packages/airflow/example_dags/example_dynamic_task_mapping.py
[2026-04-25T09:06:24.981+0000] {logging_mixin.py:188} INFO - [2026-04-25T09:06:24.980+0000] {override.py:1930} INFO - Created Permission View: can delete on DAG:example_dynamic_task_mapping
[2026-04-25T09:06:25.002+0000] {logging_mixin.py:188} INFO - [2026-04-25T09:06:25.002+0000] {override.py:1930} INFO - Created Permission View: can edit on DAG:example_dynamic_task_mapping
[2026-04-25T09:06:25.012+0000] {logging_mixin.py:188} INFO - [2026-04-25T09:06:25.012+0000] {override.py:1930} INFO - Created Permission View: can read on DAG:example_dynamic_task_mapping
[2026-04-25T09:06:25.013+0000] {logging_mixin.py:188} INFO - [2026-04-25T09:06:25.013+0000] {dag.py:3096} INFO - Sync 1 DAGs
[2026-04-25T09:06:25.028+0000] {logging_mixin.py:188} INFO - [2026-04-25T09:06:25.028+0000] {dag.py:3118} INFO - Creating ORM DAG for example_dynamic_task_mapping
[2026-04-25T09:06:25.051+0000] {logging_mixin.py:188} INFO - [2026-04-25T09:06:25.050+0000] {dag.py:3954} INFO - Setting next_dagrun for example_dynamic_task_mapping to 2022-03-04 00:00:00+00:00, run_after=2022-03-05 00:00:00+00:00
[2026-04-25T09:06:25.068+0000] {processor.py:183} INFO - Processing /usr/local/python/3.12.1/lib/python3.12/site-packages/airflow/example_dags/example_dynamic_task_mapping.py took 0.233 seconds
[2026-04-25T09:07:17.744+0000] {processor.py:161} INFO - Started process (PID=9120) to work on /usr/local/python/3.12.1/lib/python3.12/site-packages/airflow/example_dags/example_dynamic_task_mapping.py
[2026-04-25T09:07:17.745+0000] {processor.py:830} INFO - Processing file /usr/local/python/3.12.1/lib/python3.12/site-packages/airflow/example_dags/example_dynamic_task_mapping.py for tasks to queue
[2026-04-25T09:07:17.746+0000] {logging_mixin.py:188} INFO - [2026-04-25T09:07:17.746+0000] {dagbag.py:540} INFO - Filling up the DagBag from /usr/local/python/3.12.1/lib/python3.12/site-packages/airflow/example_dags/example_dynamic_task_mapping.py
[2026-04-25T09:07:17.754+0000] {processor.py:840} INFO - DAG(s) 'example_dynamic_task_mapping' retrieved from /usr/local/python/3.12.1/lib/python3.12/site-packages/airflow/example_dags/example_dynamic_task_mapping.py
[2026-04-25T09:07:17.767+0000] {logging_mixin.py:188} INFO - [2026-04-25T09:07:17.767+0000] {dag.py:3096} INFO - Sync 1 DAGs
[2026-04-25T09:07:17.783+0000] {logging_mixin.py:188} INFO - [2026-04-25T09:07:17.782+0000] {dag.py:3954} INFO - Setting next_dagrun for example_dynamic_task_mapping to 2022-03-04 00:00:00+00:00, run_after=2022-03-05 00:00:00+00:00
[2026-04-25T09:07:17.800+0000] {processor.py:183} INFO - Processing /usr/local/python/3.12.1/lib/python3.12/site-packages/airflow/example_dags/example_dynamic_task_mapping.py took 0.061 seconds
[2026-04-25T09:08:23.417+0000] {processor.py:161} INFO - Started process (PID=9771) to work on /usr/local/python/3.12.1/lib/python3.12/site-packages/airflow/example_dags/example_dynamic_task_mapping.py
[2026-04-25T09:08:23.418+0000] {processor.py:830} INFO - Processing file /usr/local/python/3.12.1/lib/python3.12/site-packages/airflow/example_dags/example_dynamic_task_mapping.py for tasks to queue
[2026-04-25T09:08:23.418+0000] {logging_mixin.py:188} INFO - [2026-04-25T09:08:23.418+0000] {dagbag.py:540} INFO - Filling up the DagBag from /usr/local/python/3.12.1/lib/python3.12/site-packages/airflow/example_dags/example_dynamic_task_mapping.py
[2026-04-25T09:08:23.424+0000] {processor.py:840} INFO - DAG(s) 'example_dynamic_task_mapping' retrieved from /usr/local/python/3.12.1/lib/python3.12/site-packages/airflow/example_dags/example_dynamic_task_mapping.py
[2026-04-25T09:08:23.435+0000] {logging_mixin.py:188} INFO - [2026-04-25T09:08:23.435+0000] {dag.py:3096} INFO - Sync 1 DAGs
[2026-04-25T09:08:23.451+0000] {logging_mixin.py:188} INFO - [2026-04-25T09:08:23.450+0000] {dag.py:3954} INFO - Setting next_dagrun for example_dynamic_task_mapping to 2022-03-04 00:00:00+00:00, run_after=2022-03-05 00:00:00+00:00
[2026-04-25T09:08:23.467+0000] {processor.py:183} INFO - Processing /usr/local/python/3.12.1/lib/python3.12/site-packages/airflow/example_dags/example_dynamic_task_mapping.py took 0.055 seconds
[2026-04-25T09:09:24.906+0000] {processor.py:161} INFO - Started process (PID=10413) to work on /usr/local/python/3.12.1/lib/python3.12/site-packages/airflow/example_dags/example_dynamic_task_mapping.py
[2026-04-25T09:09:24.907+0000] {processor.py:830} INFO - Processing file /usr/local/python/3.12.1/lib/python3.12/site-packages/airflow/example_dags/example_dynamic_task_mapping.py for tasks to queue
[2026-04-25T09:09:24.907+0000] {logging_mixin.py:188} INFO - [2026-04-25T09:09:24.907+0000] {dagbag.py:540} INFO - Filling up the DagBag from /usr/local/python/3.12.1/lib/python3.12/site-packages/airflow/example_dags/example_dynamic_task_mapping.py
[2026-04-25T09:09:24.913+0000] {processor.py:840} INFO - DAG(s) 'example_dynamic_task_mapping' retrieved from /usr/local/python/3.12.1/lib/python3.12/site-packages/airflow/example_dags/example_dynamic_task_mapping.py
[2026-04-25T09:09:24.924+0000] {logging_mixin.py:188} INFO - [2026-04-25T09:09:24.924+0000] {dag.py:3096} INFO - Sync 1 DAGs
[2026-04-25T09:09:24.939+0000] {logging_mixin.py:188} INFO - [2026-04-25T09:09:24.939+0000] {dag.py:3954} INFO - Setting next_dagrun for example_dynamic_task_mapping to 2022-03-04 00:00:00+00:00, run_after=2022-03-05 00:00:00+00:00
[2026-04-25T09:09:24.955+0000] {processor.py:183} INFO - Processing /usr/local/python/3.12.1/lib/python3.12/site-packages/airflow/example_dags/example_dynamic_task_mapping.py took 0.053 seconds
[2026-04-25T09:10:15.762+0000] {processor.py:161} INFO - Started process (PID=11060) to work on /usr/local/python/3.12.1/lib/python3.12/site-packages/airflow/example_dags/example_dynamic_task_mapping.py
[2026-04-25T09:10:15.763+0000] {processor.py:830} INFO - Processing file /usr/local/python/3.12.1/lib/python3.12/site-packages/airflow/example_dags/example_dynamic_task_mapping.py for tasks to queue
[2026-04-25T09:10:15.764+0000] {logging_mixin.py:188} INFO - [2026-04-25T09:10:15.763+0000] {dagbag.py:540} INFO - Filling up the DagBag from /usr/local/python/3.12.1/lib/python3.12/site-packages/airflow/example_dags/example_dynamic_task_mapping.py
[2026-04-25T09:10:15.769+0000] {processor.py:840} INFO - DAG(s) 'example_dynamic_task_mapping' retrieved from /usr/local/python/3.12.1/lib/python3.12/site-packages/airflow/example_dags/example_dynamic_task_mapping.py
[2026-04-25T09:10:15.780+0000] {logging_mixin.py:188} INFO - [2026-04-25T09:10:15.780+0000] {dag.py:3096} INFO - Sync 1 DAGs
[2026-04-25T09:10:15.795+0000] {logging_mixin.py:188} INFO - [2026-04-25T09:10:15.795+0000] {dag.py:3954} INFO - Setting next_dagrun for example_dynamic_task_mapping to 2022-03-04 00:00:00+00:00, run_after=2022-03-05 00:00:00+00:00
[2026-04-25T09:10:15.812+0000] {processor.py:183} INFO - Processing /usr/local/python/3.12.1/lib/python3.12/site-packages/airflow/example_dags/example_dynamic_task_mapping.py took 0.054 seconds
[2026-04-25T09:11:14.058+0000] {processor.py:161} INFO - Started process (PID=12000) to work on /usr/local/python/3.12.1/lib/python3.12/site-packages/airflow/example_dags/example_dynamic_task_mapping.py
[2026-04-25T09:11:14.059+0000] {processor.py:830} INFO - Processing file /usr/local/python/3.12.1/lib/python3.12/site-packages/airflow/example_dags/example_dynamic_task_mapping.py for tasks to queue
[2026-04-25T09:11:14.060+0000] {logging_mixin.py:188} INFO - [2026-04-25T09:11:14.060+0000] {dagbag.py:540} INFO - Filling up the DagBag from /usr/local/python/3.12.1/lib/python3.12/site-packages/airflow/example_dags/example_dynamic_task_mapping.py
[2026-04-25T09:11:14.068+0000] {processor.py:840} INFO - DAG(s) 'example_dynamic_task_mapping' retrieved from /usr/local/python/3.12.1/lib/python3.12/site-packages/airflow/example_dags/example_dynamic_task_mapping.py
[2026-04-25T09:11:14.076+0000] {logging_mixin.py:188} INFO - [2026-04-25T09:11:14.075+0000] {dag.py:3096} INFO - Sync 1 DAGs
[2026-04-25T09:11:14.100+0000] {logging_mixin.py:188} INFO - [2026-04-25T09:11:14.100+0000] {dag.py:3954} INFO - Setting next_dagrun for example_dynamic_task_mapping to 2022-03-04 00:00:00+00:00, run_after=2022-03-05 00:00:00+00:00
[2026-04-25T09:11:14.146+0000] {processor.py:183} INFO - Processing /usr/local/python/3.12.1/lib/python3.12/site-packages/airflow/example_dags/example_dynamic_task_mapping.py took 0.094 seconds
[2026-04-25T09:12:06.936+0000] {processor.py:161} INFO - Started process (PID=12812) to work on /usr/local/python/3.12.1/lib/python3.12/site-packages/airflow/example_dags/example_dynamic_task_mapping.py
[2026-04-25T09:12:06.937+0000] {processor.py:830} INFO - Processing file /usr/local/python/3.12.1/lib/python3.12/site-packages/airflow/example_dags/example_dynamic_task_mapping.py for tasks to queue
[2026-04-25T09:12:06.937+0000] {logging_mixin.py:188} INFO - [2026-04-25T09:12:06.937+0000] {dagbag.py:540} INFO - Filling up the DagBag from /usr/local/python/3.12.1/lib/python3.12/site-packages/airflow/example_dags/example_dynamic_task_mapping.py
[2026-04-25T09:12:06.943+0000] {processor.py:840} INFO - DAG(s) 'example_dynamic_task_mapping' retrieved from /usr/local/python/3.12.1/lib/python3.12/site-packages/airflow/example_dags/example_dynamic_task_mapping.py
[2026-04-25T09:12:07.058+0000] {logging_mixin.py:188} INFO - [2026-04-25T09:12:07.058+0000] {dag.py:3096} INFO - Sync 1 DAGs
[2026-04-25T09:12:07.082+0000] {logging_mixin.py:188} INFO - [2026-04-25T09:12:07.082+0000] {dag.py:3954} INFO - Setting next_dagrun for example_dynamic_task_mapping to 2022-03-04 00:00:00+00:00, run_after=2022-03-05 00:00:00+00:00
[2026-04-25T09:12:07.108+0000] {processor.py:183} INFO - Processing /usr/local/python/3.12.1/lib/python3.12/site-packages/airflow/example_dags/example_dynamic_task_mapping.py took 0.176 seconds
[2026-04-25T09:12:24.416+0000] {processor.py:161} INFO - Started process (PID=12970) to work on /usr/local/python/3.12.1/lib/python3.12/site-packages/airflow/example_dags/example_dynamic_task_mapping.py
[2026-04-25T09:12:24.416+0000] {processor.py:830} INFO - Processing file /usr/local/python/3.12.1/lib/python3.12/site-packages/airflow/example_dags/example_dynamic_task_mapping.py for tasks to queue
[2026-04-25T09:12:24.417+0000] {logging_mixin.py:188} INFO - [2026-04-25T09:12:24.417+0000] {dagbag.py:540} INFO - Filling up the DagBag from /usr/local/python/3.12.1/lib/python3.12/site-packages/airflow/example_dags/example_dynamic_task_mapping.py
[2026-04-25T09:12:24.424+0000] {processor.py:840} INFO - DAG(s) 'example_dynamic_task_mapping' retrieved from /usr/local/python/3.12.1/lib/python3.12/site-packages/airflow/example_dags/example_dynamic_task_mapping.py
[2026-04-25T09:12:24.432+0000] {logging_mixin.py:188} INFO - [2026-04-25T09:12:24.432+0000] {dag.py:3096} INFO - Sync 1 DAGs
[2026-04-25T09:12:24.451+0000] {logging_mixin.py:188} INFO - [2026-04-25T09:12:24.451+0000] {dag.py:3954} INFO - Setting next_dagrun for example_dynamic_task_mapping to 2022-03-04 00:00:00+00:00, run_after=2022-03-05 00:00:00+00:00
[2026-04-25T09:12:24.468+0000] {processor.py:183} INFO - Processing /usr/local/python/3.12.1/lib/python3.12/site-packages/airflow/example_dags/example_dynamic_task_mapping.py took 0.056 seconds
[2026-04-25T09:12:56.426+0000] {processor.py:161} INFO - Started process (PID=13458) to work on /usr/local/python/3.12.1/lib/python3.12/site-packages/airflow/example_dags/example_dynamic_task_mapping.py
[2026-04-25T09:12:56.427+0000] {processor.py:830} INFO - Processing file /usr/local/python/3.12.1/lib/python3.12/site-packages/airflow/example_dags/example_dynamic_task_mapping.py for tasks to queue
[2026-04-25T09:12:56.427+0000] {logging_mixin.py:188} INFO - [2026-04-25T09:12:56.427+0000] {dagbag.py:540} INFO - Filling up the DagBag from /usr/local/python/3.12.1/lib/python3.12/site-packages/airflow/example_dags/example_dynamic_task_mapping.py
[2026-04-25T09:12:56.433+0000] {processor.py:840} INFO - DAG(s) 'example_dynamic_task_mapping' retrieved from /usr/local/python/3.12.1/lib/python3.12/site-packages/airflow/example_dags/example_dynamic_task_mapping.py
[2026-04-25T09:12:56.445+0000] {logging_mixin.py:188} INFO - [2026-04-25T09:12:56.445+0000] {dag.py:3096} INFO - Sync 1 DAGs
[2026-04-25T09:12:56.465+0000] {logging_mixin.py:188} INFO - [2026-04-25T09:12:56.465+0000] {dag.py:3954} INFO - Setting next_dagrun for example_dynamic_task_mapping to 2022-03-04 00:00:00+00:00, run_after=2022-03-05 00:00:00+00:00
[2026-04-25T09:12:56.492+0000] {processor.py:183} INFO - Processing /usr/local/python/3.12.1/lib/python3.12/site-packages/airflow/example_dags/example_dynamic_task_mapping.py took 0.071 seconds
[2026-04-25T09:14:20.398+0000] {processor.py:161} INFO - Started process (PID=14616) to work on /usr/local/python/3.12.1/lib/python3.12/site-packages/airflow/example_dags/example_dynamic_task_mapping.py
[2026-04-25T09:14:20.398+0000] {processor.py:830} INFO - Processing file /usr/local/python/3.12.1/lib/python3.12/site-packages/airflow/example_dags/example_dynamic_task_mapping.py for tasks to queue
[2026-04-25T09:14:20.399+0000] {logging_mixin.py:188} INFO - [2026-04-25T09:14:20.399+0000] {dagbag.py:540} INFO - Filling up the DagBag from /usr/local/python/3.12.1/lib/python3.12/site-packages/airflow/example_dags/example_dynamic_task_mapping.py
[2026-04-25T09:14:20.404+0000] {processor.py:840} INFO - DAG(s) 'example_dynamic_task_mapping' retrieved from /usr/local/python/3.12.1/lib/python3.12/site-packages/airflow/example_dags/example_dynamic_task_mapping.py
[2026-04-25T09:14:20.416+0000] {logging_mixin.py:188} INFO - [2026-04-25T09:14:20.415+0000] {dag.py:3096} INFO - Sync 1 DAGs
[2026-04-25T09:14:20.431+0000] {logging_mixin.py:188} INFO - [2026-04-25T09:14:20.431+0000] {dag.py:3954} INFO - Setting next_dagrun for example_dynamic_task_mapping to 2022-03-04 00:00:00+00:00, run_after=2022-03-05 00:00:00+00:00
[2026-04-25T09:14:20.447+0000] {processor.py:183} INFO - Processing /usr/local/python/3.12.1/lib/python3.12/site-packages/airflow/example_dags/example_dynamic_task_mapping.py took 0.054 seconds
[2026-04-25T09:15:18.066+0000] {processor.py:161} INFO - Started process (PID=15071) to work on /usr/local/python/3.12.1/lib/python3.12/site-packages/airflow/example_dags/example_dynamic_task_mapping.py
[2026-04-25T09:15:18.067+0000] {processor.py:830} INFO - Processing file /usr/local/python/3.12.1/lib/python3.12/site-packages/airflow/example_dags/example_dynamic_task_mapping.py for tasks to queue
[2026-04-25T09:15:18.067+0000] {logging_mixin.py:188} INFO - [2026-04-25T09:15:18.067+0000] {dagbag.py:540} INFO - Filling up the DagBag from /usr/local/python/3.12.1/lib/python3.12/site-packages/airflow/example_dags/example_dynamic_task_mapping.py
[2026-04-25T09:15:18.073+0000] {processor.py:840} INFO - DAG(s) 'example_dynamic_task_mapping' retrieved from /usr/local/python/3.12.1/lib/python3.12/site-packages/airflow/example_dags/example_dynamic_task_mapping.py
[2026-04-25T09:15:18.084+0000] {logging_mixin.py:188} INFO - [2026-04-25T09:15:18.084+0000] {dag.py:3096} INFO - Sync 1 DAGs
[2026-04-25T09:15:18.099+0000] {logging_mixin.py:188} INFO - [2026-04-25T09:15:18.098+0000] {dag.py:3954} INFO - Setting next_dagrun for example_dynamic_task_mapping to 2022-03-04 00:00:00+00:00, run_after=2022-03-05 00:00:00+00:00
[2026-04-25T09:15:18.115+0000] {processor.py:183} INFO - Processing /usr/local/python/3.12.1/lib/python3.12/site-packages/airflow/example_dags/example_dynamic_task_mapping.py took 0.053 seconds
[2026-04-25T09:16:13.355+0000] {processor.py:161} INFO - Started process (PID=15685) to work on /usr/local/python/3.12.1/lib/python3.12/site-packages/airflow/example_dags/example_dynamic_task_mapping.py
[2026-04-25T09:16:13.356+0000] {processor.py:830} INFO - Processing file /usr/local/python/3.12.1/lib/python3.12/site-packages/airflow/example_dags/example_dynamic_task_mapping.py for tasks to queue
[2026-04-25T09:16:13.357+0000] {logging_mixin.py:188} INFO - [2026-04-25T09:16:13.356+0000] {dagbag.py:540} INFO - Filling up the DagBag from /usr/local/python/3.12.1/lib/python3.12/site-packages/airflow/example_dags/example_dynamic_task_mapping.py
[2026-04-25T09:16:13.362+0000] {processor.py:840} INFO - DAG(s) 'example_dynamic_task_mapping' retrieved from /usr/local/python/3.12.1/lib/python3.12/site-packages/airflow/example_dags/example_dynamic_task_mapping.py
[2026-04-25T09:16:13.372+0000] {logging_mixin.py:188} INFO - [2026-04-25T09:16:13.372+0000] {dag.py:3096} INFO - Sync 1 DAGs
[2026-04-25T09:16:13.386+0000] {logging_mixin.py:188} INFO - [2026-04-25T09:16:13.386+0000] {dag.py:3954} INFO - Setting next_dagrun for example_dynamic_task_mapping to 2022-03-04 00:00:00+00:00, run_after=2022-03-05 00:00:00+00:00
[2026-04-25T09:16:13.402+0000] {processor.py:183} INFO - Processing /usr/local/python/3.12.1/lib/python3.12/site-packages/airflow/example_dags/example_dynamic_task_mapping.py took 0.051 seconds
[2026-04-25T09:17:06.184+0000] {processor.py:161} INFO - Started process (PID=16194) to work on /usr/local/python/3.12.1/lib/python3.12/site-packages/airflow/example_dags/example_dynamic_task_mapping.py
[2026-04-25T09:17:06.184+0000] {processor.py:830} INFO - Processing file /usr/local/python/3.12.1/lib/python3.12/site-packages/airflow/example_dags/example_dynamic_task_mapping.py for tasks to queue
[2026-04-25T09:17:06.185+0000] {logging_mixin.py:188} INFO - [2026-04-25T09:17:06.185+0000] {dagbag.py:540} INFO - Filling up the DagBag from /usr/local/python/3.12.1/lib/python3.12/site-packages/airflow/example_dags/example_dynamic_task_mapping.py
[2026-04-25T09:17:06.190+0000] {processor.py:840} INFO - DAG(s) 'example_dynamic_task_mapping' retrieved from /usr/local/python/3.12.1/lib/python3.12/site-packages/airflow/example_dags/example_dynamic_task_mapping.py
[2026-04-25T09:17:06.196+0000] {logging_mixin.py:188} INFO - [2026-04-25T09:17:06.195+0000] {dag.py:3096} INFO - Sync 1 DAGs
[2026-04-25T09:17:06.211+0000] {logging_mixin.py:188} INFO - [2026-04-25T09:17:06.211+0000] {dag.py:3954} INFO - Setting next_dagrun for example_dynamic_task_mapping to 2022-03-04 00:00:00+00:00, run_after=2022-03-05 00:00:00+00:00
[2026-04-25T09:17:06.227+0000] {processor.py:183} INFO - Processing /usr/local/python/3.12.1/lib/python3.12/site-packages/airflow/example_dags/example_dynamic_task_mapping.py took 0.048 seconds
[2026-04-25T09:18:12.653+0000] {processor.py:161} INFO - Started process (PID=16703) to work on /usr/local/python/3.12.1/lib/python3.12/site-packages/airflow/example_dags/example_dynamic_task_mapping.py
[2026-04-25T09:18:12.653+0000] {processor.py:830} INFO - Processing file /usr/local/python/3.12.1/lib/python3.12/site-packages/airflow/example_dags/example_dynamic_task_mapping.py for tasks to queue
[2026-04-25T09:18:12.654+0000] {logging_mixin.py:188} INFO - [2026-04-25T09:18:12.654+0000] {dagbag.py:540} INFO - Filling up the DagBag from /usr/local/python/3.12.1/lib/python3.12/site-packages/airflow/example_dags/example_dynamic_task_mapping.py
[2026-04-25T09:18:12.659+0000] {processor.py:840} INFO - DAG(s) 'example_dynamic_task_mapping' retrieved from /usr/local/python/3.12.1/lib/python3.12/site-packages/airflow/example_dags/example_dynamic_task_mapping.py
[2026-04-25T09:18:12.736+0000] {logging_mixin.py:188} INFO - [2026-04-25T09:18:12.736+0000] {dag.py:3096} INFO - Sync 1 DAGs
[2026-04-25T09:18:12.750+0000] {logging_mixin.py:188} INFO - [2026-04-25T09:18:12.750+0000] {dag.py:3954} INFO - Setting next_dagrun for example_dynamic_task_mapping to 2022-03-04 00:00:00+00:00, run_after=2022-03-05 00:00:00+00:00
[2026-04-25T09:18:12.766+0000] {processor.py:183} INFO - Processing /usr/local/python/3.12.1/lib/python3.12/site-packages/airflow/example_dags/example_dynamic_task_mapping.py took 0.117 seconds
[2026-04-25T09:19:10.435+0000] {processor.py:161} INFO - Started process (PID=17162) to work on /usr/local/python/3.12.1/lib/python3.12/site-packages/airflow/example_dags/example_dynamic_task_mapping.py
[2026-04-25T09:19:10.436+0000] {processor.py:830} INFO - Processing file /usr/local/python/3.12.1/lib/python3.12/site-packages/airflow/example_dags/example_dynamic_task_mapping.py for tasks to queue
[2026-04-25T09:19:10.437+0000] {logging_mixin.py:188} INFO - [2026-04-25T09:19:10.436+0000] {dagbag.py:540} INFO - Filling up the DagBag from /usr/local/python/3.12.1/lib/python3.12/site-packages/airflow/example_dags/example_dynamic_task_mapping.py
[2026-04-25T09:19:10.442+0000] {processor.py:840} INFO - DAG(s) 'example_dynamic_task_mapping' retrieved from /usr/local/python/3.12.1/lib/python3.12/site-packages/airflow/example_dags/example_dynamic_task_mapping.py
[2026-04-25T09:19:10.452+0000] {logging_mixin.py:188} INFO - [2026-04-25T09:19:10.452+0000] {dag.py:3096} INFO - Sync 1 DAGs
[2026-04-25T09:19:10.467+0000] {logging_mixin.py:188} INFO - [2026-04-25T09:19:10.467+0000] {dag.py:3954} INFO - Setting next_dagrun for example_dynamic_task_mapping to 2022-03-04 00:00:00+00:00, run_after=2022-03-05 00:00:00+00:00
[2026-04-25T09:19:10.484+0000] {processor.py:183} INFO - Processing /usr/local/python/3.12.1/lib/python3.12/site-packages/airflow/example_dags/example_dynamic_task_mapping.py took 0.053 seconds
[2026-04-25T09:20:07.009+0000] {processor.py:161} INFO - Started process (PID=17589) to work on /usr/local/python/3.12.1/lib/python3.12/site-packages/airflow/example_dags/example_dynamic_task_mapping.py
[2026-04-25T09:20:07.010+0000] {processor.py:830} INFO - Processing file /usr/local/python/3.12.1/lib/python3.12/site-packages/airflow/example_dags/example_dynamic_task_mapping.py for tasks to queue
[2026-04-25T09:20:07.011+0000] {logging_mixin.py:188} INFO - [2026-04-25T09:20:07.010+0000] {dagbag.py:540} INFO - Filling up the DagBag from /usr/local/python/3.12.1/lib/python3.12/site-packages/airflow/example_dags/example_dynamic_task_mapping.py
[2026-04-25T09:20:07.016+0000] {processor.py:840} INFO - DAG(s) 'example_dynamic_task_mapping' retrieved from /usr/local/python/3.12.1/lib/python3.12/site-packages/airflow/example_dags/example_dynamic_task_mapping.py
[2026-04-25T09:20:07.027+0000] {logging_mixin.py:188} INFO - [2026-04-25T09:20:07.027+0000] {dag.py:3096} INFO - Sync 1 DAGs
[2026-04-25T09:20:07.041+0000] {logging_mixin.py:188} INFO - [2026-04-25T09:20:07.040+0000] {dag.py:3954} INFO - Setting next_dagrun for example_dynamic_task_mapping to 2022-03-04 00:00:00+00:00, run_after=2022-03-05 00:00:00+00:00
[2026-04-25T09:20:07.057+0000] {processor.py:183} INFO - Processing /usr/local/python/3.12.1/lib/python3.12/site-packages/airflow/example_dags/example_dynamic_task_mapping.py took 0.051 seconds
[2026-04-25T09:21:02.485+0000] {processor.py:161} INFO - Started process (PID=18029) to work on /usr/local/python/3.12.1/lib/python3.12/site-packages/airflow/example_dags/example_dynamic_task_mapping.py
[2026-04-25T09:21:02.486+0000] {processor.py:830} INFO - Processing file /usr/local/python/3.12.1/lib/python3.12/site-packages/airflow/example_dags/example_dynamic_task_mapping.py for tasks to queue
[2026-04-25T09:21:02.486+0000] {logging_mixin.py:188} INFO - [2026-04-25T09:21:02.486+0000] {dagbag.py:540} INFO - Filling up the DagBag from /usr/local/python/3.12.1/lib/python3.12/site-packages/airflow/example_dags/example_dynamic_task_mapping.py
[2026-04-25T09:21:02.492+0000] {processor.py:840} INFO - DAG(s) 'example_dynamic_task_mapping' retrieved from /usr/local/python/3.12.1/lib/python3.12/site-packages/airflow/example_dags/example_dynamic_task_mapping.py
[2026-04-25T09:21:02.502+0000] {logging_mixin.py:188} INFO - [2026-04-25T09:21:02.502+0000] {dag.py:3096} INFO - Sync 1 DAGs
[2026-04-25T09:21:02.517+0000] {logging_mixin.py:188} INFO - [2026-04-25T09:21:02.517+0000] {dag.py:3954} INFO - Setting next_dagrun for example_dynamic_task_mapping to 2022-03-04 00:00:00+00:00, run_after=2022-03-05 00:00:00+00:00
[2026-04-25T09:21:02.533+0000] {processor.py:183} INFO - Processing /usr/local/python/3.12.1/lib/python3.12/site-packages/airflow/example_dags/example_dynamic_task_mapping.py took 0.053 seconds
[2026-04-25T09:22:02.447+0000] {processor.py:161} INFO - Started process (PID=18490) to work on /usr/local/python/3.12.1/lib/python3.12/site-packages/airflow/example_dags/example_dynamic_task_mapping.py
[2026-04-25T09:22:02.448+0000] {processor.py:830} INFO - Processing file /usr/local/python/3.12.1/lib/python3.12/site-packages/airflow/example_dags/example_dynamic_task_mapping.py for tasks to queue
[2026-04-25T09:22:02.449+0000] {logging_mixin.py:188} INFO - [2026-04-25T09:22:02.449+0000] {dagbag.py:540} INFO - Filling up the DagBag from /usr/local/python/3.12.1/lib/python3.12/site-packages/airflow/example_dags/example_dynamic_task_mapping.py
[2026-04-25T09:22:02.457+0000] {processor.py:840} INFO - DAG(s) 'example_dynamic_task_mapping' retrieved from /usr/local/python/3.12.1/lib/python3.12/site-packages/airflow/example_dags/example_dynamic_task_mapping.py
[2026-04-25T09:22:02.468+0000] {logging_mixin.py:188} INFO - [2026-04-25T09:22:02.468+0000] {dag.py:3096} INFO - Sync 1 DAGs
[2026-04-25T09:22:02.482+0000] {logging_mixin.py:188} INFO - [2026-04-25T09:22:02.482+0000] {dag.py:3954} INFO - Setting next_dagrun for example_dynamic_task_mapping to 2022-03-04 00:00:00+00:00, run_after=2022-03-05 00:00:00+00:00
[2026-04-25T09:22:02.499+0000] {processor.py:183} INFO - Processing /usr/local/python/3.12.1/lib/python3.12/site-packages/airflow/example_dags/example_dynamic_task_mapping.py took 0.057 seconds
[2026-04-25T09:23:01.151+0000] {processor.py:161} INFO - Started process (PID=18932) to work on /usr/local/python/3.12.1/lib/python3.12/site-packages/airflow/example_dags/example_dynamic_task_mapping.py
[2026-04-25T09:23:01.152+0000] {processor.py:830} INFO - Processing file /usr/local/python/3.12.1/lib/python3.12/site-packages/airflow/example_dags/example_dynamic_task_mapping.py for tasks to queue
[2026-04-25T09:23:01.152+0000] {logging_mixin.py:188} INFO - [2026-04-25T09:23:01.152+0000] {dagbag.py:540} INFO - Filling up the DagBag from /usr/local/python/3.12.1/lib/python3.12/site-packages/airflow/example_dags/example_dynamic_task_mapping.py
[2026-04-25T09:23:01.158+0000] {processor.py:840} INFO - DAG(s) 'example_dynamic_task_mapping' retrieved from /usr/local/python/3.12.1/lib/python3.12/site-packages/airflow/example_dags/example_dynamic_task_mapping.py
[2026-04-25T09:23:01.169+0000] {logging_mixin.py:188} INFO - [2026-04-25T09:23:01.169+0000] {dag.py:3096} INFO - Sync 1 DAGs
[2026-04-25T09:23:01.183+0000] {logging_mixin.py:188} INFO - [2026-04-25T09:23:01.183+0000] {dag.py:3954} INFO - Setting next_dagrun for example_dynamic_task_mapping to 2022-03-04 00:00:00+00:00, run_after=2022-03-05 00:00:00+00:00
[2026-04-25T09:23:01.199+0000] {processor.py:183} INFO - Processing /usr/local/python/3.12.1/lib/python3.12/site-packages/airflow/example_dags/example_dynamic_task_mapping.py took 0.052 seconds
[2026-04-25T09:23:57.303+0000] {processor.py:161} INFO - Started process (PID=19374) to work on /usr/local/python/3.12.1/lib/python3.12/site-packages/airflow/example_dags/example_dynamic_task_mapping.py
[2026-04-25T09:23:57.304+0000] {processor.py:830} INFO - Processing file /usr/local/python/3.12.1/lib/python3.12/site-packages/airflow/example_dags/example_dynamic_task_mapping.py for tasks to queue
[2026-04-25T09:23:57.305+0000] {logging_mixin.py:188} INFO - [2026-04-25T09:23:57.304+0000] {dagbag.py:540} INFO - Filling up the DagBag from /usr/local/python/3.12.1/lib/python3.12/site-packages/airflow/example_dags/example_dynamic_task_mapping.py
[2026-04-25T09:23:57.312+0000] {processor.py:840} INFO - DAG(s) 'example_dynamic_task_mapping' retrieved from /usr/local/python/3.12.1/lib/python3.12/site-packages/airflow/example_dags/example_dynamic_task_mapping.py
[2026-04-25T09:23:57.328+0000] {logging_mixin.py:188} INFO - [2026-04-25T09:23:57.328+0000] {dag.py:3096} INFO - Sync 1 DAGs
[2026-04-25T09:23:57.343+0000] {logging_mixin.py:188} INFO - [2026-04-25T09:23:57.342+0000] {dag.py:3954} INFO - Setting next_dagrun for example_dynamic_task_mapping to 2022-03-04 00:00:00+00:00, run_after=2022-03-05 00:00:00+00:00
[2026-04-25T09:23:57.358+0000] {processor.py:183} INFO - Processing /usr/local/python/3.12.1/lib/python3.12/site-packages/airflow/example_dags/example_dynamic_task_mapping.py took 0.062 seconds
[2026-04-25T09:24:58.778+0000] {processor.py:161} INFO - Started process (PID=19856) to work on /usr/local/python/3.12.1/lib/python3.12/site-packages/airflow/example_dags/example_dynamic_task_mapping.py
[2026-04-25T09:24:58.779+0000] {processor.py:830} INFO - Processing file /usr/local/python/3.12.1/lib/python3.12/site-packages/airflow/example_dags/example_dynamic_task_mapping.py for tasks to queue
[2026-04-25T09:24:58.780+0000] {logging_mixin.py:188} INFO - [2026-04-25T09:24:58.779+0000] {dagbag.py:540} INFO - Filling up the DagBag from /usr/local/python/3.12.1/lib/python3.12/site-packages/airflow/example_dags/example_dynamic_task_mapping.py
[2026-04-25T09:24:58.785+0000] {processor.py:840} INFO - DAG(s) 'example_dynamic_task_mapping' retrieved from /usr/local/python/3.12.1/lib/python3.12/site-packages/airflow/example_dags/example_dynamic_task_mapping.py
[2026-04-25T09:24:58.796+0000] {logging_mixin.py:188} INFO - [2026-04-25T09:24:58.796+0000] {dag.py:3096} INFO - Sync 1 DAGs
[2026-04-25T09:24:58.811+0000] {logging_mixin.py:188} INFO - [2026-04-25T09:24:58.811+0000] {dag.py:3954} INFO - Setting next_dagrun for example_dynamic_task_mapping to 2022-03-04 00:00:00+00:00, run_after=2022-03-05 00:00:00+00:00
[2026-04-25T09:24:58.827+0000] {processor.py:183} INFO - Processing /usr/local/python/3.12.1/lib/python3.12/site-packages/airflow/example_dags/example_dynamic_task_mapping.py took 0.053 seconds
[2026-04-25T09:25:54.178+0000] {processor.py:161} INFO - Started process (PID=20279) to work on /usr/local/python/3.12.1/lib/python3.12/site-packages/airflow/example_dags/example_dynamic_task_mapping.py
[2026-04-25T09:25:54.179+0000] {processor.py:830} INFO - Processing file /usr/local/python/3.12.1/lib/python3.12/site-packages/airflow/example_dags/example_dynamic_task_mapping.py for tasks to queue
[2026-04-25T09:25:54.180+0000] {logging_mixin.py:188} INFO - [2026-04-25T09:25:54.180+0000] {dagbag.py:540} INFO - Filling up the DagBag from /usr/local/python/3.12.1/lib/python3.12/site-packages/airflow/example_dags/example_dynamic_task_mapping.py
[2026-04-25T09:25:54.185+0000] {processor.py:840} INFO - DAG(s) 'example_dynamic_task_mapping' retrieved from /usr/local/python/3.12.1/lib/python3.12/site-packages/airflow/example_dags/example_dynamic_task_mapping.py
[2026-04-25T09:25:54.196+0000] {logging_mixin.py:188} INFO - [2026-04-25T09:25:54.196+0000] {dag.py:3096} INFO - Sync 1 DAGs
[2026-04-25T09:25:54.210+0000] {logging_mixin.py:188} INFO - [2026-04-25T09:25:54.210+0000] {dag.py:3954} INFO - Setting next_dagrun for example_dynamic_task_mapping to 2022-03-04 00:00:00+00:00, run_after=2022-03-05 00:00:00+00:00
[2026-04-25T09:25:54.235+0000] {processor.py:183} INFO - Processing /usr/local/python/3.12.1/lib/python3.12/site-packages/airflow/example_dags/example_dynamic_task_mapping.py took 0.060 seconds
[2026-04-25T09:26:55.779+0000] {processor.py:161} INFO - Started process (PID=20766) to work on /usr/local/python/3.12.1/lib/python3.12/site-packages/airflow/example_dags/example_dynamic_task_mapping.py
[2026-04-25T09:26:55.779+0000] {processor.py:830} INFO - Processing file /usr/local/python/3.12.1/lib/python3.12/site-packages/airflow/example_dags/example_dynamic_task_mapping.py for tasks to queue
[2026-04-25T09:26:55.780+0000] {logging_mixin.py:188} INFO - [2026-04-25T09:26:55.780+0000] {dagbag.py:540} INFO - Filling up the DagBag from /usr/local/python/3.12.1/lib/python3.12/site-packages/airflow/example_dags/example_dynamic_task_mapping.py
[2026-04-25T09:26:55.792+0000] {processor.py:840} INFO - DAG(s) 'example_dynamic_task_mapping' retrieved from /usr/local/python/3.12.1/lib/python3.12/site-packages/airflow/example_dags/example_dynamic_task_mapping.py
[2026-04-25T09:26:55.811+0000] {logging_mixin.py:188} INFO - [2026-04-25T09:26:55.811+0000] {dag.py:3096} INFO - Sync 1 DAGs
[2026-04-25T09:26:55.836+0000] {logging_mixin.py:188} INFO - [2026-04-25T09:26:55.835+0000] {dag.py:3954} INFO - Setting next_dagrun for example_dynamic_task_mapping to 2022-03-04 00:00:00+00:00, run_after=2022-03-05 00:00:00+00:00
[2026-04-25T09:26:55.870+0000] {processor.py:183} INFO - Processing /usr/local/python/3.12.1/lib/python3.12/site-packages/airflow/example_dags/example_dynamic_task_mapping.py took 0.096 seconds
[2026-04-25T09:27:57.427+0000] {processor.py:161} INFO - Started process (PID=21238) to work on /usr/local/python/3.12.1/lib/python3.12/site-packages/airflow/example_dags/example_dynamic_task_mapping.py
[2026-04-25T09:27:57.427+0000] {processor.py:830} INFO - Processing file /usr/local/python/3.12.1/lib/python3.12/site-packages/airflow/example_dags/example_dynamic_task_mapping.py for tasks to queue
[2026-04-25T09:27:57.428+0000] {logging_mixin.py:188} INFO - [2026-04-25T09:27:57.428+0000] {dagbag.py:540} INFO - Filling up the DagBag from /usr/local/python/3.12.1/lib/python3.12/site-packages/airflow/example_dags/example_dynamic_task_mapping.py
[2026-04-25T09:27:57.433+0000] {processor.py:840} INFO - DAG(s) 'example_dynamic_task_mapping' retrieved from /usr/local/python/3.12.1/lib/python3.12/site-packages/airflow/example_dags/example_dynamic_task_mapping.py
[2026-04-25T09:27:57.444+0000] {logging_mixin.py:188} INFO - [2026-04-25T09:27:57.444+0000] {dag.py:3096} INFO - Sync 1 DAGs
[2026-04-25T09:27:57.458+0000] {logging_mixin.py:188} INFO - [2026-04-25T09:27:57.458+0000] {dag.py:3954} INFO - Setting next_dagrun for example_dynamic_task_mapping to 2022-03-04 00:00:00+00:00, run_after=2022-03-05 00:00:00+00:00
[2026-04-25T09:27:57.475+0000] {processor.py:183} INFO - Processing /usr/local/python/3.12.1/lib/python3.12/site-packages/airflow/example_dags/example_dynamic_task_mapping.py took 0.053 seconds
[2026-04-25T09:29:00.286+0000] {processor.py:161} INFO - Started process (PID=21724) to work on /usr/local/python/3.12.1/lib/python3.12/site-packages/airflow/example_dags/example_dynamic_task_mapping.py
[2026-04-25T09:29:00.286+0000] {processor.py:830} INFO - Processing file /usr/local/python/3.12.1/lib/python3.12/site-packages/airflow/example_dags/example_dynamic_task_mapping.py for tasks to queue
[2026-04-25T09:29:00.287+0000] {logging_mixin.py:188} INFO - [2026-04-25T09:29:00.287+0000] {dagbag.py:540} INFO - Filling up the DagBag from /usr/local/python/3.12.1/lib/python3.12/site-packages/airflow/example_dags/example_dynamic_task_mapping.py
[2026-04-25T09:29:00.308+0000] {processor.py:840} INFO - DAG(s) 'example_dynamic_task_mapping' retrieved from /usr/local/python/3.12.1/lib/python3.12/site-packages/airflow/example_dags/example_dynamic_task_mapping.py
[2026-04-25T09:29:00.328+0000] {logging_mixin.py:188} INFO - [2026-04-25T09:29:00.327+0000] {dag.py:3096} INFO - Sync 1 DAGs
[2026-04-25T09:29:00.357+0000] {logging_mixin.py:188} INFO - [2026-04-25T09:29:00.357+0000] {dag.py:3954} INFO - Setting next_dagrun for example_dynamic_task_mapping to 2022-03-04 00:00:00+00:00, run_after=2022-03-05 00:00:00+00:00
[2026-04-25T09:29:00.375+0000] {processor.py:183} INFO - Processing /usr/local/python/3.12.1/lib/python3.12/site-packages/airflow/example_dags/example_dynamic_task_mapping.py took 0.096 seconds
[2026-04-25T09:29:59.380+0000] {processor.py:161} INFO - Started process (PID=22183) to work on /usr/local/python/3.12.1/lib/python3.12/site-packages/airflow/example_dags/example_dynamic_task_mapping.py
[2026-04-25T09:29:59.381+0000] {processor.py:830} INFO - Processing file /usr/local/python/3.12.1/lib/python3.12/site-packages/airflow/example_dags/example_dynamic_task_mapping.py for tasks to queue
[2026-04-25T09:29:59.381+0000] {logging_mixin.py:188} INFO - [2026-04-25T09:29:59.381+0000] {dagbag.py:540} INFO - Filling up the DagBag from /usr/local/python/3.12.1/lib/python3.12/site-packages/airflow/example_dags/example_dynamic_task_mapping.py
[2026-04-25T09:29:59.387+0000] {processor.py:840} INFO - DAG(s) 'example_dynamic_task_mapping' retrieved from /usr/local/python/3.12.1/lib/python3.12/site-packages/airflow/example_dags/example_dynamic_task_mapping.py
[2026-04-25T09:29:59.398+0000] {logging_mixin.py:188} INFO - [2026-04-25T09:29:59.397+0000] {dag.py:3096} INFO - Sync 1 DAGs
[2026-04-25T09:29:59.417+0000] {logging_mixin.py:188} INFO - [2026-04-25T09:29:59.416+0000] {dag.py:3954} INFO - Setting next_dagrun for example_dynamic_task_mapping to 2022-03-04 00:00:00+00:00, run_after=2022-03-05 00:00:00+00:00
[2026-04-25T09:29:59.433+0000] {processor.py:183} INFO - Processing /usr/local/python/3.12.1/lib/python3.12/site-packages/airflow/example_dags/example_dynamic_task_mapping.py took 0.057 seconds
[2026-04-25T09:31:02.000+0000] {processor.py:161} INFO - Started process (PID=22658) to work on /usr/local/python/3.12.1/lib/python3.12/site-packages/airflow/example_dags/example_dynamic_task_mapping.py
[2026-04-25T09:31:02.001+0000] {processor.py:830} INFO - Processing file /usr/local/python/3.12.1/lib/python3.12/site-packages/airflow/example_dags/example_dynamic_task_mapping.py for tasks to queue
[2026-04-25T09:31:02.002+0000] {logging_mixin.py:188} INFO - [2026-04-25T09:31:02.001+0000] {dagbag.py:540} INFO - Filling up the DagBag from /usr/local/python/3.12.1/lib/python3.12/site-packages/airflow/example_dags/example_dynamic_task_mapping.py
[2026-04-25T09:31:02.007+0000] {processor.py:840} INFO - DAG(s) 'example_dynamic_task_mapping' retrieved from /usr/local/python/3.12.1/lib/python3.12/site-packages/airflow/example_dags/example_dynamic_task_mapping.py
[2026-04-25T09:31:02.018+0000] {logging_mixin.py:188} INFO - [2026-04-25T09:31:02.017+0000] {dag.py:3096} INFO - Sync 1 DAGs
[2026-04-25T09:31:02.176+0000] {logging_mixin.py:188} INFO - [2026-04-25T09:31:02.176+0000] {dag.py:3954} INFO - Setting next_dagrun for example_dynamic_task_mapping to 2022-03-04 00:00:00+00:00, run_after=2022-03-05 00:00:00+00:00
[2026-04-25T09:31:02.191+0000] {processor.py:183} INFO - Processing /usr/local/python/3.12.1/lib/python3.12/site-packages/airflow/example_dags/example_dynamic_task_mapping.py took 0.195 seconds
[2026-04-25T09:32:05.033+0000] {processor.py:161} INFO - Started process (PID=23146) to work on /usr/local/python/3.12.1/lib/python3.12/site-packages/airflow/example_dags/example_dynamic_task_mapping.py
[2026-04-25T09:32:05.034+0000] {processor.py:830} INFO - Processing file /usr/local/python/3.12.1/lib/python3.12/site-packages/airflow/example_dags/example_dynamic_task_mapping.py for tasks to queue
[2026-04-25T09:32:05.035+0000] {logging_mixin.py:188} INFO - [2026-04-25T09:32:05.035+0000] {dagbag.py:540} INFO - Filling up the DagBag from /usr/local/python/3.12.1/lib/python3.12/site-packages/airflow/example_dags/example_dynamic_task_mapping.py
[2026-04-25T09:32:05.046+0000] {processor.py:840} INFO - DAG(s) 'example_dynamic_task_mapping' retrieved from /usr/local/python/3.12.1/lib/python3.12/site-packages/airflow/example_dags/example_dynamic_task_mapping.py
[2026-04-25T09:32:05.063+0000] {logging_mixin.py:188} INFO - [2026-04-25T09:32:05.063+0000] {dag.py:3096} INFO - Sync 1 DAGs
[2026-04-25T09:32:05.221+0000] {logging_mixin.py:188} INFO - [2026-04-25T09:32:05.221+0000] {dag.py:3954} INFO - Setting next_dagrun for example_dynamic_task_mapping to 2022-03-04 00:00:00+00:00, run_after=2022-03-05 00:00:00+00:00
[2026-04-25T09:32:05.243+0000] {processor.py:183} INFO - Processing /usr/local/python/3.12.1/lib/python3.12/site-packages/airflow/example_dags/example_dynamic_task_mapping.py took 0.214 seconds
[2026-04-25T09:33:12.632+0000] {processor.py:161} INFO - Started process (PID=23661) to work on /usr/local/python/3.12.1/lib/python3.12/site-packages/airflow/example_dags/example_dynamic_task_mapping.py
[2026-04-25T09:33:12.633+0000] {processor.py:830} INFO - Processing file /usr/local/python/3.12.1/lib/python3.12/site-packages/airflow/example_dags/example_dynamic_task_mapping.py for tasks to queue
[2026-04-25T09:33:12.634+0000] {logging_mixin.py:188} INFO - [2026-04-25T09:33:12.634+0000] {dagbag.py:540} INFO - Filling up the DagBag from /usr/local/python/3.12.1/lib/python3.12/site-packages/airflow/example_dags/example_dynamic_task_mapping.py
[2026-04-25T09:33:12.639+0000] {processor.py:840} INFO - DAG(s) 'example_dynamic_task_mapping' retrieved from /usr/local/python/3.12.1/lib/python3.12/site-packages/airflow/example_dags/example_dynamic_task_mapping.py
[2026-04-25T09:33:12.651+0000] {logging_mixin.py:188} INFO - [2026-04-25T09:33:12.650+0000] {dag.py:3096} INFO - Sync 1 DAGs
[2026-04-25T09:33:12.823+0000] {logging_mixin.py:188} INFO - [2026-04-25T09:33:12.822+0000] {dag.py:3954} INFO - Setting next_dagrun for example_dynamic_task_mapping to 2022-03-04 00:00:00+00:00, run_after=2022-03-05 00:00:00+00:00
[2026-04-25T09:33:12.839+0000] {processor.py:183} INFO - Processing /usr/local/python/3.12.1/lib/python3.12/site-packages/airflow/example_dags/example_dynamic_task_mapping.py took 0.212 seconds
[2026-04-25T09:34:04.707+0000] {processor.py:161} INFO - Started process (PID=24063) to work on /usr/local/python/3.12.1/lib/python3.12/site-packages/airflow/example_dags/example_dynamic_task_mapping.py
[2026-04-25T09:34:04.708+0000] {processor.py:830} INFO - Processing file /usr/local/python/3.12.1/lib/python3.12/site-packages/airflow/example_dags/example_dynamic_task_mapping.py for tasks to queue
[2026-04-25T09:34:04.709+0000] {logging_mixin.py:188} INFO - [2026-04-25T09:34:04.708+0000] {dagbag.py:540} INFO - Filling up the DagBag from /usr/local/python/3.12.1/lib/python3.12/site-packages/airflow/example_dags/example_dynamic_task_mapping.py
[2026-04-25T09:34:04.714+0000] {processor.py:840} INFO - DAG(s) 'example_dynamic_task_mapping' retrieved from /usr/local/python/3.12.1/lib/python3.12/site-packages/airflow/example_dags/example_dynamic_task_mapping.py
[2026-04-25T09:34:04.725+0000] {logging_mixin.py:188} INFO - [2026-04-25T09:34:04.725+0000] {dag.py:3096} INFO - Sync 1 DAGs
[2026-04-25T09:34:04.740+0000] {logging_mixin.py:188} INFO - [2026-04-25T09:34:04.740+0000] {dag.py:3954} INFO - Setting next_dagrun for example_dynamic_task_mapping to 2022-03-04 00:00:00+00:00, run_after=2022-03-05 00:00:00+00:00
[2026-04-25T09:34:04.757+0000] {processor.py:183} INFO - Processing /usr/local/python/3.12.1/lib/python3.12/site-packages/airflow/example_dags/example_dynamic_task_mapping.py took 0.053 seconds
[2026-04-25T09:34:59.803+0000] {processor.py:161} INFO - Started process (PID=24479) to work on /usr/local/python/3.12.1/lib/python3.12/site-packages/airflow/example_dags/example_dynamic_task_mapping.py
[2026-04-25T09:34:59.804+0000] {processor.py:830} INFO - Processing file /usr/local/python/3.12.1/lib/python3.12/site-packages/airflow/example_dags/example_dynamic_task_mapping.py for tasks to queue
[2026-04-25T09:34:59.804+0000] {logging_mixin.py:188} INFO - [2026-04-25T09:34:59.804+0000] {dagbag.py:540} INFO - Filling up the DagBag from /usr/local/python/3.12.1/lib/python3.12/site-packages/airflow/example_dags/example_dynamic_task_mapping.py
[2026-04-25T09:34:59.809+0000] {processor.py:840} INFO - DAG(s) 'example_dynamic_task_mapping' retrieved from /usr/local/python/3.12.1/lib/python3.12/site-packages/airflow/example_dags/example_dynamic_task_mapping.py
[2026-04-25T09:34:59.820+0000] {logging_mixin.py:188} INFO - [2026-04-25T09:34:59.820+0000] {dag.py:3096} INFO - Sync 1 DAGs
[2026-04-25T09:34:59.835+0000] {logging_mixin.py:188} INFO - [2026-04-25T09:34:59.835+0000] {dag.py:3954} INFO - Setting next_dagrun for example_dynamic_task_mapping to 2022-03-04 00:00:00+00:00, run_after=2022-03-05 00:00:00+00:00
[2026-04-25T09:34:59.853+0000] {processor.py:183} INFO - Processing /usr/local/python/3.12.1/lib/python3.12/site-packages/airflow/example_dags/example_dynamic_task_mapping.py took 0.054 seconds
[2026-04-25T09:35:59.105+0000] {processor.py:161} INFO - Started process (PID=24941) to work on /usr/local/python/3.12.1/lib/python3.12/site-packages/airflow/example_dags/example_dynamic_task_mapping.py
[2026-04-25T09:35:59.105+0000] {processor.py:830} INFO - Processing file /usr/local/python/3.12.1/lib/python3.12/site-packages/airflow/example_dags/example_dynamic_task_mapping.py for tasks to queue
[2026-04-25T09:35:59.106+0000] {logging_mixin.py:188} INFO - [2026-04-25T09:35:59.106+0000] {dagbag.py:540} INFO - Filling up the DagBag from /usr/local/python/3.12.1/lib/python3.12/site-packages/airflow/example_dags/example_dynamic_task_mapping.py
[2026-04-25T09:35:59.111+0000] {processor.py:840} INFO - DAG(s) 'example_dynamic_task_mapping' retrieved from /usr/local/python/3.12.1/lib/python3.12/site-packages/airflow/example_dags/example_dynamic_task_mapping.py
[2026-04-25T09:35:59.123+0000] {logging_mixin.py:188} INFO - [2026-04-25T09:35:59.122+0000] {dag.py:3096} INFO - Sync 1 DAGs
[2026-04-25T09:35:59.137+0000] {logging_mixin.py:188} INFO - [2026-04-25T09:35:59.137+0000] {dag.py:3954} INFO - Setting next_dagrun for example_dynamic_task_mapping to 2022-03-04 00:00:00+00:00, run_after=2022-03-05 00:00:00+00:00
[2026-04-25T09:35:59.155+0000] {processor.py:183} INFO - Processing /usr/local/python/3.12.1/lib/python3.12/site-packages/airflow/example_dags/example_dynamic_task_mapping.py took 0.055 seconds
[2026-04-25T09:36:59.067+0000] {processor.py:161} INFO - Started process (PID=25406) to work on /usr/local/python/3.12.1/lib/python3.12/site-packages/airflow/example_dags/example_dynamic_task_mapping.py
[2026-04-25T09:36:59.068+0000] {processor.py:830} INFO - Processing file /usr/local/python/3.12.1/lib/python3.12/site-packages/airflow/example_dags/example_dynamic_task_mapping.py for tasks to queue
[2026-04-25T09:36:59.069+0000] {logging_mixin.py:188} INFO - [2026-04-25T09:36:59.068+0000] {dagbag.py:540} INFO - Filling up the DagBag from /usr/local/python/3.12.1/lib/python3.12/site-packages/airflow/example_dags/example_dynamic_task_mapping.py
[2026-04-25T09:36:59.074+0000] {processor.py:840} INFO - DAG(s) 'example_dynamic_task_mapping' retrieved from /usr/local/python/3.12.1/lib/python3.12/site-packages/airflow/example_dags/example_dynamic_task_mapping.py
[2026-04-25T09:36:59.085+0000] {logging_mixin.py:188} INFO - [2026-04-25T09:36:59.084+0000] {dag.py:3096} INFO - Sync 1 DAGs
[2026-04-25T09:36:59.099+0000] {logging_mixin.py:188} INFO - [2026-04-25T09:36:59.099+0000] {dag.py:3954} INFO - Setting next_dagrun for example_dynamic_task_mapping to 2022-03-04 00:00:00+00:00, run_after=2022-03-05 00:00:00+00:00
[2026-04-25T09:36:59.115+0000] {processor.py:183} INFO - Processing /usr/local/python/3.12.1/lib/python3.12/site-packages/airflow/example_dags/example_dynamic_task_mapping.py took 0.052 seconds
[2026-04-25T09:38:00.777+0000] {processor.py:161} INFO - Started process (PID=25886) to work on /usr/local/python/3.12.1/lib/python3.12/site-packages/airflow/example_dags/example_dynamic_task_mapping.py
[2026-04-25T09:38:00.778+0000] {processor.py:830} INFO - Processing file /usr/local/python/3.12.1/lib/python3.12/site-packages/airflow/example_dags/example_dynamic_task_mapping.py for tasks to queue
[2026-04-25T09:38:00.779+0000] {logging_mixin.py:188} INFO - [2026-04-25T09:38:00.779+0000] {dagbag.py:540} INFO - Filling up the DagBag from /usr/local/python/3.12.1/lib/python3.12/site-packages/airflow/example_dags/example_dynamic_task_mapping.py
[2026-04-25T09:38:00.789+0000] {processor.py:840} INFO - DAG(s) 'example_dynamic_task_mapping' retrieved from /usr/local/python/3.12.1/lib/python3.12/site-packages/airflow/example_dags/example_dynamic_task_mapping.py
[2026-04-25T09:38:00.802+0000] {logging_mixin.py:188} INFO - [2026-04-25T09:38:00.802+0000] {dag.py:3096} INFO - Sync 1 DAGs
[2026-04-25T09:38:00.817+0000] {logging_mixin.py:188} INFO - [2026-04-25T09:38:00.817+0000] {dag.py:3954} INFO - Setting next_dagrun for example_dynamic_task_mapping to 2022-03-04 00:00:00+00:00, run_after=2022-03-05 00:00:00+00:00
[2026-04-25T09:38:00.834+0000] {processor.py:183} INFO - Processing /usr/local/python/3.12.1/lib/python3.12/site-packages/airflow/example_dags/example_dynamic_task_mapping.py took 0.072 seconds
[2026-04-25T09:39:02.923+0000] {processor.py:161} INFO - Started process (PID=26360) to work on /usr/local/python/3.12.1/lib/python3.12/site-packages/airflow/example_dags/example_dynamic_task_mapping.py
[2026-04-25T09:39:02.924+0000] {processor.py:830} INFO - Processing file /usr/local/python/3.12.1/lib/python3.12/site-packages/airflow/example_dags/example_dynamic_task_mapping.py for tasks to queue
[2026-04-25T09:39:02.924+0000] {logging_mixin.py:188} INFO - [2026-04-25T09:39:02.924+0000] {dagbag.py:540} INFO - Filling up the DagBag from /usr/local/python/3.12.1/lib/python3.12/site-packages/airflow/example_dags/example_dynamic_task_mapping.py
[2026-04-25T09:39:02.930+0000] {processor.py:840} INFO - DAG(s) 'example_dynamic_task_mapping' retrieved from /usr/local/python/3.12.1/lib/python3.12/site-packages/airflow/example_dags/example_dynamic_task_mapping.py
[2026-04-25T09:39:02.941+0000] {logging_mixin.py:188} INFO - [2026-04-25T09:39:02.941+0000] {dag.py:3096} INFO - Sync 1 DAGs
[2026-04-25T09:39:02.955+0000] {logging_mixin.py:188} INFO - [2026-04-25T09:39:02.955+0000] {dag.py:3954} INFO - Setting next_dagrun for example_dynamic_task_mapping to 2022-03-04 00:00:00+00:00, run_after=2022-03-05 00:00:00+00:00
[2026-04-25T09:39:02.972+0000] {processor.py:183} INFO - Processing /usr/local/python/3.12.1/lib/python3.12/site-packages/airflow/example_dags/example_dynamic_task_mapping.py took 0.053 seconds
[2026-04-25T09:40:01.732+0000] {processor.py:161} INFO - Started process (PID=26819) to work on /usr/local/python/3.12.1/lib/python3.12/site-packages/airflow/example_dags/example_dynamic_task_mapping.py
[2026-04-25T09:40:01.733+0000] {processor.py:830} INFO - Processing file /usr/local/python/3.12.1/lib/python3.12/site-packages/airflow/example_dags/example_dynamic_task_mapping.py for tasks to queue
[2026-04-25T09:40:01.734+0000] {logging_mixin.py:188} INFO - [2026-04-25T09:40:01.734+0000] {dagbag.py:540} INFO - Filling up the DagBag from /usr/local/python/3.12.1/lib/python3.12/site-packages/airflow/example_dags/example_dynamic_task_mapping.py
[2026-04-25T09:40:01.739+0000] {processor.py:840} INFO - DAG(s) 'example_dynamic_task_mapping' retrieved from /usr/local/python/3.12.1/lib/python3.12/site-packages/airflow/example_dags/example_dynamic_task_mapping.py
[2026-04-25T09:40:01.751+0000] {logging_mixin.py:188} INFO - [2026-04-25T09:40:01.751+0000] {dag.py:3096} INFO - Sync 1 DAGs
[2026-04-25T09:40:01.766+0000] {logging_mixin.py:188} INFO - [2026-04-25T09:40:01.766+0000] {dag.py:3954} INFO - Setting next_dagrun for example_dynamic_task_mapping to 2022-03-04 00:00:00+00:00, run_after=2022-03-05 00:00:00+00:00
[2026-04-25T09:40:01.785+0000] {processor.py:183} INFO - Processing /usr/local/python/3.12.1/lib/python3.12/site-packages/airflow/example_dags/example_dynamic_task_mapping.py took 0.057 seconds
[2026-04-25T09:40:57.682+0000] {processor.py:161} INFO - Started process (PID=27239) to work on /usr/local/python/3.12.1/lib/python3.12/site-packages/airflow/example_dags/example_dynamic_task_mapping.py
[2026-04-25T09:40:57.682+0000] {processor.py:830} INFO - Processing file /usr/local/python/3.12.1/lib/python3.12/site-packages/airflow/example_dags/example_dynamic_task_mapping.py for tasks to queue
[2026-04-25T09:40:57.683+0000] {logging_mixin.py:188} INFO - [2026-04-25T09:40:57.683+0000] {dagbag.py:540} INFO - Filling up the DagBag from /usr/local/python/3.12.1/lib/python3.12/site-packages/airflow/example_dags/example_dynamic_task_mapping.py
[2026-04-25T09:40:57.688+0000] {processor.py:840} INFO - DAG(s) 'example_dynamic_task_mapping' retrieved from /usr/local/python/3.12.1/lib/python3.12/site-packages/airflow/example_dags/example_dynamic_task_mapping.py
[2026-04-25T09:40:57.699+0000] {logging_mixin.py:188} INFO - [2026-04-25T09:40:57.699+0000] {dag.py:3096} INFO - Sync 1 DAGs
[2026-04-25T09:40:57.714+0000] {logging_mixin.py:188} INFO - [2026-04-25T09:40:57.714+0000] {dag.py:3954} INFO - Setting next_dagrun for example_dynamic_task_mapping to 2022-03-04 00:00:00+00:00, run_after=2022-03-05 00:00:00+00:00
[2026-04-25T09:40:57.731+0000] {processor.py:183} INFO - Processing /usr/local/python/3.12.1/lib/python3.12/site-packages/airflow/example_dags/example_dynamic_task_mapping.py took 0.053 seconds
[2026-04-25T09:41:57.165+0000] {processor.py:161} INFO - Started process (PID=27709) to work on /usr/local/python/3.12.1/lib/python3.12/site-packages/airflow/example_dags/example_dynamic_task_mapping.py
[2026-04-25T09:41:57.166+0000] {processor.py:830} INFO - Processing file /usr/local/python/3.12.1/lib/python3.12/site-packages/airflow/example_dags/example_dynamic_task_mapping.py for tasks to queue
[2026-04-25T09:41:57.167+0000] {logging_mixin.py:188} INFO - [2026-04-25T09:41:57.166+0000] {dagbag.py:540} INFO - Filling up the DagBag from /usr/local/python/3.12.1/lib/python3.12/site-packages/airflow/example_dags/example_dynamic_task_mapping.py
[2026-04-25T09:41:57.172+0000] {processor.py:840} INFO - DAG(s) 'example_dynamic_task_mapping' retrieved from /usr/local/python/3.12.1/lib/python3.12/site-packages/airflow/example_dags/example_dynamic_task_mapping.py
[2026-04-25T09:41:57.183+0000] {logging_mixin.py:188} INFO - [2026-04-25T09:41:57.183+0000] {dag.py:3096} INFO - Sync 1 DAGs
[2026-04-25T09:41:57.198+0000] {logging_mixin.py:188} INFO - [2026-04-25T09:41:57.197+0000] {dag.py:3954} INFO - Setting next_dagrun for example_dynamic_task_mapping to 2022-03-04 00:00:00+00:00, run_after=2022-03-05 00:00:00+00:00
[2026-04-25T09:41:57.214+0000] {processor.py:183} INFO - Processing /usr/local/python/3.12.1/lib/python3.12/site-packages/airflow/example_dags/example_dynamic_task_mapping.py took 0.053 seconds
[2026-04-25T09:42:53.697+0000] {processor.py:161} INFO - Started process (PID=28151) to work on /usr/local/python/3.12.1/lib/python3.12/site-packages/airflow/example_dags/example_dynamic_task_mapping.py
[2026-04-25T09:42:53.698+0000] {processor.py:830} INFO - Processing file /usr/local/python/3.12.1/lib/python3.12/site-packages/airflow/example_dags/example_dynamic_task_mapping.py for tasks to queue
[2026-04-25T09:42:53.698+0000] {logging_mixin.py:188} INFO - [2026-04-25T09:42:53.698+0000] {dagbag.py:540} INFO - Filling up the DagBag from /usr/local/python/3.12.1/lib/python3.12/site-packages/airflow/example_dags/example_dynamic_task_mapping.py
[2026-04-25T09:42:53.703+0000] {processor.py:840} INFO - DAG(s) 'example_dynamic_task_mapping' retrieved from /usr/local/python/3.12.1/lib/python3.12/site-packages/airflow/example_dags/example_dynamic_task_mapping.py
[2026-04-25T09:42:53.714+0000] {logging_mixin.py:188} INFO - [2026-04-25T09:42:53.714+0000] {dag.py:3096} INFO - Sync 1 DAGs
[2026-04-25T09:42:53.729+0000] {logging_mixin.py:188} INFO - [2026-04-25T09:42:53.729+0000] {dag.py:3954} INFO - Setting next_dagrun for example_dynamic_task_mapping to 2022-03-04 00:00:00+00:00, run_after=2022-03-05 00:00:00+00:00
[2026-04-25T09:42:53.745+0000] {processor.py:183} INFO - Processing /usr/local/python/3.12.1/lib/python3.12/site-packages/airflow/example_dags/example_dynamic_task_mapping.py took 0.053 seconds
[2026-04-25T09:43:58.113+0000] {processor.py:161} INFO - Started process (PID=28647) to work on /usr/local/python/3.12.1/lib/python3.12/site-packages/airflow/example_dags/example_dynamic_task_mapping.py
[2026-04-25T09:43:58.114+0000] {processor.py:830} INFO - Processing file /usr/local/python/3.12.1/lib/python3.12/site-packages/airflow/example_dags/example_dynamic_task_mapping.py for tasks to queue
[2026-04-25T09:43:58.115+0000] {logging_mixin.py:188} INFO - [2026-04-25T09:43:58.114+0000] {dagbag.py:540} INFO - Filling up the DagBag from /usr/local/python/3.12.1/lib/python3.12/site-packages/airflow/example_dags/example_dynamic_task_mapping.py
[2026-04-25T09:43:58.122+0000] {processor.py:840} INFO - DAG(s) 'example_dynamic_task_mapping' retrieved from /usr/local/python/3.12.1/lib/python3.12/site-packages/airflow/example_dags/example_dynamic_task_mapping.py
[2026-04-25T09:43:58.135+0000] {logging_mixin.py:188} INFO - [2026-04-25T09:43:58.134+0000] {dag.py:3096} INFO - Sync 1 DAGs
[2026-04-25T09:43:58.149+0000] {logging_mixin.py:188} INFO - [2026-04-25T09:43:58.149+0000] {dag.py:3954} INFO - Setting next_dagrun for example_dynamic_task_mapping to 2022-03-04 00:00:00+00:00, run_after=2022-03-05 00:00:00+00:00
[2026-04-25T09:43:58.165+0000] {processor.py:183} INFO - Processing /usr/local/python/3.12.1/lib/python3.12/site-packages/airflow/example_dags/example_dynamic_task_mapping.py took 0.059 seconds
[2026-04-25T09:44:57.234+0000] {processor.py:161} INFO - Started process (PID=29104) to work on /usr/local/python/3.12.1/lib/python3.12/site-packages/airflow/example_dags/example_dynamic_task_mapping.py
[2026-04-25T09:44:57.235+0000] {processor.py:830} INFO - Processing file /usr/local/python/3.12.1/lib/python3.12/site-packages/airflow/example_dags/example_dynamic_task_mapping.py for tasks to queue
[2026-04-25T09:44:57.235+0000] {logging_mixin.py:188} INFO - [2026-04-25T09:44:57.235+0000] {dagbag.py:540} INFO - Filling up the DagBag from /usr/local/python/3.12.1/lib/python3.12/site-packages/airflow/example_dags/example_dynamic_task_mapping.py
[2026-04-25T09:44:57.241+0000] {processor.py:840} INFO - DAG(s) 'example_dynamic_task_mapping' retrieved from /usr/local/python/3.12.1/lib/python3.12/site-packages/airflow/example_dags/example_dynamic_task_mapping.py
[2026-04-25T09:44:57.252+0000] {logging_mixin.py:188} INFO - [2026-04-25T09:44:57.252+0000] {dag.py:3096} INFO - Sync 1 DAGs
[2026-04-25T09:44:57.267+0000] {logging_mixin.py:188} INFO - [2026-04-25T09:44:57.267+0000] {dag.py:3954} INFO - Setting next_dagrun for example_dynamic_task_mapping to 2022-03-04 00:00:00+00:00, run_after=2022-03-05 00:00:00+00:00
[2026-04-25T09:44:57.283+0000] {processor.py:183} INFO - Processing /usr/local/python/3.12.1/lib/python3.12/site-packages/airflow/example_dags/example_dynamic_task_mapping.py took 0.054 seconds
[2026-04-25T09:45:58.274+0000] {processor.py:161} INFO - Started process (PID=29580) to work on /usr/local/python/3.12.1/lib/python3.12/site-packages/airflow/example_dags/example_dynamic_task_mapping.py
[2026-04-25T09:45:58.274+0000] {processor.py:830} INFO - Processing file /usr/local/python/3.12.1/lib/python3.12/site-packages/airflow/example_dags/example_dynamic_task_mapping.py for tasks to queue
[2026-04-25T09:45:58.275+0000] {logging_mixin.py:188} INFO - [2026-04-25T09:45:58.275+0000] {dagbag.py:540} INFO - Filling up the DagBag from /usr/local/python/3.12.1/lib/python3.12/site-packages/airflow/example_dags/example_dynamic_task_mapping.py
[2026-04-25T09:45:58.280+0000] {processor.py:840} INFO - DAG(s) 'example_dynamic_task_mapping' retrieved from /usr/local/python/3.12.1/lib/python3.12/site-packages/airflow/example_dags/example_dynamic_task_mapping.py
[2026-04-25T09:45:58.291+0000] {logging_mixin.py:188} INFO - [2026-04-25T09:45:58.291+0000] {dag.py:3096} INFO - Sync 1 DAGs
[2026-04-25T09:45:58.307+0000] {logging_mixin.py:188} INFO - [2026-04-25T09:45:58.307+0000] {dag.py:3954} INFO - Setting next_dagrun for example_dynamic_task_mapping to 2022-03-04 00:00:00+00:00, run_after=2022-03-05 00:00:00+00:00
[2026-04-25T09:45:58.323+0000] {processor.py:183} INFO - Processing /usr/local/python/3.12.1/lib/python3.12/site-packages/airflow/example_dags/example_dynamic_task_mapping.py took 0.053 seconds
