[2026-04-25T09:06:32.869+0000] {processor.py:161} INFO - Started process (PID=8746) to work on /usr/local/python/3.12.1/lib/python3.12/site-packages/airflow/example_dags/example_branch_day_of_week_operator.py
[2026-04-25T09:06:32.870+0000] {processor.py:830} INFO - Processing file /usr/local/python/3.12.1/lib/python3.12/site-packages/airflow/example_dags/example_branch_day_of_week_operator.py for tasks to queue
[2026-04-25T09:06:32.870+0000] {logging_mixin.py:188} INFO - [2026-04-25T09:06:32.870+0000] {dagbag.py:540} INFO - Filling up the DagBag from /usr/local/python/3.12.1/lib/python3.12/site-packages/airflow/example_dags/example_branch_day_of_week_operator.py
[2026-04-25T09:06:32.880+0000] {processor.py:840} INFO - DAG(s) 'example_weekday_branch_operator' retrieved from /usr/local/python/3.12.1/lib/python3.12/site-packages/airflow/example_dags/example_branch_day_of_week_operator.py
[2026-04-25T09:06:33.035+0000] {logging_mixin.py:188} INFO - [2026-04-25T09:06:33.034+0000] {override.py:1930} INFO - Created Permission View: can delete on DAG:example_weekday_branch_operator
[2026-04-25T09:06:33.051+0000] {logging_mixin.py:188} INFO - [2026-04-25T09:06:33.049+0000] {override.py:1930} INFO - Created Permission View: can edit on DAG:example_weekday_branch_operator
[2026-04-25T09:06:33.085+0000] {logging_mixin.py:188} INFO - [2026-04-25T09:06:33.084+0000] {override.py:1930} INFO - Created Permission View: can read on DAG:example_weekday_branch_operator
[2026-04-25T09:06:33.086+0000] {logging_mixin.py:188} INFO - [2026-04-25T09:06:33.086+0000] {dag.py:3096} INFO - Sync 1 DAGs
[2026-04-25T09:06:33.095+0000] {logging_mixin.py:188} INFO - [2026-04-25T09:06:33.095+0000] {dag.py:3118} INFO - Creating ORM DAG for example_weekday_branch_operator
[2026-04-25T09:06:33.104+0000] {logging_mixin.py:188} INFO - [2026-04-25T09:06:33.104+0000] {dag.py:3954} INFO - Setting next_dagrun for example_weekday_branch_operator to 2026-04-24 00:00:00+00:00, run_after=2026-04-25 00:00:00+00:00
[2026-04-25T09:06:33.121+0000] {processor.py:183} INFO - Processing /usr/local/python/3.12.1/lib/python3.12/site-packages/airflow/example_dags/example_branch_day_of_week_operator.py took 0.256 seconds
[2026-04-25T09:07:25.158+0000] {processor.py:161} INFO - Started process (PID=9192) to work on /usr/local/python/3.12.1/lib/python3.12/site-packages/airflow/example_dags/example_branch_day_of_week_operator.py
[2026-04-25T09:07:25.159+0000] {processor.py:830} INFO - Processing file /usr/local/python/3.12.1/lib/python3.12/site-packages/airflow/example_dags/example_branch_day_of_week_operator.py for tasks to queue
[2026-04-25T09:07:25.160+0000] {logging_mixin.py:188} INFO - [2026-04-25T09:07:25.159+0000] {dagbag.py:540} INFO - Filling up the DagBag from /usr/local/python/3.12.1/lib/python3.12/site-packages/airflow/example_dags/example_branch_day_of_week_operator.py
[2026-04-25T09:07:25.175+0000] {processor.py:840} INFO - DAG(s) 'example_weekday_branch_operator' retrieved from /usr/local/python/3.12.1/lib/python3.12/site-packages/airflow/example_dags/example_branch_day_of_week_operator.py
[2026-04-25T09:07:25.194+0000] {logging_mixin.py:188} INFO - [2026-04-25T09:07:25.194+0000] {dag.py:3096} INFO - Sync 1 DAGs
[2026-04-25T09:07:25.216+0000] {logging_mixin.py:188} INFO - [2026-04-25T09:07:25.216+0000] {dag.py:3954} INFO - Setting next_dagrun for example_weekday_branch_operator to 2026-04-24 00:00:00+00:00, run_after=2026-04-25 00:00:00+00:00
[2026-04-25T09:07:25.246+0000] {processor.py:183} INFO - Processing /usr/local/python/3.12.1/lib/python3.12/site-packages/airflow/example_dags/example_branch_day_of_week_operator.py took 0.092 seconds
[2026-04-25T09:08:30.818+0000] {processor.py:161} INFO - Started process (PID=9833) to work on /usr/local/python/3.12.1/lib/python3.12/site-packages/airflow/example_dags/example_branch_day_of_week_operator.py
[2026-04-25T09:08:30.819+0000] {processor.py:830} INFO - Processing file /usr/local/python/3.12.1/lib/python3.12/site-packages/airflow/example_dags/example_branch_day_of_week_operator.py for tasks to queue
[2026-04-25T09:08:30.820+0000] {logging_mixin.py:188} INFO - [2026-04-25T09:08:30.819+0000] {dagbag.py:540} INFO - Filling up the DagBag from /usr/local/python/3.12.1/lib/python3.12/site-packages/airflow/example_dags/example_branch_day_of_week_operator.py
[2026-04-25T09:08:30.826+0000] {processor.py:840} INFO - DAG(s) 'example_weekday_branch_operator' retrieved from /usr/local/python/3.12.1/lib/python3.12/site-packages/airflow/example_dags/example_branch_day_of_week_operator.py
[2026-04-25T09:08:30.839+0000] {logging_mixin.py:188} INFO - [2026-04-25T09:08:30.839+0000] {dag.py:3096} INFO - Sync 1 DAGs
[2026-04-25T09:08:30.865+0000] {logging_mixin.py:188} INFO - [2026-04-25T09:08:30.864+0000] {dag.py:3954} INFO - Setting next_dagrun for example_weekday_branch_operator to 2026-04-24 00:00:00+00:00, run_after=2026-04-25 00:00:00+00:00
[2026-04-25T09:08:30.882+0000] {processor.py:183} INFO - Processing /usr/local/python/3.12.1/lib/python3.12/site-packages/airflow/example_dags/example_branch_day_of_week_operator.py took 0.068 seconds
[2026-04-25T09:09:32.896+0000] {processor.py:161} INFO - Started process (PID=10711) to work on /usr/local/python/3.12.1/lib/python3.12/site-packages/airflow/example_dags/example_branch_day_of_week_operator.py
[2026-04-25T09:09:32.897+0000] {processor.py:830} INFO - Processing file /usr/local/python/3.12.1/lib/python3.12/site-packages/airflow/example_dags/example_branch_day_of_week_operator.py for tasks to queue
[2026-04-25T09:09:32.898+0000] {logging_mixin.py:188} INFO - [2026-04-25T09:09:32.897+0000] {dagbag.py:540} INFO - Filling up the DagBag from /usr/local/python/3.12.1/lib/python3.12/site-packages/airflow/example_dags/example_branch_day_of_week_operator.py
[2026-04-25T09:09:32.904+0000] {processor.py:840} INFO - DAG(s) 'example_weekday_branch_operator' retrieved from /usr/local/python/3.12.1/lib/python3.12/site-packages/airflow/example_dags/example_branch_day_of_week_operator.py
[2026-04-25T09:09:32.916+0000] {logging_mixin.py:188} INFO - [2026-04-25T09:09:32.916+0000] {dag.py:3096} INFO - Sync 1 DAGs
[2026-04-25T09:09:32.932+0000] {logging_mixin.py:188} INFO - [2026-04-25T09:09:32.932+0000] {dag.py:3954} INFO - Setting next_dagrun for example_weekday_branch_operator to 2026-04-24 00:00:00+00:00, run_after=2026-04-25 00:00:00+00:00
[2026-04-25T09:09:32.949+0000] {processor.py:183} INFO - Processing /usr/local/python/3.12.1/lib/python3.12/site-packages/airflow/example_dags/example_branch_day_of_week_operator.py took 0.057 seconds
[2026-04-25T09:10:34.271+0000] {processor.py:161} INFO - Started process (PID=11300) to work on /usr/local/python/3.12.1/lib/python3.12/site-packages/airflow/example_dags/example_branch_day_of_week_operator.py
[2026-04-25T09:10:34.271+0000] {processor.py:830} INFO - Processing file /usr/local/python/3.12.1/lib/python3.12/site-packages/airflow/example_dags/example_branch_day_of_week_operator.py for tasks to queue
[2026-04-25T09:10:34.272+0000] {logging_mixin.py:188} INFO - [2026-04-25T09:10:34.272+0000] {dagbag.py:540} INFO - Filling up the DagBag from /usr/local/python/3.12.1/lib/python3.12/site-packages/airflow/example_dags/example_branch_day_of_week_operator.py
[2026-04-25T09:10:34.278+0000] {processor.py:840} INFO - DAG(s) 'example_weekday_branch_operator' retrieved from /usr/local/python/3.12.1/lib/python3.12/site-packages/airflow/example_dags/example_branch_day_of_week_operator.py
[2026-04-25T09:10:34.292+0000] {logging_mixin.py:188} INFO - [2026-04-25T09:10:34.291+0000] {dag.py:3096} INFO - Sync 1 DAGs
[2026-04-25T09:10:34.308+0000] {logging_mixin.py:188} INFO - [2026-04-25T09:10:34.307+0000] {dag.py:3954} INFO - Setting next_dagrun for example_weekday_branch_operator to 2026-04-24 00:00:00+00:00, run_after=2026-04-25 00:00:00+00:00
[2026-04-25T09:10:34.325+0000] {processor.py:183} INFO - Processing /usr/local/python/3.12.1/lib/python3.12/site-packages/airflow/example_dags/example_branch_day_of_week_operator.py took 0.059 seconds
[2026-04-25T09:11:39.786+0000] {processor.py:161} INFO - Started process (PID=12567) to work on /usr/local/python/3.12.1/lib/python3.12/site-packages/airflow/example_dags/example_branch_day_of_week_operator.py
[2026-04-25T09:11:39.787+0000] {processor.py:830} INFO - Processing file /usr/local/python/3.12.1/lib/python3.12/site-packages/airflow/example_dags/example_branch_day_of_week_operator.py for tasks to queue
[2026-04-25T09:11:39.787+0000] {logging_mixin.py:188} INFO - [2026-04-25T09:11:39.787+0000] {dagbag.py:540} INFO - Filling up the DagBag from /usr/local/python/3.12.1/lib/python3.12/site-packages/airflow/example_dags/example_branch_day_of_week_operator.py
[2026-04-25T09:11:39.793+0000] {processor.py:840} INFO - DAG(s) 'example_weekday_branch_operator' retrieved from /usr/local/python/3.12.1/lib/python3.12/site-packages/airflow/example_dags/example_branch_day_of_week_operator.py
[2026-04-25T09:11:39.799+0000] {logging_mixin.py:188} INFO - [2026-04-25T09:11:39.799+0000] {dag.py:3096} INFO - Sync 1 DAGs
[2026-04-25T09:11:39.815+0000] {logging_mixin.py:188} INFO - [2026-04-25T09:11:39.815+0000] {dag.py:3954} INFO - Setting next_dagrun for example_weekday_branch_operator to 2026-04-24 00:00:00+00:00, run_after=2026-04-25 00:00:00+00:00
[2026-04-25T09:11:39.832+0000] {processor.py:183} INFO - Processing /usr/local/python/3.12.1/lib/python3.12/site-packages/airflow/example_dags/example_branch_day_of_week_operator.py took 0.050 seconds
[2026-04-25T09:12:14.637+0000] {processor.py:161} INFO - Started process (PID=12877) to work on /usr/local/python/3.12.1/lib/python3.12/site-packages/airflow/example_dags/example_branch_day_of_week_operator.py
[2026-04-25T09:12:14.638+0000] {processor.py:830} INFO - Processing file /usr/local/python/3.12.1/lib/python3.12/site-packages/airflow/example_dags/example_branch_day_of_week_operator.py for tasks to queue
[2026-04-25T09:12:14.639+0000] {logging_mixin.py:188} INFO - [2026-04-25T09:12:14.638+0000] {dagbag.py:540} INFO - Filling up the DagBag from /usr/local/python/3.12.1/lib/python3.12/site-packages/airflow/example_dags/example_branch_day_of_week_operator.py
[2026-04-25T09:12:14.645+0000] {processor.py:840} INFO - DAG(s) 'example_weekday_branch_operator' retrieved from /usr/local/python/3.12.1/lib/python3.12/site-packages/airflow/example_dags/example_branch_day_of_week_operator.py
[2026-04-25T09:12:14.727+0000] {logging_mixin.py:188} INFO - [2026-04-25T09:12:14.727+0000] {dag.py:3096} INFO - Sync 1 DAGs
[2026-04-25T09:12:14.742+0000] {logging_mixin.py:188} INFO - [2026-04-25T09:12:14.742+0000] {dag.py:3954} INFO - Setting next_dagrun for example_weekday_branch_operator to 2026-04-24 00:00:00+00:00, run_after=2026-04-25 00:00:00+00:00
[2026-04-25T09:12:14.759+0000] {processor.py:183} INFO - Processing /usr/local/python/3.12.1/lib/python3.12/site-packages/airflow/example_dags/example_branch_day_of_week_operator.py took 0.126 seconds
[2026-04-25T09:12:47.200+0000] {processor.py:161} INFO - Started process (PID=13367) to work on /usr/local/python/3.12.1/lib/python3.12/site-packages/airflow/example_dags/example_branch_day_of_week_operator.py
[2026-04-25T09:12:47.201+0000] {processor.py:830} INFO - Processing file /usr/local/python/3.12.1/lib/python3.12/site-packages/airflow/example_dags/example_branch_day_of_week_operator.py for tasks to queue
[2026-04-25T09:12:47.201+0000] {logging_mixin.py:188} INFO - [2026-04-25T09:12:47.201+0000] {dagbag.py:540} INFO - Filling up the DagBag from /usr/local/python/3.12.1/lib/python3.12/site-packages/airflow/example_dags/example_branch_day_of_week_operator.py
[2026-04-25T09:12:47.208+0000] {processor.py:840} INFO - DAG(s) 'example_weekday_branch_operator' retrieved from /usr/local/python/3.12.1/lib/python3.12/site-packages/airflow/example_dags/example_branch_day_of_week_operator.py
[2026-04-25T09:12:47.221+0000] {logging_mixin.py:188} INFO - [2026-04-25T09:12:47.221+0000] {dag.py:3096} INFO - Sync 1 DAGs
[2026-04-25T09:12:47.240+0000] {logging_mixin.py:188} INFO - [2026-04-25T09:12:47.240+0000] {dag.py:3954} INFO - Setting next_dagrun for example_weekday_branch_operator to 2026-04-24 00:00:00+00:00, run_after=2026-04-25 00:00:00+00:00
[2026-04-25T09:12:47.257+0000] {processor.py:183} INFO - Processing /usr/local/python/3.12.1/lib/python3.12/site-packages/airflow/example_dags/example_branch_day_of_week_operator.py took 0.061 seconds
[2026-04-25T09:13:16.160+0000] {processor.py:161} INFO - Started process (PID=13650) to work on /usr/local/python/3.12.1/lib/python3.12/site-packages/airflow/example_dags/example_branch_day_of_week_operator.py
[2026-04-25T09:13:16.161+0000] {processor.py:830} INFO - Processing file /usr/local/python/3.12.1/lib/python3.12/site-packages/airflow/example_dags/example_branch_day_of_week_operator.py for tasks to queue
[2026-04-25T09:13:16.162+0000] {logging_mixin.py:188} INFO - [2026-04-25T09:13:16.162+0000] {dagbag.py:540} INFO - Filling up the DagBag from /usr/local/python/3.12.1/lib/python3.12/site-packages/airflow/example_dags/example_branch_day_of_week_operator.py
[2026-04-25T09:13:16.172+0000] {processor.py:840} INFO - DAG(s) 'example_weekday_branch_operator' retrieved from /usr/local/python/3.12.1/lib/python3.12/site-packages/airflow/example_dags/example_branch_day_of_week_operator.py
[2026-04-25T09:13:16.186+0000] {logging_mixin.py:188} INFO - [2026-04-25T09:13:16.186+0000] {dag.py:3096} INFO - Sync 1 DAGs
[2026-04-25T09:13:16.202+0000] {logging_mixin.py:188} INFO - [2026-04-25T09:13:16.202+0000] {dag.py:3954} INFO - Setting next_dagrun for example_weekday_branch_operator to 2026-04-24 00:00:00+00:00, run_after=2026-04-25 00:00:00+00:00
[2026-04-25T09:13:16.220+0000] {processor.py:183} INFO - Processing /usr/local/python/3.12.1/lib/python3.12/site-packages/airflow/example_dags/example_branch_day_of_week_operator.py took 0.066 seconds
[2026-04-25T09:14:27.991+0000] {processor.py:161} INFO - Started process (PID=14679) to work on /usr/local/python/3.12.1/lib/python3.12/site-packages/airflow/example_dags/example_branch_day_of_week_operator.py
[2026-04-25T09:14:27.994+0000] {processor.py:830} INFO - Processing file /usr/local/python/3.12.1/lib/python3.12/site-packages/airflow/example_dags/example_branch_day_of_week_operator.py for tasks to queue
[2026-04-25T09:14:27.998+0000] {logging_mixin.py:188} INFO - [2026-04-25T09:14:27.997+0000] {dagbag.py:540} INFO - Filling up the DagBag from /usr/local/python/3.12.1/lib/python3.12/site-packages/airflow/example_dags/example_branch_day_of_week_operator.py
[2026-04-25T09:14:28.025+0000] {processor.py:840} INFO - DAG(s) 'example_weekday_branch_operator' retrieved from /usr/local/python/3.12.1/lib/python3.12/site-packages/airflow/example_dags/example_branch_day_of_week_operator.py
[2026-04-25T09:14:28.063+0000] {logging_mixin.py:188} INFO - [2026-04-25T09:14:28.063+0000] {dag.py:3096} INFO - Sync 1 DAGs
[2026-04-25T09:14:28.127+0000] {logging_mixin.py:188} INFO - [2026-04-25T09:14:28.127+0000] {dag.py:3954} INFO - Setting next_dagrun for example_weekday_branch_operator to 2026-04-24 00:00:00+00:00, run_after=2026-04-25 00:00:00+00:00
[2026-04-25T09:14:28.346+0000] {processor.py:183} INFO - Processing /usr/local/python/3.12.1/lib/python3.12/site-packages/airflow/example_dags/example_branch_day_of_week_operator.py took 0.363 seconds
[2026-04-25T09:15:24.652+0000] {processor.py:161} INFO - Started process (PID=15124) to work on /usr/local/python/3.12.1/lib/python3.12/site-packages/airflow/example_dags/example_branch_day_of_week_operator.py
[2026-04-25T09:15:24.653+0000] {processor.py:830} INFO - Processing file /usr/local/python/3.12.1/lib/python3.12/site-packages/airflow/example_dags/example_branch_day_of_week_operator.py for tasks to queue
[2026-04-25T09:15:24.653+0000] {logging_mixin.py:188} INFO - [2026-04-25T09:15:24.653+0000] {dagbag.py:540} INFO - Filling up the DagBag from /usr/local/python/3.12.1/lib/python3.12/site-packages/airflow/example_dags/example_branch_day_of_week_operator.py
[2026-04-25T09:15:24.661+0000] {processor.py:840} INFO - DAG(s) 'example_weekday_branch_operator' retrieved from /usr/local/python/3.12.1/lib/python3.12/site-packages/airflow/example_dags/example_branch_day_of_week_operator.py
[2026-04-25T09:15:24.674+0000] {logging_mixin.py:188} INFO - [2026-04-25T09:15:24.673+0000] {dag.py:3096} INFO - Sync 1 DAGs
[2026-04-25T09:15:24.689+0000] {logging_mixin.py:188} INFO - [2026-04-25T09:15:24.689+0000] {dag.py:3954} INFO - Setting next_dagrun for example_weekday_branch_operator to 2026-04-24 00:00:00+00:00, run_after=2026-04-25 00:00:00+00:00
[2026-04-25T09:15:24.706+0000] {processor.py:183} INFO - Processing /usr/local/python/3.12.1/lib/python3.12/site-packages/airflow/example_dags/example_branch_day_of_week_operator.py took 0.060 seconds
[2026-04-25T09:16:20.805+0000] {processor.py:161} INFO - Started process (PID=15758) to work on /usr/local/python/3.12.1/lib/python3.12/site-packages/airflow/example_dags/example_branch_day_of_week_operator.py
[2026-04-25T09:16:20.808+0000] {processor.py:830} INFO - Processing file /usr/local/python/3.12.1/lib/python3.12/site-packages/airflow/example_dags/example_branch_day_of_week_operator.py for tasks to queue
[2026-04-25T09:16:20.809+0000] {logging_mixin.py:188} INFO - [2026-04-25T09:16:20.809+0000] {dagbag.py:540} INFO - Filling up the DagBag from /usr/local/python/3.12.1/lib/python3.12/site-packages/airflow/example_dags/example_branch_day_of_week_operator.py
[2026-04-25T09:16:20.836+0000] {processor.py:840} INFO - DAG(s) 'example_weekday_branch_operator' retrieved from /usr/local/python/3.12.1/lib/python3.12/site-packages/airflow/example_dags/example_branch_day_of_week_operator.py
[2026-04-25T09:16:20.892+0000] {logging_mixin.py:188} INFO - [2026-04-25T09:16:20.891+0000] {dag.py:3096} INFO - Sync 1 DAGs
[2026-04-25T09:16:20.963+0000] {logging_mixin.py:188} INFO - [2026-04-25T09:16:20.963+0000] {dag.py:3954} INFO - Setting next_dagrun for example_weekday_branch_operator to 2026-04-24 00:00:00+00:00, run_after=2026-04-25 00:00:00+00:00
[2026-04-25T09:16:20.994+0000] {processor.py:183} INFO - Processing /usr/local/python/3.12.1/lib/python3.12/site-packages/airflow/example_dags/example_branch_day_of_week_operator.py took 0.216 seconds
[2026-04-25T09:17:26.368+0000] {processor.py:161} INFO - Started process (PID=16356) to work on /usr/local/python/3.12.1/lib/python3.12/site-packages/airflow/example_dags/example_branch_day_of_week_operator.py
[2026-04-25T09:17:26.368+0000] {processor.py:830} INFO - Processing file /usr/local/python/3.12.1/lib/python3.12/site-packages/airflow/example_dags/example_branch_day_of_week_operator.py for tasks to queue
[2026-04-25T09:17:26.369+0000] {logging_mixin.py:188} INFO - [2026-04-25T09:17:26.369+0000] {dagbag.py:540} INFO - Filling up the DagBag from /usr/local/python/3.12.1/lib/python3.12/site-packages/airflow/example_dags/example_branch_day_of_week_operator.py
[2026-04-25T09:17:26.376+0000] {processor.py:840} INFO - DAG(s) 'example_weekday_branch_operator' retrieved from /usr/local/python/3.12.1/lib/python3.12/site-packages/airflow/example_dags/example_branch_day_of_week_operator.py
[2026-04-25T09:17:26.462+0000] {logging_mixin.py:188} INFO - [2026-04-25T09:17:26.462+0000] {dag.py:3096} INFO - Sync 1 DAGs
[2026-04-25T09:17:26.476+0000] {logging_mixin.py:188} INFO - [2026-04-25T09:17:26.476+0000] {dag.py:3954} INFO - Setting next_dagrun for example_weekday_branch_operator to 2026-04-24 00:00:00+00:00, run_after=2026-04-25 00:00:00+00:00
[2026-04-25T09:17:26.516+0000] {processor.py:183} INFO - Processing /usr/local/python/3.12.1/lib/python3.12/site-packages/airflow/example_dags/example_branch_day_of_week_operator.py took 0.153 seconds
[2026-04-25T09:18:35.795+0000] {processor.py:161} INFO - Started process (PID=16888) to work on /usr/local/python/3.12.1/lib/python3.12/site-packages/airflow/example_dags/example_branch_day_of_week_operator.py
[2026-04-25T09:18:35.796+0000] {processor.py:830} INFO - Processing file /usr/local/python/3.12.1/lib/python3.12/site-packages/airflow/example_dags/example_branch_day_of_week_operator.py for tasks to queue
[2026-04-25T09:18:35.796+0000] {logging_mixin.py:188} INFO - [2026-04-25T09:18:35.796+0000] {dagbag.py:540} INFO - Filling up the DagBag from /usr/local/python/3.12.1/lib/python3.12/site-packages/airflow/example_dags/example_branch_day_of_week_operator.py
[2026-04-25T09:18:35.803+0000] {processor.py:840} INFO - DAG(s) 'example_weekday_branch_operator' retrieved from /usr/local/python/3.12.1/lib/python3.12/site-packages/airflow/example_dags/example_branch_day_of_week_operator.py
[2026-04-25T09:18:35.816+0000] {logging_mixin.py:188} INFO - [2026-04-25T09:18:35.815+0000] {dag.py:3096} INFO - Sync 1 DAGs
[2026-04-25T09:18:35.831+0000] {logging_mixin.py:188} INFO - [2026-04-25T09:18:35.830+0000] {dag.py:3954} INFO - Setting next_dagrun for example_weekday_branch_operator to 2026-04-24 00:00:00+00:00, run_after=2026-04-25 00:00:00+00:00
[2026-04-25T09:18:35.847+0000] {processor.py:183} INFO - Processing /usr/local/python/3.12.1/lib/python3.12/site-packages/airflow/example_dags/example_branch_day_of_week_operator.py took 0.056 seconds
[2026-04-25T09:19:29.897+0000] {processor.py:161} INFO - Started process (PID=17318) to work on /usr/local/python/3.12.1/lib/python3.12/site-packages/airflow/example_dags/example_branch_day_of_week_operator.py
[2026-04-25T09:19:29.898+0000] {processor.py:830} INFO - Processing file /usr/local/python/3.12.1/lib/python3.12/site-packages/airflow/example_dags/example_branch_day_of_week_operator.py for tasks to queue
[2026-04-25T09:19:29.898+0000] {logging_mixin.py:188} INFO - [2026-04-25T09:19:29.898+0000] {dagbag.py:540} INFO - Filling up the DagBag from /usr/local/python/3.12.1/lib/python3.12/site-packages/airflow/example_dags/example_branch_day_of_week_operator.py
[2026-04-25T09:19:29.905+0000] {processor.py:840} INFO - DAG(s) 'example_weekday_branch_operator' retrieved from /usr/local/python/3.12.1/lib/python3.12/site-packages/airflow/example_dags/example_branch_day_of_week_operator.py
[2026-04-25T09:19:29.919+0000] {logging_mixin.py:188} INFO - [2026-04-25T09:19:29.918+0000] {dag.py:3096} INFO - Sync 1 DAGs
[2026-04-25T09:19:29.934+0000] {logging_mixin.py:188} INFO - [2026-04-25T09:19:29.934+0000] {dag.py:3954} INFO - Setting next_dagrun for example_weekday_branch_operator to 2026-04-24 00:00:00+00:00, run_after=2026-04-25 00:00:00+00:00
[2026-04-25T09:19:29.951+0000] {processor.py:183} INFO - Processing /usr/local/python/3.12.1/lib/python3.12/site-packages/airflow/example_dags/example_branch_day_of_week_operator.py took 0.058 seconds
[2026-04-25T09:20:27.432+0000] {processor.py:161} INFO - Started process (PID=17747) to work on /usr/local/python/3.12.1/lib/python3.12/site-packages/airflow/example_dags/example_branch_day_of_week_operator.py
[2026-04-25T09:20:27.433+0000] {processor.py:830} INFO - Processing file /usr/local/python/3.12.1/lib/python3.12/site-packages/airflow/example_dags/example_branch_day_of_week_operator.py for tasks to queue
[2026-04-25T09:20:27.434+0000] {logging_mixin.py:188} INFO - [2026-04-25T09:20:27.433+0000] {dagbag.py:540} INFO - Filling up the DagBag from /usr/local/python/3.12.1/lib/python3.12/site-packages/airflow/example_dags/example_branch_day_of_week_operator.py
[2026-04-25T09:20:27.440+0000] {processor.py:840} INFO - DAG(s) 'example_weekday_branch_operator' retrieved from /usr/local/python/3.12.1/lib/python3.12/site-packages/airflow/example_dags/example_branch_day_of_week_operator.py
[2026-04-25T09:20:27.453+0000] {logging_mixin.py:188} INFO - [2026-04-25T09:20:27.453+0000] {dag.py:3096} INFO - Sync 1 DAGs
[2026-04-25T09:20:27.475+0000] {logging_mixin.py:188} INFO - [2026-04-25T09:20:27.475+0000] {dag.py:3954} INFO - Setting next_dagrun for example_weekday_branch_operator to 2026-04-24 00:00:00+00:00, run_after=2026-04-25 00:00:00+00:00
[2026-04-25T09:20:27.493+0000] {processor.py:183} INFO - Processing /usr/local/python/3.12.1/lib/python3.12/site-packages/airflow/example_dags/example_branch_day_of_week_operator.py took 0.065 seconds
[2026-04-25T09:21:23.080+0000] {processor.py:161} INFO - Started process (PID=18186) to work on /usr/local/python/3.12.1/lib/python3.12/site-packages/airflow/example_dags/example_branch_day_of_week_operator.py
[2026-04-25T09:21:23.081+0000] {processor.py:830} INFO - Processing file /usr/local/python/3.12.1/lib/python3.12/site-packages/airflow/example_dags/example_branch_day_of_week_operator.py for tasks to queue
[2026-04-25T09:21:23.082+0000] {logging_mixin.py:188} INFO - [2026-04-25T09:21:23.081+0000] {dagbag.py:540} INFO - Filling up the DagBag from /usr/local/python/3.12.1/lib/python3.12/site-packages/airflow/example_dags/example_branch_day_of_week_operator.py
[2026-04-25T09:21:23.090+0000] {processor.py:840} INFO - DAG(s) 'example_weekday_branch_operator' retrieved from /usr/local/python/3.12.1/lib/python3.12/site-packages/airflow/example_dags/example_branch_day_of_week_operator.py
[2026-04-25T09:21:23.104+0000] {logging_mixin.py:188} INFO - [2026-04-25T09:21:23.104+0000] {dag.py:3096} INFO - Sync 1 DAGs
[2026-04-25T09:21:23.123+0000] {logging_mixin.py:188} INFO - [2026-04-25T09:21:23.122+0000] {dag.py:3954} INFO - Setting next_dagrun for example_weekday_branch_operator to 2026-04-24 00:00:00+00:00, run_after=2026-04-25 00:00:00+00:00
[2026-04-25T09:21:23.141+0000] {processor.py:183} INFO - Processing /usr/local/python/3.12.1/lib/python3.12/site-packages/airflow/example_dags/example_branch_day_of_week_operator.py took 0.065 seconds
[2026-04-25T09:22:22.852+0000] {processor.py:161} INFO - Started process (PID=18645) to work on /usr/local/python/3.12.1/lib/python3.12/site-packages/airflow/example_dags/example_branch_day_of_week_operator.py
[2026-04-25T09:22:22.853+0000] {processor.py:830} INFO - Processing file /usr/local/python/3.12.1/lib/python3.12/site-packages/airflow/example_dags/example_branch_day_of_week_operator.py for tasks to queue
[2026-04-25T09:22:22.854+0000] {logging_mixin.py:188} INFO - [2026-04-25T09:22:22.853+0000] {dagbag.py:540} INFO - Filling up the DagBag from /usr/local/python/3.12.1/lib/python3.12/site-packages/airflow/example_dags/example_branch_day_of_week_operator.py
[2026-04-25T09:22:22.863+0000] {processor.py:840} INFO - DAG(s) 'example_weekday_branch_operator' retrieved from /usr/local/python/3.12.1/lib/python3.12/site-packages/airflow/example_dags/example_branch_day_of_week_operator.py
[2026-04-25T09:22:22.878+0000] {logging_mixin.py:188} INFO - [2026-04-25T09:22:22.877+0000] {dag.py:3096} INFO - Sync 1 DAGs
[2026-04-25T09:22:22.893+0000] {logging_mixin.py:188} INFO - [2026-04-25T09:22:22.892+0000] {dag.py:3954} INFO - Setting next_dagrun for example_weekday_branch_operator to 2026-04-24 00:00:00+00:00, run_after=2026-04-25 00:00:00+00:00
[2026-04-25T09:22:22.908+0000] {processor.py:183} INFO - Processing /usr/local/python/3.12.1/lib/python3.12/site-packages/airflow/example_dags/example_branch_day_of_week_operator.py took 0.065 seconds
[2026-04-25T09:23:21.215+0000] {processor.py:161} INFO - Started process (PID=19090) to work on /usr/local/python/3.12.1/lib/python3.12/site-packages/airflow/example_dags/example_branch_day_of_week_operator.py
[2026-04-25T09:23:21.215+0000] {processor.py:830} INFO - Processing file /usr/local/python/3.12.1/lib/python3.12/site-packages/airflow/example_dags/example_branch_day_of_week_operator.py for tasks to queue
[2026-04-25T09:23:21.216+0000] {logging_mixin.py:188} INFO - [2026-04-25T09:23:21.216+0000] {dagbag.py:540} INFO - Filling up the DagBag from /usr/local/python/3.12.1/lib/python3.12/site-packages/airflow/example_dags/example_branch_day_of_week_operator.py
[2026-04-25T09:23:21.222+0000] {processor.py:840} INFO - DAG(s) 'example_weekday_branch_operator' retrieved from /usr/local/python/3.12.1/lib/python3.12/site-packages/airflow/example_dags/example_branch_day_of_week_operator.py
[2026-04-25T09:23:21.234+0000] {logging_mixin.py:188} INFO - [2026-04-25T09:23:21.234+0000] {dag.py:3096} INFO - Sync 1 DAGs
[2026-04-25T09:23:21.249+0000] {logging_mixin.py:188} INFO - [2026-04-25T09:23:21.249+0000] {dag.py:3954} INFO - Setting next_dagrun for example_weekday_branch_operator to 2026-04-24 00:00:00+00:00, run_after=2026-04-25 00:00:00+00:00
[2026-04-25T09:23:21.265+0000] {processor.py:183} INFO - Processing /usr/local/python/3.12.1/lib/python3.12/site-packages/airflow/example_dags/example_branch_day_of_week_operator.py took 0.055 seconds
[2026-04-25T09:24:18.980+0000] {processor.py:161} INFO - Started process (PID=19542) to work on /usr/local/python/3.12.1/lib/python3.12/site-packages/airflow/example_dags/example_branch_day_of_week_operator.py
[2026-04-25T09:24:18.981+0000] {processor.py:830} INFO - Processing file /usr/local/python/3.12.1/lib/python3.12/site-packages/airflow/example_dags/example_branch_day_of_week_operator.py for tasks to queue
[2026-04-25T09:24:18.981+0000] {logging_mixin.py:188} INFO - [2026-04-25T09:24:18.981+0000] {dagbag.py:540} INFO - Filling up the DagBag from /usr/local/python/3.12.1/lib/python3.12/site-packages/airflow/example_dags/example_branch_day_of_week_operator.py
[2026-04-25T09:24:18.987+0000] {processor.py:840} INFO - DAG(s) 'example_weekday_branch_operator' retrieved from /usr/local/python/3.12.1/lib/python3.12/site-packages/airflow/example_dags/example_branch_day_of_week_operator.py
[2026-04-25T09:24:19.000+0000] {logging_mixin.py:188} INFO - [2026-04-25T09:24:19.000+0000] {dag.py:3096} INFO - Sync 1 DAGs
[2026-04-25T09:24:19.015+0000] {logging_mixin.py:188} INFO - [2026-04-25T09:24:19.015+0000] {dag.py:3954} INFO - Setting next_dagrun for example_weekday_branch_operator to 2026-04-24 00:00:00+00:00, run_after=2026-04-25 00:00:00+00:00
[2026-04-25T09:24:19.031+0000] {processor.py:183} INFO - Processing /usr/local/python/3.12.1/lib/python3.12/site-packages/airflow/example_dags/example_branch_day_of_week_operator.py took 0.055 seconds
[2026-04-25T09:25:19.331+0000] {processor.py:161} INFO - Started process (PID=20010) to work on /usr/local/python/3.12.1/lib/python3.12/site-packages/airflow/example_dags/example_branch_day_of_week_operator.py
[2026-04-25T09:25:19.332+0000] {processor.py:830} INFO - Processing file /usr/local/python/3.12.1/lib/python3.12/site-packages/airflow/example_dags/example_branch_day_of_week_operator.py for tasks to queue
[2026-04-25T09:25:19.332+0000] {logging_mixin.py:188} INFO - [2026-04-25T09:25:19.332+0000] {dagbag.py:540} INFO - Filling up the DagBag from /usr/local/python/3.12.1/lib/python3.12/site-packages/airflow/example_dags/example_branch_day_of_week_operator.py
[2026-04-25T09:25:19.339+0000] {processor.py:840} INFO - DAG(s) 'example_weekday_branch_operator' retrieved from /usr/local/python/3.12.1/lib/python3.12/site-packages/airflow/example_dags/example_branch_day_of_week_operator.py
[2026-04-25T09:25:19.351+0000] {logging_mixin.py:188} INFO - [2026-04-25T09:25:19.351+0000] {dag.py:3096} INFO - Sync 1 DAGs
[2026-04-25T09:25:19.366+0000] {logging_mixin.py:188} INFO - [2026-04-25T09:25:19.366+0000] {dag.py:3954} INFO - Setting next_dagrun for example_weekday_branch_operator to 2026-04-24 00:00:00+00:00, run_after=2026-04-25 00:00:00+00:00
[2026-04-25T09:25:19.382+0000] {processor.py:183} INFO - Processing /usr/local/python/3.12.1/lib/python3.12/site-packages/airflow/example_dags/example_branch_day_of_week_operator.py took 0.055 seconds
[2026-04-25T09:26:14.780+0000] {processor.py:161} INFO - Started process (PID=20453) to work on /usr/local/python/3.12.1/lib/python3.12/site-packages/airflow/example_dags/example_branch_day_of_week_operator.py
[2026-04-25T09:26:14.781+0000] {processor.py:830} INFO - Processing file /usr/local/python/3.12.1/lib/python3.12/site-packages/airflow/example_dags/example_branch_day_of_week_operator.py for tasks to queue
[2026-04-25T09:26:14.781+0000] {logging_mixin.py:188} INFO - [2026-04-25T09:26:14.781+0000] {dagbag.py:540} INFO - Filling up the DagBag from /usr/local/python/3.12.1/lib/python3.12/site-packages/airflow/example_dags/example_branch_day_of_week_operator.py
[2026-04-25T09:26:14.790+0000] {processor.py:840} INFO - DAG(s) 'example_weekday_branch_operator' retrieved from /usr/local/python/3.12.1/lib/python3.12/site-packages/airflow/example_dags/example_branch_day_of_week_operator.py
[2026-04-25T09:26:14.804+0000] {logging_mixin.py:188} INFO - [2026-04-25T09:26:14.804+0000] {dag.py:3096} INFO - Sync 1 DAGs
[2026-04-25T09:26:14.820+0000] {logging_mixin.py:188} INFO - [2026-04-25T09:26:14.819+0000] {dag.py:3954} INFO - Setting next_dagrun for example_weekday_branch_operator to 2026-04-24 00:00:00+00:00, run_after=2026-04-25 00:00:00+00:00
[2026-04-25T09:26:14.837+0000] {processor.py:183} INFO - Processing /usr/local/python/3.12.1/lib/python3.12/site-packages/airflow/example_dags/example_branch_day_of_week_operator.py took 0.061 seconds
[2026-04-25T09:27:15.888+0000] {processor.py:161} INFO - Started process (PID=20925) to work on /usr/local/python/3.12.1/lib/python3.12/site-packages/airflow/example_dags/example_branch_day_of_week_operator.py
[2026-04-25T09:27:15.888+0000] {processor.py:830} INFO - Processing file /usr/local/python/3.12.1/lib/python3.12/site-packages/airflow/example_dags/example_branch_day_of_week_operator.py for tasks to queue
[2026-04-25T09:27:15.889+0000] {logging_mixin.py:188} INFO - [2026-04-25T09:27:15.889+0000] {dagbag.py:540} INFO - Filling up the DagBag from /usr/local/python/3.12.1/lib/python3.12/site-packages/airflow/example_dags/example_branch_day_of_week_operator.py
[2026-04-25T09:27:15.895+0000] {processor.py:840} INFO - DAG(s) 'example_weekday_branch_operator' retrieved from /usr/local/python/3.12.1/lib/python3.12/site-packages/airflow/example_dags/example_branch_day_of_week_operator.py
[2026-04-25T09:27:15.908+0000] {logging_mixin.py:188} INFO - [2026-04-25T09:27:15.908+0000] {dag.py:3096} INFO - Sync 1 DAGs
[2026-04-25T09:27:15.923+0000] {logging_mixin.py:188} INFO - [2026-04-25T09:27:15.923+0000] {dag.py:3954} INFO - Setting next_dagrun for example_weekday_branch_operator to 2026-04-24 00:00:00+00:00, run_after=2026-04-25 00:00:00+00:00
[2026-04-25T09:27:15.942+0000] {processor.py:183} INFO - Processing /usr/local/python/3.12.1/lib/python3.12/site-packages/airflow/example_dags/example_branch_day_of_week_operator.py took 0.058 seconds
[2026-04-25T09:28:20.251+0000] {processor.py:161} INFO - Started process (PID=21406) to work on /usr/local/python/3.12.1/lib/python3.12/site-packages/airflow/example_dags/example_branch_day_of_week_operator.py
[2026-04-25T09:28:20.251+0000] {processor.py:830} INFO - Processing file /usr/local/python/3.12.1/lib/python3.12/site-packages/airflow/example_dags/example_branch_day_of_week_operator.py for tasks to queue
[2026-04-25T09:28:20.252+0000] {logging_mixin.py:188} INFO - [2026-04-25T09:28:20.252+0000] {dagbag.py:540} INFO - Filling up the DagBag from /usr/local/python/3.12.1/lib/python3.12/site-packages/airflow/example_dags/example_branch_day_of_week_operator.py
[2026-04-25T09:28:20.258+0000] {processor.py:840} INFO - DAG(s) 'example_weekday_branch_operator' retrieved from /usr/local/python/3.12.1/lib/python3.12/site-packages/airflow/example_dags/example_branch_day_of_week_operator.py
[2026-04-25T09:28:20.270+0000] {logging_mixin.py:188} INFO - [2026-04-25T09:28:20.270+0000] {dag.py:3096} INFO - Sync 1 DAGs
[2026-04-25T09:28:20.285+0000] {logging_mixin.py:188} INFO - [2026-04-25T09:28:20.285+0000] {dag.py:3954} INFO - Setting next_dagrun for example_weekday_branch_operator to 2026-04-24 00:00:00+00:00, run_after=2026-04-25 00:00:00+00:00
[2026-04-25T09:28:20.301+0000] {processor.py:183} INFO - Processing /usr/local/python/3.12.1/lib/python3.12/site-packages/airflow/example_dags/example_branch_day_of_week_operator.py took 0.055 seconds
[2026-04-25T09:29:21.845+0000] {processor.py:161} INFO - Started process (PID=21890) to work on /usr/local/python/3.12.1/lib/python3.12/site-packages/airflow/example_dags/example_branch_day_of_week_operator.py
[2026-04-25T09:29:21.845+0000] {processor.py:830} INFO - Processing file /usr/local/python/3.12.1/lib/python3.12/site-packages/airflow/example_dags/example_branch_day_of_week_operator.py for tasks to queue
[2026-04-25T09:29:21.846+0000] {logging_mixin.py:188} INFO - [2026-04-25T09:29:21.846+0000] {dagbag.py:540} INFO - Filling up the DagBag from /usr/local/python/3.12.1/lib/python3.12/site-packages/airflow/example_dags/example_branch_day_of_week_operator.py
[2026-04-25T09:29:21.853+0000] {processor.py:840} INFO - DAG(s) 'example_weekday_branch_operator' retrieved from /usr/local/python/3.12.1/lib/python3.12/site-packages/airflow/example_dags/example_branch_day_of_week_operator.py
[2026-04-25T09:29:21.865+0000] {logging_mixin.py:188} INFO - [2026-04-25T09:29:21.865+0000] {dag.py:3096} INFO - Sync 1 DAGs
[2026-04-25T09:29:21.880+0000] {logging_mixin.py:188} INFO - [2026-04-25T09:29:21.880+0000] {dag.py:3954} INFO - Setting next_dagrun for example_weekday_branch_operator to 2026-04-24 00:00:00+00:00, run_after=2026-04-25 00:00:00+00:00
[2026-04-25T09:29:21.896+0000] {processor.py:183} INFO - Processing /usr/local/python/3.12.1/lib/python3.12/site-packages/airflow/example_dags/example_branch_day_of_week_operator.py took 0.055 seconds
[2026-04-25T09:30:18.443+0000] {processor.py:161} INFO - Started process (PID=22311) to work on /usr/local/python/3.12.1/lib/python3.12/site-packages/airflow/example_dags/example_branch_day_of_week_operator.py
[2026-04-25T09:30:18.444+0000] {processor.py:830} INFO - Processing file /usr/local/python/3.12.1/lib/python3.12/site-packages/airflow/example_dags/example_branch_day_of_week_operator.py for tasks to queue
[2026-04-25T09:30:18.445+0000] {logging_mixin.py:188} INFO - [2026-04-25T09:30:18.444+0000] {dagbag.py:540} INFO - Filling up the DagBag from /usr/local/python/3.12.1/lib/python3.12/site-packages/airflow/example_dags/example_branch_day_of_week_operator.py
[2026-04-25T09:30:18.451+0000] {processor.py:840} INFO - DAG(s) 'example_weekday_branch_operator' retrieved from /usr/local/python/3.12.1/lib/python3.12/site-packages/airflow/example_dags/example_branch_day_of_week_operator.py
[2026-04-25T09:30:18.463+0000] {logging_mixin.py:188} INFO - [2026-04-25T09:30:18.463+0000] {dag.py:3096} INFO - Sync 1 DAGs
[2026-04-25T09:30:18.478+0000] {logging_mixin.py:188} INFO - [2026-04-25T09:30:18.478+0000] {dag.py:3954} INFO - Setting next_dagrun for example_weekday_branch_operator to 2026-04-24 00:00:00+00:00, run_after=2026-04-25 00:00:00+00:00
[2026-04-25T09:30:18.494+0000] {processor.py:183} INFO - Processing /usr/local/python/3.12.1/lib/python3.12/site-packages/airflow/example_dags/example_branch_day_of_week_operator.py took 0.055 seconds
[2026-04-25T09:31:27.131+0000] {processor.py:161} INFO - Started process (PID=22847) to work on /usr/local/python/3.12.1/lib/python3.12/site-packages/airflow/example_dags/example_branch_day_of_week_operator.py
[2026-04-25T09:31:27.132+0000] {processor.py:830} INFO - Processing file /usr/local/python/3.12.1/lib/python3.12/site-packages/airflow/example_dags/example_branch_day_of_week_operator.py for tasks to queue
[2026-04-25T09:31:27.132+0000] {logging_mixin.py:188} INFO - [2026-04-25T09:31:27.132+0000] {dagbag.py:540} INFO - Filling up the DagBag from /usr/local/python/3.12.1/lib/python3.12/site-packages/airflow/example_dags/example_branch_day_of_week_operator.py
[2026-04-25T09:31:27.138+0000] {processor.py:840} INFO - DAG(s) 'example_weekday_branch_operator' retrieved from /usr/local/python/3.12.1/lib/python3.12/site-packages/airflow/example_dags/example_branch_day_of_week_operator.py
[2026-04-25T09:31:27.150+0000] {logging_mixin.py:188} INFO - [2026-04-25T09:31:27.150+0000] {dag.py:3096} INFO - Sync 1 DAGs
[2026-04-25T09:31:27.165+0000] {logging_mixin.py:188} INFO - [2026-04-25T09:31:27.165+0000] {dag.py:3954} INFO - Setting next_dagrun for example_weekday_branch_operator to 2026-04-24 00:00:00+00:00, run_after=2026-04-25 00:00:00+00:00
[2026-04-25T09:31:27.181+0000] {processor.py:183} INFO - Processing /usr/local/python/3.12.1/lib/python3.12/site-packages/airflow/example_dags/example_branch_day_of_week_operator.py took 0.054 seconds
[2026-04-25T09:32:31.047+0000] {processor.py:161} INFO - Started process (PID=23324) to work on /usr/local/python/3.12.1/lib/python3.12/site-packages/airflow/example_dags/example_branch_day_of_week_operator.py
[2026-04-25T09:32:31.048+0000] {processor.py:830} INFO - Processing file /usr/local/python/3.12.1/lib/python3.12/site-packages/airflow/example_dags/example_branch_day_of_week_operator.py for tasks to queue
[2026-04-25T09:32:31.049+0000] {logging_mixin.py:188} INFO - [2026-04-25T09:32:31.048+0000] {dagbag.py:540} INFO - Filling up the DagBag from /usr/local/python/3.12.1/lib/python3.12/site-packages/airflow/example_dags/example_branch_day_of_week_operator.py
[2026-04-25T09:32:31.058+0000] {processor.py:840} INFO - DAG(s) 'example_weekday_branch_operator' retrieved from /usr/local/python/3.12.1/lib/python3.12/site-packages/airflow/example_dags/example_branch_day_of_week_operator.py
[2026-04-25T09:32:31.074+0000] {logging_mixin.py:188} INFO - [2026-04-25T09:32:31.074+0000] {dag.py:3096} INFO - Sync 1 DAGs
[2026-04-25T09:32:31.091+0000] {logging_mixin.py:188} INFO - [2026-04-25T09:32:31.091+0000] {dag.py:3954} INFO - Setting next_dagrun for example_weekday_branch_operator to 2026-04-24 00:00:00+00:00, run_after=2026-04-25 00:00:00+00:00
[2026-04-25T09:32:31.107+0000] {processor.py:183} INFO - Processing /usr/local/python/3.12.1/lib/python3.12/site-packages/airflow/example_dags/example_branch_day_of_week_operator.py took 0.064 seconds
[2026-04-25T09:33:39.149+0000] {processor.py:161} INFO - Started process (PID=23857) to work on /usr/local/python/3.12.1/lib/python3.12/site-packages/airflow/example_dags/example_branch_day_of_week_operator.py
[2026-04-25T09:33:39.150+0000] {processor.py:830} INFO - Processing file /usr/local/python/3.12.1/lib/python3.12/site-packages/airflow/example_dags/example_branch_day_of_week_operator.py for tasks to queue
[2026-04-25T09:33:39.151+0000] {logging_mixin.py:188} INFO - [2026-04-25T09:33:39.150+0000] {dagbag.py:540} INFO - Filling up the DagBag from /usr/local/python/3.12.1/lib/python3.12/site-packages/airflow/example_dags/example_branch_day_of_week_operator.py
[2026-04-25T09:33:39.157+0000] {processor.py:840} INFO - DAG(s) 'example_weekday_branch_operator' retrieved from /usr/local/python/3.12.1/lib/python3.12/site-packages/airflow/example_dags/example_branch_day_of_week_operator.py
[2026-04-25T09:33:39.170+0000] {logging_mixin.py:188} INFO - [2026-04-25T09:33:39.170+0000] {dag.py:3096} INFO - Sync 1 DAGs
[2026-04-25T09:33:39.185+0000] {logging_mixin.py:188} INFO - [2026-04-25T09:33:39.185+0000] {dag.py:3954} INFO - Setting next_dagrun for example_weekday_branch_operator to 2026-04-24 00:00:00+00:00, run_after=2026-04-25 00:00:00+00:00
[2026-04-25T09:33:39.202+0000] {processor.py:183} INFO - Processing /usr/local/python/3.12.1/lib/python3.12/site-packages/airflow/example_dags/example_branch_day_of_week_operator.py took 0.057 seconds
[2026-04-25T09:34:40.430+0000] {processor.py:161} INFO - Started process (PID=24332) to work on /usr/local/python/3.12.1/lib/python3.12/site-packages/airflow/example_dags/example_branch_day_of_week_operator.py
[2026-04-25T09:34:40.431+0000] {processor.py:830} INFO - Processing file /usr/local/python/3.12.1/lib/python3.12/site-packages/airflow/example_dags/example_branch_day_of_week_operator.py for tasks to queue
[2026-04-25T09:34:40.432+0000] {logging_mixin.py:188} INFO - [2026-04-25T09:34:40.432+0000] {dagbag.py:540} INFO - Filling up the DagBag from /usr/local/python/3.12.1/lib/python3.12/site-packages/airflow/example_dags/example_branch_day_of_week_operator.py
[2026-04-25T09:34:40.438+0000] {processor.py:840} INFO - DAG(s) 'example_weekday_branch_operator' retrieved from /usr/local/python/3.12.1/lib/python3.12/site-packages/airflow/example_dags/example_branch_day_of_week_operator.py
[2026-04-25T09:34:40.451+0000] {logging_mixin.py:188} INFO - [2026-04-25T09:34:40.451+0000] {dag.py:3096} INFO - Sync 1 DAGs
[2026-04-25T09:34:40.467+0000] {logging_mixin.py:188} INFO - [2026-04-25T09:34:40.467+0000] {dag.py:3954} INFO - Setting next_dagrun for example_weekday_branch_operator to 2026-04-24 00:00:00+00:00, run_after=2026-04-25 00:00:00+00:00
[2026-04-25T09:34:40.484+0000] {processor.py:183} INFO - Processing /usr/local/python/3.12.1/lib/python3.12/site-packages/airflow/example_dags/example_branch_day_of_week_operator.py took 0.058 seconds
[2026-04-25T09:35:37.532+0000] {processor.py:161} INFO - Started process (PID=24774) to work on /usr/local/python/3.12.1/lib/python3.12/site-packages/airflow/example_dags/example_branch_day_of_week_operator.py
[2026-04-25T09:35:37.533+0000] {processor.py:830} INFO - Processing file /usr/local/python/3.12.1/lib/python3.12/site-packages/airflow/example_dags/example_branch_day_of_week_operator.py for tasks to queue
[2026-04-25T09:35:37.533+0000] {logging_mixin.py:188} INFO - [2026-04-25T09:35:37.533+0000] {dagbag.py:540} INFO - Filling up the DagBag from /usr/local/python/3.12.1/lib/python3.12/site-packages/airflow/example_dags/example_branch_day_of_week_operator.py
[2026-04-25T09:35:37.540+0000] {processor.py:840} INFO - DAG(s) 'example_weekday_branch_operator' retrieved from /usr/local/python/3.12.1/lib/python3.12/site-packages/airflow/example_dags/example_branch_day_of_week_operator.py
[2026-04-25T09:35:37.553+0000] {logging_mixin.py:188} INFO - [2026-04-25T09:35:37.553+0000] {dag.py:3096} INFO - Sync 1 DAGs
[2026-04-25T09:35:37.568+0000] {logging_mixin.py:188} INFO - [2026-04-25T09:35:37.568+0000] {dag.py:3954} INFO - Setting next_dagrun for example_weekday_branch_operator to 2026-04-24 00:00:00+00:00, run_after=2026-04-25 00:00:00+00:00
[2026-04-25T09:35:37.585+0000] {processor.py:183} INFO - Processing /usr/local/python/3.12.1/lib/python3.12/site-packages/airflow/example_dags/example_branch_day_of_week_operator.py took 0.058 seconds
[2026-04-25T09:36:35.060+0000] {processor.py:161} INFO - Started process (PID=25210) to work on /usr/local/python/3.12.1/lib/python3.12/site-packages/airflow/example_dags/example_branch_day_of_week_operator.py
[2026-04-25T09:36:35.060+0000] {processor.py:830} INFO - Processing file /usr/local/python/3.12.1/lib/python3.12/site-packages/airflow/example_dags/example_branch_day_of_week_operator.py for tasks to queue
[2026-04-25T09:36:35.061+0000] {logging_mixin.py:188} INFO - [2026-04-25T09:36:35.061+0000] {dagbag.py:540} INFO - Filling up the DagBag from /usr/local/python/3.12.1/lib/python3.12/site-packages/airflow/example_dags/example_branch_day_of_week_operator.py
[2026-04-25T09:36:35.067+0000] {processor.py:840} INFO - DAG(s) 'example_weekday_branch_operator' retrieved from /usr/local/python/3.12.1/lib/python3.12/site-packages/airflow/example_dags/example_branch_day_of_week_operator.py
[2026-04-25T09:36:35.080+0000] {logging_mixin.py:188} INFO - [2026-04-25T09:36:35.080+0000] {dag.py:3096} INFO - Sync 1 DAGs
[2026-04-25T09:36:35.095+0000] {logging_mixin.py:188} INFO - [2026-04-25T09:36:35.095+0000] {dag.py:3954} INFO - Setting next_dagrun for example_weekday_branch_operator to 2026-04-24 00:00:00+00:00, run_after=2026-04-25 00:00:00+00:00
[2026-04-25T09:36:35.113+0000] {processor.py:183} INFO - Processing /usr/local/python/3.12.1/lib/python3.12/site-packages/airflow/example_dags/example_branch_day_of_week_operator.py took 0.058 seconds
[2026-04-25T09:37:37.810+0000] {processor.py:161} INFO - Started process (PID=25710) to work on /usr/local/python/3.12.1/lib/python3.12/site-packages/airflow/example_dags/example_branch_day_of_week_operator.py
[2026-04-25T09:37:37.810+0000] {processor.py:830} INFO - Processing file /usr/local/python/3.12.1/lib/python3.12/site-packages/airflow/example_dags/example_branch_day_of_week_operator.py for tasks to queue
[2026-04-25T09:37:37.811+0000] {logging_mixin.py:188} INFO - [2026-04-25T09:37:37.811+0000] {dagbag.py:540} INFO - Filling up the DagBag from /usr/local/python/3.12.1/lib/python3.12/site-packages/airflow/example_dags/example_branch_day_of_week_operator.py
[2026-04-25T09:37:37.817+0000] {processor.py:840} INFO - DAG(s) 'example_weekday_branch_operator' retrieved from /usr/local/python/3.12.1/lib/python3.12/site-packages/airflow/example_dags/example_branch_day_of_week_operator.py
[2026-04-25T09:37:37.830+0000] {logging_mixin.py:188} INFO - [2026-04-25T09:37:37.830+0000] {dag.py:3096} INFO - Sync 1 DAGs
[2026-04-25T09:37:37.845+0000] {logging_mixin.py:188} INFO - [2026-04-25T09:37:37.845+0000] {dag.py:3954} INFO - Setting next_dagrun for example_weekday_branch_operator to 2026-04-24 00:00:00+00:00, run_after=2026-04-25 00:00:00+00:00
[2026-04-25T09:37:37.863+0000] {processor.py:183} INFO - Processing /usr/local/python/3.12.1/lib/python3.12/site-packages/airflow/example_dags/example_branch_day_of_week_operator.py took 0.058 seconds
[2026-04-25T09:38:40.575+0000] {processor.py:161} INFO - Started process (PID=26190) to work on /usr/local/python/3.12.1/lib/python3.12/site-packages/airflow/example_dags/example_branch_day_of_week_operator.py
[2026-04-25T09:38:40.576+0000] {processor.py:830} INFO - Processing file /usr/local/python/3.12.1/lib/python3.12/site-packages/airflow/example_dags/example_branch_day_of_week_operator.py for tasks to queue
[2026-04-25T09:38:40.577+0000] {logging_mixin.py:188} INFO - [2026-04-25T09:38:40.576+0000] {dagbag.py:540} INFO - Filling up the DagBag from /usr/local/python/3.12.1/lib/python3.12/site-packages/airflow/example_dags/example_branch_day_of_week_operator.py
[2026-04-25T09:38:40.585+0000] {processor.py:840} INFO - DAG(s) 'example_weekday_branch_operator' retrieved from /usr/local/python/3.12.1/lib/python3.12/site-packages/airflow/example_dags/example_branch_day_of_week_operator.py
[2026-04-25T09:38:40.607+0000] {logging_mixin.py:188} INFO - [2026-04-25T09:38:40.606+0000] {dag.py:3096} INFO - Sync 1 DAGs
[2026-04-25T09:38:40.630+0000] {logging_mixin.py:188} INFO - [2026-04-25T09:38:40.629+0000] {dag.py:3954} INFO - Setting next_dagrun for example_weekday_branch_operator to 2026-04-24 00:00:00+00:00, run_after=2026-04-25 00:00:00+00:00
[2026-04-25T09:38:40.652+0000] {processor.py:183} INFO - Processing /usr/local/python/3.12.1/lib/python3.12/site-packages/airflow/example_dags/example_branch_day_of_week_operator.py took 0.082 seconds
[2026-04-25T09:39:38.986+0000] {processor.py:161} INFO - Started process (PID=26642) to work on /usr/local/python/3.12.1/lib/python3.12/site-packages/airflow/example_dags/example_branch_day_of_week_operator.py
[2026-04-25T09:39:38.986+0000] {processor.py:830} INFO - Processing file /usr/local/python/3.12.1/lib/python3.12/site-packages/airflow/example_dags/example_branch_day_of_week_operator.py for tasks to queue
[2026-04-25T09:39:38.987+0000] {logging_mixin.py:188} INFO - [2026-04-25T09:39:38.987+0000] {dagbag.py:540} INFO - Filling up the DagBag from /usr/local/python/3.12.1/lib/python3.12/site-packages/airflow/example_dags/example_branch_day_of_week_operator.py
[2026-04-25T09:39:38.993+0000] {processor.py:840} INFO - DAG(s) 'example_weekday_branch_operator' retrieved from /usr/local/python/3.12.1/lib/python3.12/site-packages/airflow/example_dags/example_branch_day_of_week_operator.py
[2026-04-25T09:39:39.006+0000] {logging_mixin.py:188} INFO - [2026-04-25T09:39:39.006+0000] {dag.py:3096} INFO - Sync 1 DAGs
[2026-04-25T09:39:39.028+0000] {logging_mixin.py:188} INFO - [2026-04-25T09:39:39.027+0000] {dag.py:3954} INFO - Setting next_dagrun for example_weekday_branch_operator to 2026-04-24 00:00:00+00:00, run_after=2026-04-25 00:00:00+00:00
[2026-04-25T09:39:39.057+0000] {processor.py:183} INFO - Processing /usr/local/python/3.12.1/lib/python3.12/site-packages/airflow/example_dags/example_branch_day_of_week_operator.py took 0.075 seconds
[2026-04-25T09:40:35.546+0000] {processor.py:161} INFO - Started process (PID=27078) to work on /usr/local/python/3.12.1/lib/python3.12/site-packages/airflow/example_dags/example_branch_day_of_week_operator.py
[2026-04-25T09:40:35.546+0000] {processor.py:830} INFO - Processing file /usr/local/python/3.12.1/lib/python3.12/site-packages/airflow/example_dags/example_branch_day_of_week_operator.py for tasks to queue
[2026-04-25T09:40:35.547+0000] {logging_mixin.py:188} INFO - [2026-04-25T09:40:35.547+0000] {dagbag.py:540} INFO - Filling up the DagBag from /usr/local/python/3.12.1/lib/python3.12/site-packages/airflow/example_dags/example_branch_day_of_week_operator.py
[2026-04-25T09:40:35.553+0000] {processor.py:840} INFO - DAG(s) 'example_weekday_branch_operator' retrieved from /usr/local/python/3.12.1/lib/python3.12/site-packages/airflow/example_dags/example_branch_day_of_week_operator.py
[2026-04-25T09:40:35.566+0000] {logging_mixin.py:188} INFO - [2026-04-25T09:40:35.566+0000] {dag.py:3096} INFO - Sync 1 DAGs
[2026-04-25T09:40:35.582+0000] {logging_mixin.py:188} INFO - [2026-04-25T09:40:35.582+0000] {dag.py:3954} INFO - Setting next_dagrun for example_weekday_branch_operator to 2026-04-24 00:00:00+00:00, run_after=2026-04-25 00:00:00+00:00
[2026-04-25T09:40:35.606+0000] {processor.py:183} INFO - Processing /usr/local/python/3.12.1/lib/python3.12/site-packages/airflow/example_dags/example_branch_day_of_week_operator.py took 0.065 seconds
[2026-04-25T09:41:35.487+0000] {processor.py:161} INFO - Started process (PID=27543) to work on /usr/local/python/3.12.1/lib/python3.12/site-packages/airflow/example_dags/example_branch_day_of_week_operator.py
[2026-04-25T09:41:35.488+0000] {processor.py:830} INFO - Processing file /usr/local/python/3.12.1/lib/python3.12/site-packages/airflow/example_dags/example_branch_day_of_week_operator.py for tasks to queue
[2026-04-25T09:41:35.489+0000] {logging_mixin.py:188} INFO - [2026-04-25T09:41:35.489+0000] {dagbag.py:540} INFO - Filling up the DagBag from /usr/local/python/3.12.1/lib/python3.12/site-packages/airflow/example_dags/example_branch_day_of_week_operator.py
[2026-04-25T09:41:35.495+0000] {processor.py:840} INFO - DAG(s) 'example_weekday_branch_operator' retrieved from /usr/local/python/3.12.1/lib/python3.12/site-packages/airflow/example_dags/example_branch_day_of_week_operator.py
[2026-04-25T09:41:35.510+0000] {logging_mixin.py:188} INFO - [2026-04-25T09:41:35.509+0000] {dag.py:3096} INFO - Sync 1 DAGs
[2026-04-25T09:41:35.526+0000] {logging_mixin.py:188} INFO - [2026-04-25T09:41:35.525+0000] {dag.py:3954} INFO - Setting next_dagrun for example_weekday_branch_operator to 2026-04-24 00:00:00+00:00, run_after=2026-04-25 00:00:00+00:00
[2026-04-25T09:41:35.542+0000] {processor.py:183} INFO - Processing /usr/local/python/3.12.1/lib/python3.12/site-packages/airflow/example_dags/example_branch_day_of_week_operator.py took 0.059 seconds
[2026-04-25T09:42:28.512+0000] {processor.py:161} INFO - Started process (PID=27948) to work on /usr/local/python/3.12.1/lib/python3.12/site-packages/airflow/example_dags/example_branch_day_of_week_operator.py
[2026-04-25T09:42:28.512+0000] {processor.py:830} INFO - Processing file /usr/local/python/3.12.1/lib/python3.12/site-packages/airflow/example_dags/example_branch_day_of_week_operator.py for tasks to queue
[2026-04-25T09:42:28.513+0000] {logging_mixin.py:188} INFO - [2026-04-25T09:42:28.513+0000] {dagbag.py:540} INFO - Filling up the DagBag from /usr/local/python/3.12.1/lib/python3.12/site-packages/airflow/example_dags/example_branch_day_of_week_operator.py
[2026-04-25T09:42:28.519+0000] {processor.py:840} INFO - DAG(s) 'example_weekday_branch_operator' retrieved from /usr/local/python/3.12.1/lib/python3.12/site-packages/airflow/example_dags/example_branch_day_of_week_operator.py
[2026-04-25T09:42:28.532+0000] {logging_mixin.py:188} INFO - [2026-04-25T09:42:28.532+0000] {dag.py:3096} INFO - Sync 1 DAGs
[2026-04-25T09:42:28.548+0000] {logging_mixin.py:188} INFO - [2026-04-25T09:42:28.548+0000] {dag.py:3954} INFO - Setting next_dagrun for example_weekday_branch_operator to 2026-04-24 00:00:00+00:00, run_after=2026-04-25 00:00:00+00:00
[2026-04-25T09:42:28.565+0000] {processor.py:183} INFO - Processing /usr/local/python/3.12.1/lib/python3.12/site-packages/airflow/example_dags/example_branch_day_of_week_operator.py took 0.058 seconds
[2026-04-25T09:43:34.712+0000] {processor.py:161} INFO - Started process (PID=28471) to work on /usr/local/python/3.12.1/lib/python3.12/site-packages/airflow/example_dags/example_branch_day_of_week_operator.py
[2026-04-25T09:43:34.713+0000] {processor.py:830} INFO - Processing file /usr/local/python/3.12.1/lib/python3.12/site-packages/airflow/example_dags/example_branch_day_of_week_operator.py for tasks to queue
[2026-04-25T09:43:34.714+0000] {logging_mixin.py:188} INFO - [2026-04-25T09:43:34.713+0000] {dagbag.py:540} INFO - Filling up the DagBag from /usr/local/python/3.12.1/lib/python3.12/site-packages/airflow/example_dags/example_branch_day_of_week_operator.py
[2026-04-25T09:43:34.720+0000] {processor.py:840} INFO - DAG(s) 'example_weekday_branch_operator' retrieved from /usr/local/python/3.12.1/lib/python3.12/site-packages/airflow/example_dags/example_branch_day_of_week_operator.py
[2026-04-25T09:43:34.732+0000] {logging_mixin.py:188} INFO - [2026-04-25T09:43:34.732+0000] {dag.py:3096} INFO - Sync 1 DAGs
[2026-04-25T09:43:34.747+0000] {logging_mixin.py:188} INFO - [2026-04-25T09:43:34.747+0000] {dag.py:3954} INFO - Setting next_dagrun for example_weekday_branch_operator to 2026-04-24 00:00:00+00:00, run_after=2026-04-25 00:00:00+00:00
[2026-04-25T09:43:34.764+0000] {processor.py:183} INFO - Processing /usr/local/python/3.12.1/lib/python3.12/site-packages/airflow/example_dags/example_branch_day_of_week_operator.py took 0.056 seconds
[2026-04-25T09:44:35.065+0000] {processor.py:161} INFO - Started process (PID=28934) to work on /usr/local/python/3.12.1/lib/python3.12/site-packages/airflow/example_dags/example_branch_day_of_week_operator.py
[2026-04-25T09:44:35.066+0000] {processor.py:830} INFO - Processing file /usr/local/python/3.12.1/lib/python3.12/site-packages/airflow/example_dags/example_branch_day_of_week_operator.py for tasks to queue
[2026-04-25T09:44:35.067+0000] {logging_mixin.py:188} INFO - [2026-04-25T09:44:35.066+0000] {dagbag.py:540} INFO - Filling up the DagBag from /usr/local/python/3.12.1/lib/python3.12/site-packages/airflow/example_dags/example_branch_day_of_week_operator.py
[2026-04-25T09:44:35.073+0000] {processor.py:840} INFO - DAG(s) 'example_weekday_branch_operator' retrieved from /usr/local/python/3.12.1/lib/python3.12/site-packages/airflow/example_dags/example_branch_day_of_week_operator.py
[2026-04-25T09:44:35.087+0000] {logging_mixin.py:188} INFO - [2026-04-25T09:44:35.086+0000] {dag.py:3096} INFO - Sync 1 DAGs
[2026-04-25T09:44:35.103+0000] {logging_mixin.py:188} INFO - [2026-04-25T09:44:35.103+0000] {dag.py:3954} INFO - Setting next_dagrun for example_weekday_branch_operator to 2026-04-24 00:00:00+00:00, run_after=2026-04-25 00:00:00+00:00
[2026-04-25T09:44:35.121+0000] {processor.py:183} INFO - Processing /usr/local/python/3.12.1/lib/python3.12/site-packages/airflow/example_dags/example_branch_day_of_week_operator.py took 0.060 seconds
[2026-04-25T09:45:32.317+0000] {processor.py:161} INFO - Started process (PID=29368) to work on /usr/local/python/3.12.1/lib/python3.12/site-packages/airflow/example_dags/example_branch_day_of_week_operator.py
[2026-04-25T09:45:32.318+0000] {processor.py:830} INFO - Processing file /usr/local/python/3.12.1/lib/python3.12/site-packages/airflow/example_dags/example_branch_day_of_week_operator.py for tasks to queue
[2026-04-25T09:45:32.318+0000] {logging_mixin.py:188} INFO - [2026-04-25T09:45:32.318+0000] {dagbag.py:540} INFO - Filling up the DagBag from /usr/local/python/3.12.1/lib/python3.12/site-packages/airflow/example_dags/example_branch_day_of_week_operator.py
[2026-04-25T09:45:32.325+0000] {processor.py:840} INFO - DAG(s) 'example_weekday_branch_operator' retrieved from /usr/local/python/3.12.1/lib/python3.12/site-packages/airflow/example_dags/example_branch_day_of_week_operator.py
[2026-04-25T09:45:32.337+0000] {logging_mixin.py:188} INFO - [2026-04-25T09:45:32.337+0000] {dag.py:3096} INFO - Sync 1 DAGs
[2026-04-25T09:45:32.354+0000] {logging_mixin.py:188} INFO - [2026-04-25T09:45:32.354+0000] {dag.py:3954} INFO - Setting next_dagrun for example_weekday_branch_operator to 2026-04-24 00:00:00+00:00, run_after=2026-04-25 00:00:00+00:00
[2026-04-25T09:45:32.371+0000] {processor.py:183} INFO - Processing /usr/local/python/3.12.1/lib/python3.12/site-packages/airflow/example_dags/example_branch_day_of_week_operator.py took 0.058 seconds
[2026-04-25T09:46:36.138+0000] {processor.py:161} INFO - Started process (PID=29874) to work on /usr/local/python/3.12.1/lib/python3.12/site-packages/airflow/example_dags/example_branch_day_of_week_operator.py
[2026-04-25T09:46:36.139+0000] {processor.py:830} INFO - Processing file /usr/local/python/3.12.1/lib/python3.12/site-packages/airflow/example_dags/example_branch_day_of_week_operator.py for tasks to queue
[2026-04-25T09:46:36.140+0000] {logging_mixin.py:188} INFO - [2026-04-25T09:46:36.139+0000] {dagbag.py:540} INFO - Filling up the DagBag from /usr/local/python/3.12.1/lib/python3.12/site-packages/airflow/example_dags/example_branch_day_of_week_operator.py
[2026-04-25T09:46:36.146+0000] {processor.py:840} INFO - DAG(s) 'example_weekday_branch_operator' retrieved from /usr/local/python/3.12.1/lib/python3.12/site-packages/airflow/example_dags/example_branch_day_of_week_operator.py
[2026-04-25T09:46:36.159+0000] {logging_mixin.py:188} INFO - [2026-04-25T09:46:36.159+0000] {dag.py:3096} INFO - Sync 1 DAGs
[2026-04-25T09:46:36.179+0000] {logging_mixin.py:188} INFO - [2026-04-25T09:46:36.178+0000] {dag.py:3954} INFO - Setting next_dagrun for example_weekday_branch_operator to 2026-04-24 00:00:00+00:00, run_after=2026-04-25 00:00:00+00:00
[2026-04-25T09:46:36.195+0000] {processor.py:183} INFO - Processing /usr/local/python/3.12.1/lib/python3.12/site-packages/airflow/example_dags/example_branch_day_of_week_operator.py took 0.061 seconds
