[2026-04-25T09:05:49.953+0000] {processor.py:161} INFO - Started process (PID=8114) to work on /usr/local/python/3.12.1/lib/python3.12/site-packages/airflow/example_dags/example_trigger_target_dag.py
[2026-04-25T09:05:49.954+0000] {processor.py:830} INFO - Processing file /usr/local/python/3.12.1/lib/python3.12/site-packages/airflow/example_dags/example_trigger_target_dag.py for tasks to queue
[2026-04-25T09:05:49.955+0000] {logging_mixin.py:188} INFO - [2026-04-25T09:05:49.954+0000] {dagbag.py:540} INFO - Filling up the DagBag from /usr/local/python/3.12.1/lib/python3.12/site-packages/airflow/example_dags/example_trigger_target_dag.py
[2026-04-25T09:05:49.964+0000] {processor.py:840} INFO - DAG(s) 'example_trigger_target_dag' retrieved from /usr/local/python/3.12.1/lib/python3.12/site-packages/airflow/example_dags/example_trigger_target_dag.py
[2026-04-25T09:05:50.186+0000] {logging_mixin.py:188} INFO - [2026-04-25T09:05:50.185+0000] {override.py:1930} INFO - Created Permission View: can delete on DAG:example_trigger_target_dag
[2026-04-25T09:05:50.205+0000] {logging_mixin.py:188} INFO - [2026-04-25T09:05:50.204+0000] {override.py:1930} INFO - Created Permission View: can edit on DAG:example_trigger_target_dag
[2026-04-25T09:05:50.217+0000] {logging_mixin.py:188} INFO - [2026-04-25T09:05:50.216+0000] {override.py:1930} INFO - Created Permission View: can read on DAG:example_trigger_target_dag
[2026-04-25T09:05:50.217+0000] {logging_mixin.py:188} INFO - [2026-04-25T09:05:50.217+0000] {dag.py:3096} INFO - Sync 1 DAGs
[2026-04-25T09:05:50.231+0000] {logging_mixin.py:188} INFO - [2026-04-25T09:05:50.230+0000] {dag.py:3118} INFO - Creating ORM DAG for example_trigger_target_dag
[2026-04-25T09:05:50.231+0000] {logging_mixin.py:188} INFO - [2026-04-25T09:05:50.231+0000] {dag.py:3954} INFO - Setting next_dagrun for example_trigger_target_dag to None, run_after=None
[2026-04-25T09:05:50.256+0000] {processor.py:183} INFO - Processing /usr/local/python/3.12.1/lib/python3.12/site-packages/airflow/example_dags/example_trigger_target_dag.py took 0.310 seconds
[2026-04-25T09:06:47.924+0000] {processor.py:161} INFO - Started process (PID=8866) to work on /usr/local/python/3.12.1/lib/python3.12/site-packages/airflow/example_dags/example_trigger_target_dag.py
[2026-04-25T09:06:47.924+0000] {processor.py:830} INFO - Processing file /usr/local/python/3.12.1/lib/python3.12/site-packages/airflow/example_dags/example_trigger_target_dag.py for tasks to queue
[2026-04-25T09:06:47.925+0000] {logging_mixin.py:188} INFO - [2026-04-25T09:06:47.925+0000] {dagbag.py:540} INFO - Filling up the DagBag from /usr/local/python/3.12.1/lib/python3.12/site-packages/airflow/example_dags/example_trigger_target_dag.py
[2026-04-25T09:06:47.932+0000] {processor.py:840} INFO - DAG(s) 'example_trigger_target_dag' retrieved from /usr/local/python/3.12.1/lib/python3.12/site-packages/airflow/example_dags/example_trigger_target_dag.py
[2026-04-25T09:06:47.947+0000] {logging_mixin.py:188} INFO - [2026-04-25T09:06:47.947+0000] {dag.py:3096} INFO - Sync 1 DAGs
[2026-04-25T09:06:47.956+0000] {logging_mixin.py:188} INFO - [2026-04-25T09:06:47.956+0000] {dag.py:3954} INFO - Setting next_dagrun for example_trigger_target_dag to None, run_after=None
[2026-04-25T09:06:47.974+0000] {processor.py:183} INFO - Processing /usr/local/python/3.12.1/lib/python3.12/site-packages/airflow/example_dags/example_trigger_target_dag.py took 0.054 seconds
[2026-04-25T09:07:36.028+0000] {processor.py:161} INFO - Started process (PID=9279) to work on /usr/local/python/3.12.1/lib/python3.12/site-packages/airflow/example_dags/example_trigger_target_dag.py
[2026-04-25T09:07:36.029+0000] {processor.py:830} INFO - Processing file /usr/local/python/3.12.1/lib/python3.12/site-packages/airflow/example_dags/example_trigger_target_dag.py for tasks to queue
[2026-04-25T09:07:36.030+0000] {logging_mixin.py:188} INFO - [2026-04-25T09:07:36.029+0000] {dagbag.py:540} INFO - Filling up the DagBag from /usr/local/python/3.12.1/lib/python3.12/site-packages/airflow/example_dags/example_trigger_target_dag.py
[2026-04-25T09:07:36.034+0000] {processor.py:840} INFO - DAG(s) 'example_trigger_target_dag' retrieved from /usr/local/python/3.12.1/lib/python3.12/site-packages/airflow/example_dags/example_trigger_target_dag.py
[2026-04-25T09:07:36.046+0000] {logging_mixin.py:188} INFO - [2026-04-25T09:07:36.045+0000] {dag.py:3096} INFO - Sync 1 DAGs
[2026-04-25T09:07:36.058+0000] {logging_mixin.py:188} INFO - [2026-04-25T09:07:36.058+0000] {dag.py:3954} INFO - Setting next_dagrun for example_trigger_target_dag to None, run_after=None
[2026-04-25T09:07:36.100+0000] {processor.py:183} INFO - Processing /usr/local/python/3.12.1/lib/python3.12/site-packages/airflow/example_dags/example_trigger_target_dag.py took 0.076 seconds
[2026-04-25T09:08:19.048+0000] {processor.py:161} INFO - Started process (PID=9744) to work on /usr/local/python/3.12.1/lib/python3.12/site-packages/airflow/example_dags/example_trigger_target_dag.py
[2026-04-25T09:08:19.049+0000] {processor.py:830} INFO - Processing file /usr/local/python/3.12.1/lib/python3.12/site-packages/airflow/example_dags/example_trigger_target_dag.py for tasks to queue
[2026-04-25T09:08:19.050+0000] {logging_mixin.py:188} INFO - [2026-04-25T09:08:19.049+0000] {dagbag.py:540} INFO - Filling up the DagBag from /usr/local/python/3.12.1/lib/python3.12/site-packages/airflow/example_dags/example_trigger_target_dag.py
[2026-04-25T09:08:19.054+0000] {processor.py:840} INFO - DAG(s) 'example_trigger_target_dag' retrieved from /usr/local/python/3.12.1/lib/python3.12/site-packages/airflow/example_dags/example_trigger_target_dag.py
[2026-04-25T09:08:19.066+0000] {logging_mixin.py:188} INFO - [2026-04-25T09:08:19.066+0000] {dag.py:3096} INFO - Sync 1 DAGs
[2026-04-25T09:08:19.076+0000] {logging_mixin.py:188} INFO - [2026-04-25T09:08:19.076+0000] {dag.py:3954} INFO - Setting next_dagrun for example_trigger_target_dag to None, run_after=None
[2026-04-25T09:08:19.093+0000] {processor.py:183} INFO - Processing /usr/local/python/3.12.1/lib/python3.12/site-packages/airflow/example_dags/example_trigger_target_dag.py took 0.049 seconds
[2026-04-25T09:09:01.256+0000] {processor.py:161} INFO - Started process (PID=10068) to work on /usr/local/python/3.12.1/lib/python3.12/site-packages/airflow/example_dags/example_trigger_target_dag.py
[2026-04-25T09:09:01.257+0000] {processor.py:830} INFO - Processing file /usr/local/python/3.12.1/lib/python3.12/site-packages/airflow/example_dags/example_trigger_target_dag.py for tasks to queue
[2026-04-25T09:09:01.257+0000] {logging_mixin.py:188} INFO - [2026-04-25T09:09:01.257+0000] {dagbag.py:540} INFO - Filling up the DagBag from /usr/local/python/3.12.1/lib/python3.12/site-packages/airflow/example_dags/example_trigger_target_dag.py
[2026-04-25T09:09:01.262+0000] {processor.py:840} INFO - DAG(s) 'example_trigger_target_dag' retrieved from /usr/local/python/3.12.1/lib/python3.12/site-packages/airflow/example_dags/example_trigger_target_dag.py
[2026-04-25T09:09:01.274+0000] {logging_mixin.py:188} INFO - [2026-04-25T09:09:01.274+0000] {dag.py:3096} INFO - Sync 1 DAGs
[2026-04-25T09:09:01.285+0000] {logging_mixin.py:188} INFO - [2026-04-25T09:09:01.284+0000] {dag.py:3954} INFO - Setting next_dagrun for example_trigger_target_dag to None, run_after=None
[2026-04-25T09:09:01.322+0000] {processor.py:183} INFO - Processing /usr/local/python/3.12.1/lib/python3.12/site-packages/airflow/example_dags/example_trigger_target_dag.py took 0.070 seconds
[2026-04-25T09:09:43.033+0000] {processor.py:161} INFO - Started process (PID=10801) to work on /usr/local/python/3.12.1/lib/python3.12/site-packages/airflow/example_dags/example_trigger_target_dag.py
[2026-04-25T09:09:43.034+0000] {processor.py:830} INFO - Processing file /usr/local/python/3.12.1/lib/python3.12/site-packages/airflow/example_dags/example_trigger_target_dag.py for tasks to queue
[2026-04-25T09:09:43.035+0000] {logging_mixin.py:188} INFO - [2026-04-25T09:09:43.034+0000] {dagbag.py:540} INFO - Filling up the DagBag from /usr/local/python/3.12.1/lib/python3.12/site-packages/airflow/example_dags/example_trigger_target_dag.py
[2026-04-25T09:09:43.039+0000] {processor.py:840} INFO - DAG(s) 'example_trigger_target_dag' retrieved from /usr/local/python/3.12.1/lib/python3.12/site-packages/airflow/example_dags/example_trigger_target_dag.py
[2026-04-25T09:09:43.051+0000] {logging_mixin.py:188} INFO - [2026-04-25T09:09:43.051+0000] {dag.py:3096} INFO - Sync 1 DAGs
[2026-04-25T09:09:43.060+0000] {logging_mixin.py:188} INFO - [2026-04-25T09:09:43.060+0000] {dag.py:3954} INFO - Setting next_dagrun for example_trigger_target_dag to None, run_after=None
[2026-04-25T09:09:43.080+0000] {processor.py:183} INFO - Processing /usr/local/python/3.12.1/lib/python3.12/site-packages/airflow/example_dags/example_trigger_target_dag.py took 0.051 seconds
[2026-04-25T09:10:25.576+0000] {processor.py:161} INFO - Started process (PID=11140) to work on /usr/local/python/3.12.1/lib/python3.12/site-packages/airflow/example_dags/example_trigger_target_dag.py
[2026-04-25T09:10:25.576+0000] {processor.py:830} INFO - Processing file /usr/local/python/3.12.1/lib/python3.12/site-packages/airflow/example_dags/example_trigger_target_dag.py for tasks to queue
[2026-04-25T09:10:25.577+0000] {logging_mixin.py:188} INFO - [2026-04-25T09:10:25.577+0000] {dagbag.py:540} INFO - Filling up the DagBag from /usr/local/python/3.12.1/lib/python3.12/site-packages/airflow/example_dags/example_trigger_target_dag.py
[2026-04-25T09:10:25.582+0000] {processor.py:840} INFO - DAG(s) 'example_trigger_target_dag' retrieved from /usr/local/python/3.12.1/lib/python3.12/site-packages/airflow/example_dags/example_trigger_target_dag.py
[2026-04-25T09:10:25.593+0000] {logging_mixin.py:188} INFO - [2026-04-25T09:10:25.593+0000] {dag.py:3096} INFO - Sync 1 DAGs
[2026-04-25T09:10:25.603+0000] {logging_mixin.py:188} INFO - [2026-04-25T09:10:25.602+0000] {dag.py:3954} INFO - Setting next_dagrun for example_trigger_target_dag to None, run_after=None
[2026-04-25T09:10:25.620+0000] {processor.py:183} INFO - Processing /usr/local/python/3.12.1/lib/python3.12/site-packages/airflow/example_dags/example_trigger_target_dag.py took 0.048 seconds
[2026-04-25T09:11:17.902+0000] {processor.py:161} INFO - Started process (PID=12092) to work on /usr/local/python/3.12.1/lib/python3.12/site-packages/airflow/example_dags/example_trigger_target_dag.py
[2026-04-25T09:11:17.905+0000] {processor.py:830} INFO - Processing file /usr/local/python/3.12.1/lib/python3.12/site-packages/airflow/example_dags/example_trigger_target_dag.py for tasks to queue
[2026-04-25T09:11:17.906+0000] {logging_mixin.py:188} INFO - [2026-04-25T09:11:17.906+0000] {dagbag.py:540} INFO - Filling up the DagBag from /usr/local/python/3.12.1/lib/python3.12/site-packages/airflow/example_dags/example_trigger_target_dag.py
[2026-04-25T09:11:17.914+0000] {processor.py:840} INFO - DAG(s) 'example_trigger_target_dag' retrieved from /usr/local/python/3.12.1/lib/python3.12/site-packages/airflow/example_dags/example_trigger_target_dag.py
[2026-04-25T09:11:17.921+0000] {logging_mixin.py:188} INFO - [2026-04-25T09:11:17.921+0000] {dag.py:3096} INFO - Sync 1 DAGs
[2026-04-25T09:11:17.934+0000] {logging_mixin.py:188} INFO - [2026-04-25T09:11:17.933+0000] {dag.py:3954} INFO - Setting next_dagrun for example_trigger_target_dag to None, run_after=None
[2026-04-25T09:11:17.954+0000] {processor.py:183} INFO - Processing /usr/local/python/3.12.1/lib/python3.12/site-packages/airflow/example_dags/example_trigger_target_dag.py took 0.057 seconds
[2026-04-25T09:11:36.436+0000] {processor.py:161} INFO - Started process (PID=12492) to work on /usr/local/python/3.12.1/lib/python3.12/site-packages/airflow/example_dags/example_trigger_target_dag.py
[2026-04-25T09:11:36.442+0000] {processor.py:830} INFO - Processing file /usr/local/python/3.12.1/lib/python3.12/site-packages/airflow/example_dags/example_trigger_target_dag.py for tasks to queue
[2026-04-25T09:11:36.444+0000] {logging_mixin.py:188} INFO - [2026-04-25T09:11:36.443+0000] {dagbag.py:540} INFO - Filling up the DagBag from /usr/local/python/3.12.1/lib/python3.12/site-packages/airflow/example_dags/example_trigger_target_dag.py
[2026-04-25T09:11:36.486+0000] {processor.py:840} INFO - DAG(s) 'example_trigger_target_dag' retrieved from /usr/local/python/3.12.1/lib/python3.12/site-packages/airflow/example_dags/example_trigger_target_dag.py
[2026-04-25T09:11:36.504+0000] {logging_mixin.py:188} INFO - [2026-04-25T09:11:36.504+0000] {dag.py:3096} INFO - Sync 1 DAGs
[2026-04-25T09:11:36.528+0000] {logging_mixin.py:188} INFO - [2026-04-25T09:11:36.527+0000] {dag.py:3954} INFO - Setting next_dagrun for example_trigger_target_dag to None, run_after=None
[2026-04-25T09:11:36.560+0000] {processor.py:183} INFO - Processing /usr/local/python/3.12.1/lib/python3.12/site-packages/airflow/example_dags/example_trigger_target_dag.py took 0.158 seconds
[2026-04-25T09:12:07.075+0000] {processor.py:161} INFO - Started process (PID=12813) to work on /usr/local/python/3.12.1/lib/python3.12/site-packages/airflow/example_dags/example_trigger_target_dag.py
[2026-04-25T09:12:07.082+0000] {processor.py:830} INFO - Processing file /usr/local/python/3.12.1/lib/python3.12/site-packages/airflow/example_dags/example_trigger_target_dag.py for tasks to queue
[2026-04-25T09:12:07.083+0000] {logging_mixin.py:188} INFO - [2026-04-25T09:12:07.082+0000] {dagbag.py:540} INFO - Filling up the DagBag from /usr/local/python/3.12.1/lib/python3.12/site-packages/airflow/example_dags/example_trigger_target_dag.py
[2026-04-25T09:12:07.093+0000] {processor.py:840} INFO - DAG(s) 'example_trigger_target_dag' retrieved from /usr/local/python/3.12.1/lib/python3.12/site-packages/airflow/example_dags/example_trigger_target_dag.py
[2026-04-25T09:12:07.186+0000] {logging_mixin.py:188} INFO - [2026-04-25T09:12:07.186+0000] {dag.py:3096} INFO - Sync 1 DAGs
[2026-04-25T09:12:07.193+0000] {logging_mixin.py:188} INFO - [2026-04-25T09:12:07.193+0000] {dag.py:3954} INFO - Setting next_dagrun for example_trigger_target_dag to None, run_after=None
[2026-04-25T09:12:07.209+0000] {processor.py:183} INFO - Processing /usr/local/python/3.12.1/lib/python3.12/site-packages/airflow/example_dags/example_trigger_target_dag.py took 0.156 seconds
[2026-04-25T09:12:26.479+0000] {processor.py:161} INFO - Started process (PID=12992) to work on /usr/local/python/3.12.1/lib/python3.12/site-packages/airflow/example_dags/example_trigger_target_dag.py
[2026-04-25T09:12:26.480+0000] {processor.py:830} INFO - Processing file /usr/local/python/3.12.1/lib/python3.12/site-packages/airflow/example_dags/example_trigger_target_dag.py for tasks to queue
[2026-04-25T09:12:26.481+0000] {logging_mixin.py:188} INFO - [2026-04-25T09:12:26.480+0000] {dagbag.py:540} INFO - Filling up the DagBag from /usr/local/python/3.12.1/lib/python3.12/site-packages/airflow/example_dags/example_trigger_target_dag.py
[2026-04-25T09:12:26.485+0000] {processor.py:840} INFO - DAG(s) 'example_trigger_target_dag' retrieved from /usr/local/python/3.12.1/lib/python3.12/site-packages/airflow/example_dags/example_trigger_target_dag.py
[2026-04-25T09:12:26.491+0000] {logging_mixin.py:188} INFO - [2026-04-25T09:12:26.491+0000] {dag.py:3096} INFO - Sync 1 DAGs
[2026-04-25T09:12:26.502+0000] {logging_mixin.py:188} INFO - [2026-04-25T09:12:26.501+0000] {dag.py:3954} INFO - Setting next_dagrun for example_trigger_target_dag to None, run_after=None
[2026-04-25T09:12:26.522+0000] {processor.py:183} INFO - Processing /usr/local/python/3.12.1/lib/python3.12/site-packages/airflow/example_dags/example_trigger_target_dag.py took 0.047 seconds
[2026-04-25T09:12:50.741+0000] {processor.py:161} INFO - Started process (PID=13412) to work on /usr/local/python/3.12.1/lib/python3.12/site-packages/airflow/example_dags/example_trigger_target_dag.py
[2026-04-25T09:12:50.742+0000] {processor.py:830} INFO - Processing file /usr/local/python/3.12.1/lib/python3.12/site-packages/airflow/example_dags/example_trigger_target_dag.py for tasks to queue
[2026-04-25T09:12:50.743+0000] {logging_mixin.py:188} INFO - [2026-04-25T09:12:50.742+0000] {dagbag.py:540} INFO - Filling up the DagBag from /usr/local/python/3.12.1/lib/python3.12/site-packages/airflow/example_dags/example_trigger_target_dag.py
[2026-04-25T09:12:50.747+0000] {processor.py:840} INFO - DAG(s) 'example_trigger_target_dag' retrieved from /usr/local/python/3.12.1/lib/python3.12/site-packages/airflow/example_dags/example_trigger_target_dag.py
[2026-04-25T09:12:50.759+0000] {logging_mixin.py:188} INFO - [2026-04-25T09:12:50.758+0000] {dag.py:3096} INFO - Sync 1 DAGs
[2026-04-25T09:12:50.768+0000] {logging_mixin.py:188} INFO - [2026-04-25T09:12:50.767+0000] {dag.py:3954} INFO - Setting next_dagrun for example_trigger_target_dag to None, run_after=None
[2026-04-25T09:12:50.784+0000] {processor.py:183} INFO - Processing /usr/local/python/3.12.1/lib/python3.12/site-packages/airflow/example_dags/example_trigger_target_dag.py took 0.047 seconds
[2026-04-25T09:13:08.747+0000] {processor.py:161} INFO - Started process (PID=13571) to work on /usr/local/python/3.12.1/lib/python3.12/site-packages/airflow/example_dags/example_trigger_target_dag.py
[2026-04-25T09:13:08.748+0000] {processor.py:830} INFO - Processing file /usr/local/python/3.12.1/lib/python3.12/site-packages/airflow/example_dags/example_trigger_target_dag.py for tasks to queue
[2026-04-25T09:13:08.748+0000] {logging_mixin.py:188} INFO - [2026-04-25T09:13:08.748+0000] {dagbag.py:540} INFO - Filling up the DagBag from /usr/local/python/3.12.1/lib/python3.12/site-packages/airflow/example_dags/example_trigger_target_dag.py
[2026-04-25T09:13:08.753+0000] {processor.py:840} INFO - DAG(s) 'example_trigger_target_dag' retrieved from /usr/local/python/3.12.1/lib/python3.12/site-packages/airflow/example_dags/example_trigger_target_dag.py
[2026-04-25T09:13:08.766+0000] {logging_mixin.py:188} INFO - [2026-04-25T09:13:08.765+0000] {dag.py:3096} INFO - Sync 1 DAGs
[2026-04-25T09:13:08.775+0000] {logging_mixin.py:188} INFO - [2026-04-25T09:13:08.774+0000] {dag.py:3954} INFO - Setting next_dagrun for example_trigger_target_dag to None, run_after=None
[2026-04-25T09:13:08.792+0000] {processor.py:183} INFO - Processing /usr/local/python/3.12.1/lib/python3.12/site-packages/airflow/example_dags/example_trigger_target_dag.py took 0.048 seconds
[2026-04-25T09:13:53.397+0000] {processor.py:161} INFO - Started process (PID=14401) to work on /usr/local/python/3.12.1/lib/python3.12/site-packages/airflow/example_dags/example_trigger_target_dag.py
[2026-04-25T09:13:53.398+0000] {processor.py:830} INFO - Processing file /usr/local/python/3.12.1/lib/python3.12/site-packages/airflow/example_dags/example_trigger_target_dag.py for tasks to queue
[2026-04-25T09:13:53.398+0000] {logging_mixin.py:188} INFO - [2026-04-25T09:13:53.398+0000] {dagbag.py:540} INFO - Filling up the DagBag from /usr/local/python/3.12.1/lib/python3.12/site-packages/airflow/example_dags/example_trigger_target_dag.py
[2026-04-25T09:13:53.405+0000] {processor.py:840} INFO - DAG(s) 'example_trigger_target_dag' retrieved from /usr/local/python/3.12.1/lib/python3.12/site-packages/airflow/example_dags/example_trigger_target_dag.py
[2026-04-25T09:13:53.424+0000] {logging_mixin.py:188} INFO - [2026-04-25T09:13:53.424+0000] {dag.py:3096} INFO - Sync 1 DAGs
[2026-04-25T09:13:53.433+0000] {logging_mixin.py:188} INFO - [2026-04-25T09:13:53.433+0000] {dag.py:3954} INFO - Setting next_dagrun for example_trigger_target_dag to None, run_after=None
[2026-04-25T09:13:53.450+0000] {processor.py:183} INFO - Processing /usr/local/python/3.12.1/lib/python3.12/site-packages/airflow/example_dags/example_trigger_target_dag.py took 0.058 seconds
[2026-04-25T09:14:42.126+0000] {processor.py:161} INFO - Started process (PID=14793) to work on /usr/local/python/3.12.1/lib/python3.12/site-packages/airflow/example_dags/example_trigger_target_dag.py
[2026-04-25T09:14:42.127+0000] {processor.py:830} INFO - Processing file /usr/local/python/3.12.1/lib/python3.12/site-packages/airflow/example_dags/example_trigger_target_dag.py for tasks to queue
[2026-04-25T09:14:42.128+0000] {logging_mixin.py:188} INFO - [2026-04-25T09:14:42.128+0000] {dagbag.py:540} INFO - Filling up the DagBag from /usr/local/python/3.12.1/lib/python3.12/site-packages/airflow/example_dags/example_trigger_target_dag.py
[2026-04-25T09:14:42.136+0000] {processor.py:840} INFO - DAG(s) 'example_trigger_target_dag' retrieved from /usr/local/python/3.12.1/lib/python3.12/site-packages/airflow/example_dags/example_trigger_target_dag.py
[2026-04-25T09:14:42.159+0000] {logging_mixin.py:188} INFO - [2026-04-25T09:14:42.158+0000] {dag.py:3096} INFO - Sync 1 DAGs
[2026-04-25T09:14:42.171+0000] {logging_mixin.py:188} INFO - [2026-04-25T09:14:42.171+0000] {dag.py:3954} INFO - Setting next_dagrun for example_trigger_target_dag to None, run_after=None
[2026-04-25T09:14:42.188+0000] {processor.py:183} INFO - Processing /usr/local/python/3.12.1/lib/python3.12/site-packages/airflow/example_dags/example_trigger_target_dag.py took 0.076 seconds
[2026-04-25T09:15:29.198+0000] {processor.py:161} INFO - Started process (PID=15157) to work on /usr/local/python/3.12.1/lib/python3.12/site-packages/airflow/example_dags/example_trigger_target_dag.py
[2026-04-25T09:15:29.198+0000] {processor.py:830} INFO - Processing file /usr/local/python/3.12.1/lib/python3.12/site-packages/airflow/example_dags/example_trigger_target_dag.py for tasks to queue
[2026-04-25T09:15:29.199+0000] {logging_mixin.py:188} INFO - [2026-04-25T09:15:29.199+0000] {dagbag.py:540} INFO - Filling up the DagBag from /usr/local/python/3.12.1/lib/python3.12/site-packages/airflow/example_dags/example_trigger_target_dag.py
[2026-04-25T09:15:29.204+0000] {processor.py:840} INFO - DAG(s) 'example_trigger_target_dag' retrieved from /usr/local/python/3.12.1/lib/python3.12/site-packages/airflow/example_dags/example_trigger_target_dag.py
[2026-04-25T09:15:29.215+0000] {logging_mixin.py:188} INFO - [2026-04-25T09:15:29.215+0000] {dag.py:3096} INFO - Sync 1 DAGs
[2026-04-25T09:15:29.224+0000] {logging_mixin.py:188} INFO - [2026-04-25T09:15:29.224+0000] {dag.py:3954} INFO - Setting next_dagrun for example_trigger_target_dag to None, run_after=None
[2026-04-25T09:15:29.241+0000] {processor.py:183} INFO - Processing /usr/local/python/3.12.1/lib/python3.12/site-packages/airflow/example_dags/example_trigger_target_dag.py took 0.047 seconds
[2026-04-25T09:16:07.067+0000] {processor.py:161} INFO - Started process (PID=15643) to work on /usr/local/python/3.12.1/lib/python3.12/site-packages/airflow/example_dags/example_trigger_target_dag.py
[2026-04-25T09:16:07.068+0000] {processor.py:830} INFO - Processing file /usr/local/python/3.12.1/lib/python3.12/site-packages/airflow/example_dags/example_trigger_target_dag.py for tasks to queue
[2026-04-25T09:16:07.069+0000] {logging_mixin.py:188} INFO - [2026-04-25T09:16:07.068+0000] {dagbag.py:540} INFO - Filling up the DagBag from /usr/local/python/3.12.1/lib/python3.12/site-packages/airflow/example_dags/example_trigger_target_dag.py
[2026-04-25T09:16:07.073+0000] {processor.py:840} INFO - DAG(s) 'example_trigger_target_dag' retrieved from /usr/local/python/3.12.1/lib/python3.12/site-packages/airflow/example_dags/example_trigger_target_dag.py
[2026-04-25T09:16:07.085+0000] {logging_mixin.py:188} INFO - [2026-04-25T09:16:07.085+0000] {dag.py:3096} INFO - Sync 1 DAGs
[2026-04-25T09:16:07.094+0000] {logging_mixin.py:188} INFO - [2026-04-25T09:16:07.094+0000] {dag.py:3954} INFO - Setting next_dagrun for example_trigger_target_dag to None, run_after=None
[2026-04-25T09:16:07.112+0000] {processor.py:183} INFO - Processing /usr/local/python/3.12.1/lib/python3.12/site-packages/airflow/example_dags/example_trigger_target_dag.py took 0.049 seconds
[2026-04-25T09:16:47.032+0000] {processor.py:161} INFO - Started process (PID=15974) to work on /usr/local/python/3.12.1/lib/python3.12/site-packages/airflow/example_dags/example_trigger_target_dag.py
[2026-04-25T09:16:47.033+0000] {processor.py:830} INFO - Processing file /usr/local/python/3.12.1/lib/python3.12/site-packages/airflow/example_dags/example_trigger_target_dag.py for tasks to queue
[2026-04-25T09:16:47.033+0000] {logging_mixin.py:188} INFO - [2026-04-25T09:16:47.033+0000] {dagbag.py:540} INFO - Filling up the DagBag from /usr/local/python/3.12.1/lib/python3.12/site-packages/airflow/example_dags/example_trigger_target_dag.py
[2026-04-25T09:16:47.038+0000] {processor.py:840} INFO - DAG(s) 'example_trigger_target_dag' retrieved from /usr/local/python/3.12.1/lib/python3.12/site-packages/airflow/example_dags/example_trigger_target_dag.py
[2026-04-25T09:16:47.049+0000] {logging_mixin.py:188} INFO - [2026-04-25T09:16:47.049+0000] {dag.py:3096} INFO - Sync 1 DAGs
[2026-04-25T09:16:47.058+0000] {logging_mixin.py:188} INFO - [2026-04-25T09:16:47.058+0000] {dag.py:3954} INFO - Setting next_dagrun for example_trigger_target_dag to None, run_after=None
[2026-04-25T09:16:47.076+0000] {processor.py:183} INFO - Processing /usr/local/python/3.12.1/lib/python3.12/site-packages/airflow/example_dags/example_trigger_target_dag.py took 0.048 seconds
[2026-04-25T09:17:33.935+0000] {processor.py:161} INFO - Started process (PID=16400) to work on /usr/local/python/3.12.1/lib/python3.12/site-packages/airflow/example_dags/example_trigger_target_dag.py
[2026-04-25T09:17:33.936+0000] {processor.py:830} INFO - Processing file /usr/local/python/3.12.1/lib/python3.12/site-packages/airflow/example_dags/example_trigger_target_dag.py for tasks to queue
[2026-04-25T09:17:33.936+0000] {logging_mixin.py:188} INFO - [2026-04-25T09:17:33.936+0000] {dagbag.py:540} INFO - Filling up the DagBag from /usr/local/python/3.12.1/lib/python3.12/site-packages/airflow/example_dags/example_trigger_target_dag.py
[2026-04-25T09:17:33.941+0000] {processor.py:840} INFO - DAG(s) 'example_trigger_target_dag' retrieved from /usr/local/python/3.12.1/lib/python3.12/site-packages/airflow/example_dags/example_trigger_target_dag.py
[2026-04-25T09:17:34.048+0000] {logging_mixin.py:188} INFO - [2026-04-25T09:17:34.048+0000] {dag.py:3096} INFO - Sync 1 DAGs
[2026-04-25T09:17:34.059+0000] {logging_mixin.py:188} INFO - [2026-04-25T09:17:34.059+0000] {dag.py:3954} INFO - Setting next_dagrun for example_trigger_target_dag to None, run_after=None
[2026-04-25T09:17:34.115+0000] {processor.py:183} INFO - Processing /usr/local/python/3.12.1/lib/python3.12/site-packages/airflow/example_dags/example_trigger_target_dag.py took 0.184 seconds
[2026-04-25T09:18:19.599+0000] {processor.py:161} INFO - Started process (PID=16763) to work on /usr/local/python/3.12.1/lib/python3.12/site-packages/airflow/example_dags/example_trigger_target_dag.py
[2026-04-25T09:18:19.600+0000] {processor.py:830} INFO - Processing file /usr/local/python/3.12.1/lib/python3.12/site-packages/airflow/example_dags/example_trigger_target_dag.py for tasks to queue
[2026-04-25T09:18:19.601+0000] {logging_mixin.py:188} INFO - [2026-04-25T09:18:19.600+0000] {dagbag.py:540} INFO - Filling up the DagBag from /usr/local/python/3.12.1/lib/python3.12/site-packages/airflow/example_dags/example_trigger_target_dag.py
[2026-04-25T09:18:19.605+0000] {processor.py:840} INFO - DAG(s) 'example_trigger_target_dag' retrieved from /usr/local/python/3.12.1/lib/python3.12/site-packages/airflow/example_dags/example_trigger_target_dag.py
[2026-04-25T09:18:19.617+0000] {logging_mixin.py:188} INFO - [2026-04-25T09:18:19.616+0000] {dag.py:3096} INFO - Sync 1 DAGs
[2026-04-25T09:18:19.626+0000] {logging_mixin.py:188} INFO - [2026-04-25T09:18:19.625+0000] {dag.py:3954} INFO - Setting next_dagrun for example_trigger_target_dag to None, run_after=None
[2026-04-25T09:18:19.644+0000] {processor.py:183} INFO - Processing /usr/local/python/3.12.1/lib/python3.12/site-packages/airflow/example_dags/example_trigger_target_dag.py took 0.049 seconds
[2026-04-25T09:19:00.156+0000] {processor.py:161} INFO - Started process (PID=17081) to work on /usr/local/python/3.12.1/lib/python3.12/site-packages/airflow/example_dags/example_trigger_target_dag.py
[2026-04-25T09:19:00.157+0000] {processor.py:830} INFO - Processing file /usr/local/python/3.12.1/lib/python3.12/site-packages/airflow/example_dags/example_trigger_target_dag.py for tasks to queue
[2026-04-25T09:19:00.157+0000] {logging_mixin.py:188} INFO - [2026-04-25T09:19:00.157+0000] {dagbag.py:540} INFO - Filling up the DagBag from /usr/local/python/3.12.1/lib/python3.12/site-packages/airflow/example_dags/example_trigger_target_dag.py
[2026-04-25T09:19:00.162+0000] {processor.py:840} INFO - DAG(s) 'example_trigger_target_dag' retrieved from /usr/local/python/3.12.1/lib/python3.12/site-packages/airflow/example_dags/example_trigger_target_dag.py
[2026-04-25T09:19:00.174+0000] {logging_mixin.py:188} INFO - [2026-04-25T09:19:00.174+0000] {dag.py:3096} INFO - Sync 1 DAGs
[2026-04-25T09:19:00.183+0000] {logging_mixin.py:188} INFO - [2026-04-25T09:19:00.183+0000] {dag.py:3954} INFO - Setting next_dagrun for example_trigger_target_dag to None, run_after=None
[2026-04-25T09:19:00.199+0000] {processor.py:183} INFO - Processing /usr/local/python/3.12.1/lib/python3.12/site-packages/airflow/example_dags/example_trigger_target_dag.py took 0.048 seconds
[2026-04-25T09:19:36.179+0000] {processor.py:161} INFO - Started process (PID=17354) to work on /usr/local/python/3.12.1/lib/python3.12/site-packages/airflow/example_dags/example_trigger_target_dag.py
[2026-04-25T09:19:36.180+0000] {processor.py:830} INFO - Processing file /usr/local/python/3.12.1/lib/python3.12/site-packages/airflow/example_dags/example_trigger_target_dag.py for tasks to queue
[2026-04-25T09:19:36.180+0000] {logging_mixin.py:188} INFO - [2026-04-25T09:19:36.180+0000] {dagbag.py:540} INFO - Filling up the DagBag from /usr/local/python/3.12.1/lib/python3.12/site-packages/airflow/example_dags/example_trigger_target_dag.py
[2026-04-25T09:19:36.186+0000] {processor.py:840} INFO - DAG(s) 'example_trigger_target_dag' retrieved from /usr/local/python/3.12.1/lib/python3.12/site-packages/airflow/example_dags/example_trigger_target_dag.py
[2026-04-25T09:19:36.197+0000] {logging_mixin.py:188} INFO - [2026-04-25T09:19:36.197+0000] {dag.py:3096} INFO - Sync 1 DAGs
[2026-04-25T09:19:36.206+0000] {logging_mixin.py:188} INFO - [2026-04-25T09:19:36.206+0000] {dag.py:3954} INFO - Setting next_dagrun for example_trigger_target_dag to None, run_after=None
[2026-04-25T09:19:36.222+0000] {processor.py:183} INFO - Processing /usr/local/python/3.12.1/lib/python3.12/site-packages/airflow/example_dags/example_trigger_target_dag.py took 0.048 seconds
[2026-04-25T09:20:14.323+0000] {processor.py:161} INFO - Started process (PID=17650) to work on /usr/local/python/3.12.1/lib/python3.12/site-packages/airflow/example_dags/example_trigger_target_dag.py
[2026-04-25T09:20:14.325+0000] {processor.py:830} INFO - Processing file /usr/local/python/3.12.1/lib/python3.12/site-packages/airflow/example_dags/example_trigger_target_dag.py for tasks to queue
[2026-04-25T09:20:14.326+0000] {logging_mixin.py:188} INFO - [2026-04-25T09:20:14.325+0000] {dagbag.py:540} INFO - Filling up the DagBag from /usr/local/python/3.12.1/lib/python3.12/site-packages/airflow/example_dags/example_trigger_target_dag.py
[2026-04-25T09:20:14.331+0000] {processor.py:840} INFO - DAG(s) 'example_trigger_target_dag' retrieved from /usr/local/python/3.12.1/lib/python3.12/site-packages/airflow/example_dags/example_trigger_target_dag.py
[2026-04-25T09:20:14.344+0000] {logging_mixin.py:188} INFO - [2026-04-25T09:20:14.344+0000] {dag.py:3096} INFO - Sync 1 DAGs
[2026-04-25T09:20:14.353+0000] {logging_mixin.py:188} INFO - [2026-04-25T09:20:14.353+0000] {dag.py:3954} INFO - Setting next_dagrun for example_trigger_target_dag to None, run_after=None
[2026-04-25T09:20:14.370+0000] {processor.py:183} INFO - Processing /usr/local/python/3.12.1/lib/python3.12/site-packages/airflow/example_dags/example_trigger_target_dag.py took 0.052 seconds
[2026-04-25T09:20:50.422+0000] {processor.py:161} INFO - Started process (PID=17940) to work on /usr/local/python/3.12.1/lib/python3.12/site-packages/airflow/example_dags/example_trigger_target_dag.py
[2026-04-25T09:20:50.423+0000] {processor.py:830} INFO - Processing file /usr/local/python/3.12.1/lib/python3.12/site-packages/airflow/example_dags/example_trigger_target_dag.py for tasks to queue
[2026-04-25T09:20:50.424+0000] {logging_mixin.py:188} INFO - [2026-04-25T09:20:50.423+0000] {dagbag.py:540} INFO - Filling up the DagBag from /usr/local/python/3.12.1/lib/python3.12/site-packages/airflow/example_dags/example_trigger_target_dag.py
[2026-04-25T09:20:50.428+0000] {processor.py:840} INFO - DAG(s) 'example_trigger_target_dag' retrieved from /usr/local/python/3.12.1/lib/python3.12/site-packages/airflow/example_dags/example_trigger_target_dag.py
[2026-04-25T09:20:50.440+0000] {logging_mixin.py:188} INFO - [2026-04-25T09:20:50.440+0000] {dag.py:3096} INFO - Sync 1 DAGs
[2026-04-25T09:20:50.449+0000] {logging_mixin.py:188} INFO - [2026-04-25T09:20:50.448+0000] {dag.py:3954} INFO - Setting next_dagrun for example_trigger_target_dag to None, run_after=None
[2026-04-25T09:20:50.465+0000] {processor.py:183} INFO - Processing /usr/local/python/3.12.1/lib/python3.12/site-packages/airflow/example_dags/example_trigger_target_dag.py took 0.047 seconds
[2026-04-25T09:21:29.821+0000] {processor.py:161} INFO - Started process (PID=18241) to work on /usr/local/python/3.12.1/lib/python3.12/site-packages/airflow/example_dags/example_trigger_target_dag.py
[2026-04-25T09:21:29.821+0000] {processor.py:830} INFO - Processing file /usr/local/python/3.12.1/lib/python3.12/site-packages/airflow/example_dags/example_trigger_target_dag.py for tasks to queue
[2026-04-25T09:21:29.822+0000] {logging_mixin.py:188} INFO - [2026-04-25T09:21:29.822+0000] {dagbag.py:540} INFO - Filling up the DagBag from /usr/local/python/3.12.1/lib/python3.12/site-packages/airflow/example_dags/example_trigger_target_dag.py
[2026-04-25T09:21:29.827+0000] {processor.py:840} INFO - DAG(s) 'example_trigger_target_dag' retrieved from /usr/local/python/3.12.1/lib/python3.12/site-packages/airflow/example_dags/example_trigger_target_dag.py
[2026-04-25T09:21:29.838+0000] {logging_mixin.py:188} INFO - [2026-04-25T09:21:29.838+0000] {dag.py:3096} INFO - Sync 1 DAGs
[2026-04-25T09:21:29.847+0000] {logging_mixin.py:188} INFO - [2026-04-25T09:21:29.847+0000] {dag.py:3954} INFO - Setting next_dagrun for example_trigger_target_dag to None, run_after=None
[2026-04-25T09:21:29.865+0000] {processor.py:183} INFO - Processing /usr/local/python/3.12.1/lib/python3.12/site-packages/airflow/example_dags/example_trigger_target_dag.py took 0.048 seconds
[2026-04-25T09:22:10.319+0000] {processor.py:161} INFO - Started process (PID=18548) to work on /usr/local/python/3.12.1/lib/python3.12/site-packages/airflow/example_dags/example_trigger_target_dag.py
[2026-04-25T09:22:10.320+0000] {processor.py:830} INFO - Processing file /usr/local/python/3.12.1/lib/python3.12/site-packages/airflow/example_dags/example_trigger_target_dag.py for tasks to queue
[2026-04-25T09:22:10.321+0000] {logging_mixin.py:188} INFO - [2026-04-25T09:22:10.321+0000] {dagbag.py:540} INFO - Filling up the DagBag from /usr/local/python/3.12.1/lib/python3.12/site-packages/airflow/example_dags/example_trigger_target_dag.py
[2026-04-25T09:22:10.327+0000] {processor.py:840} INFO - DAG(s) 'example_trigger_target_dag' retrieved from /usr/local/python/3.12.1/lib/python3.12/site-packages/airflow/example_dags/example_trigger_target_dag.py
[2026-04-25T09:22:10.351+0000] {logging_mixin.py:188} INFO - [2026-04-25T09:22:10.351+0000] {dag.py:3096} INFO - Sync 1 DAGs
[2026-04-25T09:22:10.365+0000] {logging_mixin.py:188} INFO - [2026-04-25T09:22:10.365+0000] {dag.py:3954} INFO - Setting next_dagrun for example_trigger_target_dag to None, run_after=None
[2026-04-25T09:22:10.391+0000] {processor.py:183} INFO - Processing /usr/local/python/3.12.1/lib/python3.12/site-packages/airflow/example_dags/example_trigger_target_dag.py took 0.076 seconds
[2026-04-25T09:22:50.546+0000] {processor.py:161} INFO - Started process (PID=18852) to work on /usr/local/python/3.12.1/lib/python3.12/site-packages/airflow/example_dags/example_trigger_target_dag.py
[2026-04-25T09:22:50.546+0000] {processor.py:830} INFO - Processing file /usr/local/python/3.12.1/lib/python3.12/site-packages/airflow/example_dags/example_trigger_target_dag.py for tasks to queue
[2026-04-25T09:22:50.547+0000] {logging_mixin.py:188} INFO - [2026-04-25T09:22:50.547+0000] {dagbag.py:540} INFO - Filling up the DagBag from /usr/local/python/3.12.1/lib/python3.12/site-packages/airflow/example_dags/example_trigger_target_dag.py
[2026-04-25T09:22:50.551+0000] {processor.py:840} INFO - DAG(s) 'example_trigger_target_dag' retrieved from /usr/local/python/3.12.1/lib/python3.12/site-packages/airflow/example_dags/example_trigger_target_dag.py
[2026-04-25T09:22:50.563+0000] {logging_mixin.py:188} INFO - [2026-04-25T09:22:50.562+0000] {dag.py:3096} INFO - Sync 1 DAGs
[2026-04-25T09:22:50.571+0000] {logging_mixin.py:188} INFO - [2026-04-25T09:22:50.571+0000] {dag.py:3954} INFO - Setting next_dagrun for example_trigger_target_dag to None, run_after=None
[2026-04-25T09:22:50.588+0000] {processor.py:183} INFO - Processing /usr/local/python/3.12.1/lib/python3.12/site-packages/airflow/example_dags/example_trigger_target_dag.py took 0.046 seconds
[2026-04-25T09:23:27.505+0000] {processor.py:161} INFO - Started process (PID=19146) to work on /usr/local/python/3.12.1/lib/python3.12/site-packages/airflow/example_dags/example_trigger_target_dag.py
[2026-04-25T09:23:27.506+0000] {processor.py:830} INFO - Processing file /usr/local/python/3.12.1/lib/python3.12/site-packages/airflow/example_dags/example_trigger_target_dag.py for tasks to queue
[2026-04-25T09:23:27.507+0000] {logging_mixin.py:188} INFO - [2026-04-25T09:23:27.506+0000] {dagbag.py:540} INFO - Filling up the DagBag from /usr/local/python/3.12.1/lib/python3.12/site-packages/airflow/example_dags/example_trigger_target_dag.py
[2026-04-25T09:23:27.511+0000] {processor.py:840} INFO - DAG(s) 'example_trigger_target_dag' retrieved from /usr/local/python/3.12.1/lib/python3.12/site-packages/airflow/example_dags/example_trigger_target_dag.py
[2026-04-25T09:23:27.523+0000] {logging_mixin.py:188} INFO - [2026-04-25T09:23:27.522+0000] {dag.py:3096} INFO - Sync 1 DAGs
[2026-04-25T09:23:27.531+0000] {logging_mixin.py:188} INFO - [2026-04-25T09:23:27.531+0000] {dag.py:3954} INFO - Setting next_dagrun for example_trigger_target_dag to None, run_after=None
[2026-04-25T09:23:27.547+0000] {processor.py:183} INFO - Processing /usr/local/python/3.12.1/lib/python3.12/site-packages/airflow/example_dags/example_trigger_target_dag.py took 0.046 seconds
[2026-04-25T09:24:05.431+0000] {processor.py:161} INFO - Started process (PID=19443) to work on /usr/local/python/3.12.1/lib/python3.12/site-packages/airflow/example_dags/example_trigger_target_dag.py
[2026-04-25T09:24:05.432+0000] {processor.py:830} INFO - Processing file /usr/local/python/3.12.1/lib/python3.12/site-packages/airflow/example_dags/example_trigger_target_dag.py for tasks to queue
[2026-04-25T09:24:05.433+0000] {logging_mixin.py:188} INFO - [2026-04-25T09:24:05.432+0000] {dagbag.py:540} INFO - Filling up the DagBag from /usr/local/python/3.12.1/lib/python3.12/site-packages/airflow/example_dags/example_trigger_target_dag.py
[2026-04-25T09:24:05.437+0000] {processor.py:840} INFO - DAG(s) 'example_trigger_target_dag' retrieved from /usr/local/python/3.12.1/lib/python3.12/site-packages/airflow/example_dags/example_trigger_target_dag.py
[2026-04-25T09:24:05.448+0000] {logging_mixin.py:188} INFO - [2026-04-25T09:24:05.448+0000] {dag.py:3096} INFO - Sync 1 DAGs
[2026-04-25T09:24:05.457+0000] {logging_mixin.py:188} INFO - [2026-04-25T09:24:05.457+0000] {dag.py:3954} INFO - Setting next_dagrun for example_trigger_target_dag to None, run_after=None
[2026-04-25T09:24:05.473+0000] {processor.py:183} INFO - Processing /usr/local/python/3.12.1/lib/python3.12/site-packages/airflow/example_dags/example_trigger_target_dag.py took 0.046 seconds
[2026-04-25T09:24:47.076+0000] {processor.py:161} INFO - Started process (PID=19766) to work on /usr/local/python/3.12.1/lib/python3.12/site-packages/airflow/example_dags/example_trigger_target_dag.py
[2026-04-25T09:24:47.077+0000] {processor.py:830} INFO - Processing file /usr/local/python/3.12.1/lib/python3.12/site-packages/airflow/example_dags/example_trigger_target_dag.py for tasks to queue
[2026-04-25T09:24:47.078+0000] {logging_mixin.py:188} INFO - [2026-04-25T09:24:47.077+0000] {dagbag.py:540} INFO - Filling up the DagBag from /usr/local/python/3.12.1/lib/python3.12/site-packages/airflow/example_dags/example_trigger_target_dag.py
[2026-04-25T09:24:47.082+0000] {processor.py:840} INFO - DAG(s) 'example_trigger_target_dag' retrieved from /usr/local/python/3.12.1/lib/python3.12/site-packages/airflow/example_dags/example_trigger_target_dag.py
[2026-04-25T09:24:47.094+0000] {logging_mixin.py:188} INFO - [2026-04-25T09:24:47.094+0000] {dag.py:3096} INFO - Sync 1 DAGs
[2026-04-25T09:24:47.103+0000] {logging_mixin.py:188} INFO - [2026-04-25T09:24:47.103+0000] {dag.py:3954} INFO - Setting next_dagrun for example_trigger_target_dag to None, run_after=None
[2026-04-25T09:24:47.119+0000] {processor.py:183} INFO - Processing /usr/local/python/3.12.1/lib/python3.12/site-packages/airflow/example_dags/example_trigger_target_dag.py took 0.047 seconds
[2026-04-25T09:25:25.612+0000] {processor.py:161} INFO - Started process (PID=20070) to work on /usr/local/python/3.12.1/lib/python3.12/site-packages/airflow/example_dags/example_trigger_target_dag.py
[2026-04-25T09:25:25.613+0000] {processor.py:830} INFO - Processing file /usr/local/python/3.12.1/lib/python3.12/site-packages/airflow/example_dags/example_trigger_target_dag.py for tasks to queue
[2026-04-25T09:25:25.613+0000] {logging_mixin.py:188} INFO - [2026-04-25T09:25:25.613+0000] {dagbag.py:540} INFO - Filling up the DagBag from /usr/local/python/3.12.1/lib/python3.12/site-packages/airflow/example_dags/example_trigger_target_dag.py
[2026-04-25T09:25:25.618+0000] {processor.py:840} INFO - DAG(s) 'example_trigger_target_dag' retrieved from /usr/local/python/3.12.1/lib/python3.12/site-packages/airflow/example_dags/example_trigger_target_dag.py
[2026-04-25T09:25:25.629+0000] {logging_mixin.py:188} INFO - [2026-04-25T09:25:25.629+0000] {dag.py:3096} INFO - Sync 1 DAGs
[2026-04-25T09:25:25.638+0000] {logging_mixin.py:188} INFO - [2026-04-25T09:25:25.638+0000] {dag.py:3954} INFO - Setting next_dagrun for example_trigger_target_dag to None, run_after=None
[2026-04-25T09:25:25.654+0000] {processor.py:183} INFO - Processing /usr/local/python/3.12.1/lib/python3.12/site-packages/airflow/example_dags/example_trigger_target_dag.py took 0.046 seconds
[2026-04-25T09:26:02.729+0000] {processor.py:161} INFO - Started process (PID=20342) to work on /usr/local/python/3.12.1/lib/python3.12/site-packages/airflow/example_dags/example_trigger_target_dag.py
[2026-04-25T09:26:02.730+0000] {processor.py:830} INFO - Processing file /usr/local/python/3.12.1/lib/python3.12/site-packages/airflow/example_dags/example_trigger_target_dag.py for tasks to queue
[2026-04-25T09:26:02.731+0000] {logging_mixin.py:188} INFO - [2026-04-25T09:26:02.730+0000] {dagbag.py:540} INFO - Filling up the DagBag from /usr/local/python/3.12.1/lib/python3.12/site-packages/airflow/example_dags/example_trigger_target_dag.py
[2026-04-25T09:26:02.735+0000] {processor.py:840} INFO - DAG(s) 'example_trigger_target_dag' retrieved from /usr/local/python/3.12.1/lib/python3.12/site-packages/airflow/example_dags/example_trigger_target_dag.py
[2026-04-25T09:26:02.746+0000] {logging_mixin.py:188} INFO - [2026-04-25T09:26:02.746+0000] {dag.py:3096} INFO - Sync 1 DAGs
[2026-04-25T09:26:02.754+0000] {logging_mixin.py:188} INFO - [2026-04-25T09:26:02.754+0000] {dag.py:3954} INFO - Setting next_dagrun for example_trigger_target_dag to None, run_after=None
[2026-04-25T09:26:02.773+0000] {processor.py:183} INFO - Processing /usr/local/python/3.12.1/lib/python3.12/site-packages/airflow/example_dags/example_trigger_target_dag.py took 0.048 seconds
[2026-04-25T09:26:44.096+0000] {processor.py:161} INFO - Started process (PID=20664) to work on /usr/local/python/3.12.1/lib/python3.12/site-packages/airflow/example_dags/example_trigger_target_dag.py
[2026-04-25T09:26:44.096+0000] {processor.py:830} INFO - Processing file /usr/local/python/3.12.1/lib/python3.12/site-packages/airflow/example_dags/example_trigger_target_dag.py for tasks to queue
[2026-04-25T09:26:44.097+0000] {logging_mixin.py:188} INFO - [2026-04-25T09:26:44.097+0000] {dagbag.py:540} INFO - Filling up the DagBag from /usr/local/python/3.12.1/lib/python3.12/site-packages/airflow/example_dags/example_trigger_target_dag.py
[2026-04-25T09:26:44.101+0000] {processor.py:840} INFO - DAG(s) 'example_trigger_target_dag' retrieved from /usr/local/python/3.12.1/lib/python3.12/site-packages/airflow/example_dags/example_trigger_target_dag.py
[2026-04-25T09:26:44.113+0000] {logging_mixin.py:188} INFO - [2026-04-25T09:26:44.113+0000] {dag.py:3096} INFO - Sync 1 DAGs
[2026-04-25T09:26:44.122+0000] {logging_mixin.py:188} INFO - [2026-04-25T09:26:44.121+0000] {dag.py:3954} INFO - Setting next_dagrun for example_trigger_target_dag to None, run_after=None
[2026-04-25T09:26:44.138+0000] {processor.py:183} INFO - Processing /usr/local/python/3.12.1/lib/python3.12/site-packages/airflow/example_dags/example_trigger_target_dag.py took 0.046 seconds
[2026-04-25T09:27:22.630+0000] {processor.py:161} INFO - Started process (PID=20963) to work on /usr/local/python/3.12.1/lib/python3.12/site-packages/airflow/example_dags/example_trigger_target_dag.py
[2026-04-25T09:27:22.630+0000] {processor.py:830} INFO - Processing file /usr/local/python/3.12.1/lib/python3.12/site-packages/airflow/example_dags/example_trigger_target_dag.py for tasks to queue
[2026-04-25T09:27:22.631+0000] {logging_mixin.py:188} INFO - [2026-04-25T09:27:22.631+0000] {dagbag.py:540} INFO - Filling up the DagBag from /usr/local/python/3.12.1/lib/python3.12/site-packages/airflow/example_dags/example_trigger_target_dag.py
[2026-04-25T09:27:22.636+0000] {processor.py:840} INFO - DAG(s) 'example_trigger_target_dag' retrieved from /usr/local/python/3.12.1/lib/python3.12/site-packages/airflow/example_dags/example_trigger_target_dag.py
[2026-04-25T09:27:22.647+0000] {logging_mixin.py:188} INFO - [2026-04-25T09:27:22.647+0000] {dag.py:3096} INFO - Sync 1 DAGs
[2026-04-25T09:27:22.656+0000] {logging_mixin.py:188} INFO - [2026-04-25T09:27:22.656+0000] {dag.py:3954} INFO - Setting next_dagrun for example_trigger_target_dag to None, run_after=None
[2026-04-25T09:27:22.674+0000] {processor.py:183} INFO - Processing /usr/local/python/3.12.1/lib/python3.12/site-packages/airflow/example_dags/example_trigger_target_dag.py took 0.049 seconds
[2026-04-25T09:28:05.591+0000] {processor.py:161} INFO - Started process (PID=21290) to work on /usr/local/python/3.12.1/lib/python3.12/site-packages/airflow/example_dags/example_trigger_target_dag.py
[2026-04-25T09:28:05.592+0000] {processor.py:830} INFO - Processing file /usr/local/python/3.12.1/lib/python3.12/site-packages/airflow/example_dags/example_trigger_target_dag.py for tasks to queue
[2026-04-25T09:28:05.593+0000] {logging_mixin.py:188} INFO - [2026-04-25T09:28:05.593+0000] {dagbag.py:540} INFO - Filling up the DagBag from /usr/local/python/3.12.1/lib/python3.12/site-packages/airflow/example_dags/example_trigger_target_dag.py
[2026-04-25T09:28:05.600+0000] {processor.py:840} INFO - DAG(s) 'example_trigger_target_dag' retrieved from /usr/local/python/3.12.1/lib/python3.12/site-packages/airflow/example_dags/example_trigger_target_dag.py
[2026-04-25T09:28:05.618+0000] {logging_mixin.py:188} INFO - [2026-04-25T09:28:05.618+0000] {dag.py:3096} INFO - Sync 1 DAGs
[2026-04-25T09:28:05.627+0000] {logging_mixin.py:188} INFO - [2026-04-25T09:28:05.627+0000] {dag.py:3954} INFO - Setting next_dagrun for example_trigger_target_dag to None, run_after=None
[2026-04-25T09:28:05.643+0000] {processor.py:183} INFO - Processing /usr/local/python/3.12.1/lib/python3.12/site-packages/airflow/example_dags/example_trigger_target_dag.py took 0.062 seconds
[2026-04-25T09:28:47.274+0000] {processor.py:161} INFO - Started process (PID=21606) to work on /usr/local/python/3.12.1/lib/python3.12/site-packages/airflow/example_dags/example_trigger_target_dag.py
[2026-04-25T09:28:47.275+0000] {processor.py:830} INFO - Processing file /usr/local/python/3.12.1/lib/python3.12/site-packages/airflow/example_dags/example_trigger_target_dag.py for tasks to queue
[2026-04-25T09:28:47.276+0000] {logging_mixin.py:188} INFO - [2026-04-25T09:28:47.275+0000] {dagbag.py:540} INFO - Filling up the DagBag from /usr/local/python/3.12.1/lib/python3.12/site-packages/airflow/example_dags/example_trigger_target_dag.py
[2026-04-25T09:28:47.280+0000] {processor.py:840} INFO - DAG(s) 'example_trigger_target_dag' retrieved from /usr/local/python/3.12.1/lib/python3.12/site-packages/airflow/example_dags/example_trigger_target_dag.py
[2026-04-25T09:28:47.291+0000] {logging_mixin.py:188} INFO - [2026-04-25T09:28:47.291+0000] {dag.py:3096} INFO - Sync 1 DAGs
[2026-04-25T09:28:47.299+0000] {logging_mixin.py:188} INFO - [2026-04-25T09:28:47.299+0000] {dag.py:3954} INFO - Setting next_dagrun for example_trigger_target_dag to None, run_after=None
[2026-04-25T09:28:47.315+0000] {processor.py:183} INFO - Processing /usr/local/python/3.12.1/lib/python3.12/site-packages/airflow/example_dags/example_trigger_target_dag.py took 0.045 seconds
[2026-04-25T09:29:27.825+0000] {processor.py:161} INFO - Started process (PID=21926) to work on /usr/local/python/3.12.1/lib/python3.12/site-packages/airflow/example_dags/example_trigger_target_dag.py
[2026-04-25T09:29:27.825+0000] {processor.py:830} INFO - Processing file /usr/local/python/3.12.1/lib/python3.12/site-packages/airflow/example_dags/example_trigger_target_dag.py for tasks to queue
[2026-04-25T09:29:27.826+0000] {logging_mixin.py:188} INFO - [2026-04-25T09:29:27.826+0000] {dagbag.py:540} INFO - Filling up the DagBag from /usr/local/python/3.12.1/lib/python3.12/site-packages/airflow/example_dags/example_trigger_target_dag.py
[2026-04-25T09:29:27.831+0000] {processor.py:840} INFO - DAG(s) 'example_trigger_target_dag' retrieved from /usr/local/python/3.12.1/lib/python3.12/site-packages/airflow/example_dags/example_trigger_target_dag.py
[2026-04-25T09:29:27.844+0000] {logging_mixin.py:188} INFO - [2026-04-25T09:29:27.844+0000] {dag.py:3096} INFO - Sync 1 DAGs
[2026-04-25T09:29:27.853+0000] {logging_mixin.py:188} INFO - [2026-04-25T09:29:27.853+0000] {dag.py:3954} INFO - Setting next_dagrun for example_trigger_target_dag to None, run_after=None
[2026-04-25T09:29:27.869+0000] {processor.py:183} INFO - Processing /usr/local/python/3.12.1/lib/python3.12/site-packages/airflow/example_dags/example_trigger_target_dag.py took 0.048 seconds
[2026-04-25T09:30:07.173+0000] {processor.py:161} INFO - Started process (PID=22228) to work on /usr/local/python/3.12.1/lib/python3.12/site-packages/airflow/example_dags/example_trigger_target_dag.py
[2026-04-25T09:30:07.173+0000] {processor.py:830} INFO - Processing file /usr/local/python/3.12.1/lib/python3.12/site-packages/airflow/example_dags/example_trigger_target_dag.py for tasks to queue
[2026-04-25T09:30:07.174+0000] {logging_mixin.py:188} INFO - [2026-04-25T09:30:07.174+0000] {dagbag.py:540} INFO - Filling up the DagBag from /usr/local/python/3.12.1/lib/python3.12/site-packages/airflow/example_dags/example_trigger_target_dag.py
[2026-04-25T09:30:07.179+0000] {processor.py:840} INFO - DAG(s) 'example_trigger_target_dag' retrieved from /usr/local/python/3.12.1/lib/python3.12/site-packages/airflow/example_dags/example_trigger_target_dag.py
[2026-04-25T09:30:07.190+0000] {logging_mixin.py:188} INFO - [2026-04-25T09:30:07.190+0000] {dag.py:3096} INFO - Sync 1 DAGs
[2026-04-25T09:30:07.198+0000] {logging_mixin.py:188} INFO - [2026-04-25T09:30:07.198+0000] {dag.py:3954} INFO - Setting next_dagrun for example_trigger_target_dag to None, run_after=None
[2026-04-25T09:30:07.214+0000] {processor.py:183} INFO - Processing /usr/local/python/3.12.1/lib/python3.12/site-packages/airflow/example_dags/example_trigger_target_dag.py took 0.046 seconds
[2026-04-25T09:30:47.236+0000] {processor.py:161} INFO - Started process (PID=22535) to work on /usr/local/python/3.12.1/lib/python3.12/site-packages/airflow/example_dags/example_trigger_target_dag.py
[2026-04-25T09:30:47.237+0000] {processor.py:830} INFO - Processing file /usr/local/python/3.12.1/lib/python3.12/site-packages/airflow/example_dags/example_trigger_target_dag.py for tasks to queue
[2026-04-25T09:30:47.238+0000] {logging_mixin.py:188} INFO - [2026-04-25T09:30:47.237+0000] {dagbag.py:540} INFO - Filling up the DagBag from /usr/local/python/3.12.1/lib/python3.12/site-packages/airflow/example_dags/example_trigger_target_dag.py
[2026-04-25T09:30:47.242+0000] {processor.py:840} INFO - DAG(s) 'example_trigger_target_dag' retrieved from /usr/local/python/3.12.1/lib/python3.12/site-packages/airflow/example_dags/example_trigger_target_dag.py
[2026-04-25T09:30:47.253+0000] {logging_mixin.py:188} INFO - [2026-04-25T09:30:47.253+0000] {dag.py:3096} INFO - Sync 1 DAGs
[2026-04-25T09:30:47.261+0000] {logging_mixin.py:188} INFO - [2026-04-25T09:30:47.261+0000] {dag.py:3954} INFO - Setting next_dagrun for example_trigger_target_dag to None, run_after=None
[2026-04-25T09:30:47.277+0000] {processor.py:183} INFO - Processing /usr/local/python/3.12.1/lib/python3.12/site-packages/airflow/example_dags/example_trigger_target_dag.py took 0.045 seconds
[2026-04-25T09:31:33.424+0000] {processor.py:161} INFO - Started process (PID=22900) to work on /usr/local/python/3.12.1/lib/python3.12/site-packages/airflow/example_dags/example_trigger_target_dag.py
[2026-04-25T09:31:33.425+0000] {processor.py:830} INFO - Processing file /usr/local/python/3.12.1/lib/python3.12/site-packages/airflow/example_dags/example_trigger_target_dag.py for tasks to queue
[2026-04-25T09:31:33.426+0000] {logging_mixin.py:188} INFO - [2026-04-25T09:31:33.426+0000] {dagbag.py:540} INFO - Filling up the DagBag from /usr/local/python/3.12.1/lib/python3.12/site-packages/airflow/example_dags/example_trigger_target_dag.py
[2026-04-25T09:31:33.434+0000] {processor.py:840} INFO - DAG(s) 'example_trigger_target_dag' retrieved from /usr/local/python/3.12.1/lib/python3.12/site-packages/airflow/example_dags/example_trigger_target_dag.py
[2026-04-25T09:31:33.450+0000] {logging_mixin.py:188} INFO - [2026-04-25T09:31:33.450+0000] {dag.py:3096} INFO - Sync 1 DAGs
[2026-04-25T09:31:33.462+0000] {logging_mixin.py:188} INFO - [2026-04-25T09:31:33.461+0000] {dag.py:3954} INFO - Setting next_dagrun for example_trigger_target_dag to None, run_after=None
[2026-04-25T09:31:33.478+0000] {processor.py:183} INFO - Processing /usr/local/python/3.12.1/lib/python3.12/site-packages/airflow/example_dags/example_trigger_target_dag.py took 0.059 seconds
[2026-04-25T09:32:14.439+0000] {processor.py:161} INFO - Started process (PID=23210) to work on /usr/local/python/3.12.1/lib/python3.12/site-packages/airflow/example_dags/example_trigger_target_dag.py
[2026-04-25T09:32:14.440+0000] {processor.py:830} INFO - Processing file /usr/local/python/3.12.1/lib/python3.12/site-packages/airflow/example_dags/example_trigger_target_dag.py for tasks to queue
[2026-04-25T09:32:14.440+0000] {logging_mixin.py:188} INFO - [2026-04-25T09:32:14.440+0000] {dagbag.py:540} INFO - Filling up the DagBag from /usr/local/python/3.12.1/lib/python3.12/site-packages/airflow/example_dags/example_trigger_target_dag.py
[2026-04-25T09:32:14.444+0000] {processor.py:840} INFO - DAG(s) 'example_trigger_target_dag' retrieved from /usr/local/python/3.12.1/lib/python3.12/site-packages/airflow/example_dags/example_trigger_target_dag.py
[2026-04-25T09:32:14.458+0000] {logging_mixin.py:188} INFO - [2026-04-25T09:32:14.458+0000] {dag.py:3096} INFO - Sync 1 DAGs
[2026-04-25T09:32:14.609+0000] {logging_mixin.py:188} INFO - [2026-04-25T09:32:14.609+0000] {dag.py:3954} INFO - Setting next_dagrun for example_trigger_target_dag to None, run_after=None
[2026-04-25T09:32:14.624+0000] {processor.py:183} INFO - Processing /usr/local/python/3.12.1/lib/python3.12/site-packages/airflow/example_dags/example_trigger_target_dag.py took 0.189 seconds
[2026-04-25T09:33:00.313+0000] {processor.py:161} INFO - Started process (PID=23556) to work on /usr/local/python/3.12.1/lib/python3.12/site-packages/airflow/example_dags/example_trigger_target_dag.py
[2026-04-25T09:33:00.313+0000] {processor.py:830} INFO - Processing file /usr/local/python/3.12.1/lib/python3.12/site-packages/airflow/example_dags/example_trigger_target_dag.py for tasks to queue
[2026-04-25T09:33:00.314+0000] {logging_mixin.py:188} INFO - [2026-04-25T09:33:00.314+0000] {dagbag.py:540} INFO - Filling up the DagBag from /usr/local/python/3.12.1/lib/python3.12/site-packages/airflow/example_dags/example_trigger_target_dag.py
[2026-04-25T09:33:00.318+0000] {processor.py:840} INFO - DAG(s) 'example_trigger_target_dag' retrieved from /usr/local/python/3.12.1/lib/python3.12/site-packages/airflow/example_dags/example_trigger_target_dag.py
[2026-04-25T09:33:00.329+0000] {logging_mixin.py:188} INFO - [2026-04-25T09:33:00.329+0000] {dag.py:3096} INFO - Sync 1 DAGs
[2026-04-25T09:33:00.338+0000] {logging_mixin.py:188} INFO - [2026-04-25T09:33:00.338+0000] {dag.py:3954} INFO - Setting next_dagrun for example_trigger_target_dag to None, run_after=None
[2026-04-25T09:33:00.358+0000] {processor.py:183} INFO - Processing /usr/local/python/3.12.1/lib/python3.12/site-packages/airflow/example_dags/example_trigger_target_dag.py took 0.050 seconds
[2026-04-25T09:33:44.796+0000] {processor.py:161} INFO - Started process (PID=23911) to work on /usr/local/python/3.12.1/lib/python3.12/site-packages/airflow/example_dags/example_trigger_target_dag.py
[2026-04-25T09:33:44.797+0000] {processor.py:830} INFO - Processing file /usr/local/python/3.12.1/lib/python3.12/site-packages/airflow/example_dags/example_trigger_target_dag.py for tasks to queue
[2026-04-25T09:33:44.797+0000] {logging_mixin.py:188} INFO - [2026-04-25T09:33:44.797+0000] {dagbag.py:540} INFO - Filling up the DagBag from /usr/local/python/3.12.1/lib/python3.12/site-packages/airflow/example_dags/example_trigger_target_dag.py
[2026-04-25T09:33:44.802+0000] {processor.py:840} INFO - DAG(s) 'example_trigger_target_dag' retrieved from /usr/local/python/3.12.1/lib/python3.12/site-packages/airflow/example_dags/example_trigger_target_dag.py
[2026-04-25T09:33:44.819+0000] {logging_mixin.py:188} INFO - [2026-04-25T09:33:44.819+0000] {dag.py:3096} INFO - Sync 1 DAGs
[2026-04-25T09:33:44.828+0000] {logging_mixin.py:188} INFO - [2026-04-25T09:33:44.828+0000] {dag.py:3954} INFO - Setting next_dagrun for example_trigger_target_dag to None, run_after=None
[2026-04-25T09:33:44.845+0000] {processor.py:183} INFO - Processing /usr/local/python/3.12.1/lib/python3.12/site-packages/airflow/example_dags/example_trigger_target_dag.py took 0.054 seconds
[2026-04-25T09:34:27.826+0000] {processor.py:161} INFO - Started process (PID=24241) to work on /usr/local/python/3.12.1/lib/python3.12/site-packages/airflow/example_dags/example_trigger_target_dag.py
[2026-04-25T09:34:27.827+0000] {processor.py:830} INFO - Processing file /usr/local/python/3.12.1/lib/python3.12/site-packages/airflow/example_dags/example_trigger_target_dag.py for tasks to queue
[2026-04-25T09:34:27.828+0000] {logging_mixin.py:188} INFO - [2026-04-25T09:34:27.827+0000] {dagbag.py:540} INFO - Filling up the DagBag from /usr/local/python/3.12.1/lib/python3.12/site-packages/airflow/example_dags/example_trigger_target_dag.py
[2026-04-25T09:34:27.832+0000] {processor.py:840} INFO - DAG(s) 'example_trigger_target_dag' retrieved from /usr/local/python/3.12.1/lib/python3.12/site-packages/airflow/example_dags/example_trigger_target_dag.py
[2026-04-25T09:34:27.844+0000] {logging_mixin.py:188} INFO - [2026-04-25T09:34:27.843+0000] {dag.py:3096} INFO - Sync 1 DAGs
[2026-04-25T09:34:27.853+0000] {logging_mixin.py:188} INFO - [2026-04-25T09:34:27.853+0000] {dag.py:3954} INFO - Setting next_dagrun for example_trigger_target_dag to None, run_after=None
[2026-04-25T09:34:27.870+0000] {processor.py:183} INFO - Processing /usr/local/python/3.12.1/lib/python3.12/site-packages/airflow/example_dags/example_trigger_target_dag.py took 0.048 seconds
[2026-04-25T09:35:03.348+0000] {processor.py:161} INFO - Started process (PID=24505) to work on /usr/local/python/3.12.1/lib/python3.12/site-packages/airflow/example_dags/example_trigger_target_dag.py
[2026-04-25T09:35:03.348+0000] {processor.py:830} INFO - Processing file /usr/local/python/3.12.1/lib/python3.12/site-packages/airflow/example_dags/example_trigger_target_dag.py for tasks to queue
[2026-04-25T09:35:03.349+0000] {logging_mixin.py:188} INFO - [2026-04-25T09:35:03.349+0000] {dagbag.py:540} INFO - Filling up the DagBag from /usr/local/python/3.12.1/lib/python3.12/site-packages/airflow/example_dags/example_trigger_target_dag.py
[2026-04-25T09:35:03.353+0000] {processor.py:840} INFO - DAG(s) 'example_trigger_target_dag' retrieved from /usr/local/python/3.12.1/lib/python3.12/site-packages/airflow/example_dags/example_trigger_target_dag.py
[2026-04-25T09:35:03.364+0000] {logging_mixin.py:188} INFO - [2026-04-25T09:35:03.364+0000] {dag.py:3096} INFO - Sync 1 DAGs
[2026-04-25T09:35:03.373+0000] {logging_mixin.py:188} INFO - [2026-04-25T09:35:03.373+0000] {dag.py:3954} INFO - Setting next_dagrun for example_trigger_target_dag to None, run_after=None
[2026-04-25T09:35:03.390+0000] {processor.py:183} INFO - Processing /usr/local/python/3.12.1/lib/python3.12/site-packages/airflow/example_dags/example_trigger_target_dag.py took 0.046 seconds
[2026-04-25T09:35:43.827+0000] {processor.py:161} INFO - Started process (PID=24817) to work on /usr/local/python/3.12.1/lib/python3.12/site-packages/airflow/example_dags/example_trigger_target_dag.py
[2026-04-25T09:35:43.828+0000] {processor.py:830} INFO - Processing file /usr/local/python/3.12.1/lib/python3.12/site-packages/airflow/example_dags/example_trigger_target_dag.py for tasks to queue
[2026-04-25T09:35:43.829+0000] {logging_mixin.py:188} INFO - [2026-04-25T09:35:43.828+0000] {dagbag.py:540} INFO - Filling up the DagBag from /usr/local/python/3.12.1/lib/python3.12/site-packages/airflow/example_dags/example_trigger_target_dag.py
[2026-04-25T09:35:43.835+0000] {processor.py:840} INFO - DAG(s) 'example_trigger_target_dag' retrieved from /usr/local/python/3.12.1/lib/python3.12/site-packages/airflow/example_dags/example_trigger_target_dag.py
[2026-04-25T09:35:43.867+0000] {logging_mixin.py:188} INFO - [2026-04-25T09:35:43.863+0000] {dag.py:3096} INFO - Sync 1 DAGs
[2026-04-25T09:35:43.883+0000] {logging_mixin.py:188} INFO - [2026-04-25T09:35:43.883+0000] {dag.py:3954} INFO - Setting next_dagrun for example_trigger_target_dag to None, run_after=None
[2026-04-25T09:35:43.917+0000] {processor.py:183} INFO - Processing /usr/local/python/3.12.1/lib/python3.12/site-packages/airflow/example_dags/example_trigger_target_dag.py took 0.094 seconds
[2026-04-25T09:36:20.887+0000] {processor.py:161} INFO - Started process (PID=25105) to work on /usr/local/python/3.12.1/lib/python3.12/site-packages/airflow/example_dags/example_trigger_target_dag.py
[2026-04-25T09:36:20.888+0000] {processor.py:830} INFO - Processing file /usr/local/python/3.12.1/lib/python3.12/site-packages/airflow/example_dags/example_trigger_target_dag.py for tasks to queue
[2026-04-25T09:36:20.889+0000] {logging_mixin.py:188} INFO - [2026-04-25T09:36:20.888+0000] {dagbag.py:540} INFO - Filling up the DagBag from /usr/local/python/3.12.1/lib/python3.12/site-packages/airflow/example_dags/example_trigger_target_dag.py
[2026-04-25T09:36:20.893+0000] {processor.py:840} INFO - DAG(s) 'example_trigger_target_dag' retrieved from /usr/local/python/3.12.1/lib/python3.12/site-packages/airflow/example_dags/example_trigger_target_dag.py
[2026-04-25T09:36:20.905+0000] {logging_mixin.py:188} INFO - [2026-04-25T09:36:20.905+0000] {dag.py:3096} INFO - Sync 1 DAGs
[2026-04-25T09:36:20.914+0000] {logging_mixin.py:188} INFO - [2026-04-25T09:36:20.914+0000] {dag.py:3954} INFO - Setting next_dagrun for example_trigger_target_dag to None, run_after=None
[2026-04-25T09:36:20.931+0000] {processor.py:183} INFO - Processing /usr/local/python/3.12.1/lib/python3.12/site-packages/airflow/example_dags/example_trigger_target_dag.py took 0.048 seconds
[2026-04-25T09:37:03.035+0000] {processor.py:161} INFO - Started process (PID=25432) to work on /usr/local/python/3.12.1/lib/python3.12/site-packages/airflow/example_dags/example_trigger_target_dag.py
[2026-04-25T09:37:03.036+0000] {processor.py:830} INFO - Processing file /usr/local/python/3.12.1/lib/python3.12/site-packages/airflow/example_dags/example_trigger_target_dag.py for tasks to queue
[2026-04-25T09:37:03.036+0000] {logging_mixin.py:188} INFO - [2026-04-25T09:37:03.036+0000] {dagbag.py:540} INFO - Filling up the DagBag from /usr/local/python/3.12.1/lib/python3.12/site-packages/airflow/example_dags/example_trigger_target_dag.py
[2026-04-25T09:37:03.041+0000] {processor.py:840} INFO - DAG(s) 'example_trigger_target_dag' retrieved from /usr/local/python/3.12.1/lib/python3.12/site-packages/airflow/example_dags/example_trigger_target_dag.py
[2026-04-25T09:37:03.052+0000] {logging_mixin.py:188} INFO - [2026-04-25T09:37:03.052+0000] {dag.py:3096} INFO - Sync 1 DAGs
[2026-04-25T09:37:03.061+0000] {logging_mixin.py:188} INFO - [2026-04-25T09:37:03.061+0000] {dag.py:3954} INFO - Setting next_dagrun for example_trigger_target_dag to None, run_after=None
[2026-04-25T09:37:03.078+0000] {processor.py:183} INFO - Processing /usr/local/python/3.12.1/lib/python3.12/site-packages/airflow/example_dags/example_trigger_target_dag.py took 0.047 seconds
[2026-04-25T09:37:44.231+0000] {processor.py:161} INFO - Started process (PID=25751) to work on /usr/local/python/3.12.1/lib/python3.12/site-packages/airflow/example_dags/example_trigger_target_dag.py
[2026-04-25T09:37:44.232+0000] {processor.py:830} INFO - Processing file /usr/local/python/3.12.1/lib/python3.12/site-packages/airflow/example_dags/example_trigger_target_dag.py for tasks to queue
[2026-04-25T09:37:44.233+0000] {logging_mixin.py:188} INFO - [2026-04-25T09:37:44.232+0000] {dagbag.py:540} INFO - Filling up the DagBag from /usr/local/python/3.12.1/lib/python3.12/site-packages/airflow/example_dags/example_trigger_target_dag.py
[2026-04-25T09:37:44.238+0000] {processor.py:840} INFO - DAG(s) 'example_trigger_target_dag' retrieved from /usr/local/python/3.12.1/lib/python3.12/site-packages/airflow/example_dags/example_trigger_target_dag.py
[2026-04-25T09:37:44.249+0000] {logging_mixin.py:188} INFO - [2026-04-25T09:37:44.249+0000] {dag.py:3096} INFO - Sync 1 DAGs
[2026-04-25T09:37:44.263+0000] {logging_mixin.py:188} INFO - [2026-04-25T09:37:44.263+0000] {dag.py:3954} INFO - Setting next_dagrun for example_trigger_target_dag to None, run_after=None
[2026-04-25T09:37:44.281+0000] {processor.py:183} INFO - Processing /usr/local/python/3.12.1/lib/python3.12/site-packages/airflow/example_dags/example_trigger_target_dag.py took 0.055 seconds
[2026-04-25T09:38:24.773+0000] {processor.py:161} INFO - Started process (PID=26059) to work on /usr/local/python/3.12.1/lib/python3.12/site-packages/airflow/example_dags/example_trigger_target_dag.py
[2026-04-25T09:38:24.773+0000] {processor.py:830} INFO - Processing file /usr/local/python/3.12.1/lib/python3.12/site-packages/airflow/example_dags/example_trigger_target_dag.py for tasks to queue
[2026-04-25T09:38:24.774+0000] {logging_mixin.py:188} INFO - [2026-04-25T09:38:24.774+0000] {dagbag.py:540} INFO - Filling up the DagBag from /usr/local/python/3.12.1/lib/python3.12/site-packages/airflow/example_dags/example_trigger_target_dag.py
[2026-04-25T09:38:24.780+0000] {processor.py:840} INFO - DAG(s) 'example_trigger_target_dag' retrieved from /usr/local/python/3.12.1/lib/python3.12/site-packages/airflow/example_dags/example_trigger_target_dag.py
[2026-04-25T09:38:24.792+0000] {logging_mixin.py:188} INFO - [2026-04-25T09:38:24.791+0000] {dag.py:3096} INFO - Sync 1 DAGs
[2026-04-25T09:38:24.801+0000] {logging_mixin.py:188} INFO - [2026-04-25T09:38:24.800+0000] {dag.py:3954} INFO - Setting next_dagrun for example_trigger_target_dag to None, run_after=None
[2026-04-25T09:38:24.817+0000] {processor.py:183} INFO - Processing /usr/local/python/3.12.1/lib/python3.12/site-packages/airflow/example_dags/example_trigger_target_dag.py took 0.049 seconds
[2026-04-25T09:39:07.454+0000] {processor.py:161} INFO - Started process (PID=26386) to work on /usr/local/python/3.12.1/lib/python3.12/site-packages/airflow/example_dags/example_trigger_target_dag.py
[2026-04-25T09:39:07.455+0000] {processor.py:830} INFO - Processing file /usr/local/python/3.12.1/lib/python3.12/site-packages/airflow/example_dags/example_trigger_target_dag.py for tasks to queue
[2026-04-25T09:39:07.455+0000] {logging_mixin.py:188} INFO - [2026-04-25T09:39:07.455+0000] {dagbag.py:540} INFO - Filling up the DagBag from /usr/local/python/3.12.1/lib/python3.12/site-packages/airflow/example_dags/example_trigger_target_dag.py
[2026-04-25T09:39:07.460+0000] {processor.py:840} INFO - DAG(s) 'example_trigger_target_dag' retrieved from /usr/local/python/3.12.1/lib/python3.12/site-packages/airflow/example_dags/example_trigger_target_dag.py
[2026-04-25T09:39:07.471+0000] {logging_mixin.py:188} INFO - [2026-04-25T09:39:07.471+0000] {dag.py:3096} INFO - Sync 1 DAGs
[2026-04-25T09:39:07.480+0000] {logging_mixin.py:188} INFO - [2026-04-25T09:39:07.480+0000] {dag.py:3954} INFO - Setting next_dagrun for example_trigger_target_dag to None, run_after=None
[2026-04-25T09:39:07.498+0000] {processor.py:183} INFO - Processing /usr/local/python/3.12.1/lib/python3.12/site-packages/airflow/example_dags/example_trigger_target_dag.py took 0.048 seconds
[2026-04-25T09:39:45.725+0000] {processor.py:161} INFO - Started process (PID=26685) to work on /usr/local/python/3.12.1/lib/python3.12/site-packages/airflow/example_dags/example_trigger_target_dag.py
[2026-04-25T09:39:45.726+0000] {processor.py:830} INFO - Processing file /usr/local/python/3.12.1/lib/python3.12/site-packages/airflow/example_dags/example_trigger_target_dag.py for tasks to queue
[2026-04-25T09:39:45.727+0000] {logging_mixin.py:188} INFO - [2026-04-25T09:39:45.726+0000] {dagbag.py:540} INFO - Filling up the DagBag from /usr/local/python/3.12.1/lib/python3.12/site-packages/airflow/example_dags/example_trigger_target_dag.py
[2026-04-25T09:39:45.733+0000] {processor.py:840} INFO - DAG(s) 'example_trigger_target_dag' retrieved from /usr/local/python/3.12.1/lib/python3.12/site-packages/airflow/example_dags/example_trigger_target_dag.py
[2026-04-25T09:39:45.755+0000] {logging_mixin.py:188} INFO - [2026-04-25T09:39:45.755+0000] {dag.py:3096} INFO - Sync 1 DAGs
[2026-04-25T09:39:45.778+0000] {logging_mixin.py:188} INFO - [2026-04-25T09:39:45.778+0000] {dag.py:3954} INFO - Setting next_dagrun for example_trigger_target_dag to None, run_after=None
[2026-04-25T09:39:45.802+0000] {processor.py:183} INFO - Processing /usr/local/python/3.12.1/lib/python3.12/site-packages/airflow/example_dags/example_trigger_target_dag.py took 0.082 seconds
[2026-04-25T09:40:24.550+0000] {processor.py:161} INFO - Started process (PID=26989) to work on /usr/local/python/3.12.1/lib/python3.12/site-packages/airflow/example_dags/example_trigger_target_dag.py
[2026-04-25T09:40:24.550+0000] {processor.py:830} INFO - Processing file /usr/local/python/3.12.1/lib/python3.12/site-packages/airflow/example_dags/example_trigger_target_dag.py for tasks to queue
[2026-04-25T09:40:24.551+0000] {logging_mixin.py:188} INFO - [2026-04-25T09:40:24.551+0000] {dagbag.py:540} INFO - Filling up the DagBag from /usr/local/python/3.12.1/lib/python3.12/site-packages/airflow/example_dags/example_trigger_target_dag.py
[2026-04-25T09:40:24.556+0000] {processor.py:840} INFO - DAG(s) 'example_trigger_target_dag' retrieved from /usr/local/python/3.12.1/lib/python3.12/site-packages/airflow/example_dags/example_trigger_target_dag.py
[2026-04-25T09:40:24.567+0000] {logging_mixin.py:188} INFO - [2026-04-25T09:40:24.567+0000] {dag.py:3096} INFO - Sync 1 DAGs
[2026-04-25T09:40:24.576+0000] {logging_mixin.py:188} INFO - [2026-04-25T09:40:24.576+0000] {dag.py:3954} INFO - Setting next_dagrun for example_trigger_target_dag to None, run_after=None
[2026-04-25T09:40:24.594+0000] {processor.py:183} INFO - Processing /usr/local/python/3.12.1/lib/python3.12/site-packages/airflow/example_dags/example_trigger_target_dag.py took 0.048 seconds
[2026-04-25T09:41:01.343+0000] {processor.py:161} INFO - Started process (PID=27282) to work on /usr/local/python/3.12.1/lib/python3.12/site-packages/airflow/example_dags/example_trigger_target_dag.py
[2026-04-25T09:41:01.344+0000] {processor.py:830} INFO - Processing file /usr/local/python/3.12.1/lib/python3.12/site-packages/airflow/example_dags/example_trigger_target_dag.py for tasks to queue
[2026-04-25T09:41:01.345+0000] {logging_mixin.py:188} INFO - [2026-04-25T09:41:01.344+0000] {dagbag.py:540} INFO - Filling up the DagBag from /usr/local/python/3.12.1/lib/python3.12/site-packages/airflow/example_dags/example_trigger_target_dag.py
[2026-04-25T09:41:01.349+0000] {processor.py:840} INFO - DAG(s) 'example_trigger_target_dag' retrieved from /usr/local/python/3.12.1/lib/python3.12/site-packages/airflow/example_dags/example_trigger_target_dag.py
[2026-04-25T09:41:01.361+0000] {logging_mixin.py:188} INFO - [2026-04-25T09:41:01.361+0000] {dag.py:3096} INFO - Sync 1 DAGs
[2026-04-25T09:41:01.372+0000] {logging_mixin.py:188} INFO - [2026-04-25T09:41:01.372+0000] {dag.py:3954} INFO - Setting next_dagrun for example_trigger_target_dag to None, run_after=None
[2026-04-25T09:41:01.390+0000] {processor.py:183} INFO - Processing /usr/local/python/3.12.1/lib/python3.12/site-packages/airflow/example_dags/example_trigger_target_dag.py took 0.051 seconds
[2026-04-25T09:41:41.769+0000] {processor.py:161} INFO - Started process (PID=27598) to work on /usr/local/python/3.12.1/lib/python3.12/site-packages/airflow/example_dags/example_trigger_target_dag.py
[2026-04-25T09:41:41.770+0000] {processor.py:830} INFO - Processing file /usr/local/python/3.12.1/lib/python3.12/site-packages/airflow/example_dags/example_trigger_target_dag.py for tasks to queue
[2026-04-25T09:41:41.771+0000] {logging_mixin.py:188} INFO - [2026-04-25T09:41:41.770+0000] {dagbag.py:540} INFO - Filling up the DagBag from /usr/local/python/3.12.1/lib/python3.12/site-packages/airflow/example_dags/example_trigger_target_dag.py
[2026-04-25T09:41:41.775+0000] {processor.py:840} INFO - DAG(s) 'example_trigger_target_dag' retrieved from /usr/local/python/3.12.1/lib/python3.12/site-packages/airflow/example_dags/example_trigger_target_dag.py
[2026-04-25T09:41:41.787+0000] {logging_mixin.py:188} INFO - [2026-04-25T09:41:41.787+0000] {dag.py:3096} INFO - Sync 1 DAGs
[2026-04-25T09:41:41.796+0000] {logging_mixin.py:188} INFO - [2026-04-25T09:41:41.796+0000] {dag.py:3954} INFO - Setting next_dagrun for example_trigger_target_dag to None, run_after=None
[2026-04-25T09:41:41.813+0000] {processor.py:183} INFO - Processing /usr/local/python/3.12.1/lib/python3.12/site-packages/airflow/example_dags/example_trigger_target_dag.py took 0.048 seconds
[2026-04-25T09:42:17.590+0000] {processor.py:161} INFO - Started process (PID=27866) to work on /usr/local/python/3.12.1/lib/python3.12/site-packages/airflow/example_dags/example_trigger_target_dag.py
[2026-04-25T09:42:17.590+0000] {processor.py:830} INFO - Processing file /usr/local/python/3.12.1/lib/python3.12/site-packages/airflow/example_dags/example_trigger_target_dag.py for tasks to queue
[2026-04-25T09:42:17.591+0000] {logging_mixin.py:188} INFO - [2026-04-25T09:42:17.591+0000] {dagbag.py:540} INFO - Filling up the DagBag from /usr/local/python/3.12.1/lib/python3.12/site-packages/airflow/example_dags/example_trigger_target_dag.py
[2026-04-25T09:42:17.596+0000] {processor.py:840} INFO - DAG(s) 'example_trigger_target_dag' retrieved from /usr/local/python/3.12.1/lib/python3.12/site-packages/airflow/example_dags/example_trigger_target_dag.py
[2026-04-25T09:42:17.607+0000] {logging_mixin.py:188} INFO - [2026-04-25T09:42:17.607+0000] {dag.py:3096} INFO - Sync 1 DAGs
[2026-04-25T09:42:17.616+0000] {logging_mixin.py:188} INFO - [2026-04-25T09:42:17.616+0000] {dag.py:3954} INFO - Setting next_dagrun for example_trigger_target_dag to None, run_after=None
[2026-04-25T09:42:17.633+0000] {processor.py:183} INFO - Processing /usr/local/python/3.12.1/lib/python3.12/site-packages/airflow/example_dags/example_trigger_target_dag.py took 0.048 seconds
[2026-04-25T09:42:57.607+0000] {processor.py:161} INFO - Started process (PID=28177) to work on /usr/local/python/3.12.1/lib/python3.12/site-packages/airflow/example_dags/example_trigger_target_dag.py
[2026-04-25T09:42:57.608+0000] {processor.py:830} INFO - Processing file /usr/local/python/3.12.1/lib/python3.12/site-packages/airflow/example_dags/example_trigger_target_dag.py for tasks to queue
[2026-04-25T09:42:57.609+0000] {logging_mixin.py:188} INFO - [2026-04-25T09:42:57.608+0000] {dagbag.py:540} INFO - Filling up the DagBag from /usr/local/python/3.12.1/lib/python3.12/site-packages/airflow/example_dags/example_trigger_target_dag.py
[2026-04-25T09:42:57.613+0000] {processor.py:840} INFO - DAG(s) 'example_trigger_target_dag' retrieved from /usr/local/python/3.12.1/lib/python3.12/site-packages/airflow/example_dags/example_trigger_target_dag.py
[2026-04-25T09:42:57.625+0000] {logging_mixin.py:188} INFO - [2026-04-25T09:42:57.624+0000] {dag.py:3096} INFO - Sync 1 DAGs
[2026-04-25T09:42:57.633+0000] {logging_mixin.py:188} INFO - [2026-04-25T09:42:57.633+0000] {dag.py:3954} INFO - Setting next_dagrun for example_trigger_target_dag to None, run_after=None
[2026-04-25T09:42:57.649+0000] {processor.py:183} INFO - Processing /usr/local/python/3.12.1/lib/python3.12/site-packages/airflow/example_dags/example_trigger_target_dag.py took 0.046 seconds
[2026-04-25T09:43:41.604+0000] {processor.py:161} INFO - Started process (PID=28515) to work on /usr/local/python/3.12.1/lib/python3.12/site-packages/airflow/example_dags/example_trigger_target_dag.py
[2026-04-25T09:43:41.605+0000] {processor.py:830} INFO - Processing file /usr/local/python/3.12.1/lib/python3.12/site-packages/airflow/example_dags/example_trigger_target_dag.py for tasks to queue
[2026-04-25T09:43:41.605+0000] {logging_mixin.py:188} INFO - [2026-04-25T09:43:41.605+0000] {dagbag.py:540} INFO - Filling up the DagBag from /usr/local/python/3.12.1/lib/python3.12/site-packages/airflow/example_dags/example_trigger_target_dag.py
[2026-04-25T09:43:41.610+0000] {processor.py:840} INFO - DAG(s) 'example_trigger_target_dag' retrieved from /usr/local/python/3.12.1/lib/python3.12/site-packages/airflow/example_dags/example_trigger_target_dag.py
[2026-04-25T09:43:41.622+0000] {logging_mixin.py:188} INFO - [2026-04-25T09:43:41.621+0000] {dag.py:3096} INFO - Sync 1 DAGs
[2026-04-25T09:43:41.631+0000] {logging_mixin.py:188} INFO - [2026-04-25T09:43:41.631+0000] {dag.py:3954} INFO - Setting next_dagrun for example_trigger_target_dag to None, run_after=None
[2026-04-25T09:43:41.647+0000] {processor.py:183} INFO - Processing /usr/local/python/3.12.1/lib/python3.12/site-packages/airflow/example_dags/example_trigger_target_dag.py took 0.047 seconds
[2026-04-25T09:44:21.377+0000] {processor.py:161} INFO - Started process (PID=28818) to work on /usr/local/python/3.12.1/lib/python3.12/site-packages/airflow/example_dags/example_trigger_target_dag.py
[2026-04-25T09:44:21.378+0000] {processor.py:830} INFO - Processing file /usr/local/python/3.12.1/lib/python3.12/site-packages/airflow/example_dags/example_trigger_target_dag.py for tasks to queue
[2026-04-25T09:44:21.378+0000] {logging_mixin.py:188} INFO - [2026-04-25T09:44:21.378+0000] {dagbag.py:540} INFO - Filling up the DagBag from /usr/local/python/3.12.1/lib/python3.12/site-packages/airflow/example_dags/example_trigger_target_dag.py
[2026-04-25T09:44:21.383+0000] {processor.py:840} INFO - DAG(s) 'example_trigger_target_dag' retrieved from /usr/local/python/3.12.1/lib/python3.12/site-packages/airflow/example_dags/example_trigger_target_dag.py
[2026-04-25T09:44:21.394+0000] {logging_mixin.py:188} INFO - [2026-04-25T09:44:21.394+0000] {dag.py:3096} INFO - Sync 1 DAGs
[2026-04-25T09:44:21.406+0000] {logging_mixin.py:188} INFO - [2026-04-25T09:44:21.406+0000] {dag.py:3954} INFO - Setting next_dagrun for example_trigger_target_dag to None, run_after=None
[2026-04-25T09:44:21.423+0000] {processor.py:183} INFO - Processing /usr/local/python/3.12.1/lib/python3.12/site-packages/airflow/example_dags/example_trigger_target_dag.py took 0.051 seconds
[2026-04-25T09:45:00.783+0000] {processor.py:161} INFO - Started process (PID=29124) to work on /usr/local/python/3.12.1/lib/python3.12/site-packages/airflow/example_dags/example_trigger_target_dag.py
[2026-04-25T09:45:00.784+0000] {processor.py:830} INFO - Processing file /usr/local/python/3.12.1/lib/python3.12/site-packages/airflow/example_dags/example_trigger_target_dag.py for tasks to queue
[2026-04-25T09:45:00.785+0000] {logging_mixin.py:188} INFO - [2026-04-25T09:45:00.784+0000] {dagbag.py:540} INFO - Filling up the DagBag from /usr/local/python/3.12.1/lib/python3.12/site-packages/airflow/example_dags/example_trigger_target_dag.py
[2026-04-25T09:45:00.789+0000] {processor.py:840} INFO - DAG(s) 'example_trigger_target_dag' retrieved from /usr/local/python/3.12.1/lib/python3.12/site-packages/airflow/example_dags/example_trigger_target_dag.py
[2026-04-25T09:45:00.801+0000] {logging_mixin.py:188} INFO - [2026-04-25T09:45:00.800+0000] {dag.py:3096} INFO - Sync 1 DAGs
[2026-04-25T09:45:00.810+0000] {logging_mixin.py:188} INFO - [2026-04-25T09:45:00.809+0000] {dag.py:3954} INFO - Setting next_dagrun for example_trigger_target_dag to None, run_after=None
[2026-04-25T09:45:00.827+0000] {processor.py:183} INFO - Processing /usr/local/python/3.12.1/lib/python3.12/site-packages/airflow/example_dags/example_trigger_target_dag.py took 0.048 seconds
[2026-04-25T09:45:39.486+0000] {processor.py:161} INFO - Started process (PID=29430) to work on /usr/local/python/3.12.1/lib/python3.12/site-packages/airflow/example_dags/example_trigger_target_dag.py
[2026-04-25T09:45:39.486+0000] {processor.py:830} INFO - Processing file /usr/local/python/3.12.1/lib/python3.12/site-packages/airflow/example_dags/example_trigger_target_dag.py for tasks to queue
[2026-04-25T09:45:39.487+0000] {logging_mixin.py:188} INFO - [2026-04-25T09:45:39.487+0000] {dagbag.py:540} INFO - Filling up the DagBag from /usr/local/python/3.12.1/lib/python3.12/site-packages/airflow/example_dags/example_trigger_target_dag.py
[2026-04-25T09:45:39.492+0000] {processor.py:840} INFO - DAG(s) 'example_trigger_target_dag' retrieved from /usr/local/python/3.12.1/lib/python3.12/site-packages/airflow/example_dags/example_trigger_target_dag.py
[2026-04-25T09:45:39.503+0000] {logging_mixin.py:188} INFO - [2026-04-25T09:45:39.503+0000] {dag.py:3096} INFO - Sync 1 DAGs
[2026-04-25T09:45:39.512+0000] {logging_mixin.py:188} INFO - [2026-04-25T09:45:39.512+0000] {dag.py:3954} INFO - Setting next_dagrun for example_trigger_target_dag to None, run_after=None
[2026-04-25T09:45:39.542+0000] {processor.py:183} INFO - Processing /usr/local/python/3.12.1/lib/python3.12/site-packages/airflow/example_dags/example_trigger_target_dag.py took 0.060 seconds
[2026-04-25T09:46:22.896+0000] {processor.py:161} INFO - Started process (PID=29761) to work on /usr/local/python/3.12.1/lib/python3.12/site-packages/airflow/example_dags/example_trigger_target_dag.py
[2026-04-25T09:46:22.897+0000] {processor.py:830} INFO - Processing file /usr/local/python/3.12.1/lib/python3.12/site-packages/airflow/example_dags/example_trigger_target_dag.py for tasks to queue
[2026-04-25T09:46:22.898+0000] {logging_mixin.py:188} INFO - [2026-04-25T09:46:22.897+0000] {dagbag.py:540} INFO - Filling up the DagBag from /usr/local/python/3.12.1/lib/python3.12/site-packages/airflow/example_dags/example_trigger_target_dag.py
[2026-04-25T09:46:22.902+0000] {processor.py:840} INFO - DAG(s) 'example_trigger_target_dag' retrieved from /usr/local/python/3.12.1/lib/python3.12/site-packages/airflow/example_dags/example_trigger_target_dag.py
[2026-04-25T09:46:22.914+0000] {logging_mixin.py:188} INFO - [2026-04-25T09:46:22.914+0000] {dag.py:3096} INFO - Sync 1 DAGs
[2026-04-25T09:46:22.923+0000] {logging_mixin.py:188} INFO - [2026-04-25T09:46:22.923+0000] {dag.py:3954} INFO - Setting next_dagrun for example_trigger_target_dag to None, run_after=None
[2026-04-25T09:46:22.940+0000] {processor.py:183} INFO - Processing /usr/local/python/3.12.1/lib/python3.12/site-packages/airflow/example_dags/example_trigger_target_dag.py took 0.048 seconds
