[2026-04-25T09:06:05.216+0000] {processor.py:161} INFO - Started process (PID=8355) to work on /usr/local/python/3.12.1/lib/python3.12/site-packages/airflow/example_dags/example_setup_teardown.py
[2026-04-25T09:06:05.217+0000] {processor.py:830} INFO - Processing file /usr/local/python/3.12.1/lib/python3.12/site-packages/airflow/example_dags/example_setup_teardown.py for tasks to queue
[2026-04-25T09:06:05.219+0000] {logging_mixin.py:188} INFO - [2026-04-25T09:06:05.218+0000] {dagbag.py:540} INFO - Filling up the DagBag from /usr/local/python/3.12.1/lib/python3.12/site-packages/airflow/example_dags/example_setup_teardown.py
[2026-04-25T09:06:05.246+0000] {processor.py:840} INFO - DAG(s) 'example_setup_teardown' retrieved from /usr/local/python/3.12.1/lib/python3.12/site-packages/airflow/example_dags/example_setup_teardown.py
[2026-04-25T09:06:05.497+0000] {logging_mixin.py:188} INFO - [2026-04-25T09:06:05.496+0000] {override.py:1930} INFO - Created Permission View: can delete on DAG:example_setup_teardown
[2026-04-25T09:06:05.511+0000] {logging_mixin.py:188} INFO - [2026-04-25T09:06:05.510+0000] {override.py:1930} INFO - Created Permission View: can edit on DAG:example_setup_teardown
[2026-04-25T09:06:05.521+0000] {logging_mixin.py:188} INFO - [2026-04-25T09:06:05.520+0000] {override.py:1930} INFO - Created Permission View: can read on DAG:example_setup_teardown
[2026-04-25T09:06:05.521+0000] {logging_mixin.py:188} INFO - [2026-04-25T09:06:05.521+0000] {dag.py:3096} INFO - Sync 1 DAGs
[2026-04-25T09:06:05.536+0000] {logging_mixin.py:188} INFO - [2026-04-25T09:06:05.536+0000] {dag.py:3118} INFO - Creating ORM DAG for example_setup_teardown
[2026-04-25T09:06:05.548+0000] {logging_mixin.py:188} INFO - [2026-04-25T09:06:05.548+0000] {dag.py:3954} INFO - Setting next_dagrun for example_setup_teardown to 2026-04-24 00:00:00+00:00, run_after=2026-04-25 00:00:00+00:00
[2026-04-25T09:06:05.573+0000] {processor.py:183} INFO - Processing /usr/local/python/3.12.1/lib/python3.12/site-packages/airflow/example_dags/example_setup_teardown.py took 0.371 seconds
[2026-04-25T09:07:00.947+0000] {processor.py:161} INFO - Started process (PID=8977) to work on /usr/local/python/3.12.1/lib/python3.12/site-packages/airflow/example_dags/example_setup_teardown.py
[2026-04-25T09:07:00.948+0000] {processor.py:830} INFO - Processing file /usr/local/python/3.12.1/lib/python3.12/site-packages/airflow/example_dags/example_setup_teardown.py for tasks to queue
[2026-04-25T09:07:00.948+0000] {logging_mixin.py:188} INFO - [2026-04-25T09:07:00.948+0000] {dagbag.py:540} INFO - Filling up the DagBag from /usr/local/python/3.12.1/lib/python3.12/site-packages/airflow/example_dags/example_setup_teardown.py
[2026-04-25T09:07:00.954+0000] {processor.py:840} INFO - DAG(s) 'example_setup_teardown' retrieved from /usr/local/python/3.12.1/lib/python3.12/site-packages/airflow/example_dags/example_setup_teardown.py
[2026-04-25T09:07:00.968+0000] {logging_mixin.py:188} INFO - [2026-04-25T09:07:00.968+0000] {dag.py:3096} INFO - Sync 1 DAGs
[2026-04-25T09:07:00.987+0000] {logging_mixin.py:188} INFO - [2026-04-25T09:07:00.987+0000] {dag.py:3954} INFO - Setting next_dagrun for example_setup_teardown to 2026-04-24 00:00:00+00:00, run_after=2026-04-25 00:00:00+00:00
[2026-04-25T09:07:01.032+0000] {processor.py:183} INFO - Processing /usr/local/python/3.12.1/lib/python3.12/site-packages/airflow/example_dags/example_setup_teardown.py took 0.090 seconds
[2026-04-25T09:07:51.473+0000] {processor.py:161} INFO - Started process (PID=9402) to work on /usr/local/python/3.12.1/lib/python3.12/site-packages/airflow/example_dags/example_setup_teardown.py
[2026-04-25T09:07:51.474+0000] {processor.py:830} INFO - Processing file /usr/local/python/3.12.1/lib/python3.12/site-packages/airflow/example_dags/example_setup_teardown.py for tasks to queue
[2026-04-25T09:07:51.475+0000] {logging_mixin.py:188} INFO - [2026-04-25T09:07:51.474+0000] {dagbag.py:540} INFO - Filling up the DagBag from /usr/local/python/3.12.1/lib/python3.12/site-packages/airflow/example_dags/example_setup_teardown.py
[2026-04-25T09:07:51.486+0000] {processor.py:840} INFO - DAG(s) 'example_setup_teardown' retrieved from /usr/local/python/3.12.1/lib/python3.12/site-packages/airflow/example_dags/example_setup_teardown.py
[2026-04-25T09:07:51.595+0000] {logging_mixin.py:188} INFO - [2026-04-25T09:07:51.595+0000] {dag.py:3096} INFO - Sync 1 DAGs
[2026-04-25T09:07:51.617+0000] {logging_mixin.py:188} INFO - [2026-04-25T09:07:51.617+0000] {dag.py:3954} INFO - Setting next_dagrun for example_setup_teardown to 2026-04-24 00:00:00+00:00, run_after=2026-04-25 00:00:00+00:00
[2026-04-25T09:07:51.682+0000] {processor.py:183} INFO - Processing /usr/local/python/3.12.1/lib/python3.12/site-packages/airflow/example_dags/example_setup_teardown.py took 0.218 seconds
[2026-04-25T09:08:39.659+0000] {processor.py:161} INFO - Started process (PID=9899) to work on /usr/local/python/3.12.1/lib/python3.12/site-packages/airflow/example_dags/example_setup_teardown.py
[2026-04-25T09:08:39.660+0000] {processor.py:830} INFO - Processing file /usr/local/python/3.12.1/lib/python3.12/site-packages/airflow/example_dags/example_setup_teardown.py for tasks to queue
[2026-04-25T09:08:39.661+0000] {logging_mixin.py:188} INFO - [2026-04-25T09:08:39.660+0000] {dagbag.py:540} INFO - Filling up the DagBag from /usr/local/python/3.12.1/lib/python3.12/site-packages/airflow/example_dags/example_setup_teardown.py
[2026-04-25T09:08:39.667+0000] {processor.py:840} INFO - DAG(s) 'example_setup_teardown' retrieved from /usr/local/python/3.12.1/lib/python3.12/site-packages/airflow/example_dags/example_setup_teardown.py
[2026-04-25T09:08:39.683+0000] {logging_mixin.py:188} INFO - [2026-04-25T09:08:39.682+0000] {dag.py:3096} INFO - Sync 1 DAGs
[2026-04-25T09:08:39.701+0000] {logging_mixin.py:188} INFO - [2026-04-25T09:08:39.700+0000] {dag.py:3954} INFO - Setting next_dagrun for example_setup_teardown to 2026-04-24 00:00:00+00:00, run_after=2026-04-25 00:00:00+00:00
[2026-04-25T09:08:39.747+0000] {processor.py:183} INFO - Processing /usr/local/python/3.12.1/lib/python3.12/site-packages/airflow/example_dags/example_setup_teardown.py took 0.092 seconds
[2026-04-25T09:09:20.500+0000] {processor.py:161} INFO - Started process (PID=10356) to work on /usr/local/python/3.12.1/lib/python3.12/site-packages/airflow/example_dags/example_setup_teardown.py
[2026-04-25T09:09:20.500+0000] {processor.py:830} INFO - Processing file /usr/local/python/3.12.1/lib/python3.12/site-packages/airflow/example_dags/example_setup_teardown.py for tasks to queue
[2026-04-25T09:09:20.501+0000] {logging_mixin.py:188} INFO - [2026-04-25T09:09:20.501+0000] {dagbag.py:540} INFO - Filling up the DagBag from /usr/local/python/3.12.1/lib/python3.12/site-packages/airflow/example_dags/example_setup_teardown.py
[2026-04-25T09:09:20.507+0000] {processor.py:840} INFO - DAG(s) 'example_setup_teardown' retrieved from /usr/local/python/3.12.1/lib/python3.12/site-packages/airflow/example_dags/example_setup_teardown.py
[2026-04-25T09:09:20.519+0000] {logging_mixin.py:188} INFO - [2026-04-25T09:09:20.519+0000] {dag.py:3096} INFO - Sync 1 DAGs
[2026-04-25T09:09:20.534+0000] {logging_mixin.py:188} INFO - [2026-04-25T09:09:20.533+0000] {dag.py:3954} INFO - Setting next_dagrun for example_setup_teardown to 2026-04-24 00:00:00+00:00, run_after=2026-04-25 00:00:00+00:00
[2026-04-25T09:09:20.550+0000] {processor.py:183} INFO - Processing /usr/local/python/3.12.1/lib/python3.12/site-packages/airflow/example_dags/example_setup_teardown.py took 0.054 seconds
[2026-04-25T09:10:05.570+0000] {processor.py:161} INFO - Started process (PID=10980) to work on /usr/local/python/3.12.1/lib/python3.12/site-packages/airflow/example_dags/example_setup_teardown.py
[2026-04-25T09:10:05.571+0000] {processor.py:830} INFO - Processing file /usr/local/python/3.12.1/lib/python3.12/site-packages/airflow/example_dags/example_setup_teardown.py for tasks to queue
[2026-04-25T09:10:05.572+0000] {logging_mixin.py:188} INFO - [2026-04-25T09:10:05.572+0000] {dagbag.py:540} INFO - Filling up the DagBag from /usr/local/python/3.12.1/lib/python3.12/site-packages/airflow/example_dags/example_setup_teardown.py
[2026-04-25T09:10:05.577+0000] {processor.py:840} INFO - DAG(s) 'example_setup_teardown' retrieved from /usr/local/python/3.12.1/lib/python3.12/site-packages/airflow/example_dags/example_setup_teardown.py
[2026-04-25T09:10:05.590+0000] {logging_mixin.py:188} INFO - [2026-04-25T09:10:05.590+0000] {dag.py:3096} INFO - Sync 1 DAGs
[2026-04-25T09:10:05.605+0000] {logging_mixin.py:188} INFO - [2026-04-25T09:10:05.605+0000] {dag.py:3954} INFO - Setting next_dagrun for example_setup_teardown to 2026-04-24 00:00:00+00:00, run_after=2026-04-25 00:00:00+00:00
[2026-04-25T09:10:05.623+0000] {processor.py:183} INFO - Processing /usr/local/python/3.12.1/lib/python3.12/site-packages/airflow/example_dags/example_setup_teardown.py took 0.056 seconds
[2026-04-25T09:11:01.809+0000] {processor.py:161} INFO - Started process (PID=11669) to work on /usr/local/python/3.12.1/lib/python3.12/site-packages/airflow/example_dags/example_setup_teardown.py
[2026-04-25T09:11:01.810+0000] {processor.py:830} INFO - Processing file /usr/local/python/3.12.1/lib/python3.12/site-packages/airflow/example_dags/example_setup_teardown.py for tasks to queue
[2026-04-25T09:11:01.811+0000] {logging_mixin.py:188} INFO - [2026-04-25T09:11:01.810+0000] {dagbag.py:540} INFO - Filling up the DagBag from /usr/local/python/3.12.1/lib/python3.12/site-packages/airflow/example_dags/example_setup_teardown.py
[2026-04-25T09:11:01.816+0000] {processor.py:840} INFO - DAG(s) 'example_setup_teardown' retrieved from /usr/local/python/3.12.1/lib/python3.12/site-packages/airflow/example_dags/example_setup_teardown.py
[2026-04-25T09:11:01.829+0000] {logging_mixin.py:188} INFO - [2026-04-25T09:11:01.829+0000] {dag.py:3096} INFO - Sync 1 DAGs
[2026-04-25T09:11:01.849+0000] {logging_mixin.py:188} INFO - [2026-04-25T09:11:01.848+0000] {dag.py:3954} INFO - Setting next_dagrun for example_setup_teardown to 2026-04-24 00:00:00+00:00, run_after=2026-04-25 00:00:00+00:00
[2026-04-25T09:11:01.872+0000] {processor.py:183} INFO - Processing /usr/local/python/3.12.1/lib/python3.12/site-packages/airflow/example_dags/example_setup_teardown.py took 0.066 seconds
[2026-04-25T09:11:48.528+0000] {processor.py:161} INFO - Started process (PID=12657) to work on /usr/local/python/3.12.1/lib/python3.12/site-packages/airflow/example_dags/example_setup_teardown.py
[2026-04-25T09:11:48.529+0000] {processor.py:830} INFO - Processing file /usr/local/python/3.12.1/lib/python3.12/site-packages/airflow/example_dags/example_setup_teardown.py for tasks to queue
[2026-04-25T09:11:48.530+0000] {logging_mixin.py:188} INFO - [2026-04-25T09:11:48.529+0000] {dagbag.py:540} INFO - Filling up the DagBag from /usr/local/python/3.12.1/lib/python3.12/site-packages/airflow/example_dags/example_setup_teardown.py
[2026-04-25T09:11:48.535+0000] {processor.py:840} INFO - DAG(s) 'example_setup_teardown' retrieved from /usr/local/python/3.12.1/lib/python3.12/site-packages/airflow/example_dags/example_setup_teardown.py
[2026-04-25T09:11:48.615+0000] {logging_mixin.py:188} INFO - [2026-04-25T09:11:48.614+0000] {dag.py:3096} INFO - Sync 1 DAGs
[2026-04-25T09:11:48.628+0000] {logging_mixin.py:188} INFO - [2026-04-25T09:11:48.628+0000] {dag.py:3954} INFO - Setting next_dagrun for example_setup_teardown to 2026-04-24 00:00:00+00:00, run_after=2026-04-25 00:00:00+00:00
[2026-04-25T09:11:48.645+0000] {processor.py:183} INFO - Processing /usr/local/python/3.12.1/lib/python3.12/site-packages/airflow/example_dags/example_setup_teardown.py took 0.121 seconds
[2026-04-25T09:11:50.382+0000] {processor.py:161} INFO - Started process (PID=12669) to work on /usr/local/python/3.12.1/lib/python3.12/site-packages/airflow/example_dags/example_setup_teardown.py
[2026-04-25T09:11:50.383+0000] {processor.py:830} INFO - Processing file /usr/local/python/3.12.1/lib/python3.12/site-packages/airflow/example_dags/example_setup_teardown.py for tasks to queue
[2026-04-25T09:11:50.383+0000] {logging_mixin.py:188} INFO - [2026-04-25T09:11:50.383+0000] {dagbag.py:540} INFO - Filling up the DagBag from /usr/local/python/3.12.1/lib/python3.12/site-packages/airflow/example_dags/example_setup_teardown.py
[2026-04-25T09:11:50.389+0000] {processor.py:840} INFO - DAG(s) 'example_setup_teardown' retrieved from /usr/local/python/3.12.1/lib/python3.12/site-packages/airflow/example_dags/example_setup_teardown.py
[2026-04-25T09:11:50.394+0000] {logging_mixin.py:188} INFO - [2026-04-25T09:11:50.394+0000] {dag.py:3096} INFO - Sync 1 DAGs
[2026-04-25T09:11:50.410+0000] {logging_mixin.py:188} INFO - [2026-04-25T09:11:50.410+0000] {dag.py:3954} INFO - Setting next_dagrun for example_setup_teardown to 2026-04-24 00:00:00+00:00, run_after=2026-04-25 00:00:00+00:00
[2026-04-25T09:11:50.427+0000] {processor.py:183} INFO - Processing /usr/local/python/3.12.1/lib/python3.12/site-packages/airflow/example_dags/example_setup_teardown.py took 0.051 seconds
[2026-04-25T09:12:34.045+0000] {processor.py:161} INFO - Started process (PID=13192) to work on /usr/local/python/3.12.1/lib/python3.12/site-packages/airflow/example_dags/example_setup_teardown.py
[2026-04-25T09:12:34.045+0000] {processor.py:830} INFO - Processing file /usr/local/python/3.12.1/lib/python3.12/site-packages/airflow/example_dags/example_setup_teardown.py for tasks to queue
[2026-04-25T09:12:34.046+0000] {logging_mixin.py:188} INFO - [2026-04-25T09:12:34.046+0000] {dagbag.py:540} INFO - Filling up the DagBag from /usr/local/python/3.12.1/lib/python3.12/site-packages/airflow/example_dags/example_setup_teardown.py
[2026-04-25T09:12:34.051+0000] {processor.py:840} INFO - DAG(s) 'example_setup_teardown' retrieved from /usr/local/python/3.12.1/lib/python3.12/site-packages/airflow/example_dags/example_setup_teardown.py
[2026-04-25T09:12:34.064+0000] {logging_mixin.py:188} INFO - [2026-04-25T09:12:34.063+0000] {dag.py:3096} INFO - Sync 1 DAGs
[2026-04-25T09:12:34.078+0000] {logging_mixin.py:188} INFO - [2026-04-25T09:12:34.078+0000] {dag.py:3954} INFO - Setting next_dagrun for example_setup_teardown to 2026-04-24 00:00:00+00:00, run_after=2026-04-25 00:00:00+00:00
[2026-04-25T09:12:34.098+0000] {processor.py:183} INFO - Processing /usr/local/python/3.12.1/lib/python3.12/site-packages/airflow/example_dags/example_setup_teardown.py took 0.058 seconds
[2026-04-25T09:12:40.450+0000] {processor.py:161} INFO - Started process (PID=13317) to work on /usr/local/python/3.12.1/lib/python3.12/site-packages/airflow/example_dags/example_setup_teardown.py
[2026-04-25T09:12:40.450+0000] {processor.py:830} INFO - Processing file /usr/local/python/3.12.1/lib/python3.12/site-packages/airflow/example_dags/example_setup_teardown.py for tasks to queue
[2026-04-25T09:12:40.451+0000] {logging_mixin.py:188} INFO - [2026-04-25T09:12:40.451+0000] {dagbag.py:540} INFO - Filling up the DagBag from /usr/local/python/3.12.1/lib/python3.12/site-packages/airflow/example_dags/example_setup_teardown.py
[2026-04-25T09:12:40.457+0000] {processor.py:840} INFO - DAG(s) 'example_setup_teardown' retrieved from /usr/local/python/3.12.1/lib/python3.12/site-packages/airflow/example_dags/example_setup_teardown.py
[2026-04-25T09:12:40.470+0000] {logging_mixin.py:188} INFO - [2026-04-25T09:12:40.470+0000] {dag.py:3096} INFO - Sync 1 DAGs
[2026-04-25T09:12:40.485+0000] {logging_mixin.py:188} INFO - [2026-04-25T09:12:40.485+0000] {dag.py:3954} INFO - Setting next_dagrun for example_setup_teardown to 2026-04-24 00:00:00+00:00, run_after=2026-04-25 00:00:00+00:00
[2026-04-25T09:12:40.501+0000] {processor.py:183} INFO - Processing /usr/local/python/3.12.1/lib/python3.12/site-packages/airflow/example_dags/example_setup_teardown.py took 0.056 seconds
[2026-04-25T09:13:18.157+0000] {processor.py:161} INFO - Started process (PID=13710) to work on /usr/local/python/3.12.1/lib/python3.12/site-packages/airflow/example_dags/example_setup_teardown.py
[2026-04-25T09:13:18.158+0000] {processor.py:830} INFO - Processing file /usr/local/python/3.12.1/lib/python3.12/site-packages/airflow/example_dags/example_setup_teardown.py for tasks to queue
[2026-04-25T09:13:18.159+0000] {logging_mixin.py:188} INFO - [2026-04-25T09:13:18.158+0000] {dagbag.py:540} INFO - Filling up the DagBag from /usr/local/python/3.12.1/lib/python3.12/site-packages/airflow/example_dags/example_setup_teardown.py
[2026-04-25T09:13:18.177+0000] {processor.py:840} INFO - DAG(s) 'example_setup_teardown' retrieved from /usr/local/python/3.12.1/lib/python3.12/site-packages/airflow/example_dags/example_setup_teardown.py
[2026-04-25T09:13:18.251+0000] {logging_mixin.py:188} INFO - [2026-04-25T09:13:18.250+0000] {dag.py:3096} INFO - Sync 1 DAGs
[2026-04-25T09:13:18.295+0000] {logging_mixin.py:188} INFO - [2026-04-25T09:13:18.294+0000] {dag.py:3954} INFO - Setting next_dagrun for example_setup_teardown to 2026-04-24 00:00:00+00:00, run_after=2026-04-25 00:00:00+00:00
[2026-04-25T09:13:18.343+0000] {processor.py:183} INFO - Processing /usr/local/python/3.12.1/lib/python3.12/site-packages/airflow/example_dags/example_setup_teardown.py took 0.196 seconds
[2026-04-25T09:14:03.828+0000] {processor.py:161} INFO - Started process (PID=14494) to work on /usr/local/python/3.12.1/lib/python3.12/site-packages/airflow/example_dags/example_setup_teardown.py
[2026-04-25T09:14:03.829+0000] {processor.py:830} INFO - Processing file /usr/local/python/3.12.1/lib/python3.12/site-packages/airflow/example_dags/example_setup_teardown.py for tasks to queue
[2026-04-25T09:14:03.830+0000] {logging_mixin.py:188} INFO - [2026-04-25T09:14:03.830+0000] {dagbag.py:540} INFO - Filling up the DagBag from /usr/local/python/3.12.1/lib/python3.12/site-packages/airflow/example_dags/example_setup_teardown.py
[2026-04-25T09:14:03.835+0000] {processor.py:840} INFO - DAG(s) 'example_setup_teardown' retrieved from /usr/local/python/3.12.1/lib/python3.12/site-packages/airflow/example_dags/example_setup_teardown.py
[2026-04-25T09:14:03.849+0000] {logging_mixin.py:188} INFO - [2026-04-25T09:14:03.849+0000] {dag.py:3096} INFO - Sync 1 DAGs
[2026-04-25T09:14:03.865+0000] {logging_mixin.py:188} INFO - [2026-04-25T09:14:03.865+0000] {dag.py:3954} INFO - Setting next_dagrun for example_setup_teardown to 2026-04-24 00:00:00+00:00, run_after=2026-04-25 00:00:00+00:00
[2026-04-25T09:14:03.885+0000] {processor.py:183} INFO - Processing /usr/local/python/3.12.1/lib/python3.12/site-packages/airflow/example_dags/example_setup_teardown.py took 0.061 seconds
[2026-04-25T09:14:53.515+0000] {processor.py:161} INFO - Started process (PID=14882) to work on /usr/local/python/3.12.1/lib/python3.12/site-packages/airflow/example_dags/example_setup_teardown.py
[2026-04-25T09:14:53.516+0000] {processor.py:830} INFO - Processing file /usr/local/python/3.12.1/lib/python3.12/site-packages/airflow/example_dags/example_setup_teardown.py for tasks to queue
[2026-04-25T09:14:53.517+0000] {logging_mixin.py:188} INFO - [2026-04-25T09:14:53.516+0000] {dagbag.py:540} INFO - Filling up the DagBag from /usr/local/python/3.12.1/lib/python3.12/site-packages/airflow/example_dags/example_setup_teardown.py
[2026-04-25T09:14:53.523+0000] {processor.py:840} INFO - DAG(s) 'example_setup_teardown' retrieved from /usr/local/python/3.12.1/lib/python3.12/site-packages/airflow/example_dags/example_setup_teardown.py
[2026-04-25T09:14:53.535+0000] {logging_mixin.py:188} INFO - [2026-04-25T09:14:53.535+0000] {dag.py:3096} INFO - Sync 1 DAGs
[2026-04-25T09:14:53.549+0000] {logging_mixin.py:188} INFO - [2026-04-25T09:14:53.549+0000] {dag.py:3954} INFO - Setting next_dagrun for example_setup_teardown to 2026-04-24 00:00:00+00:00, run_after=2026-04-25 00:00:00+00:00
[2026-04-25T09:14:53.565+0000] {processor.py:183} INFO - Processing /usr/local/python/3.12.1/lib/python3.12/site-packages/airflow/example_dags/example_setup_teardown.py took 0.055 seconds
[2026-04-25T09:15:43.395+0000] {processor.py:161} INFO - Started process (PID=15429) to work on /usr/local/python/3.12.1/lib/python3.12/site-packages/airflow/example_dags/example_setup_teardown.py
[2026-04-25T09:15:43.395+0000] {processor.py:830} INFO - Processing file /usr/local/python/3.12.1/lib/python3.12/site-packages/airflow/example_dags/example_setup_teardown.py for tasks to queue
[2026-04-25T09:15:43.396+0000] {logging_mixin.py:188} INFO - [2026-04-25T09:15:43.396+0000] {dagbag.py:540} INFO - Filling up the DagBag from /usr/local/python/3.12.1/lib/python3.12/site-packages/airflow/example_dags/example_setup_teardown.py
[2026-04-25T09:15:43.401+0000] {processor.py:840} INFO - DAG(s) 'example_setup_teardown' retrieved from /usr/local/python/3.12.1/lib/python3.12/site-packages/airflow/example_dags/example_setup_teardown.py
[2026-04-25T09:15:43.414+0000] {logging_mixin.py:188} INFO - [2026-04-25T09:15:43.414+0000] {dag.py:3096} INFO - Sync 1 DAGs
[2026-04-25T09:15:43.431+0000] {logging_mixin.py:188} INFO - [2026-04-25T09:15:43.430+0000] {dag.py:3954} INFO - Setting next_dagrun for example_setup_teardown to 2026-04-24 00:00:00+00:00, run_after=2026-04-25 00:00:00+00:00
[2026-04-25T09:15:43.458+0000] {processor.py:183} INFO - Processing /usr/local/python/3.12.1/lib/python3.12/site-packages/airflow/example_dags/example_setup_teardown.py took 0.068 seconds
[2026-04-25T09:16:40.211+0000] {processor.py:161} INFO - Started process (PID=15914) to work on /usr/local/python/3.12.1/lib/python3.12/site-packages/airflow/example_dags/example_setup_teardown.py
[2026-04-25T09:16:40.212+0000] {processor.py:830} INFO - Processing file /usr/local/python/3.12.1/lib/python3.12/site-packages/airflow/example_dags/example_setup_teardown.py for tasks to queue
[2026-04-25T09:16:40.212+0000] {logging_mixin.py:188} INFO - [2026-04-25T09:16:40.212+0000] {dagbag.py:540} INFO - Filling up the DagBag from /usr/local/python/3.12.1/lib/python3.12/site-packages/airflow/example_dags/example_setup_teardown.py
[2026-04-25T09:16:40.218+0000] {processor.py:840} INFO - DAG(s) 'example_setup_teardown' retrieved from /usr/local/python/3.12.1/lib/python3.12/site-packages/airflow/example_dags/example_setup_teardown.py
[2026-04-25T09:16:40.230+0000] {logging_mixin.py:188} INFO - [2026-04-25T09:16:40.230+0000] {dag.py:3096} INFO - Sync 1 DAGs
[2026-04-25T09:16:40.245+0000] {logging_mixin.py:188} INFO - [2026-04-25T09:16:40.245+0000] {dag.py:3954} INFO - Setting next_dagrun for example_setup_teardown to 2026-04-24 00:00:00+00:00, run_after=2026-04-25 00:00:00+00:00
[2026-04-25T09:16:40.262+0000] {processor.py:183} INFO - Processing /usr/local/python/3.12.1/lib/python3.12/site-packages/airflow/example_dags/example_setup_teardown.py took 0.055 seconds
[2026-04-25T09:17:41.558+0000] {processor.py:161} INFO - Started process (PID=16469) to work on /usr/local/python/3.12.1/lib/python3.12/site-packages/airflow/example_dags/example_setup_teardown.py
[2026-04-25T09:17:41.559+0000] {processor.py:830} INFO - Processing file /usr/local/python/3.12.1/lib/python3.12/site-packages/airflow/example_dags/example_setup_teardown.py for tasks to queue
[2026-04-25T09:17:41.559+0000] {logging_mixin.py:188} INFO - [2026-04-25T09:17:41.559+0000] {dagbag.py:540} INFO - Filling up the DagBag from /usr/local/python/3.12.1/lib/python3.12/site-packages/airflow/example_dags/example_setup_teardown.py
[2026-04-25T09:17:41.565+0000] {processor.py:840} INFO - DAG(s) 'example_setup_teardown' retrieved from /usr/local/python/3.12.1/lib/python3.12/site-packages/airflow/example_dags/example_setup_teardown.py
[2026-04-25T09:17:41.657+0000] {logging_mixin.py:188} INFO - [2026-04-25T09:17:41.657+0000] {dag.py:3096} INFO - Sync 1 DAGs
[2026-04-25T09:17:41.678+0000] {logging_mixin.py:188} INFO - [2026-04-25T09:17:41.677+0000] {dag.py:3954} INFO - Setting next_dagrun for example_setup_teardown to 2026-04-24 00:00:00+00:00, run_after=2026-04-25 00:00:00+00:00
[2026-04-25T09:17:41.713+0000] {processor.py:183} INFO - Processing /usr/local/python/3.12.1/lib/python3.12/site-packages/airflow/example_dags/example_setup_teardown.py took 0.159 seconds
[2026-04-25T09:18:27.036+0000] {processor.py:161} INFO - Started process (PID=16829) to work on /usr/local/python/3.12.1/lib/python3.12/site-packages/airflow/example_dags/example_setup_teardown.py
[2026-04-25T09:18:27.037+0000] {processor.py:830} INFO - Processing file /usr/local/python/3.12.1/lib/python3.12/site-packages/airflow/example_dags/example_setup_teardown.py for tasks to queue
[2026-04-25T09:18:27.038+0000] {logging_mixin.py:188} INFO - [2026-04-25T09:18:27.037+0000] {dagbag.py:540} INFO - Filling up the DagBag from /usr/local/python/3.12.1/lib/python3.12/site-packages/airflow/example_dags/example_setup_teardown.py
[2026-04-25T09:18:27.043+0000] {processor.py:840} INFO - DAG(s) 'example_setup_teardown' retrieved from /usr/local/python/3.12.1/lib/python3.12/site-packages/airflow/example_dags/example_setup_teardown.py
[2026-04-25T09:18:27.055+0000] {logging_mixin.py:188} INFO - [2026-04-25T09:18:27.055+0000] {dag.py:3096} INFO - Sync 1 DAGs
[2026-04-25T09:18:27.076+0000] {logging_mixin.py:188} INFO - [2026-04-25T09:18:27.076+0000] {dag.py:3954} INFO - Setting next_dagrun for example_setup_teardown to 2026-04-24 00:00:00+00:00, run_after=2026-04-25 00:00:00+00:00
[2026-04-25T09:18:27.117+0000] {processor.py:183} INFO - Processing /usr/local/python/3.12.1/lib/python3.12/site-packages/airflow/example_dags/example_setup_teardown.py took 0.084 seconds
[2026-04-25T09:19:06.424+0000] {processor.py:161} INFO - Started process (PID=17118) to work on /usr/local/python/3.12.1/lib/python3.12/site-packages/airflow/example_dags/example_setup_teardown.py
[2026-04-25T09:19:06.425+0000] {processor.py:830} INFO - Processing file /usr/local/python/3.12.1/lib/python3.12/site-packages/airflow/example_dags/example_setup_teardown.py for tasks to queue
[2026-04-25T09:19:06.426+0000] {logging_mixin.py:188} INFO - [2026-04-25T09:19:06.425+0000] {dagbag.py:540} INFO - Filling up the DagBag from /usr/local/python/3.12.1/lib/python3.12/site-packages/airflow/example_dags/example_setup_teardown.py
[2026-04-25T09:19:06.433+0000] {processor.py:840} INFO - DAG(s) 'example_setup_teardown' retrieved from /usr/local/python/3.12.1/lib/python3.12/site-packages/airflow/example_dags/example_setup_teardown.py
[2026-04-25T09:19:06.472+0000] {logging_mixin.py:188} INFO - [2026-04-25T09:19:06.471+0000] {dag.py:3096} INFO - Sync 1 DAGs
[2026-04-25T09:19:06.498+0000] {logging_mixin.py:188} INFO - [2026-04-25T09:19:06.498+0000] {dag.py:3954} INFO - Setting next_dagrun for example_setup_teardown to 2026-04-24 00:00:00+00:00, run_after=2026-04-25 00:00:00+00:00
[2026-04-25T09:19:06.518+0000] {processor.py:183} INFO - Processing /usr/local/python/3.12.1/lib/python3.12/site-packages/airflow/example_dags/example_setup_teardown.py took 0.100 seconds
[2026-04-25T09:20:02.001+0000] {processor.py:161} INFO - Started process (PID=17555) to work on /usr/local/python/3.12.1/lib/python3.12/site-packages/airflow/example_dags/example_setup_teardown.py
[2026-04-25T09:20:02.002+0000] {processor.py:830} INFO - Processing file /usr/local/python/3.12.1/lib/python3.12/site-packages/airflow/example_dags/example_setup_teardown.py for tasks to queue
[2026-04-25T09:20:02.002+0000] {logging_mixin.py:188} INFO - [2026-04-25T09:20:02.002+0000] {dagbag.py:540} INFO - Filling up the DagBag from /usr/local/python/3.12.1/lib/python3.12/site-packages/airflow/example_dags/example_setup_teardown.py
[2026-04-25T09:20:02.008+0000] {processor.py:840} INFO - DAG(s) 'example_setup_teardown' retrieved from /usr/local/python/3.12.1/lib/python3.12/site-packages/airflow/example_dags/example_setup_teardown.py
[2026-04-25T09:20:02.020+0000] {logging_mixin.py:188} INFO - [2026-04-25T09:20:02.020+0000] {dag.py:3096} INFO - Sync 1 DAGs
[2026-04-25T09:20:02.034+0000] {logging_mixin.py:188} INFO - [2026-04-25T09:20:02.034+0000] {dag.py:3954} INFO - Setting next_dagrun for example_setup_teardown to 2026-04-24 00:00:00+00:00, run_after=2026-04-25 00:00:00+00:00
[2026-04-25T09:20:02.050+0000] {processor.py:183} INFO - Processing /usr/local/python/3.12.1/lib/python3.12/site-packages/airflow/example_dags/example_setup_teardown.py took 0.053 seconds
[2026-04-25T09:20:57.348+0000] {processor.py:161} INFO - Started process (PID=17983) to work on /usr/local/python/3.12.1/lib/python3.12/site-packages/airflow/example_dags/example_setup_teardown.py
[2026-04-25T09:20:57.348+0000] {processor.py:830} INFO - Processing file /usr/local/python/3.12.1/lib/python3.12/site-packages/airflow/example_dags/example_setup_teardown.py for tasks to queue
[2026-04-25T09:20:57.349+0000] {logging_mixin.py:188} INFO - [2026-04-25T09:20:57.349+0000] {dagbag.py:540} INFO - Filling up the DagBag from /usr/local/python/3.12.1/lib/python3.12/site-packages/airflow/example_dags/example_setup_teardown.py
[2026-04-25T09:20:57.355+0000] {processor.py:840} INFO - DAG(s) 'example_setup_teardown' retrieved from /usr/local/python/3.12.1/lib/python3.12/site-packages/airflow/example_dags/example_setup_teardown.py
[2026-04-25T09:20:57.366+0000] {logging_mixin.py:188} INFO - [2026-04-25T09:20:57.366+0000] {dag.py:3096} INFO - Sync 1 DAGs
[2026-04-25T09:20:57.381+0000] {logging_mixin.py:188} INFO - [2026-04-25T09:20:57.381+0000] {dag.py:3954} INFO - Setting next_dagrun for example_setup_teardown to 2026-04-24 00:00:00+00:00, run_after=2026-04-25 00:00:00+00:00
[2026-04-25T09:20:57.398+0000] {processor.py:183} INFO - Processing /usr/local/python/3.12.1/lib/python3.12/site-packages/airflow/example_dags/example_setup_teardown.py took 0.054 seconds
[2026-04-25T09:21:54.919+0000] {processor.py:161} INFO - Started process (PID=18427) to work on /usr/local/python/3.12.1/lib/python3.12/site-packages/airflow/example_dags/example_setup_teardown.py
[2026-04-25T09:21:54.919+0000] {processor.py:830} INFO - Processing file /usr/local/python/3.12.1/lib/python3.12/site-packages/airflow/example_dags/example_setup_teardown.py for tasks to queue
[2026-04-25T09:21:54.920+0000] {logging_mixin.py:188} INFO - [2026-04-25T09:21:54.920+0000] {dagbag.py:540} INFO - Filling up the DagBag from /usr/local/python/3.12.1/lib/python3.12/site-packages/airflow/example_dags/example_setup_teardown.py
[2026-04-25T09:21:54.926+0000] {processor.py:840} INFO - DAG(s) 'example_setup_teardown' retrieved from /usr/local/python/3.12.1/lib/python3.12/site-packages/airflow/example_dags/example_setup_teardown.py
[2026-04-25T09:21:54.938+0000] {logging_mixin.py:188} INFO - [2026-04-25T09:21:54.938+0000] {dag.py:3096} INFO - Sync 1 DAGs
[2026-04-25T09:21:54.953+0000] {logging_mixin.py:188} INFO - [2026-04-25T09:21:54.953+0000] {dag.py:3954} INFO - Setting next_dagrun for example_setup_teardown to 2026-04-24 00:00:00+00:00, run_after=2026-04-25 00:00:00+00:00
[2026-04-25T09:21:54.969+0000] {processor.py:183} INFO - Processing /usr/local/python/3.12.1/lib/python3.12/site-packages/airflow/example_dags/example_setup_teardown.py took 0.054 seconds
[2026-04-25T09:22:38.645+0000] {processor.py:161} INFO - Started process (PID=18761) to work on /usr/local/python/3.12.1/lib/python3.12/site-packages/airflow/example_dags/example_setup_teardown.py
[2026-04-25T09:22:38.646+0000] {processor.py:830} INFO - Processing file /usr/local/python/3.12.1/lib/python3.12/site-packages/airflow/example_dags/example_setup_teardown.py for tasks to queue
[2026-04-25T09:22:38.647+0000] {logging_mixin.py:188} INFO - [2026-04-25T09:22:38.646+0000] {dagbag.py:540} INFO - Filling up the DagBag from /usr/local/python/3.12.1/lib/python3.12/site-packages/airflow/example_dags/example_setup_teardown.py
[2026-04-25T09:22:38.652+0000] {processor.py:840} INFO - DAG(s) 'example_setup_teardown' retrieved from /usr/local/python/3.12.1/lib/python3.12/site-packages/airflow/example_dags/example_setup_teardown.py
[2026-04-25T09:22:38.664+0000] {logging_mixin.py:188} INFO - [2026-04-25T09:22:38.664+0000] {dag.py:3096} INFO - Sync 1 DAGs
[2026-04-25T09:22:38.678+0000] {logging_mixin.py:188} INFO - [2026-04-25T09:22:38.678+0000] {dag.py:3954} INFO - Setting next_dagrun for example_setup_teardown to 2026-04-24 00:00:00+00:00, run_after=2026-04-25 00:00:00+00:00
[2026-04-25T09:22:38.695+0000] {processor.py:183} INFO - Processing /usr/local/python/3.12.1/lib/python3.12/site-packages/airflow/example_dags/example_setup_teardown.py took 0.054 seconds
[2026-04-25T09:23:34.076+0000] {processor.py:161} INFO - Started process (PID=19201) to work on /usr/local/python/3.12.1/lib/python3.12/site-packages/airflow/example_dags/example_setup_teardown.py
[2026-04-25T09:23:34.077+0000] {processor.py:830} INFO - Processing file /usr/local/python/3.12.1/lib/python3.12/site-packages/airflow/example_dags/example_setup_teardown.py for tasks to queue
[2026-04-25T09:23:34.078+0000] {logging_mixin.py:188} INFO - [2026-04-25T09:23:34.077+0000] {dagbag.py:540} INFO - Filling up the DagBag from /usr/local/python/3.12.1/lib/python3.12/site-packages/airflow/example_dags/example_setup_teardown.py
[2026-04-25T09:23:34.083+0000] {processor.py:840} INFO - DAG(s) 'example_setup_teardown' retrieved from /usr/local/python/3.12.1/lib/python3.12/site-packages/airflow/example_dags/example_setup_teardown.py
[2026-04-25T09:23:34.095+0000] {logging_mixin.py:188} INFO - [2026-04-25T09:23:34.095+0000] {dag.py:3096} INFO - Sync 1 DAGs
[2026-04-25T09:23:34.109+0000] {logging_mixin.py:188} INFO - [2026-04-25T09:23:34.109+0000] {dag.py:3954} INFO - Setting next_dagrun for example_setup_teardown to 2026-04-24 00:00:00+00:00, run_after=2026-04-25 00:00:00+00:00
[2026-04-25T09:23:34.125+0000] {processor.py:183} INFO - Processing /usr/local/python/3.12.1/lib/python3.12/site-packages/airflow/example_dags/example_setup_teardown.py took 0.053 seconds
[2026-04-25T09:24:34.584+0000] {processor.py:161} INFO - Started process (PID=19669) to work on /usr/local/python/3.12.1/lib/python3.12/site-packages/airflow/example_dags/example_setup_teardown.py
[2026-04-25T09:24:34.585+0000] {processor.py:830} INFO - Processing file /usr/local/python/3.12.1/lib/python3.12/site-packages/airflow/example_dags/example_setup_teardown.py for tasks to queue
[2026-04-25T09:24:34.585+0000] {logging_mixin.py:188} INFO - [2026-04-25T09:24:34.585+0000] {dagbag.py:540} INFO - Filling up the DagBag from /usr/local/python/3.12.1/lib/python3.12/site-packages/airflow/example_dags/example_setup_teardown.py
[2026-04-25T09:24:34.591+0000] {processor.py:840} INFO - DAG(s) 'example_setup_teardown' retrieved from /usr/local/python/3.12.1/lib/python3.12/site-packages/airflow/example_dags/example_setup_teardown.py
[2026-04-25T09:24:34.602+0000] {logging_mixin.py:188} INFO - [2026-04-25T09:24:34.602+0000] {dag.py:3096} INFO - Sync 1 DAGs
[2026-04-25T09:24:34.617+0000] {logging_mixin.py:188} INFO - [2026-04-25T09:24:34.617+0000] {dag.py:3954} INFO - Setting next_dagrun for example_setup_teardown to 2026-04-24 00:00:00+00:00, run_after=2026-04-25 00:00:00+00:00
[2026-04-25T09:24:34.648+0000] {processor.py:183} INFO - Processing /usr/local/python/3.12.1/lib/python3.12/site-packages/airflow/example_dags/example_setup_teardown.py took 0.069 seconds
[2026-04-25T09:25:33.184+0000] {processor.py:161} INFO - Started process (PID=20116) to work on /usr/local/python/3.12.1/lib/python3.12/site-packages/airflow/example_dags/example_setup_teardown.py
[2026-04-25T09:25:33.185+0000] {processor.py:830} INFO - Processing file /usr/local/python/3.12.1/lib/python3.12/site-packages/airflow/example_dags/example_setup_teardown.py for tasks to queue
[2026-04-25T09:25:33.185+0000] {logging_mixin.py:188} INFO - [2026-04-25T09:25:33.185+0000] {dagbag.py:540} INFO - Filling up the DagBag from /usr/local/python/3.12.1/lib/python3.12/site-packages/airflow/example_dags/example_setup_teardown.py
[2026-04-25T09:25:33.191+0000] {processor.py:840} INFO - DAG(s) 'example_setup_teardown' retrieved from /usr/local/python/3.12.1/lib/python3.12/site-packages/airflow/example_dags/example_setup_teardown.py
[2026-04-25T09:25:33.203+0000] {logging_mixin.py:188} INFO - [2026-04-25T09:25:33.203+0000] {dag.py:3096} INFO - Sync 1 DAGs
[2026-04-25T09:25:33.218+0000] {logging_mixin.py:188} INFO - [2026-04-25T09:25:33.218+0000] {dag.py:3954} INFO - Setting next_dagrun for example_setup_teardown to 2026-04-24 00:00:00+00:00, run_after=2026-04-25 00:00:00+00:00
[2026-04-25T09:25:33.233+0000] {processor.py:183} INFO - Processing /usr/local/python/3.12.1/lib/python3.12/site-packages/airflow/example_dags/example_setup_teardown.py took 0.053 seconds
[2026-04-25T09:26:31.240+0000] {processor.py:161} INFO - Started process (PID=20571) to work on /usr/local/python/3.12.1/lib/python3.12/site-packages/airflow/example_dags/example_setup_teardown.py
[2026-04-25T09:26:31.241+0000] {processor.py:830} INFO - Processing file /usr/local/python/3.12.1/lib/python3.12/site-packages/airflow/example_dags/example_setup_teardown.py for tasks to queue
[2026-04-25T09:26:31.242+0000] {logging_mixin.py:188} INFO - [2026-04-25T09:26:31.241+0000] {dagbag.py:540} INFO - Filling up the DagBag from /usr/local/python/3.12.1/lib/python3.12/site-packages/airflow/example_dags/example_setup_teardown.py
[2026-04-25T09:26:31.247+0000] {processor.py:840} INFO - DAG(s) 'example_setup_teardown' retrieved from /usr/local/python/3.12.1/lib/python3.12/site-packages/airflow/example_dags/example_setup_teardown.py
[2026-04-25T09:26:31.262+0000] {logging_mixin.py:188} INFO - [2026-04-25T09:26:31.262+0000] {dag.py:3096} INFO - Sync 1 DAGs
[2026-04-25T09:26:31.279+0000] {logging_mixin.py:188} INFO - [2026-04-25T09:26:31.279+0000] {dag.py:3954} INFO - Setting next_dagrun for example_setup_teardown to 2026-04-24 00:00:00+00:00, run_after=2026-04-25 00:00:00+00:00
[2026-04-25T09:26:31.296+0000] {processor.py:183} INFO - Processing /usr/local/python/3.12.1/lib/python3.12/site-packages/airflow/example_dags/example_setup_teardown.py took 0.059 seconds
[2026-04-25T09:27:28.902+0000] {processor.py:161} INFO - Started process (PID=21015) to work on /usr/local/python/3.12.1/lib/python3.12/site-packages/airflow/example_dags/example_setup_teardown.py
[2026-04-25T09:27:28.903+0000] {processor.py:830} INFO - Processing file /usr/local/python/3.12.1/lib/python3.12/site-packages/airflow/example_dags/example_setup_teardown.py for tasks to queue
[2026-04-25T09:27:28.904+0000] {logging_mixin.py:188} INFO - [2026-04-25T09:27:28.903+0000] {dagbag.py:540} INFO - Filling up the DagBag from /usr/local/python/3.12.1/lib/python3.12/site-packages/airflow/example_dags/example_setup_teardown.py
[2026-04-25T09:27:28.909+0000] {processor.py:840} INFO - DAG(s) 'example_setup_teardown' retrieved from /usr/local/python/3.12.1/lib/python3.12/site-packages/airflow/example_dags/example_setup_teardown.py
[2026-04-25T09:27:28.921+0000] {logging_mixin.py:188} INFO - [2026-04-25T09:27:28.921+0000] {dag.py:3096} INFO - Sync 1 DAGs
[2026-04-25T09:27:28.936+0000] {logging_mixin.py:188} INFO - [2026-04-25T09:27:28.936+0000] {dag.py:3954} INFO - Setting next_dagrun for example_setup_teardown to 2026-04-24 00:00:00+00:00, run_after=2026-04-25 00:00:00+00:00
[2026-04-25T09:27:28.952+0000] {processor.py:183} INFO - Processing /usr/local/python/3.12.1/lib/python3.12/site-packages/airflow/example_dags/example_setup_teardown.py took 0.054 seconds
[2026-04-25T09:28:12.843+0000] {processor.py:161} INFO - Started process (PID=21351) to work on /usr/local/python/3.12.1/lib/python3.12/site-packages/airflow/example_dags/example_setup_teardown.py
[2026-04-25T09:28:12.844+0000] {processor.py:830} INFO - Processing file /usr/local/python/3.12.1/lib/python3.12/site-packages/airflow/example_dags/example_setup_teardown.py for tasks to queue
[2026-04-25T09:28:12.845+0000] {logging_mixin.py:188} INFO - [2026-04-25T09:28:12.844+0000] {dagbag.py:540} INFO - Filling up the DagBag from /usr/local/python/3.12.1/lib/python3.12/site-packages/airflow/example_dags/example_setup_teardown.py
[2026-04-25T09:28:12.851+0000] {processor.py:840} INFO - DAG(s) 'example_setup_teardown' retrieved from /usr/local/python/3.12.1/lib/python3.12/site-packages/airflow/example_dags/example_setup_teardown.py
[2026-04-25T09:28:12.863+0000] {logging_mixin.py:188} INFO - [2026-04-25T09:28:12.863+0000] {dag.py:3096} INFO - Sync 1 DAGs
[2026-04-25T09:28:12.878+0000] {logging_mixin.py:188} INFO - [2026-04-25T09:28:12.878+0000] {dag.py:3954} INFO - Setting next_dagrun for example_setup_teardown to 2026-04-24 00:00:00+00:00, run_after=2026-04-25 00:00:00+00:00
[2026-04-25T09:28:12.894+0000] {processor.py:183} INFO - Processing /usr/local/python/3.12.1/lib/python3.12/site-packages/airflow/example_dags/example_setup_teardown.py took 0.055 seconds
[2026-04-25T09:28:55.135+0000] {processor.py:161} INFO - Started process (PID=21675) to work on /usr/local/python/3.12.1/lib/python3.12/site-packages/airflow/example_dags/example_setup_teardown.py
[2026-04-25T09:28:55.135+0000] {processor.py:830} INFO - Processing file /usr/local/python/3.12.1/lib/python3.12/site-packages/airflow/example_dags/example_setup_teardown.py for tasks to queue
[2026-04-25T09:28:55.136+0000] {logging_mixin.py:188} INFO - [2026-04-25T09:28:55.136+0000] {dagbag.py:540} INFO - Filling up the DagBag from /usr/local/python/3.12.1/lib/python3.12/site-packages/airflow/example_dags/example_setup_teardown.py
[2026-04-25T09:28:55.142+0000] {processor.py:840} INFO - DAG(s) 'example_setup_teardown' retrieved from /usr/local/python/3.12.1/lib/python3.12/site-packages/airflow/example_dags/example_setup_teardown.py
[2026-04-25T09:28:55.154+0000] {logging_mixin.py:188} INFO - [2026-04-25T09:28:55.154+0000] {dag.py:3096} INFO - Sync 1 DAGs
[2026-04-25T09:28:55.171+0000] {logging_mixin.py:188} INFO - [2026-04-25T09:28:55.171+0000] {dag.py:3954} INFO - Setting next_dagrun for example_setup_teardown to 2026-04-24 00:00:00+00:00, run_after=2026-04-25 00:00:00+00:00
[2026-04-25T09:28:55.187+0000] {processor.py:183} INFO - Processing /usr/local/python/3.12.1/lib/python3.12/site-packages/airflow/example_dags/example_setup_teardown.py took 0.056 seconds
[2026-04-25T09:29:54.701+0000] {processor.py:161} INFO - Started process (PID=22139) to work on /usr/local/python/3.12.1/lib/python3.12/site-packages/airflow/example_dags/example_setup_teardown.py
[2026-04-25T09:29:54.702+0000] {processor.py:830} INFO - Processing file /usr/local/python/3.12.1/lib/python3.12/site-packages/airflow/example_dags/example_setup_teardown.py for tasks to queue
[2026-04-25T09:29:54.702+0000] {logging_mixin.py:188} INFO - [2026-04-25T09:29:54.702+0000] {dagbag.py:540} INFO - Filling up the DagBag from /usr/local/python/3.12.1/lib/python3.12/site-packages/airflow/example_dags/example_setup_teardown.py
[2026-04-25T09:29:54.708+0000] {processor.py:840} INFO - DAG(s) 'example_setup_teardown' retrieved from /usr/local/python/3.12.1/lib/python3.12/site-packages/airflow/example_dags/example_setup_teardown.py
[2026-04-25T09:29:54.719+0000] {logging_mixin.py:188} INFO - [2026-04-25T09:29:54.719+0000] {dag.py:3096} INFO - Sync 1 DAGs
[2026-04-25T09:29:54.734+0000] {logging_mixin.py:188} INFO - [2026-04-25T09:29:54.734+0000] {dag.py:3954} INFO - Setting next_dagrun for example_setup_teardown to 2026-04-24 00:00:00+00:00, run_after=2026-04-25 00:00:00+00:00
[2026-04-25T09:29:54.750+0000] {processor.py:183} INFO - Processing /usr/local/python/3.12.1/lib/python3.12/site-packages/airflow/example_dags/example_setup_teardown.py took 0.053 seconds
[2026-04-25T09:30:55.414+0000] {processor.py:161} INFO - Started process (PID=22604) to work on /usr/local/python/3.12.1/lib/python3.12/site-packages/airflow/example_dags/example_setup_teardown.py
[2026-04-25T09:30:55.415+0000] {processor.py:830} INFO - Processing file /usr/local/python/3.12.1/lib/python3.12/site-packages/airflow/example_dags/example_setup_teardown.py for tasks to queue
[2026-04-25T09:30:55.415+0000] {logging_mixin.py:188} INFO - [2026-04-25T09:30:55.415+0000] {dagbag.py:540} INFO - Filling up the DagBag from /usr/local/python/3.12.1/lib/python3.12/site-packages/airflow/example_dags/example_setup_teardown.py
[2026-04-25T09:30:55.421+0000] {processor.py:840} INFO - DAG(s) 'example_setup_teardown' retrieved from /usr/local/python/3.12.1/lib/python3.12/site-packages/airflow/example_dags/example_setup_teardown.py
[2026-04-25T09:30:55.432+0000] {logging_mixin.py:188} INFO - [2026-04-25T09:30:55.432+0000] {dag.py:3096} INFO - Sync 1 DAGs
[2026-04-25T09:30:55.449+0000] {logging_mixin.py:188} INFO - [2026-04-25T09:30:55.449+0000] {dag.py:3954} INFO - Setting next_dagrun for example_setup_teardown to 2026-04-24 00:00:00+00:00, run_after=2026-04-25 00:00:00+00:00
[2026-04-25T09:30:55.619+0000] {processor.py:183} INFO - Processing /usr/local/python/3.12.1/lib/python3.12/site-packages/airflow/example_dags/example_setup_teardown.py took 0.209 seconds
[2026-04-25T09:31:40.293+0000] {processor.py:161} INFO - Started process (PID=22952) to work on /usr/local/python/3.12.1/lib/python3.12/site-packages/airflow/example_dags/example_setup_teardown.py
[2026-04-25T09:31:40.294+0000] {processor.py:830} INFO - Processing file /usr/local/python/3.12.1/lib/python3.12/site-packages/airflow/example_dags/example_setup_teardown.py for tasks to queue
[2026-04-25T09:31:40.294+0000] {logging_mixin.py:188} INFO - [2026-04-25T09:31:40.294+0000] {dagbag.py:540} INFO - Filling up the DagBag from /usr/local/python/3.12.1/lib/python3.12/site-packages/airflow/example_dags/example_setup_teardown.py
[2026-04-25T09:31:40.305+0000] {processor.py:840} INFO - DAG(s) 'example_setup_teardown' retrieved from /usr/local/python/3.12.1/lib/python3.12/site-packages/airflow/example_dags/example_setup_teardown.py
[2026-04-25T09:31:40.331+0000] {logging_mixin.py:188} INFO - [2026-04-25T09:31:40.331+0000] {dag.py:3096} INFO - Sync 1 DAGs
[2026-04-25T09:31:40.358+0000] {logging_mixin.py:188} INFO - [2026-04-25T09:31:40.357+0000] {dag.py:3954} INFO - Setting next_dagrun for example_setup_teardown to 2026-04-24 00:00:00+00:00, run_after=2026-04-25 00:00:00+00:00
[2026-04-25T09:31:40.386+0000] {processor.py:183} INFO - Processing /usr/local/python/3.12.1/lib/python3.12/site-packages/airflow/example_dags/example_setup_teardown.py took 0.098 seconds
[2026-04-25T09:32:45.871+0000] {processor.py:161} INFO - Started process (PID=23450) to work on /usr/local/python/3.12.1/lib/python3.12/site-packages/airflow/example_dags/example_setup_teardown.py
[2026-04-25T09:32:45.871+0000] {processor.py:830} INFO - Processing file /usr/local/python/3.12.1/lib/python3.12/site-packages/airflow/example_dags/example_setup_teardown.py for tasks to queue
[2026-04-25T09:32:45.872+0000] {logging_mixin.py:188} INFO - [2026-04-25T09:32:45.872+0000] {dagbag.py:540} INFO - Filling up the DagBag from /usr/local/python/3.12.1/lib/python3.12/site-packages/airflow/example_dags/example_setup_teardown.py
[2026-04-25T09:32:45.877+0000] {processor.py:840} INFO - DAG(s) 'example_setup_teardown' retrieved from /usr/local/python/3.12.1/lib/python3.12/site-packages/airflow/example_dags/example_setup_teardown.py
[2026-04-25T09:32:45.889+0000] {logging_mixin.py:188} INFO - [2026-04-25T09:32:45.889+0000] {dag.py:3096} INFO - Sync 1 DAGs
[2026-04-25T09:32:45.903+0000] {logging_mixin.py:188} INFO - [2026-04-25T09:32:45.903+0000] {dag.py:3954} INFO - Setting next_dagrun for example_setup_teardown to 2026-04-24 00:00:00+00:00, run_after=2026-04-25 00:00:00+00:00
[2026-04-25T09:32:45.919+0000] {processor.py:183} INFO - Processing /usr/local/python/3.12.1/lib/python3.12/site-packages/airflow/example_dags/example_setup_teardown.py took 0.052 seconds
[2026-04-25T09:33:30.912+0000] {processor.py:161} INFO - Started process (PID=23787) to work on /usr/local/python/3.12.1/lib/python3.12/site-packages/airflow/example_dags/example_setup_teardown.py
[2026-04-25T09:33:30.912+0000] {processor.py:830} INFO - Processing file /usr/local/python/3.12.1/lib/python3.12/site-packages/airflow/example_dags/example_setup_teardown.py for tasks to queue
[2026-04-25T09:33:30.913+0000] {logging_mixin.py:188} INFO - [2026-04-25T09:33:30.913+0000] {dagbag.py:540} INFO - Filling up the DagBag from /usr/local/python/3.12.1/lib/python3.12/site-packages/airflow/example_dags/example_setup_teardown.py
[2026-04-25T09:33:30.919+0000] {processor.py:840} INFO - DAG(s) 'example_setup_teardown' retrieved from /usr/local/python/3.12.1/lib/python3.12/site-packages/airflow/example_dags/example_setup_teardown.py
[2026-04-25T09:33:30.931+0000] {logging_mixin.py:188} INFO - [2026-04-25T09:33:30.931+0000] {dag.py:3096} INFO - Sync 1 DAGs
[2026-04-25T09:33:30.946+0000] {logging_mixin.py:188} INFO - [2026-04-25T09:33:30.945+0000] {dag.py:3954} INFO - Setting next_dagrun for example_setup_teardown to 2026-04-24 00:00:00+00:00, run_after=2026-04-25 00:00:00+00:00
[2026-04-25T09:33:30.962+0000] {processor.py:183} INFO - Processing /usr/local/python/3.12.1/lib/python3.12/site-packages/airflow/example_dags/example_setup_teardown.py took 0.054 seconds
[2026-04-25T09:34:17.358+0000] {processor.py:161} INFO - Started process (PID=24160) to work on /usr/local/python/3.12.1/lib/python3.12/site-packages/airflow/example_dags/example_setup_teardown.py
[2026-04-25T09:34:17.359+0000] {processor.py:830} INFO - Processing file /usr/local/python/3.12.1/lib/python3.12/site-packages/airflow/example_dags/example_setup_teardown.py for tasks to queue
[2026-04-25T09:34:17.360+0000] {logging_mixin.py:188} INFO - [2026-04-25T09:34:17.359+0000] {dagbag.py:540} INFO - Filling up the DagBag from /usr/local/python/3.12.1/lib/python3.12/site-packages/airflow/example_dags/example_setup_teardown.py
[2026-04-25T09:34:17.365+0000] {processor.py:840} INFO - DAG(s) 'example_setup_teardown' retrieved from /usr/local/python/3.12.1/lib/python3.12/site-packages/airflow/example_dags/example_setup_teardown.py
[2026-04-25T09:34:17.377+0000] {logging_mixin.py:188} INFO - [2026-04-25T09:34:17.377+0000] {dag.py:3096} INFO - Sync 1 DAGs
[2026-04-25T09:34:17.393+0000] {logging_mixin.py:188} INFO - [2026-04-25T09:34:17.393+0000] {dag.py:3954} INFO - Setting next_dagrun for example_setup_teardown to 2026-04-24 00:00:00+00:00, run_after=2026-04-25 00:00:00+00:00
[2026-04-25T09:34:17.409+0000] {processor.py:183} INFO - Processing /usr/local/python/3.12.1/lib/python3.12/site-packages/airflow/example_dags/example_setup_teardown.py took 0.055 seconds
[2026-04-25T09:35:11.826+0000] {processor.py:161} INFO - Started process (PID=24572) to work on /usr/local/python/3.12.1/lib/python3.12/site-packages/airflow/example_dags/example_setup_teardown.py
[2026-04-25T09:35:11.827+0000] {processor.py:830} INFO - Processing file /usr/local/python/3.12.1/lib/python3.12/site-packages/airflow/example_dags/example_setup_teardown.py for tasks to queue
[2026-04-25T09:35:11.827+0000] {logging_mixin.py:188} INFO - [2026-04-25T09:35:11.827+0000] {dagbag.py:540} INFO - Filling up the DagBag from /usr/local/python/3.12.1/lib/python3.12/site-packages/airflow/example_dags/example_setup_teardown.py
[2026-04-25T09:35:11.833+0000] {processor.py:840} INFO - DAG(s) 'example_setup_teardown' retrieved from /usr/local/python/3.12.1/lib/python3.12/site-packages/airflow/example_dags/example_setup_teardown.py
[2026-04-25T09:35:11.845+0000] {logging_mixin.py:188} INFO - [2026-04-25T09:35:11.845+0000] {dag.py:3096} INFO - Sync 1 DAGs
[2026-04-25T09:35:11.862+0000] {logging_mixin.py:188} INFO - [2026-04-25T09:35:11.862+0000] {dag.py:3954} INFO - Setting next_dagrun for example_setup_teardown to 2026-04-24 00:00:00+00:00, run_after=2026-04-25 00:00:00+00:00
[2026-04-25T09:35:11.880+0000] {processor.py:183} INFO - Processing /usr/local/python/3.12.1/lib/python3.12/site-packages/airflow/example_dags/example_setup_teardown.py took 0.058 seconds
[2026-04-25T09:36:09.382+0000] {processor.py:161} INFO - Started process (PID=25022) to work on /usr/local/python/3.12.1/lib/python3.12/site-packages/airflow/example_dags/example_setup_teardown.py
[2026-04-25T09:36:09.383+0000] {processor.py:830} INFO - Processing file /usr/local/python/3.12.1/lib/python3.12/site-packages/airflow/example_dags/example_setup_teardown.py for tasks to queue
[2026-04-25T09:36:09.383+0000] {logging_mixin.py:188} INFO - [2026-04-25T09:36:09.383+0000] {dagbag.py:540} INFO - Filling up the DagBag from /usr/local/python/3.12.1/lib/python3.12/site-packages/airflow/example_dags/example_setup_teardown.py
[2026-04-25T09:36:09.389+0000] {processor.py:840} INFO - DAG(s) 'example_setup_teardown' retrieved from /usr/local/python/3.12.1/lib/python3.12/site-packages/airflow/example_dags/example_setup_teardown.py
[2026-04-25T09:36:09.401+0000] {logging_mixin.py:188} INFO - [2026-04-25T09:36:09.401+0000] {dag.py:3096} INFO - Sync 1 DAGs
[2026-04-25T09:36:09.416+0000] {logging_mixin.py:188} INFO - [2026-04-25T09:36:09.415+0000] {dag.py:3954} INFO - Setting next_dagrun for example_setup_teardown to 2026-04-24 00:00:00+00:00, run_after=2026-04-25 00:00:00+00:00
[2026-04-25T09:36:09.432+0000] {processor.py:183} INFO - Processing /usr/local/python/3.12.1/lib/python3.12/site-packages/airflow/example_dags/example_setup_teardown.py took 0.055 seconds
[2026-04-25T09:37:11.048+0000] {processor.py:161} INFO - Started process (PID=25496) to work on /usr/local/python/3.12.1/lib/python3.12/site-packages/airflow/example_dags/example_setup_teardown.py
[2026-04-25T09:37:11.049+0000] {processor.py:830} INFO - Processing file /usr/local/python/3.12.1/lib/python3.12/site-packages/airflow/example_dags/example_setup_teardown.py for tasks to queue
[2026-04-25T09:37:11.050+0000] {logging_mixin.py:188} INFO - [2026-04-25T09:37:11.050+0000] {dagbag.py:540} INFO - Filling up the DagBag from /usr/local/python/3.12.1/lib/python3.12/site-packages/airflow/example_dags/example_setup_teardown.py
[2026-04-25T09:37:11.056+0000] {processor.py:840} INFO - DAG(s) 'example_setup_teardown' retrieved from /usr/local/python/3.12.1/lib/python3.12/site-packages/airflow/example_dags/example_setup_teardown.py
[2026-04-25T09:37:11.068+0000] {logging_mixin.py:188} INFO - [2026-04-25T09:37:11.068+0000] {dag.py:3096} INFO - Sync 1 DAGs
[2026-04-25T09:37:11.083+0000] {logging_mixin.py:188} INFO - [2026-04-25T09:37:11.083+0000] {dag.py:3954} INFO - Setting next_dagrun for example_setup_teardown to 2026-04-24 00:00:00+00:00, run_after=2026-04-25 00:00:00+00:00
[2026-04-25T09:37:11.100+0000] {processor.py:183} INFO - Processing /usr/local/python/3.12.1/lib/python3.12/site-packages/airflow/example_dags/example_setup_teardown.py took 0.055 seconds
[2026-04-25T09:37:52.120+0000] {processor.py:161} INFO - Started process (PID=25815) to work on /usr/local/python/3.12.1/lib/python3.12/site-packages/airflow/example_dags/example_setup_teardown.py
[2026-04-25T09:37:52.121+0000] {processor.py:830} INFO - Processing file /usr/local/python/3.12.1/lib/python3.12/site-packages/airflow/example_dags/example_setup_teardown.py for tasks to queue
[2026-04-25T09:37:52.122+0000] {logging_mixin.py:188} INFO - [2026-04-25T09:37:52.121+0000] {dagbag.py:540} INFO - Filling up the DagBag from /usr/local/python/3.12.1/lib/python3.12/site-packages/airflow/example_dags/example_setup_teardown.py
[2026-04-25T09:37:52.127+0000] {processor.py:840} INFO - DAG(s) 'example_setup_teardown' retrieved from /usr/local/python/3.12.1/lib/python3.12/site-packages/airflow/example_dags/example_setup_teardown.py
[2026-04-25T09:37:52.140+0000] {logging_mixin.py:188} INFO - [2026-04-25T09:37:52.140+0000] {dag.py:3096} INFO - Sync 1 DAGs
[2026-04-25T09:37:52.155+0000] {logging_mixin.py:188} INFO - [2026-04-25T09:37:52.155+0000] {dag.py:3954} INFO - Setting next_dagrun for example_setup_teardown to 2026-04-24 00:00:00+00:00, run_after=2026-04-25 00:00:00+00:00
[2026-04-25T09:37:52.173+0000] {processor.py:183} INFO - Processing /usr/local/python/3.12.1/lib/python3.12/site-packages/airflow/example_dags/example_setup_teardown.py took 0.057 seconds
[2026-04-25T09:38:53.755+0000] {processor.py:161} INFO - Started process (PID=26283) to work on /usr/local/python/3.12.1/lib/python3.12/site-packages/airflow/example_dags/example_setup_teardown.py
[2026-04-25T09:38:53.756+0000] {processor.py:830} INFO - Processing file /usr/local/python/3.12.1/lib/python3.12/site-packages/airflow/example_dags/example_setup_teardown.py for tasks to queue
[2026-04-25T09:38:53.757+0000] {logging_mixin.py:188} INFO - [2026-04-25T09:38:53.756+0000] {dagbag.py:540} INFO - Filling up the DagBag from /usr/local/python/3.12.1/lib/python3.12/site-packages/airflow/example_dags/example_setup_teardown.py
[2026-04-25T09:38:53.762+0000] {processor.py:840} INFO - DAG(s) 'example_setup_teardown' retrieved from /usr/local/python/3.12.1/lib/python3.12/site-packages/airflow/example_dags/example_setup_teardown.py
[2026-04-25T09:38:53.774+0000] {logging_mixin.py:188} INFO - [2026-04-25T09:38:53.774+0000] {dag.py:3096} INFO - Sync 1 DAGs
[2026-04-25T09:38:53.790+0000] {logging_mixin.py:188} INFO - [2026-04-25T09:38:53.789+0000] {dag.py:3954} INFO - Setting next_dagrun for example_setup_teardown to 2026-04-24 00:00:00+00:00, run_after=2026-04-25 00:00:00+00:00
[2026-04-25T09:38:53.806+0000] {processor.py:183} INFO - Processing /usr/local/python/3.12.1/lib/python3.12/site-packages/airflow/example_dags/example_setup_teardown.py took 0.056 seconds
[2026-04-25T09:39:52.671+0000] {processor.py:161} INFO - Started process (PID=26746) to work on /usr/local/python/3.12.1/lib/python3.12/site-packages/airflow/example_dags/example_setup_teardown.py
[2026-04-25T09:39:52.672+0000] {processor.py:830} INFO - Processing file /usr/local/python/3.12.1/lib/python3.12/site-packages/airflow/example_dags/example_setup_teardown.py for tasks to queue
[2026-04-25T09:39:52.673+0000] {logging_mixin.py:188} INFO - [2026-04-25T09:39:52.672+0000] {dagbag.py:540} INFO - Filling up the DagBag from /usr/local/python/3.12.1/lib/python3.12/site-packages/airflow/example_dags/example_setup_teardown.py
[2026-04-25T09:39:52.678+0000] {processor.py:840} INFO - DAG(s) 'example_setup_teardown' retrieved from /usr/local/python/3.12.1/lib/python3.12/site-packages/airflow/example_dags/example_setup_teardown.py
[2026-04-25T09:39:52.690+0000] {logging_mixin.py:188} INFO - [2026-04-25T09:39:52.690+0000] {dag.py:3096} INFO - Sync 1 DAGs
[2026-04-25T09:39:52.705+0000] {logging_mixin.py:188} INFO - [2026-04-25T09:39:52.705+0000] {dag.py:3954} INFO - Setting next_dagrun for example_setup_teardown to 2026-04-24 00:00:00+00:00, run_after=2026-04-25 00:00:00+00:00
[2026-04-25T09:39:52.723+0000] {processor.py:183} INFO - Processing /usr/local/python/3.12.1/lib/python3.12/site-packages/airflow/example_dags/example_setup_teardown.py took 0.056 seconds
[2026-04-25T09:40:48.056+0000] {processor.py:161} INFO - Started process (PID=27169) to work on /usr/local/python/3.12.1/lib/python3.12/site-packages/airflow/example_dags/example_setup_teardown.py
[2026-04-25T09:40:48.056+0000] {processor.py:830} INFO - Processing file /usr/local/python/3.12.1/lib/python3.12/site-packages/airflow/example_dags/example_setup_teardown.py for tasks to queue
[2026-04-25T09:40:48.057+0000] {logging_mixin.py:188} INFO - [2026-04-25T09:40:48.057+0000] {dagbag.py:540} INFO - Filling up the DagBag from /usr/local/python/3.12.1/lib/python3.12/site-packages/airflow/example_dags/example_setup_teardown.py
[2026-04-25T09:40:48.063+0000] {processor.py:840} INFO - DAG(s) 'example_setup_teardown' retrieved from /usr/local/python/3.12.1/lib/python3.12/site-packages/airflow/example_dags/example_setup_teardown.py
[2026-04-25T09:40:48.075+0000] {logging_mixin.py:188} INFO - [2026-04-25T09:40:48.075+0000] {dag.py:3096} INFO - Sync 1 DAGs
[2026-04-25T09:40:48.092+0000] {logging_mixin.py:188} INFO - [2026-04-25T09:40:48.091+0000] {dag.py:3954} INFO - Setting next_dagrun for example_setup_teardown to 2026-04-24 00:00:00+00:00, run_after=2026-04-25 00:00:00+00:00
[2026-04-25T09:40:48.109+0000] {processor.py:183} INFO - Processing /usr/local/python/3.12.1/lib/python3.12/site-packages/airflow/example_dags/example_setup_teardown.py took 0.057 seconds
[2026-04-25T09:41:28.063+0000] {processor.py:161} INFO - Started process (PID=27475) to work on /usr/local/python/3.12.1/lib/python3.12/site-packages/airflow/example_dags/example_setup_teardown.py
[2026-04-25T09:41:28.064+0000] {processor.py:830} INFO - Processing file /usr/local/python/3.12.1/lib/python3.12/site-packages/airflow/example_dags/example_setup_teardown.py for tasks to queue
[2026-04-25T09:41:28.064+0000] {logging_mixin.py:188} INFO - [2026-04-25T09:41:28.064+0000] {dagbag.py:540} INFO - Filling up the DagBag from /usr/local/python/3.12.1/lib/python3.12/site-packages/airflow/example_dags/example_setup_teardown.py
[2026-04-25T09:41:28.070+0000] {processor.py:840} INFO - DAG(s) 'example_setup_teardown' retrieved from /usr/local/python/3.12.1/lib/python3.12/site-packages/airflow/example_dags/example_setup_teardown.py
[2026-04-25T09:41:28.082+0000] {logging_mixin.py:188} INFO - [2026-04-25T09:41:28.081+0000] {dag.py:3096} INFO - Sync 1 DAGs
[2026-04-25T09:41:28.096+0000] {logging_mixin.py:188} INFO - [2026-04-25T09:41:28.096+0000] {dag.py:3954} INFO - Setting next_dagrun for example_setup_teardown to 2026-04-24 00:00:00+00:00, run_after=2026-04-25 00:00:00+00:00
[2026-04-25T09:41:28.113+0000] {processor.py:183} INFO - Processing /usr/local/python/3.12.1/lib/python3.12/site-packages/airflow/example_dags/example_setup_teardown.py took 0.054 seconds
[2026-04-25T09:42:21.628+0000] {processor.py:161} INFO - Started process (PID=27910) to work on /usr/local/python/3.12.1/lib/python3.12/site-packages/airflow/example_dags/example_setup_teardown.py
[2026-04-25T09:42:21.628+0000] {processor.py:830} INFO - Processing file /usr/local/python/3.12.1/lib/python3.12/site-packages/airflow/example_dags/example_setup_teardown.py for tasks to queue
[2026-04-25T09:42:21.629+0000] {logging_mixin.py:188} INFO - [2026-04-25T09:42:21.629+0000] {dagbag.py:540} INFO - Filling up the DagBag from /usr/local/python/3.12.1/lib/python3.12/site-packages/airflow/example_dags/example_setup_teardown.py
[2026-04-25T09:42:21.634+0000] {processor.py:840} INFO - DAG(s) 'example_setup_teardown' retrieved from /usr/local/python/3.12.1/lib/python3.12/site-packages/airflow/example_dags/example_setup_teardown.py
[2026-04-25T09:42:21.646+0000] {logging_mixin.py:188} INFO - [2026-04-25T09:42:21.646+0000] {dag.py:3096} INFO - Sync 1 DAGs
[2026-04-25T09:42:21.661+0000] {logging_mixin.py:188} INFO - [2026-04-25T09:42:21.661+0000] {dag.py:3954} INFO - Setting next_dagrun for example_setup_teardown to 2026-04-24 00:00:00+00:00, run_after=2026-04-25 00:00:00+00:00
[2026-04-25T09:42:21.680+0000] {processor.py:183} INFO - Processing /usr/local/python/3.12.1/lib/python3.12/site-packages/airflow/example_dags/example_setup_teardown.py took 0.057 seconds
[2026-04-25T09:43:06.665+0000] {processor.py:161} INFO - Started process (PID=28249) to work on /usr/local/python/3.12.1/lib/python3.12/site-packages/airflow/example_dags/example_setup_teardown.py
[2026-04-25T09:43:06.666+0000] {processor.py:830} INFO - Processing file /usr/local/python/3.12.1/lib/python3.12/site-packages/airflow/example_dags/example_setup_teardown.py for tasks to queue
[2026-04-25T09:43:06.666+0000] {logging_mixin.py:188} INFO - [2026-04-25T09:43:06.666+0000] {dagbag.py:540} INFO - Filling up the DagBag from /usr/local/python/3.12.1/lib/python3.12/site-packages/airflow/example_dags/example_setup_teardown.py
[2026-04-25T09:43:06.672+0000] {processor.py:840} INFO - DAG(s) 'example_setup_teardown' retrieved from /usr/local/python/3.12.1/lib/python3.12/site-packages/airflow/example_dags/example_setup_teardown.py
[2026-04-25T09:43:06.684+0000] {logging_mixin.py:188} INFO - [2026-04-25T09:43:06.683+0000] {dag.py:3096} INFO - Sync 1 DAGs
[2026-04-25T09:43:06.698+0000] {logging_mixin.py:188} INFO - [2026-04-25T09:43:06.698+0000] {dag.py:3954} INFO - Setting next_dagrun for example_setup_teardown to 2026-04-24 00:00:00+00:00, run_after=2026-04-25 00:00:00+00:00
[2026-04-25T09:43:06.714+0000] {processor.py:183} INFO - Processing /usr/local/python/3.12.1/lib/python3.12/site-packages/airflow/example_dags/example_setup_teardown.py took 0.054 seconds
[2026-04-25T09:43:48.702+0000] {processor.py:161} INFO - Started process (PID=28571) to work on /usr/local/python/3.12.1/lib/python3.12/site-packages/airflow/example_dags/example_setup_teardown.py
[2026-04-25T09:43:48.702+0000] {processor.py:830} INFO - Processing file /usr/local/python/3.12.1/lib/python3.12/site-packages/airflow/example_dags/example_setup_teardown.py for tasks to queue
[2026-04-25T09:43:48.703+0000] {logging_mixin.py:188} INFO - [2026-04-25T09:43:48.703+0000] {dagbag.py:540} INFO - Filling up the DagBag from /usr/local/python/3.12.1/lib/python3.12/site-packages/airflow/example_dags/example_setup_teardown.py
[2026-04-25T09:43:48.709+0000] {processor.py:840} INFO - DAG(s) 'example_setup_teardown' retrieved from /usr/local/python/3.12.1/lib/python3.12/site-packages/airflow/example_dags/example_setup_teardown.py
[2026-04-25T09:43:48.721+0000] {logging_mixin.py:188} INFO - [2026-04-25T09:43:48.721+0000] {dag.py:3096} INFO - Sync 1 DAGs
[2026-04-25T09:43:48.736+0000] {logging_mixin.py:188} INFO - [2026-04-25T09:43:48.736+0000] {dag.py:3954} INFO - Setting next_dagrun for example_setup_teardown to 2026-04-24 00:00:00+00:00, run_after=2026-04-25 00:00:00+00:00
[2026-04-25T09:43:48.752+0000] {processor.py:183} INFO - Processing /usr/local/python/3.12.1/lib/python3.12/site-packages/airflow/example_dags/example_setup_teardown.py took 0.054 seconds
[2026-04-25T09:44:48.463+0000] {processor.py:161} INFO - Started process (PID=29033) to work on /usr/local/python/3.12.1/lib/python3.12/site-packages/airflow/example_dags/example_setup_teardown.py
[2026-04-25T09:44:48.464+0000] {processor.py:830} INFO - Processing file /usr/local/python/3.12.1/lib/python3.12/site-packages/airflow/example_dags/example_setup_teardown.py for tasks to queue
[2026-04-25T09:44:48.464+0000] {logging_mixin.py:188} INFO - [2026-04-25T09:44:48.464+0000] {dagbag.py:540} INFO - Filling up the DagBag from /usr/local/python/3.12.1/lib/python3.12/site-packages/airflow/example_dags/example_setup_teardown.py
[2026-04-25T09:44:48.471+0000] {processor.py:840} INFO - DAG(s) 'example_setup_teardown' retrieved from /usr/local/python/3.12.1/lib/python3.12/site-packages/airflow/example_dags/example_setup_teardown.py
[2026-04-25T09:44:48.484+0000] {logging_mixin.py:188} INFO - [2026-04-25T09:44:48.484+0000] {dag.py:3096} INFO - Sync 1 DAGs
[2026-04-25T09:44:48.499+0000] {logging_mixin.py:188} INFO - [2026-04-25T09:44:48.499+0000] {dag.py:3954} INFO - Setting next_dagrun for example_setup_teardown to 2026-04-24 00:00:00+00:00, run_after=2026-04-25 00:00:00+00:00
[2026-04-25T09:44:48.517+0000] {processor.py:183} INFO - Processing /usr/local/python/3.12.1/lib/python3.12/site-packages/airflow/example_dags/example_setup_teardown.py took 0.058 seconds
[2026-04-25T09:45:48.591+0000] {processor.py:161} INFO - Started process (PID=29502) to work on /usr/local/python/3.12.1/lib/python3.12/site-packages/airflow/example_dags/example_setup_teardown.py
[2026-04-25T09:45:48.591+0000] {processor.py:830} INFO - Processing file /usr/local/python/3.12.1/lib/python3.12/site-packages/airflow/example_dags/example_setup_teardown.py for tasks to queue
[2026-04-25T09:45:48.592+0000] {logging_mixin.py:188} INFO - [2026-04-25T09:45:48.592+0000] {dagbag.py:540} INFO - Filling up the DagBag from /usr/local/python/3.12.1/lib/python3.12/site-packages/airflow/example_dags/example_setup_teardown.py
[2026-04-25T09:45:48.597+0000] {processor.py:840} INFO - DAG(s) 'example_setup_teardown' retrieved from /usr/local/python/3.12.1/lib/python3.12/site-packages/airflow/example_dags/example_setup_teardown.py
[2026-04-25T09:45:48.609+0000] {logging_mixin.py:188} INFO - [2026-04-25T09:45:48.609+0000] {dag.py:3096} INFO - Sync 1 DAGs
[2026-04-25T09:45:48.627+0000] {logging_mixin.py:188} INFO - [2026-04-25T09:45:48.626+0000] {dag.py:3954} INFO - Setting next_dagrun for example_setup_teardown to 2026-04-24 00:00:00+00:00, run_after=2026-04-25 00:00:00+00:00
[2026-04-25T09:45:48.644+0000] {processor.py:183} INFO - Processing /usr/local/python/3.12.1/lib/python3.12/site-packages/airflow/example_dags/example_setup_teardown.py took 0.057 seconds
[2026-04-25T09:46:31.723+0000] {processor.py:161} INFO - Started process (PID=29831) to work on /usr/local/python/3.12.1/lib/python3.12/site-packages/airflow/example_dags/example_setup_teardown.py
[2026-04-25T09:46:31.724+0000] {processor.py:830} INFO - Processing file /usr/local/python/3.12.1/lib/python3.12/site-packages/airflow/example_dags/example_setup_teardown.py for tasks to queue
[2026-04-25T09:46:31.725+0000] {logging_mixin.py:188} INFO - [2026-04-25T09:46:31.725+0000] {dagbag.py:540} INFO - Filling up the DagBag from /usr/local/python/3.12.1/lib/python3.12/site-packages/airflow/example_dags/example_setup_teardown.py
[2026-04-25T09:46:31.731+0000] {processor.py:840} INFO - DAG(s) 'example_setup_teardown' retrieved from /usr/local/python/3.12.1/lib/python3.12/site-packages/airflow/example_dags/example_setup_teardown.py
[2026-04-25T09:46:31.743+0000] {logging_mixin.py:188} INFO - [2026-04-25T09:46:31.742+0000] {dag.py:3096} INFO - Sync 1 DAGs
[2026-04-25T09:46:31.758+0000] {logging_mixin.py:188} INFO - [2026-04-25T09:46:31.758+0000] {dag.py:3954} INFO - Setting next_dagrun for example_setup_teardown to 2026-04-24 00:00:00+00:00, run_after=2026-04-25 00:00:00+00:00
[2026-04-25T09:46:31.774+0000] {processor.py:183} INFO - Processing /usr/local/python/3.12.1/lib/python3.12/site-packages/airflow/example_dags/example_setup_teardown.py took 0.056 seconds
