[2026-04-25T09:06:31.438+0000] {processor.py:161} INFO - Started process (PID=8696) to work on /usr/local/python/3.12.1/lib/python3.12/site-packages/airflow/example_dags/example_branch_datetime_operator.py
[2026-04-25T09:06:31.439+0000] {processor.py:830} INFO - Processing file /usr/local/python/3.12.1/lib/python3.12/site-packages/airflow/example_dags/example_branch_datetime_operator.py for tasks to queue
[2026-04-25T09:06:31.439+0000] {logging_mixin.py:188} INFO - [2026-04-25T09:06:31.439+0000] {dagbag.py:540} INFO - Filling up the DagBag from /usr/local/python/3.12.1/lib/python3.12/site-packages/airflow/example_dags/example_branch_datetime_operator.py
[2026-04-25T09:06:31.448+0000] {processor.py:840} INFO - DAG(s) 'example_branch_datetime_operator_3', 'example_branch_datetime_operator_2', 'example_branch_datetime_operator' retrieved from /usr/local/python/3.12.1/lib/python3.12/site-packages/airflow/example_dags/example_branch_datetime_operator.py
[2026-04-25T09:06:31.584+0000] {logging_mixin.py:188} INFO - [2026-04-25T09:06:31.583+0000] {override.py:1930} INFO - Created Permission View: can delete on DAG:example_branch_datetime_operator_3
[2026-04-25T09:06:31.597+0000] {logging_mixin.py:188} INFO - [2026-04-25T09:06:31.596+0000] {override.py:1930} INFO - Created Permission View: can edit on DAG:example_branch_datetime_operator_3
[2026-04-25T09:06:31.609+0000] {logging_mixin.py:188} INFO - [2026-04-25T09:06:31.609+0000] {override.py:1930} INFO - Created Permission View: can read on DAG:example_branch_datetime_operator_3
[2026-04-25T09:06:31.636+0000] {logging_mixin.py:188} INFO - [2026-04-25T09:06:31.636+0000] {override.py:1930} INFO - Created Permission View: can delete on DAG:example_branch_datetime_operator_2
[2026-04-25T09:06:31.646+0000] {logging_mixin.py:188} INFO - [2026-04-25T09:06:31.645+0000] {override.py:1930} INFO - Created Permission View: can edit on DAG:example_branch_datetime_operator_2
[2026-04-25T09:06:31.664+0000] {logging_mixin.py:188} INFO - [2026-04-25T09:06:31.663+0000] {override.py:1930} INFO - Created Permission View: can read on DAG:example_branch_datetime_operator_2
[2026-04-25T09:06:31.710+0000] {logging_mixin.py:188} INFO - [2026-04-25T09:06:31.710+0000] {override.py:1930} INFO - Created Permission View: can delete on DAG:example_branch_datetime_operator
[2026-04-25T09:06:31.717+0000] {logging_mixin.py:188} INFO - [2026-04-25T09:06:31.717+0000] {override.py:1930} INFO - Created Permission View: can edit on DAG:example_branch_datetime_operator
[2026-04-25T09:06:31.727+0000] {logging_mixin.py:188} INFO - [2026-04-25T09:06:31.727+0000] {override.py:1930} INFO - Created Permission View: can read on DAG:example_branch_datetime_operator
[2026-04-25T09:06:31.727+0000] {logging_mixin.py:188} INFO - [2026-04-25T09:06:31.727+0000] {dag.py:3096} INFO - Sync 3 DAGs
[2026-04-25T09:06:31.736+0000] {logging_mixin.py:188} INFO - [2026-04-25T09:06:31.735+0000] {dag.py:3118} INFO - Creating ORM DAG for example_branch_datetime_operator_3
[2026-04-25T09:06:31.736+0000] {logging_mixin.py:188} INFO - [2026-04-25T09:06:31.736+0000] {dag.py:3118} INFO - Creating ORM DAG for example_branch_datetime_operator_2
[2026-04-25T09:06:31.737+0000] {logging_mixin.py:188} INFO - [2026-04-25T09:06:31.736+0000] {dag.py:3118} INFO - Creating ORM DAG for example_branch_datetime_operator
[2026-04-25T09:06:31.744+0000] {logging_mixin.py:188} INFO - [2026-04-25T09:06:31.744+0000] {dag.py:3954} INFO - Setting next_dagrun for example_branch_datetime_operator to 2026-04-24 00:00:00+00:00, run_after=2026-04-25 00:00:00+00:00
[2026-04-25T09:06:31.746+0000] {logging_mixin.py:188} INFO - [2026-04-25T09:06:31.746+0000] {dag.py:3954} INFO - Setting next_dagrun for example_branch_datetime_operator_2 to 2026-04-24 00:00:00+00:00, run_after=2026-04-25 00:00:00+00:00
[2026-04-25T09:06:31.747+0000] {logging_mixin.py:188} INFO - [2026-04-25T09:06:31.747+0000] {dag.py:3954} INFO - Setting next_dagrun for example_branch_datetime_operator_3 to 2026-04-24 00:00:00+00:00, run_after=2026-04-25 00:00:00+00:00
[2026-04-25T09:06:31.764+0000] {processor.py:183} INFO - Processing /usr/local/python/3.12.1/lib/python3.12/site-packages/airflow/example_dags/example_branch_datetime_operator.py took 0.330 seconds
[2026-04-25T09:07:24.027+0000] {processor.py:161} INFO - Started process (PID=9179) to work on /usr/local/python/3.12.1/lib/python3.12/site-packages/airflow/example_dags/example_branch_datetime_operator.py
[2026-04-25T09:07:24.027+0000] {processor.py:830} INFO - Processing file /usr/local/python/3.12.1/lib/python3.12/site-packages/airflow/example_dags/example_branch_datetime_operator.py for tasks to queue
[2026-04-25T09:07:24.028+0000] {logging_mixin.py:188} INFO - [2026-04-25T09:07:24.028+0000] {dagbag.py:540} INFO - Filling up the DagBag from /usr/local/python/3.12.1/lib/python3.12/site-packages/airflow/example_dags/example_branch_datetime_operator.py
[2026-04-25T09:07:24.037+0000] {processor.py:840} INFO - DAG(s) 'example_branch_datetime_operator_3', 'example_branch_datetime_operator', 'example_branch_datetime_operator_2' retrieved from /usr/local/python/3.12.1/lib/python3.12/site-packages/airflow/example_dags/example_branch_datetime_operator.py
[2026-04-25T09:07:24.061+0000] {logging_mixin.py:188} INFO - [2026-04-25T09:07:24.061+0000] {dag.py:3096} INFO - Sync 3 DAGs
[2026-04-25T09:07:24.078+0000] {logging_mixin.py:188} INFO - [2026-04-25T09:07:24.078+0000] {dag.py:3954} INFO - Setting next_dagrun for example_branch_datetime_operator to 2026-04-24 00:00:00+00:00, run_after=2026-04-25 00:00:00+00:00
[2026-04-25T09:07:24.083+0000] {logging_mixin.py:188} INFO - [2026-04-25T09:07:24.083+0000] {dag.py:3954} INFO - Setting next_dagrun for example_branch_datetime_operator_2 to 2026-04-24 00:00:00+00:00, run_after=2026-04-25 00:00:00+00:00
[2026-04-25T09:07:24.084+0000] {logging_mixin.py:188} INFO - [2026-04-25T09:07:24.084+0000] {dag.py:3954} INFO - Setting next_dagrun for example_branch_datetime_operator_3 to 2026-04-24 00:00:00+00:00, run_after=2026-04-25 00:00:00+00:00
[2026-04-25T09:07:24.099+0000] {processor.py:183} INFO - Processing /usr/local/python/3.12.1/lib/python3.12/site-packages/airflow/example_dags/example_branch_datetime_operator.py took 0.076 seconds
[2026-04-25T09:08:29.683+0000] {processor.py:161} INFO - Started process (PID=9831) to work on /usr/local/python/3.12.1/lib/python3.12/site-packages/airflow/example_dags/example_branch_datetime_operator.py
[2026-04-25T09:08:29.684+0000] {processor.py:830} INFO - Processing file /usr/local/python/3.12.1/lib/python3.12/site-packages/airflow/example_dags/example_branch_datetime_operator.py for tasks to queue
[2026-04-25T09:08:29.685+0000] {logging_mixin.py:188} INFO - [2026-04-25T09:08:29.684+0000] {dagbag.py:540} INFO - Filling up the DagBag from /usr/local/python/3.12.1/lib/python3.12/site-packages/airflow/example_dags/example_branch_datetime_operator.py
[2026-04-25T09:08:29.694+0000] {processor.py:840} INFO - DAG(s) 'example_branch_datetime_operator_3', 'example_branch_datetime_operator', 'example_branch_datetime_operator_2' retrieved from /usr/local/python/3.12.1/lib/python3.12/site-packages/airflow/example_dags/example_branch_datetime_operator.py
[2026-04-25T09:08:29.710+0000] {logging_mixin.py:188} INFO - [2026-04-25T09:08:29.710+0000] {dag.py:3096} INFO - Sync 3 DAGs
[2026-04-25T09:08:29.727+0000] {logging_mixin.py:188} INFO - [2026-04-25T09:08:29.727+0000] {dag.py:3954} INFO - Setting next_dagrun for example_branch_datetime_operator to 2026-04-24 00:00:00+00:00, run_after=2026-04-25 00:00:00+00:00
[2026-04-25T09:08:29.731+0000] {logging_mixin.py:188} INFO - [2026-04-25T09:08:29.731+0000] {dag.py:3954} INFO - Setting next_dagrun for example_branch_datetime_operator_2 to 2026-04-24 00:00:00+00:00, run_after=2026-04-25 00:00:00+00:00
[2026-04-25T09:08:29.733+0000] {logging_mixin.py:188} INFO - [2026-04-25T09:08:29.733+0000] {dag.py:3954} INFO - Setting next_dagrun for example_branch_datetime_operator_3 to 2026-04-24 00:00:00+00:00, run_after=2026-04-25 00:00:00+00:00
[2026-04-25T09:08:29.749+0000] {processor.py:183} INFO - Processing /usr/local/python/3.12.1/lib/python3.12/site-packages/airflow/example_dags/example_branch_datetime_operator.py took 0.070 seconds
[2026-04-25T09:09:31.767+0000] {processor.py:161} INFO - Started process (PID=10708) to work on /usr/local/python/3.12.1/lib/python3.12/site-packages/airflow/example_dags/example_branch_datetime_operator.py
[2026-04-25T09:09:31.768+0000] {processor.py:830} INFO - Processing file /usr/local/python/3.12.1/lib/python3.12/site-packages/airflow/example_dags/example_branch_datetime_operator.py for tasks to queue
[2026-04-25T09:09:31.769+0000] {logging_mixin.py:188} INFO - [2026-04-25T09:09:31.768+0000] {dagbag.py:540} INFO - Filling up the DagBag from /usr/local/python/3.12.1/lib/python3.12/site-packages/airflow/example_dags/example_branch_datetime_operator.py
[2026-04-25T09:09:31.778+0000] {processor.py:840} INFO - DAG(s) 'example_branch_datetime_operator', 'example_branch_datetime_operator_2', 'example_branch_datetime_operator_3' retrieved from /usr/local/python/3.12.1/lib/python3.12/site-packages/airflow/example_dags/example_branch_datetime_operator.py
[2026-04-25T09:09:31.795+0000] {logging_mixin.py:188} INFO - [2026-04-25T09:09:31.794+0000] {dag.py:3096} INFO - Sync 3 DAGs
[2026-04-25T09:09:31.811+0000] {logging_mixin.py:188} INFO - [2026-04-25T09:09:31.811+0000] {dag.py:3954} INFO - Setting next_dagrun for example_branch_datetime_operator to 2026-04-24 00:00:00+00:00, run_after=2026-04-25 00:00:00+00:00
[2026-04-25T09:09:31.814+0000] {logging_mixin.py:188} INFO - [2026-04-25T09:09:31.814+0000] {dag.py:3954} INFO - Setting next_dagrun for example_branch_datetime_operator_2 to 2026-04-24 00:00:00+00:00, run_after=2026-04-25 00:00:00+00:00
[2026-04-25T09:09:31.816+0000] {logging_mixin.py:188} INFO - [2026-04-25T09:09:31.816+0000] {dag.py:3954} INFO - Setting next_dagrun for example_branch_datetime_operator_3 to 2026-04-24 00:00:00+00:00, run_after=2026-04-25 00:00:00+00:00
[2026-04-25T09:09:31.830+0000] {processor.py:183} INFO - Processing /usr/local/python/3.12.1/lib/python3.12/site-packages/airflow/example_dags/example_branch_datetime_operator.py took 0.067 seconds
[2026-04-25T09:10:32.982+0000] {processor.py:161} INFO - Started process (PID=11250) to work on /usr/local/python/3.12.1/lib/python3.12/site-packages/airflow/example_dags/example_branch_datetime_operator.py
[2026-04-25T09:10:32.988+0000] {processor.py:830} INFO - Processing file /usr/local/python/3.12.1/lib/python3.12/site-packages/airflow/example_dags/example_branch_datetime_operator.py for tasks to queue
[2026-04-25T09:10:32.990+0000] {logging_mixin.py:188} INFO - [2026-04-25T09:10:32.989+0000] {dagbag.py:540} INFO - Filling up the DagBag from /usr/local/python/3.12.1/lib/python3.12/site-packages/airflow/example_dags/example_branch_datetime_operator.py
[2026-04-25T09:10:33.026+0000] {processor.py:840} INFO - DAG(s) 'example_branch_datetime_operator_3', 'example_branch_datetime_operator_2', 'example_branch_datetime_operator' retrieved from /usr/local/python/3.12.1/lib/python3.12/site-packages/airflow/example_dags/example_branch_datetime_operator.py
[2026-04-25T09:10:33.105+0000] {logging_mixin.py:188} INFO - [2026-04-25T09:10:33.104+0000] {dag.py:3096} INFO - Sync 3 DAGs
[2026-04-25T09:10:33.151+0000] {logging_mixin.py:188} INFO - [2026-04-25T09:10:33.150+0000] {dag.py:3954} INFO - Setting next_dagrun for example_branch_datetime_operator to 2026-04-24 00:00:00+00:00, run_after=2026-04-25 00:00:00+00:00
[2026-04-25T09:10:33.160+0000] {logging_mixin.py:188} INFO - [2026-04-25T09:10:33.160+0000] {dag.py:3954} INFO - Setting next_dagrun for example_branch_datetime_operator_2 to 2026-04-24 00:00:00+00:00, run_after=2026-04-25 00:00:00+00:00
[2026-04-25T09:10:33.164+0000] {logging_mixin.py:188} INFO - [2026-04-25T09:10:33.163+0000] {dag.py:3954} INFO - Setting next_dagrun for example_branch_datetime_operator_3 to 2026-04-24 00:00:00+00:00, run_after=2026-04-25 00:00:00+00:00
[2026-04-25T09:10:33.187+0000] {processor.py:183} INFO - Processing /usr/local/python/3.12.1/lib/python3.12/site-packages/airflow/example_dags/example_branch_datetime_operator.py took 0.238 seconds
[2026-04-25T09:11:38.646+0000] {processor.py:161} INFO - Started process (PID=12564) to work on /usr/local/python/3.12.1/lib/python3.12/site-packages/airflow/example_dags/example_branch_datetime_operator.py
[2026-04-25T09:11:38.647+0000] {processor.py:830} INFO - Processing file /usr/local/python/3.12.1/lib/python3.12/site-packages/airflow/example_dags/example_branch_datetime_operator.py for tasks to queue
[2026-04-25T09:11:38.648+0000] {logging_mixin.py:188} INFO - [2026-04-25T09:11:38.647+0000] {dagbag.py:540} INFO - Filling up the DagBag from /usr/local/python/3.12.1/lib/python3.12/site-packages/airflow/example_dags/example_branch_datetime_operator.py
[2026-04-25T09:11:38.657+0000] {processor.py:840} INFO - DAG(s) 'example_branch_datetime_operator_3', 'example_branch_datetime_operator', 'example_branch_datetime_operator_2' retrieved from /usr/local/python/3.12.1/lib/python3.12/site-packages/airflow/example_dags/example_branch_datetime_operator.py
[2026-04-25T09:11:38.664+0000] {logging_mixin.py:188} INFO - [2026-04-25T09:11:38.664+0000] {dag.py:3096} INFO - Sync 3 DAGs
[2026-04-25T09:11:38.681+0000] {logging_mixin.py:188} INFO - [2026-04-25T09:11:38.681+0000] {dag.py:3954} INFO - Setting next_dagrun for example_branch_datetime_operator to 2026-04-24 00:00:00+00:00, run_after=2026-04-25 00:00:00+00:00
[2026-04-25T09:11:38.685+0000] {logging_mixin.py:188} INFO - [2026-04-25T09:11:38.685+0000] {dag.py:3954} INFO - Setting next_dagrun for example_branch_datetime_operator_2 to 2026-04-24 00:00:00+00:00, run_after=2026-04-25 00:00:00+00:00
[2026-04-25T09:11:38.687+0000] {logging_mixin.py:188} INFO - [2026-04-25T09:11:38.687+0000] {dag.py:3954} INFO - Setting next_dagrun for example_branch_datetime_operator_3 to 2026-04-24 00:00:00+00:00, run_after=2026-04-25 00:00:00+00:00
[2026-04-25T09:11:38.701+0000] {processor.py:183} INFO - Processing /usr/local/python/3.12.1/lib/python3.12/site-packages/airflow/example_dags/example_branch_datetime_operator.py took 0.060 seconds
[2026-04-25T09:12:13.406+0000] {processor.py:161} INFO - Started process (PID=12873) to work on /usr/local/python/3.12.1/lib/python3.12/site-packages/airflow/example_dags/example_branch_datetime_operator.py
[2026-04-25T09:12:13.407+0000] {processor.py:830} INFO - Processing file /usr/local/python/3.12.1/lib/python3.12/site-packages/airflow/example_dags/example_branch_datetime_operator.py for tasks to queue
[2026-04-25T09:12:13.408+0000] {logging_mixin.py:188} INFO - [2026-04-25T09:12:13.407+0000] {dagbag.py:540} INFO - Filling up the DagBag from /usr/local/python/3.12.1/lib/python3.12/site-packages/airflow/example_dags/example_branch_datetime_operator.py
[2026-04-25T09:12:13.417+0000] {processor.py:840} INFO - DAG(s) 'example_branch_datetime_operator', 'example_branch_datetime_operator_2', 'example_branch_datetime_operator_3' retrieved from /usr/local/python/3.12.1/lib/python3.12/site-packages/airflow/example_dags/example_branch_datetime_operator.py
[2026-04-25T09:12:13.512+0000] {logging_mixin.py:188} INFO - [2026-04-25T09:12:13.512+0000] {dag.py:3096} INFO - Sync 3 DAGs
[2026-04-25T09:12:13.527+0000] {logging_mixin.py:188} INFO - [2026-04-25T09:12:13.527+0000] {dag.py:3954} INFO - Setting next_dagrun for example_branch_datetime_operator to 2026-04-24 00:00:00+00:00, run_after=2026-04-25 00:00:00+00:00
[2026-04-25T09:12:13.530+0000] {logging_mixin.py:188} INFO - [2026-04-25T09:12:13.530+0000] {dag.py:3954} INFO - Setting next_dagrun for example_branch_datetime_operator_2 to 2026-04-24 00:00:00+00:00, run_after=2026-04-25 00:00:00+00:00
[2026-04-25T09:12:13.532+0000] {logging_mixin.py:188} INFO - [2026-04-25T09:12:13.532+0000] {dag.py:3954} INFO - Setting next_dagrun for example_branch_datetime_operator_3 to 2026-04-24 00:00:00+00:00, run_after=2026-04-25 00:00:00+00:00
[2026-04-25T09:12:13.548+0000] {processor.py:183} INFO - Processing /usr/local/python/3.12.1/lib/python3.12/site-packages/airflow/example_dags/example_branch_datetime_operator.py took 0.146 seconds
[2026-04-25T09:12:46.061+0000] {processor.py:161} INFO - Started process (PID=13357) to work on /usr/local/python/3.12.1/lib/python3.12/site-packages/airflow/example_dags/example_branch_datetime_operator.py
[2026-04-25T09:12:46.062+0000] {processor.py:830} INFO - Processing file /usr/local/python/3.12.1/lib/python3.12/site-packages/airflow/example_dags/example_branch_datetime_operator.py for tasks to queue
[2026-04-25T09:12:46.062+0000] {logging_mixin.py:188} INFO - [2026-04-25T09:12:46.062+0000] {dagbag.py:540} INFO - Filling up the DagBag from /usr/local/python/3.12.1/lib/python3.12/site-packages/airflow/example_dags/example_branch_datetime_operator.py
[2026-04-25T09:12:46.072+0000] {processor.py:840} INFO - DAG(s) 'example_branch_datetime_operator', 'example_branch_datetime_operator_2', 'example_branch_datetime_operator_3' retrieved from /usr/local/python/3.12.1/lib/python3.12/site-packages/airflow/example_dags/example_branch_datetime_operator.py
[2026-04-25T09:12:46.089+0000] {logging_mixin.py:188} INFO - [2026-04-25T09:12:46.089+0000] {dag.py:3096} INFO - Sync 3 DAGs
[2026-04-25T09:12:46.106+0000] {logging_mixin.py:188} INFO - [2026-04-25T09:12:46.106+0000] {dag.py:3954} INFO - Setting next_dagrun for example_branch_datetime_operator to 2026-04-24 00:00:00+00:00, run_after=2026-04-25 00:00:00+00:00
[2026-04-25T09:12:46.110+0000] {logging_mixin.py:188} INFO - [2026-04-25T09:12:46.109+0000] {dag.py:3954} INFO - Setting next_dagrun for example_branch_datetime_operator_2 to 2026-04-24 00:00:00+00:00, run_after=2026-04-25 00:00:00+00:00
[2026-04-25T09:12:46.111+0000] {logging_mixin.py:188} INFO - [2026-04-25T09:12:46.111+0000] {dag.py:3954} INFO - Setting next_dagrun for example_branch_datetime_operator_3 to 2026-04-24 00:00:00+00:00, run_after=2026-04-25 00:00:00+00:00
[2026-04-25T09:12:46.128+0000] {processor.py:183} INFO - Processing /usr/local/python/3.12.1/lib/python3.12/site-packages/airflow/example_dags/example_branch_datetime_operator.py took 0.071 seconds
[2026-04-25T09:13:15.020+0000] {processor.py:161} INFO - Started process (PID=13635) to work on /usr/local/python/3.12.1/lib/python3.12/site-packages/airflow/example_dags/example_branch_datetime_operator.py
[2026-04-25T09:13:15.021+0000] {processor.py:830} INFO - Processing file /usr/local/python/3.12.1/lib/python3.12/site-packages/airflow/example_dags/example_branch_datetime_operator.py for tasks to queue
[2026-04-25T09:13:15.021+0000] {logging_mixin.py:188} INFO - [2026-04-25T09:13:15.021+0000] {dagbag.py:540} INFO - Filling up the DagBag from /usr/local/python/3.12.1/lib/python3.12/site-packages/airflow/example_dags/example_branch_datetime_operator.py
[2026-04-25T09:13:15.030+0000] {processor.py:840} INFO - DAG(s) 'example_branch_datetime_operator', 'example_branch_datetime_operator_2', 'example_branch_datetime_operator_3' retrieved from /usr/local/python/3.12.1/lib/python3.12/site-packages/airflow/example_dags/example_branch_datetime_operator.py
[2026-04-25T09:13:15.047+0000] {logging_mixin.py:188} INFO - [2026-04-25T09:13:15.047+0000] {dag.py:3096} INFO - Sync 3 DAGs
[2026-04-25T09:13:15.064+0000] {logging_mixin.py:188} INFO - [2026-04-25T09:13:15.064+0000] {dag.py:3954} INFO - Setting next_dagrun for example_branch_datetime_operator to 2026-04-24 00:00:00+00:00, run_after=2026-04-25 00:00:00+00:00
[2026-04-25T09:13:15.068+0000] {logging_mixin.py:188} INFO - [2026-04-25T09:13:15.068+0000] {dag.py:3954} INFO - Setting next_dagrun for example_branch_datetime_operator_2 to 2026-04-24 00:00:00+00:00, run_after=2026-04-25 00:00:00+00:00
[2026-04-25T09:13:15.070+0000] {logging_mixin.py:188} INFO - [2026-04-25T09:13:15.070+0000] {dag.py:3954} INFO - Setting next_dagrun for example_branch_datetime_operator_3 to 2026-04-24 00:00:00+00:00, run_after=2026-04-25 00:00:00+00:00
[2026-04-25T09:13:15.084+0000] {processor.py:183} INFO - Processing /usr/local/python/3.12.1/lib/python3.12/site-packages/airflow/example_dags/example_branch_datetime_operator.py took 0.069 seconds
[2026-04-25T09:14:26.772+0000] {processor.py:161} INFO - Started process (PID=14670) to work on /usr/local/python/3.12.1/lib/python3.12/site-packages/airflow/example_dags/example_branch_datetime_operator.py
[2026-04-25T09:14:26.772+0000] {processor.py:830} INFO - Processing file /usr/local/python/3.12.1/lib/python3.12/site-packages/airflow/example_dags/example_branch_datetime_operator.py for tasks to queue
[2026-04-25T09:14:26.773+0000] {logging_mixin.py:188} INFO - [2026-04-25T09:14:26.773+0000] {dagbag.py:540} INFO - Filling up the DagBag from /usr/local/python/3.12.1/lib/python3.12/site-packages/airflow/example_dags/example_branch_datetime_operator.py
[2026-04-25T09:14:26.782+0000] {processor.py:840} INFO - DAG(s) 'example_branch_datetime_operator_3', 'example_branch_datetime_operator', 'example_branch_datetime_operator_2' retrieved from /usr/local/python/3.12.1/lib/python3.12/site-packages/airflow/example_dags/example_branch_datetime_operator.py
[2026-04-25T09:14:26.799+0000] {logging_mixin.py:188} INFO - [2026-04-25T09:14:26.799+0000] {dag.py:3096} INFO - Sync 3 DAGs
[2026-04-25T09:14:26.816+0000] {logging_mixin.py:188} INFO - [2026-04-25T09:14:26.815+0000] {dag.py:3954} INFO - Setting next_dagrun for example_branch_datetime_operator to 2026-04-24 00:00:00+00:00, run_after=2026-04-25 00:00:00+00:00
[2026-04-25T09:14:26.819+0000] {logging_mixin.py:188} INFO - [2026-04-25T09:14:26.819+0000] {dag.py:3954} INFO - Setting next_dagrun for example_branch_datetime_operator_2 to 2026-04-24 00:00:00+00:00, run_after=2026-04-25 00:00:00+00:00
[2026-04-25T09:14:26.821+0000] {logging_mixin.py:188} INFO - [2026-04-25T09:14:26.821+0000] {dag.py:3954} INFO - Setting next_dagrun for example_branch_datetime_operator_3 to 2026-04-24 00:00:00+00:00, run_after=2026-04-25 00:00:00+00:00
[2026-04-25T09:14:26.836+0000] {processor.py:183} INFO - Processing /usr/local/python/3.12.1/lib/python3.12/site-packages/airflow/example_dags/example_branch_datetime_operator.py took 0.068 seconds
[2026-04-25T09:15:24.337+0000] {processor.py:161} INFO - Started process (PID=15123) to work on /usr/local/python/3.12.1/lib/python3.12/site-packages/airflow/example_dags/example_branch_datetime_operator.py
[2026-04-25T09:15:24.338+0000] {processor.py:830} INFO - Processing file /usr/local/python/3.12.1/lib/python3.12/site-packages/airflow/example_dags/example_branch_datetime_operator.py for tasks to queue
[2026-04-25T09:15:24.339+0000] {logging_mixin.py:188} INFO - [2026-04-25T09:15:24.339+0000] {dagbag.py:540} INFO - Filling up the DagBag from /usr/local/python/3.12.1/lib/python3.12/site-packages/airflow/example_dags/example_branch_datetime_operator.py
[2026-04-25T09:15:24.348+0000] {processor.py:840} INFO - DAG(s) 'example_branch_datetime_operator_2', 'example_branch_datetime_operator', 'example_branch_datetime_operator_3' retrieved from /usr/local/python/3.12.1/lib/python3.12/site-packages/airflow/example_dags/example_branch_datetime_operator.py
[2026-04-25T09:15:24.364+0000] {logging_mixin.py:188} INFO - [2026-04-25T09:15:24.364+0000] {dag.py:3096} INFO - Sync 3 DAGs
[2026-04-25T09:15:24.380+0000] {logging_mixin.py:188} INFO - [2026-04-25T09:15:24.380+0000] {dag.py:3954} INFO - Setting next_dagrun for example_branch_datetime_operator to 2026-04-24 00:00:00+00:00, run_after=2026-04-25 00:00:00+00:00
[2026-04-25T09:15:24.384+0000] {logging_mixin.py:188} INFO - [2026-04-25T09:15:24.384+0000] {dag.py:3954} INFO - Setting next_dagrun for example_branch_datetime_operator_2 to 2026-04-24 00:00:00+00:00, run_after=2026-04-25 00:00:00+00:00
[2026-04-25T09:15:24.386+0000] {logging_mixin.py:188} INFO - [2026-04-25T09:15:24.386+0000] {dag.py:3954} INFO - Setting next_dagrun for example_branch_datetime_operator_3 to 2026-04-24 00:00:00+00:00, run_after=2026-04-25 00:00:00+00:00
[2026-04-25T09:15:24.400+0000] {processor.py:183} INFO - Processing /usr/local/python/3.12.1/lib/python3.12/site-packages/airflow/example_dags/example_branch_datetime_operator.py took 0.067 seconds
[2026-04-25T09:16:19.627+0000] {processor.py:161} INFO - Started process (PID=15750) to work on /usr/local/python/3.12.1/lib/python3.12/site-packages/airflow/example_dags/example_branch_datetime_operator.py
[2026-04-25T09:16:19.628+0000] {processor.py:830} INFO - Processing file /usr/local/python/3.12.1/lib/python3.12/site-packages/airflow/example_dags/example_branch_datetime_operator.py for tasks to queue
[2026-04-25T09:16:19.629+0000] {logging_mixin.py:188} INFO - [2026-04-25T09:16:19.629+0000] {dagbag.py:540} INFO - Filling up the DagBag from /usr/local/python/3.12.1/lib/python3.12/site-packages/airflow/example_dags/example_branch_datetime_operator.py
[2026-04-25T09:16:19.638+0000] {processor.py:840} INFO - DAG(s) 'example_branch_datetime_operator', 'example_branch_datetime_operator_3', 'example_branch_datetime_operator_2' retrieved from /usr/local/python/3.12.1/lib/python3.12/site-packages/airflow/example_dags/example_branch_datetime_operator.py
[2026-04-25T09:16:19.654+0000] {logging_mixin.py:188} INFO - [2026-04-25T09:16:19.654+0000] {dag.py:3096} INFO - Sync 3 DAGs
[2026-04-25T09:16:19.670+0000] {logging_mixin.py:188} INFO - [2026-04-25T09:16:19.670+0000] {dag.py:3954} INFO - Setting next_dagrun for example_branch_datetime_operator to 2026-04-24 00:00:00+00:00, run_after=2026-04-25 00:00:00+00:00
[2026-04-25T09:16:19.674+0000] {logging_mixin.py:188} INFO - [2026-04-25T09:16:19.674+0000] {dag.py:3954} INFO - Setting next_dagrun for example_branch_datetime_operator_2 to 2026-04-24 00:00:00+00:00, run_after=2026-04-25 00:00:00+00:00
[2026-04-25T09:16:19.676+0000] {logging_mixin.py:188} INFO - [2026-04-25T09:16:19.676+0000] {dag.py:3954} INFO - Setting next_dagrun for example_branch_datetime_operator_3 to 2026-04-24 00:00:00+00:00, run_after=2026-04-25 00:00:00+00:00
[2026-04-25T09:16:19.691+0000] {processor.py:183} INFO - Processing /usr/local/python/3.12.1/lib/python3.12/site-packages/airflow/example_dags/example_branch_datetime_operator.py took 0.068 seconds
[2026-04-25T09:17:26.147+0000] {processor.py:161} INFO - Started process (PID=16355) to work on /usr/local/python/3.12.1/lib/python3.12/site-packages/airflow/example_dags/example_branch_datetime_operator.py
[2026-04-25T09:17:26.148+0000] {processor.py:830} INFO - Processing file /usr/local/python/3.12.1/lib/python3.12/site-packages/airflow/example_dags/example_branch_datetime_operator.py for tasks to queue
[2026-04-25T09:17:26.148+0000] {logging_mixin.py:188} INFO - [2026-04-25T09:17:26.148+0000] {dagbag.py:540} INFO - Filling up the DagBag from /usr/local/python/3.12.1/lib/python3.12/site-packages/airflow/example_dags/example_branch_datetime_operator.py
[2026-04-25T09:17:26.162+0000] {processor.py:840} INFO - DAG(s) 'example_branch_datetime_operator', 'example_branch_datetime_operator_2', 'example_branch_datetime_operator_3' retrieved from /usr/local/python/3.12.1/lib/python3.12/site-packages/airflow/example_dags/example_branch_datetime_operator.py
[2026-04-25T09:17:26.172+0000] {logging_mixin.py:188} INFO - [2026-04-25T09:17:26.172+0000] {dag.py:3096} INFO - Sync 3 DAGs
[2026-04-25T09:17:26.202+0000] {logging_mixin.py:188} INFO - [2026-04-25T09:17:26.202+0000] {dag.py:3954} INFO - Setting next_dagrun for example_branch_datetime_operator to 2026-04-24 00:00:00+00:00, run_after=2026-04-25 00:00:00+00:00
[2026-04-25T09:17:26.209+0000] {logging_mixin.py:188} INFO - [2026-04-25T09:17:26.208+0000] {dag.py:3954} INFO - Setting next_dagrun for example_branch_datetime_operator_2 to 2026-04-24 00:00:00+00:00, run_after=2026-04-25 00:00:00+00:00
[2026-04-25T09:17:26.211+0000] {logging_mixin.py:188} INFO - [2026-04-25T09:17:26.211+0000] {dag.py:3954} INFO - Setting next_dagrun for example_branch_datetime_operator_3 to 2026-04-24 00:00:00+00:00, run_after=2026-04-25 00:00:00+00:00
[2026-04-25T09:17:26.231+0000] {processor.py:183} INFO - Processing /usr/local/python/3.12.1/lib/python3.12/site-packages/airflow/example_dags/example_branch_datetime_operator.py took 0.088 seconds
[2026-04-25T09:18:34.563+0000] {processor.py:161} INFO - Started process (PID=16873) to work on /usr/local/python/3.12.1/lib/python3.12/site-packages/airflow/example_dags/example_branch_datetime_operator.py
[2026-04-25T09:18:34.564+0000] {processor.py:830} INFO - Processing file /usr/local/python/3.12.1/lib/python3.12/site-packages/airflow/example_dags/example_branch_datetime_operator.py for tasks to queue
[2026-04-25T09:18:34.564+0000] {logging_mixin.py:188} INFO - [2026-04-25T09:18:34.564+0000] {dagbag.py:540} INFO - Filling up the DagBag from /usr/local/python/3.12.1/lib/python3.12/site-packages/airflow/example_dags/example_branch_datetime_operator.py
[2026-04-25T09:18:34.573+0000] {processor.py:840} INFO - DAG(s) 'example_branch_datetime_operator_2', 'example_branch_datetime_operator', 'example_branch_datetime_operator_3' retrieved from /usr/local/python/3.12.1/lib/python3.12/site-packages/airflow/example_dags/example_branch_datetime_operator.py
[2026-04-25T09:18:34.662+0000] {logging_mixin.py:188} INFO - [2026-04-25T09:18:34.662+0000] {dag.py:3096} INFO - Sync 3 DAGs
[2026-04-25T09:18:34.680+0000] {logging_mixin.py:188} INFO - [2026-04-25T09:18:34.680+0000] {dag.py:3954} INFO - Setting next_dagrun for example_branch_datetime_operator to 2026-04-24 00:00:00+00:00, run_after=2026-04-25 00:00:00+00:00
[2026-04-25T09:18:34.683+0000] {logging_mixin.py:188} INFO - [2026-04-25T09:18:34.683+0000] {dag.py:3954} INFO - Setting next_dagrun for example_branch_datetime_operator_2 to 2026-04-24 00:00:00+00:00, run_after=2026-04-25 00:00:00+00:00
[2026-04-25T09:18:34.685+0000] {logging_mixin.py:188} INFO - [2026-04-25T09:18:34.685+0000] {dag.py:3954} INFO - Setting next_dagrun for example_branch_datetime_operator_3 to 2026-04-24 00:00:00+00:00, run_after=2026-04-25 00:00:00+00:00
[2026-04-25T09:18:34.700+0000] {processor.py:183} INFO - Processing /usr/local/python/3.12.1/lib/python3.12/site-packages/airflow/example_dags/example_branch_datetime_operator.py took 0.141 seconds
[2026-04-25T09:19:28.729+0000] {processor.py:161} INFO - Started process (PID=17304) to work on /usr/local/python/3.12.1/lib/python3.12/site-packages/airflow/example_dags/example_branch_datetime_operator.py
[2026-04-25T09:19:28.730+0000] {processor.py:830} INFO - Processing file /usr/local/python/3.12.1/lib/python3.12/site-packages/airflow/example_dags/example_branch_datetime_operator.py for tasks to queue
[2026-04-25T09:19:28.730+0000] {logging_mixin.py:188} INFO - [2026-04-25T09:19:28.730+0000] {dagbag.py:540} INFO - Filling up the DagBag from /usr/local/python/3.12.1/lib/python3.12/site-packages/airflow/example_dags/example_branch_datetime_operator.py
[2026-04-25T09:19:28.739+0000] {processor.py:840} INFO - DAG(s) 'example_branch_datetime_operator_2', 'example_branch_datetime_operator_3', 'example_branch_datetime_operator' retrieved from /usr/local/python/3.12.1/lib/python3.12/site-packages/airflow/example_dags/example_branch_datetime_operator.py
[2026-04-25T09:19:28.756+0000] {logging_mixin.py:188} INFO - [2026-04-25T09:19:28.755+0000] {dag.py:3096} INFO - Sync 3 DAGs
[2026-04-25T09:19:28.771+0000] {logging_mixin.py:188} INFO - [2026-04-25T09:19:28.771+0000] {dag.py:3954} INFO - Setting next_dagrun for example_branch_datetime_operator to 2026-04-24 00:00:00+00:00, run_after=2026-04-25 00:00:00+00:00
[2026-04-25T09:19:28.775+0000] {logging_mixin.py:188} INFO - [2026-04-25T09:19:28.775+0000] {dag.py:3954} INFO - Setting next_dagrun for example_branch_datetime_operator_2 to 2026-04-24 00:00:00+00:00, run_after=2026-04-25 00:00:00+00:00
[2026-04-25T09:19:28.777+0000] {logging_mixin.py:188} INFO - [2026-04-25T09:19:28.777+0000] {dag.py:3954} INFO - Setting next_dagrun for example_branch_datetime_operator_3 to 2026-04-24 00:00:00+00:00, run_after=2026-04-25 00:00:00+00:00
[2026-04-25T09:19:28.792+0000] {processor.py:183} INFO - Processing /usr/local/python/3.12.1/lib/python3.12/site-packages/airflow/example_dags/example_branch_datetime_operator.py took 0.068 seconds
[2026-04-25T09:20:26.302+0000] {processor.py:161} INFO - Started process (PID=17739) to work on /usr/local/python/3.12.1/lib/python3.12/site-packages/airflow/example_dags/example_branch_datetime_operator.py
[2026-04-25T09:20:26.302+0000] {processor.py:830} INFO - Processing file /usr/local/python/3.12.1/lib/python3.12/site-packages/airflow/example_dags/example_branch_datetime_operator.py for tasks to queue
[2026-04-25T09:20:26.303+0000] {logging_mixin.py:188} INFO - [2026-04-25T09:20:26.303+0000] {dagbag.py:540} INFO - Filling up the DagBag from /usr/local/python/3.12.1/lib/python3.12/site-packages/airflow/example_dags/example_branch_datetime_operator.py
[2026-04-25T09:20:26.312+0000] {processor.py:840} INFO - DAG(s) 'example_branch_datetime_operator_2', 'example_branch_datetime_operator_3', 'example_branch_datetime_operator' retrieved from /usr/local/python/3.12.1/lib/python3.12/site-packages/airflow/example_dags/example_branch_datetime_operator.py
[2026-04-25T09:20:26.329+0000] {logging_mixin.py:188} INFO - [2026-04-25T09:20:26.329+0000] {dag.py:3096} INFO - Sync 3 DAGs
[2026-04-25T09:20:26.345+0000] {logging_mixin.py:188} INFO - [2026-04-25T09:20:26.345+0000] {dag.py:3954} INFO - Setting next_dagrun for example_branch_datetime_operator to 2026-04-24 00:00:00+00:00, run_after=2026-04-25 00:00:00+00:00
[2026-04-25T09:20:26.349+0000] {logging_mixin.py:188} INFO - [2026-04-25T09:20:26.349+0000] {dag.py:3954} INFO - Setting next_dagrun for example_branch_datetime_operator_2 to 2026-04-24 00:00:00+00:00, run_after=2026-04-25 00:00:00+00:00
[2026-04-25T09:20:26.351+0000] {logging_mixin.py:188} INFO - [2026-04-25T09:20:26.350+0000] {dag.py:3954} INFO - Setting next_dagrun for example_branch_datetime_operator_3 to 2026-04-24 00:00:00+00:00, run_after=2026-04-25 00:00:00+00:00
[2026-04-25T09:20:26.366+0000] {processor.py:183} INFO - Processing /usr/local/python/3.12.1/lib/python3.12/site-packages/airflow/example_dags/example_branch_datetime_operator.py took 0.068 seconds
[2026-04-25T09:21:21.930+0000] {processor.py:161} INFO - Started process (PID=18178) to work on /usr/local/python/3.12.1/lib/python3.12/site-packages/airflow/example_dags/example_branch_datetime_operator.py
[2026-04-25T09:21:21.930+0000] {processor.py:830} INFO - Processing file /usr/local/python/3.12.1/lib/python3.12/site-packages/airflow/example_dags/example_branch_datetime_operator.py for tasks to queue
[2026-04-25T09:21:21.931+0000] {logging_mixin.py:188} INFO - [2026-04-25T09:21:21.931+0000] {dagbag.py:540} INFO - Filling up the DagBag from /usr/local/python/3.12.1/lib/python3.12/site-packages/airflow/example_dags/example_branch_datetime_operator.py
[2026-04-25T09:21:21.940+0000] {processor.py:840} INFO - DAG(s) 'example_branch_datetime_operator_2', 'example_branch_datetime_operator', 'example_branch_datetime_operator_3' retrieved from /usr/local/python/3.12.1/lib/python3.12/site-packages/airflow/example_dags/example_branch_datetime_operator.py
[2026-04-25T09:21:21.956+0000] {logging_mixin.py:188} INFO - [2026-04-25T09:21:21.956+0000] {dag.py:3096} INFO - Sync 3 DAGs
[2026-04-25T09:21:21.972+0000] {logging_mixin.py:188} INFO - [2026-04-25T09:21:21.972+0000] {dag.py:3954} INFO - Setting next_dagrun for example_branch_datetime_operator to 2026-04-24 00:00:00+00:00, run_after=2026-04-25 00:00:00+00:00
[2026-04-25T09:21:21.976+0000] {logging_mixin.py:188} INFO - [2026-04-25T09:21:21.975+0000] {dag.py:3954} INFO - Setting next_dagrun for example_branch_datetime_operator_2 to 2026-04-24 00:00:00+00:00, run_after=2026-04-25 00:00:00+00:00
[2026-04-25T09:21:21.978+0000] {logging_mixin.py:188} INFO - [2026-04-25T09:21:21.978+0000] {dag.py:3954} INFO - Setting next_dagrun for example_branch_datetime_operator_3 to 2026-04-24 00:00:00+00:00, run_after=2026-04-25 00:00:00+00:00
[2026-04-25T09:21:21.993+0000] {processor.py:183} INFO - Processing /usr/local/python/3.12.1/lib/python3.12/site-packages/airflow/example_dags/example_branch_datetime_operator.py took 0.068 seconds
[2026-04-25T09:22:21.711+0000] {processor.py:161} INFO - Started process (PID=18643) to work on /usr/local/python/3.12.1/lib/python3.12/site-packages/airflow/example_dags/example_branch_datetime_operator.py
[2026-04-25T09:22:21.712+0000] {processor.py:830} INFO - Processing file /usr/local/python/3.12.1/lib/python3.12/site-packages/airflow/example_dags/example_branch_datetime_operator.py for tasks to queue
[2026-04-25T09:22:21.712+0000] {logging_mixin.py:188} INFO - [2026-04-25T09:22:21.712+0000] {dagbag.py:540} INFO - Filling up the DagBag from /usr/local/python/3.12.1/lib/python3.12/site-packages/airflow/example_dags/example_branch_datetime_operator.py
[2026-04-25T09:22:21.721+0000] {processor.py:840} INFO - DAG(s) 'example_branch_datetime_operator', 'example_branch_datetime_operator_2', 'example_branch_datetime_operator_3' retrieved from /usr/local/python/3.12.1/lib/python3.12/site-packages/airflow/example_dags/example_branch_datetime_operator.py
[2026-04-25T09:22:21.738+0000] {logging_mixin.py:188} INFO - [2026-04-25T09:22:21.738+0000] {dag.py:3096} INFO - Sync 3 DAGs
[2026-04-25T09:22:21.754+0000] {logging_mixin.py:188} INFO - [2026-04-25T09:22:21.753+0000] {dag.py:3954} INFO - Setting next_dagrun for example_branch_datetime_operator to 2026-04-24 00:00:00+00:00, run_after=2026-04-25 00:00:00+00:00
[2026-04-25T09:22:21.757+0000] {logging_mixin.py:188} INFO - [2026-04-25T09:22:21.757+0000] {dag.py:3954} INFO - Setting next_dagrun for example_branch_datetime_operator_2 to 2026-04-24 00:00:00+00:00, run_after=2026-04-25 00:00:00+00:00
[2026-04-25T09:22:21.759+0000] {logging_mixin.py:188} INFO - [2026-04-25T09:22:21.759+0000] {dag.py:3954} INFO - Setting next_dagrun for example_branch_datetime_operator_3 to 2026-04-24 00:00:00+00:00, run_after=2026-04-25 00:00:00+00:00
[2026-04-25T09:22:21.774+0000] {processor.py:183} INFO - Processing /usr/local/python/3.12.1/lib/python3.12/site-packages/airflow/example_dags/example_branch_datetime_operator.py took 0.067 seconds
[2026-04-25T09:23:20.076+0000] {processor.py:161} INFO - Started process (PID=19082) to work on /usr/local/python/3.12.1/lib/python3.12/site-packages/airflow/example_dags/example_branch_datetime_operator.py
[2026-04-25T09:23:20.077+0000] {processor.py:830} INFO - Processing file /usr/local/python/3.12.1/lib/python3.12/site-packages/airflow/example_dags/example_branch_datetime_operator.py for tasks to queue
[2026-04-25T09:23:20.078+0000] {logging_mixin.py:188} INFO - [2026-04-25T09:23:20.077+0000] {dagbag.py:540} INFO - Filling up the DagBag from /usr/local/python/3.12.1/lib/python3.12/site-packages/airflow/example_dags/example_branch_datetime_operator.py
[2026-04-25T09:23:20.087+0000] {processor.py:840} INFO - DAG(s) 'example_branch_datetime_operator_2', 'example_branch_datetime_operator_3', 'example_branch_datetime_operator' retrieved from /usr/local/python/3.12.1/lib/python3.12/site-packages/airflow/example_dags/example_branch_datetime_operator.py
[2026-04-25T09:23:20.103+0000] {logging_mixin.py:188} INFO - [2026-04-25T09:23:20.103+0000] {dag.py:3096} INFO - Sync 3 DAGs
[2026-04-25T09:23:20.119+0000] {logging_mixin.py:188} INFO - [2026-04-25T09:23:20.119+0000] {dag.py:3954} INFO - Setting next_dagrun for example_branch_datetime_operator to 2026-04-24 00:00:00+00:00, run_after=2026-04-25 00:00:00+00:00
[2026-04-25T09:23:20.123+0000] {logging_mixin.py:188} INFO - [2026-04-25T09:23:20.123+0000] {dag.py:3954} INFO - Setting next_dagrun for example_branch_datetime_operator_2 to 2026-04-24 00:00:00+00:00, run_after=2026-04-25 00:00:00+00:00
[2026-04-25T09:23:20.125+0000] {logging_mixin.py:188} INFO - [2026-04-25T09:23:20.125+0000] {dag.py:3954} INFO - Setting next_dagrun for example_branch_datetime_operator_3 to 2026-04-24 00:00:00+00:00, run_after=2026-04-25 00:00:00+00:00
[2026-04-25T09:23:20.140+0000] {processor.py:183} INFO - Processing /usr/local/python/3.12.1/lib/python3.12/site-packages/airflow/example_dags/example_branch_datetime_operator.py took 0.067 seconds
[2026-04-25T09:24:17.850+0000] {processor.py:161} INFO - Started process (PID=19534) to work on /usr/local/python/3.12.1/lib/python3.12/site-packages/airflow/example_dags/example_branch_datetime_operator.py
[2026-04-25T09:24:17.851+0000] {processor.py:830} INFO - Processing file /usr/local/python/3.12.1/lib/python3.12/site-packages/airflow/example_dags/example_branch_datetime_operator.py for tasks to queue
[2026-04-25T09:24:17.851+0000] {logging_mixin.py:188} INFO - [2026-04-25T09:24:17.851+0000] {dagbag.py:540} INFO - Filling up the DagBag from /usr/local/python/3.12.1/lib/python3.12/site-packages/airflow/example_dags/example_branch_datetime_operator.py
[2026-04-25T09:24:17.865+0000] {processor.py:840} INFO - DAG(s) 'example_branch_datetime_operator_2', 'example_branch_datetime_operator_3', 'example_branch_datetime_operator' retrieved from /usr/local/python/3.12.1/lib/python3.12/site-packages/airflow/example_dags/example_branch_datetime_operator.py
[2026-04-25T09:24:17.882+0000] {logging_mixin.py:188} INFO - [2026-04-25T09:24:17.882+0000] {dag.py:3096} INFO - Sync 3 DAGs
[2026-04-25T09:24:17.898+0000] {logging_mixin.py:188} INFO - [2026-04-25T09:24:17.897+0000] {dag.py:3954} INFO - Setting next_dagrun for example_branch_datetime_operator to 2026-04-24 00:00:00+00:00, run_after=2026-04-25 00:00:00+00:00
[2026-04-25T09:24:17.901+0000] {logging_mixin.py:188} INFO - [2026-04-25T09:24:17.901+0000] {dag.py:3954} INFO - Setting next_dagrun for example_branch_datetime_operator_2 to 2026-04-24 00:00:00+00:00, run_after=2026-04-25 00:00:00+00:00
[2026-04-25T09:24:17.903+0000] {logging_mixin.py:188} INFO - [2026-04-25T09:24:17.903+0000] {dag.py:3954} INFO - Setting next_dagrun for example_branch_datetime_operator_3 to 2026-04-24 00:00:00+00:00, run_after=2026-04-25 00:00:00+00:00
[2026-04-25T09:24:17.917+0000] {processor.py:183} INFO - Processing /usr/local/python/3.12.1/lib/python3.12/site-packages/airflow/example_dags/example_branch_datetime_operator.py took 0.072 seconds
[2026-04-25T09:25:18.194+0000] {processor.py:161} INFO - Started process (PID=20002) to work on /usr/local/python/3.12.1/lib/python3.12/site-packages/airflow/example_dags/example_branch_datetime_operator.py
[2026-04-25T09:25:18.195+0000] {processor.py:830} INFO - Processing file /usr/local/python/3.12.1/lib/python3.12/site-packages/airflow/example_dags/example_branch_datetime_operator.py for tasks to queue
[2026-04-25T09:25:18.195+0000] {logging_mixin.py:188} INFO - [2026-04-25T09:25:18.195+0000] {dagbag.py:540} INFO - Filling up the DagBag from /usr/local/python/3.12.1/lib/python3.12/site-packages/airflow/example_dags/example_branch_datetime_operator.py
[2026-04-25T09:25:18.204+0000] {processor.py:840} INFO - DAG(s) 'example_branch_datetime_operator', 'example_branch_datetime_operator_2', 'example_branch_datetime_operator_3' retrieved from /usr/local/python/3.12.1/lib/python3.12/site-packages/airflow/example_dags/example_branch_datetime_operator.py
[2026-04-25T09:25:18.221+0000] {logging_mixin.py:188} INFO - [2026-04-25T09:25:18.220+0000] {dag.py:3096} INFO - Sync 3 DAGs
[2026-04-25T09:25:18.236+0000] {logging_mixin.py:188} INFO - [2026-04-25T09:25:18.236+0000] {dag.py:3954} INFO - Setting next_dagrun for example_branch_datetime_operator to 2026-04-24 00:00:00+00:00, run_after=2026-04-25 00:00:00+00:00
[2026-04-25T09:25:18.240+0000] {logging_mixin.py:188} INFO - [2026-04-25T09:25:18.240+0000] {dag.py:3954} INFO - Setting next_dagrun for example_branch_datetime_operator_2 to 2026-04-24 00:00:00+00:00, run_after=2026-04-25 00:00:00+00:00
[2026-04-25T09:25:18.242+0000] {logging_mixin.py:188} INFO - [2026-04-25T09:25:18.242+0000] {dag.py:3954} INFO - Setting next_dagrun for example_branch_datetime_operator_3 to 2026-04-24 00:00:00+00:00, run_after=2026-04-25 00:00:00+00:00
[2026-04-25T09:25:18.257+0000] {processor.py:183} INFO - Processing /usr/local/python/3.12.1/lib/python3.12/site-packages/airflow/example_dags/example_branch_datetime_operator.py took 0.067 seconds
[2026-04-25T09:26:13.696+0000] {processor.py:161} INFO - Started process (PID=20423) to work on /usr/local/python/3.12.1/lib/python3.12/site-packages/airflow/example_dags/example_branch_datetime_operator.py
[2026-04-25T09:26:13.697+0000] {processor.py:830} INFO - Processing file /usr/local/python/3.12.1/lib/python3.12/site-packages/airflow/example_dags/example_branch_datetime_operator.py for tasks to queue
[2026-04-25T09:26:13.698+0000] {logging_mixin.py:188} INFO - [2026-04-25T09:26:13.697+0000] {dagbag.py:540} INFO - Filling up the DagBag from /usr/local/python/3.12.1/lib/python3.12/site-packages/airflow/example_dags/example_branch_datetime_operator.py
[2026-04-25T09:26:13.707+0000] {processor.py:840} INFO - DAG(s) 'example_branch_datetime_operator_2', 'example_branch_datetime_operator_3', 'example_branch_datetime_operator' retrieved from /usr/local/python/3.12.1/lib/python3.12/site-packages/airflow/example_dags/example_branch_datetime_operator.py
[2026-04-25T09:26:13.723+0000] {logging_mixin.py:188} INFO - [2026-04-25T09:26:13.723+0000] {dag.py:3096} INFO - Sync 3 DAGs
[2026-04-25T09:26:13.740+0000] {logging_mixin.py:188} INFO - [2026-04-25T09:26:13.740+0000] {dag.py:3954} INFO - Setting next_dagrun for example_branch_datetime_operator to 2026-04-24 00:00:00+00:00, run_after=2026-04-25 00:00:00+00:00
[2026-04-25T09:26:13.744+0000] {logging_mixin.py:188} INFO - [2026-04-25T09:26:13.744+0000] {dag.py:3954} INFO - Setting next_dagrun for example_branch_datetime_operator_2 to 2026-04-24 00:00:00+00:00, run_after=2026-04-25 00:00:00+00:00
[2026-04-25T09:26:13.746+0000] {logging_mixin.py:188} INFO - [2026-04-25T09:26:13.746+0000] {dag.py:3954} INFO - Setting next_dagrun for example_branch_datetime_operator_3 to 2026-04-24 00:00:00+00:00, run_after=2026-04-25 00:00:00+00:00
[2026-04-25T09:26:13.761+0000] {processor.py:183} INFO - Processing /usr/local/python/3.12.1/lib/python3.12/site-packages/airflow/example_dags/example_branch_datetime_operator.py took 0.069 seconds
[2026-04-25T09:27:14.756+0000] {processor.py:161} INFO - Started process (PID=20905) to work on /usr/local/python/3.12.1/lib/python3.12/site-packages/airflow/example_dags/example_branch_datetime_operator.py
[2026-04-25T09:27:14.756+0000] {processor.py:830} INFO - Processing file /usr/local/python/3.12.1/lib/python3.12/site-packages/airflow/example_dags/example_branch_datetime_operator.py for tasks to queue
[2026-04-25T09:27:14.757+0000] {logging_mixin.py:188} INFO - [2026-04-25T09:27:14.757+0000] {dagbag.py:540} INFO - Filling up the DagBag from /usr/local/python/3.12.1/lib/python3.12/site-packages/airflow/example_dags/example_branch_datetime_operator.py
[2026-04-25T09:27:14.766+0000] {processor.py:840} INFO - DAG(s) 'example_branch_datetime_operator', 'example_branch_datetime_operator_2', 'example_branch_datetime_operator_3' retrieved from /usr/local/python/3.12.1/lib/python3.12/site-packages/airflow/example_dags/example_branch_datetime_operator.py
[2026-04-25T09:27:14.782+0000] {logging_mixin.py:188} INFO - [2026-04-25T09:27:14.782+0000] {dag.py:3096} INFO - Sync 3 DAGs
[2026-04-25T09:27:14.798+0000] {logging_mixin.py:188} INFO - [2026-04-25T09:27:14.798+0000] {dag.py:3954} INFO - Setting next_dagrun for example_branch_datetime_operator to 2026-04-24 00:00:00+00:00, run_after=2026-04-25 00:00:00+00:00
[2026-04-25T09:27:14.802+0000] {logging_mixin.py:188} INFO - [2026-04-25T09:27:14.802+0000] {dag.py:3954} INFO - Setting next_dagrun for example_branch_datetime_operator_2 to 2026-04-24 00:00:00+00:00, run_after=2026-04-25 00:00:00+00:00
[2026-04-25T09:27:14.804+0000] {logging_mixin.py:188} INFO - [2026-04-25T09:27:14.804+0000] {dag.py:3954} INFO - Setting next_dagrun for example_branch_datetime_operator_3 to 2026-04-24 00:00:00+00:00, run_after=2026-04-25 00:00:00+00:00
[2026-04-25T09:27:14.818+0000] {processor.py:183} INFO - Processing /usr/local/python/3.12.1/lib/python3.12/site-packages/airflow/example_dags/example_branch_datetime_operator.py took 0.069 seconds
[2026-04-25T09:28:19.120+0000] {processor.py:161} INFO - Started process (PID=21404) to work on /usr/local/python/3.12.1/lib/python3.12/site-packages/airflow/example_dags/example_branch_datetime_operator.py
[2026-04-25T09:28:19.121+0000] {processor.py:830} INFO - Processing file /usr/local/python/3.12.1/lib/python3.12/site-packages/airflow/example_dags/example_branch_datetime_operator.py for tasks to queue
[2026-04-25T09:28:19.122+0000] {logging_mixin.py:188} INFO - [2026-04-25T09:28:19.121+0000] {dagbag.py:540} INFO - Filling up the DagBag from /usr/local/python/3.12.1/lib/python3.12/site-packages/airflow/example_dags/example_branch_datetime_operator.py
[2026-04-25T09:28:19.131+0000] {processor.py:840} INFO - DAG(s) 'example_branch_datetime_operator_3', 'example_branch_datetime_operator_2', 'example_branch_datetime_operator' retrieved from /usr/local/python/3.12.1/lib/python3.12/site-packages/airflow/example_dags/example_branch_datetime_operator.py
[2026-04-25T09:28:19.148+0000] {logging_mixin.py:188} INFO - [2026-04-25T09:28:19.147+0000] {dag.py:3096} INFO - Sync 3 DAGs
[2026-04-25T09:28:19.163+0000] {logging_mixin.py:188} INFO - [2026-04-25T09:28:19.163+0000] {dag.py:3954} INFO - Setting next_dagrun for example_branch_datetime_operator to 2026-04-24 00:00:00+00:00, run_after=2026-04-25 00:00:00+00:00
[2026-04-25T09:28:19.167+0000] {logging_mixin.py:188} INFO - [2026-04-25T09:28:19.167+0000] {dag.py:3954} INFO - Setting next_dagrun for example_branch_datetime_operator_2 to 2026-04-24 00:00:00+00:00, run_after=2026-04-25 00:00:00+00:00
[2026-04-25T09:28:19.169+0000] {logging_mixin.py:188} INFO - [2026-04-25T09:28:19.168+0000] {dag.py:3954} INFO - Setting next_dagrun for example_branch_datetime_operator_3 to 2026-04-24 00:00:00+00:00, run_after=2026-04-25 00:00:00+00:00
[2026-04-25T09:28:19.183+0000] {processor.py:183} INFO - Processing /usr/local/python/3.12.1/lib/python3.12/site-packages/airflow/example_dags/example_branch_datetime_operator.py took 0.067 seconds
[2026-04-25T09:29:20.713+0000] {processor.py:161} INFO - Started process (PID=21882) to work on /usr/local/python/3.12.1/lib/python3.12/site-packages/airflow/example_dags/example_branch_datetime_operator.py
[2026-04-25T09:29:20.713+0000] {processor.py:830} INFO - Processing file /usr/local/python/3.12.1/lib/python3.12/site-packages/airflow/example_dags/example_branch_datetime_operator.py for tasks to queue
[2026-04-25T09:29:20.714+0000] {logging_mixin.py:188} INFO - [2026-04-25T09:29:20.714+0000] {dagbag.py:540} INFO - Filling up the DagBag from /usr/local/python/3.12.1/lib/python3.12/site-packages/airflow/example_dags/example_branch_datetime_operator.py
[2026-04-25T09:29:20.723+0000] {processor.py:840} INFO - DAG(s) 'example_branch_datetime_operator', 'example_branch_datetime_operator_2', 'example_branch_datetime_operator_3' retrieved from /usr/local/python/3.12.1/lib/python3.12/site-packages/airflow/example_dags/example_branch_datetime_operator.py
[2026-04-25T09:29:20.739+0000] {logging_mixin.py:188} INFO - [2026-04-25T09:29:20.739+0000] {dag.py:3096} INFO - Sync 3 DAGs
[2026-04-25T09:29:20.755+0000] {logging_mixin.py:188} INFO - [2026-04-25T09:29:20.755+0000] {dag.py:3954} INFO - Setting next_dagrun for example_branch_datetime_operator to 2026-04-24 00:00:00+00:00, run_after=2026-04-25 00:00:00+00:00
[2026-04-25T09:29:20.758+0000] {logging_mixin.py:188} INFO - [2026-04-25T09:29:20.758+0000] {dag.py:3954} INFO - Setting next_dagrun for example_branch_datetime_operator_2 to 2026-04-24 00:00:00+00:00, run_after=2026-04-25 00:00:00+00:00
[2026-04-25T09:29:20.760+0000] {logging_mixin.py:188} INFO - [2026-04-25T09:29:20.760+0000] {dag.py:3954} INFO - Setting next_dagrun for example_branch_datetime_operator_3 to 2026-04-24 00:00:00+00:00, run_after=2026-04-25 00:00:00+00:00
[2026-04-25T09:29:20.774+0000] {processor.py:183} INFO - Processing /usr/local/python/3.12.1/lib/python3.12/site-packages/airflow/example_dags/example_branch_datetime_operator.py took 0.066 seconds
[2026-04-25T09:30:17.307+0000] {processor.py:161} INFO - Started process (PID=22308) to work on /usr/local/python/3.12.1/lib/python3.12/site-packages/airflow/example_dags/example_branch_datetime_operator.py
[2026-04-25T09:30:17.308+0000] {processor.py:830} INFO - Processing file /usr/local/python/3.12.1/lib/python3.12/site-packages/airflow/example_dags/example_branch_datetime_operator.py for tasks to queue
[2026-04-25T09:30:17.308+0000] {logging_mixin.py:188} INFO - [2026-04-25T09:30:17.308+0000] {dagbag.py:540} INFO - Filling up the DagBag from /usr/local/python/3.12.1/lib/python3.12/site-packages/airflow/example_dags/example_branch_datetime_operator.py
[2026-04-25T09:30:17.317+0000] {processor.py:840} INFO - DAG(s) 'example_branch_datetime_operator', 'example_branch_datetime_operator_2', 'example_branch_datetime_operator_3' retrieved from /usr/local/python/3.12.1/lib/python3.12/site-packages/airflow/example_dags/example_branch_datetime_operator.py
[2026-04-25T09:30:17.333+0000] {logging_mixin.py:188} INFO - [2026-04-25T09:30:17.333+0000] {dag.py:3096} INFO - Sync 3 DAGs
[2026-04-25T09:30:17.349+0000] {logging_mixin.py:188} INFO - [2026-04-25T09:30:17.349+0000] {dag.py:3954} INFO - Setting next_dagrun for example_branch_datetime_operator to 2026-04-24 00:00:00+00:00, run_after=2026-04-25 00:00:00+00:00
[2026-04-25T09:30:17.353+0000] {logging_mixin.py:188} INFO - [2026-04-25T09:30:17.353+0000] {dag.py:3954} INFO - Setting next_dagrun for example_branch_datetime_operator_2 to 2026-04-24 00:00:00+00:00, run_after=2026-04-25 00:00:00+00:00
[2026-04-25T09:30:17.355+0000] {logging_mixin.py:188} INFO - [2026-04-25T09:30:17.355+0000] {dag.py:3954} INFO - Setting next_dagrun for example_branch_datetime_operator_3 to 2026-04-24 00:00:00+00:00, run_after=2026-04-25 00:00:00+00:00
[2026-04-25T09:30:17.371+0000] {processor.py:183} INFO - Processing /usr/local/python/3.12.1/lib/python3.12/site-packages/airflow/example_dags/example_branch_datetime_operator.py took 0.068 seconds
[2026-04-25T09:31:26.001+0000] {processor.py:161} INFO - Started process (PID=22838) to work on /usr/local/python/3.12.1/lib/python3.12/site-packages/airflow/example_dags/example_branch_datetime_operator.py
[2026-04-25T09:31:26.002+0000] {processor.py:830} INFO - Processing file /usr/local/python/3.12.1/lib/python3.12/site-packages/airflow/example_dags/example_branch_datetime_operator.py for tasks to queue
[2026-04-25T09:31:26.002+0000] {logging_mixin.py:188} INFO - [2026-04-25T09:31:26.002+0000] {dagbag.py:540} INFO - Filling up the DagBag from /usr/local/python/3.12.1/lib/python3.12/site-packages/airflow/example_dags/example_branch_datetime_operator.py
[2026-04-25T09:31:26.011+0000] {processor.py:840} INFO - DAG(s) 'example_branch_datetime_operator_2', 'example_branch_datetime_operator_3', 'example_branch_datetime_operator' retrieved from /usr/local/python/3.12.1/lib/python3.12/site-packages/airflow/example_dags/example_branch_datetime_operator.py
[2026-04-25T09:31:26.028+0000] {logging_mixin.py:188} INFO - [2026-04-25T09:31:26.028+0000] {dag.py:3096} INFO - Sync 3 DAGs
[2026-04-25T09:31:26.043+0000] {logging_mixin.py:188} INFO - [2026-04-25T09:31:26.043+0000] {dag.py:3954} INFO - Setting next_dagrun for example_branch_datetime_operator to 2026-04-24 00:00:00+00:00, run_after=2026-04-25 00:00:00+00:00
[2026-04-25T09:31:26.047+0000] {logging_mixin.py:188} INFO - [2026-04-25T09:31:26.046+0000] {dag.py:3954} INFO - Setting next_dagrun for example_branch_datetime_operator_2 to 2026-04-24 00:00:00+00:00, run_after=2026-04-25 00:00:00+00:00
[2026-04-25T09:31:26.048+0000] {logging_mixin.py:188} INFO - [2026-04-25T09:31:26.048+0000] {dag.py:3954} INFO - Setting next_dagrun for example_branch_datetime_operator_3 to 2026-04-24 00:00:00+00:00, run_after=2026-04-25 00:00:00+00:00
[2026-04-25T09:31:26.063+0000] {processor.py:183} INFO - Processing /usr/local/python/3.12.1/lib/python3.12/site-packages/airflow/example_dags/example_branch_datetime_operator.py took 0.066 seconds
[2026-04-25T09:32:29.915+0000] {processor.py:161} INFO - Started process (PID=23322) to work on /usr/local/python/3.12.1/lib/python3.12/site-packages/airflow/example_dags/example_branch_datetime_operator.py
[2026-04-25T09:32:29.916+0000] {processor.py:830} INFO - Processing file /usr/local/python/3.12.1/lib/python3.12/site-packages/airflow/example_dags/example_branch_datetime_operator.py for tasks to queue
[2026-04-25T09:32:29.916+0000] {logging_mixin.py:188} INFO - [2026-04-25T09:32:29.916+0000] {dagbag.py:540} INFO - Filling up the DagBag from /usr/local/python/3.12.1/lib/python3.12/site-packages/airflow/example_dags/example_branch_datetime_operator.py
[2026-04-25T09:32:29.925+0000] {processor.py:840} INFO - DAG(s) 'example_branch_datetime_operator_2', 'example_branch_datetime_operator', 'example_branch_datetime_operator_3' retrieved from /usr/local/python/3.12.1/lib/python3.12/site-packages/airflow/example_dags/example_branch_datetime_operator.py
[2026-04-25T09:32:29.941+0000] {logging_mixin.py:188} INFO - [2026-04-25T09:32:29.941+0000] {dag.py:3096} INFO - Sync 3 DAGs
[2026-04-25T09:32:29.956+0000] {logging_mixin.py:188} INFO - [2026-04-25T09:32:29.956+0000] {dag.py:3954} INFO - Setting next_dagrun for example_branch_datetime_operator to 2026-04-24 00:00:00+00:00, run_after=2026-04-25 00:00:00+00:00
[2026-04-25T09:32:29.960+0000] {logging_mixin.py:188} INFO - [2026-04-25T09:32:29.960+0000] {dag.py:3954} INFO - Setting next_dagrun for example_branch_datetime_operator_2 to 2026-04-24 00:00:00+00:00, run_after=2026-04-25 00:00:00+00:00
[2026-04-25T09:32:29.962+0000] {logging_mixin.py:188} INFO - [2026-04-25T09:32:29.961+0000] {dag.py:3954} INFO - Setting next_dagrun for example_branch_datetime_operator_3 to 2026-04-24 00:00:00+00:00, run_after=2026-04-25 00:00:00+00:00
[2026-04-25T09:32:29.976+0000] {processor.py:183} INFO - Processing /usr/local/python/3.12.1/lib/python3.12/site-packages/airflow/example_dags/example_branch_datetime_operator.py took 0.065 seconds
[2026-04-25T09:33:38.813+0000] {processor.py:161} INFO - Started process (PID=23855) to work on /usr/local/python/3.12.1/lib/python3.12/site-packages/airflow/example_dags/example_branch_datetime_operator.py
[2026-04-25T09:33:38.814+0000] {processor.py:830} INFO - Processing file /usr/local/python/3.12.1/lib/python3.12/site-packages/airflow/example_dags/example_branch_datetime_operator.py for tasks to queue
[2026-04-25T09:33:38.814+0000] {logging_mixin.py:188} INFO - [2026-04-25T09:33:38.814+0000] {dagbag.py:540} INFO - Filling up the DagBag from /usr/local/python/3.12.1/lib/python3.12/site-packages/airflow/example_dags/example_branch_datetime_operator.py
[2026-04-25T09:33:38.824+0000] {processor.py:840} INFO - DAG(s) 'example_branch_datetime_operator', 'example_branch_datetime_operator_3', 'example_branch_datetime_operator_2' retrieved from /usr/local/python/3.12.1/lib/python3.12/site-packages/airflow/example_dags/example_branch_datetime_operator.py
[2026-04-25T09:33:38.843+0000] {logging_mixin.py:188} INFO - [2026-04-25T09:33:38.842+0000] {dag.py:3096} INFO - Sync 3 DAGs
[2026-04-25T09:33:38.860+0000] {logging_mixin.py:188} INFO - [2026-04-25T09:33:38.860+0000] {dag.py:3954} INFO - Setting next_dagrun for example_branch_datetime_operator to 2026-04-24 00:00:00+00:00, run_after=2026-04-25 00:00:00+00:00
[2026-04-25T09:33:38.864+0000] {logging_mixin.py:188} INFO - [2026-04-25T09:33:38.864+0000] {dag.py:3954} INFO - Setting next_dagrun for example_branch_datetime_operator_2 to 2026-04-24 00:00:00+00:00, run_after=2026-04-25 00:00:00+00:00
[2026-04-25T09:33:38.866+0000] {logging_mixin.py:188} INFO - [2026-04-25T09:33:38.865+0000] {dag.py:3954} INFO - Setting next_dagrun for example_branch_datetime_operator_3 to 2026-04-24 00:00:00+00:00, run_after=2026-04-25 00:00:00+00:00
[2026-04-25T09:33:38.880+0000] {processor.py:183} INFO - Processing /usr/local/python/3.12.1/lib/python3.12/site-packages/airflow/example_dags/example_branch_datetime_operator.py took 0.071 seconds
[2026-04-25T09:34:39.300+0000] {processor.py:161} INFO - Started process (PID=24324) to work on /usr/local/python/3.12.1/lib/python3.12/site-packages/airflow/example_dags/example_branch_datetime_operator.py
[2026-04-25T09:34:39.301+0000] {processor.py:830} INFO - Processing file /usr/local/python/3.12.1/lib/python3.12/site-packages/airflow/example_dags/example_branch_datetime_operator.py for tasks to queue
[2026-04-25T09:34:39.301+0000] {logging_mixin.py:188} INFO - [2026-04-25T09:34:39.301+0000] {dagbag.py:540} INFO - Filling up the DagBag from /usr/local/python/3.12.1/lib/python3.12/site-packages/airflow/example_dags/example_branch_datetime_operator.py
[2026-04-25T09:34:39.310+0000] {processor.py:840} INFO - DAG(s) 'example_branch_datetime_operator_2', 'example_branch_datetime_operator', 'example_branch_datetime_operator_3' retrieved from /usr/local/python/3.12.1/lib/python3.12/site-packages/airflow/example_dags/example_branch_datetime_operator.py
[2026-04-25T09:34:39.327+0000] {logging_mixin.py:188} INFO - [2026-04-25T09:34:39.327+0000] {dag.py:3096} INFO - Sync 3 DAGs
[2026-04-25T09:34:39.349+0000] {logging_mixin.py:188} INFO - [2026-04-25T09:34:39.349+0000] {dag.py:3954} INFO - Setting next_dagrun for example_branch_datetime_operator to 2026-04-24 00:00:00+00:00, run_after=2026-04-25 00:00:00+00:00
[2026-04-25T09:34:39.354+0000] {logging_mixin.py:188} INFO - [2026-04-25T09:34:39.354+0000] {dag.py:3954} INFO - Setting next_dagrun for example_branch_datetime_operator_2 to 2026-04-24 00:00:00+00:00, run_after=2026-04-25 00:00:00+00:00
[2026-04-25T09:34:39.356+0000] {logging_mixin.py:188} INFO - [2026-04-25T09:34:39.355+0000] {dag.py:3954} INFO - Setting next_dagrun for example_branch_datetime_operator_3 to 2026-04-24 00:00:00+00:00, run_after=2026-04-25 00:00:00+00:00
[2026-04-25T09:34:39.370+0000] {processor.py:183} INFO - Processing /usr/local/python/3.12.1/lib/python3.12/site-packages/airflow/example_dags/example_branch_datetime_operator.py took 0.074 seconds
[2026-04-25T09:35:37.142+0000] {processor.py:161} INFO - Started process (PID=24773) to work on /usr/local/python/3.12.1/lib/python3.12/site-packages/airflow/example_dags/example_branch_datetime_operator.py
[2026-04-25T09:35:37.143+0000] {processor.py:830} INFO - Processing file /usr/local/python/3.12.1/lib/python3.12/site-packages/airflow/example_dags/example_branch_datetime_operator.py for tasks to queue
[2026-04-25T09:35:37.143+0000] {logging_mixin.py:188} INFO - [2026-04-25T09:35:37.143+0000] {dagbag.py:540} INFO - Filling up the DagBag from /usr/local/python/3.12.1/lib/python3.12/site-packages/airflow/example_dags/example_branch_datetime_operator.py
[2026-04-25T09:35:37.153+0000] {processor.py:840} INFO - DAG(s) 'example_branch_datetime_operator_3', 'example_branch_datetime_operator', 'example_branch_datetime_operator_2' retrieved from /usr/local/python/3.12.1/lib/python3.12/site-packages/airflow/example_dags/example_branch_datetime_operator.py
[2026-04-25T09:35:37.169+0000] {logging_mixin.py:188} INFO - [2026-04-25T09:35:37.169+0000] {dag.py:3096} INFO - Sync 3 DAGs
[2026-04-25T09:35:37.186+0000] {logging_mixin.py:188} INFO - [2026-04-25T09:35:37.186+0000] {dag.py:3954} INFO - Setting next_dagrun for example_branch_datetime_operator to 2026-04-24 00:00:00+00:00, run_after=2026-04-25 00:00:00+00:00
[2026-04-25T09:35:37.191+0000] {logging_mixin.py:188} INFO - [2026-04-25T09:35:37.190+0000] {dag.py:3954} INFO - Setting next_dagrun for example_branch_datetime_operator_2 to 2026-04-24 00:00:00+00:00, run_after=2026-04-25 00:00:00+00:00
[2026-04-25T09:35:37.193+0000] {logging_mixin.py:188} INFO - [2026-04-25T09:35:37.193+0000] {dag.py:3954} INFO - Setting next_dagrun for example_branch_datetime_operator_3 to 2026-04-24 00:00:00+00:00, run_after=2026-04-25 00:00:00+00:00
[2026-04-25T09:35:37.209+0000] {processor.py:183} INFO - Processing /usr/local/python/3.12.1/lib/python3.12/site-packages/airflow/example_dags/example_branch_datetime_operator.py took 0.071 seconds
[2026-04-25T09:36:33.922+0000] {processor.py:161} INFO - Started process (PID=25208) to work on /usr/local/python/3.12.1/lib/python3.12/site-packages/airflow/example_dags/example_branch_datetime_operator.py
[2026-04-25T09:36:33.922+0000] {processor.py:830} INFO - Processing file /usr/local/python/3.12.1/lib/python3.12/site-packages/airflow/example_dags/example_branch_datetime_operator.py for tasks to queue
[2026-04-25T09:36:33.923+0000] {logging_mixin.py:188} INFO - [2026-04-25T09:36:33.923+0000] {dagbag.py:540} INFO - Filling up the DagBag from /usr/local/python/3.12.1/lib/python3.12/site-packages/airflow/example_dags/example_branch_datetime_operator.py
[2026-04-25T09:36:33.932+0000] {processor.py:840} INFO - DAG(s) 'example_branch_datetime_operator_2', 'example_branch_datetime_operator_3', 'example_branch_datetime_operator' retrieved from /usr/local/python/3.12.1/lib/python3.12/site-packages/airflow/example_dags/example_branch_datetime_operator.py
[2026-04-25T09:36:33.948+0000] {logging_mixin.py:188} INFO - [2026-04-25T09:36:33.948+0000] {dag.py:3096} INFO - Sync 3 DAGs
[2026-04-25T09:36:33.964+0000] {logging_mixin.py:188} INFO - [2026-04-25T09:36:33.964+0000] {dag.py:3954} INFO - Setting next_dagrun for example_branch_datetime_operator to 2026-04-24 00:00:00+00:00, run_after=2026-04-25 00:00:00+00:00
[2026-04-25T09:36:33.968+0000] {logging_mixin.py:188} INFO - [2026-04-25T09:36:33.968+0000] {dag.py:3954} INFO - Setting next_dagrun for example_branch_datetime_operator_2 to 2026-04-24 00:00:00+00:00, run_after=2026-04-25 00:00:00+00:00
[2026-04-25T09:36:33.970+0000] {logging_mixin.py:188} INFO - [2026-04-25T09:36:33.970+0000] {dag.py:3954} INFO - Setting next_dagrun for example_branch_datetime_operator_3 to 2026-04-24 00:00:00+00:00, run_after=2026-04-25 00:00:00+00:00
[2026-04-25T09:36:33.985+0000] {processor.py:183} INFO - Processing /usr/local/python/3.12.1/lib/python3.12/site-packages/airflow/example_dags/example_branch_datetime_operator.py took 0.067 seconds
[2026-04-25T09:37:36.678+0000] {processor.py:161} INFO - Started process (PID=25702) to work on /usr/local/python/3.12.1/lib/python3.12/site-packages/airflow/example_dags/example_branch_datetime_operator.py
[2026-04-25T09:37:36.679+0000] {processor.py:830} INFO - Processing file /usr/local/python/3.12.1/lib/python3.12/site-packages/airflow/example_dags/example_branch_datetime_operator.py for tasks to queue
[2026-04-25T09:37:36.679+0000] {logging_mixin.py:188} INFO - [2026-04-25T09:37:36.679+0000] {dagbag.py:540} INFO - Filling up the DagBag from /usr/local/python/3.12.1/lib/python3.12/site-packages/airflow/example_dags/example_branch_datetime_operator.py
[2026-04-25T09:37:36.689+0000] {processor.py:840} INFO - DAG(s) 'example_branch_datetime_operator_2', 'example_branch_datetime_operator', 'example_branch_datetime_operator_3' retrieved from /usr/local/python/3.12.1/lib/python3.12/site-packages/airflow/example_dags/example_branch_datetime_operator.py
[2026-04-25T09:37:36.705+0000] {logging_mixin.py:188} INFO - [2026-04-25T09:37:36.705+0000] {dag.py:3096} INFO - Sync 3 DAGs
[2026-04-25T09:37:36.722+0000] {logging_mixin.py:188} INFO - [2026-04-25T09:37:36.722+0000] {dag.py:3954} INFO - Setting next_dagrun for example_branch_datetime_operator to 2026-04-24 00:00:00+00:00, run_after=2026-04-25 00:00:00+00:00
[2026-04-25T09:37:36.726+0000] {logging_mixin.py:188} INFO - [2026-04-25T09:37:36.726+0000] {dag.py:3954} INFO - Setting next_dagrun for example_branch_datetime_operator_2 to 2026-04-24 00:00:00+00:00, run_after=2026-04-25 00:00:00+00:00
[2026-04-25T09:37:36.728+0000] {logging_mixin.py:188} INFO - [2026-04-25T09:37:36.728+0000] {dag.py:3954} INFO - Setting next_dagrun for example_branch_datetime_operator_3 to 2026-04-24 00:00:00+00:00, run_after=2026-04-25 00:00:00+00:00
[2026-04-25T09:37:36.743+0000] {processor.py:183} INFO - Processing /usr/local/python/3.12.1/lib/python3.12/site-packages/airflow/example_dags/example_branch_datetime_operator.py took 0.069 seconds
[2026-04-25T09:38:39.440+0000] {processor.py:161} INFO - Started process (PID=26182) to work on /usr/local/python/3.12.1/lib/python3.12/site-packages/airflow/example_dags/example_branch_datetime_operator.py
[2026-04-25T09:38:39.440+0000] {processor.py:830} INFO - Processing file /usr/local/python/3.12.1/lib/python3.12/site-packages/airflow/example_dags/example_branch_datetime_operator.py for tasks to queue
[2026-04-25T09:38:39.441+0000] {logging_mixin.py:188} INFO - [2026-04-25T09:38:39.441+0000] {dagbag.py:540} INFO - Filling up the DagBag from /usr/local/python/3.12.1/lib/python3.12/site-packages/airflow/example_dags/example_branch_datetime_operator.py
[2026-04-25T09:38:39.450+0000] {processor.py:840} INFO - DAG(s) 'example_branch_datetime_operator_3', 'example_branch_datetime_operator_2', 'example_branch_datetime_operator' retrieved from /usr/local/python/3.12.1/lib/python3.12/site-packages/airflow/example_dags/example_branch_datetime_operator.py
[2026-04-25T09:38:39.467+0000] {logging_mixin.py:188} INFO - [2026-04-25T09:38:39.466+0000] {dag.py:3096} INFO - Sync 3 DAGs
[2026-04-25T09:38:39.483+0000] {logging_mixin.py:188} INFO - [2026-04-25T09:38:39.483+0000] {dag.py:3954} INFO - Setting next_dagrun for example_branch_datetime_operator to 2026-04-24 00:00:00+00:00, run_after=2026-04-25 00:00:00+00:00
[2026-04-25T09:38:39.487+0000] {logging_mixin.py:188} INFO - [2026-04-25T09:38:39.486+0000] {dag.py:3954} INFO - Setting next_dagrun for example_branch_datetime_operator_2 to 2026-04-24 00:00:00+00:00, run_after=2026-04-25 00:00:00+00:00
[2026-04-25T09:38:39.488+0000] {logging_mixin.py:188} INFO - [2026-04-25T09:38:39.488+0000] {dag.py:3954} INFO - Setting next_dagrun for example_branch_datetime_operator_3 to 2026-04-24 00:00:00+00:00, run_after=2026-04-25 00:00:00+00:00
[2026-04-25T09:38:39.504+0000] {processor.py:183} INFO - Processing /usr/local/python/3.12.1/lib/python3.12/site-packages/airflow/example_dags/example_branch_datetime_operator.py took 0.068 seconds
[2026-04-25T09:39:37.856+0000] {processor.py:161} INFO - Started process (PID=26622) to work on /usr/local/python/3.12.1/lib/python3.12/site-packages/airflow/example_dags/example_branch_datetime_operator.py
[2026-04-25T09:39:37.857+0000] {processor.py:830} INFO - Processing file /usr/local/python/3.12.1/lib/python3.12/site-packages/airflow/example_dags/example_branch_datetime_operator.py for tasks to queue
[2026-04-25T09:39:37.858+0000] {logging_mixin.py:188} INFO - [2026-04-25T09:39:37.857+0000] {dagbag.py:540} INFO - Filling up the DagBag from /usr/local/python/3.12.1/lib/python3.12/site-packages/airflow/example_dags/example_branch_datetime_operator.py
[2026-04-25T09:39:37.867+0000] {processor.py:840} INFO - DAG(s) 'example_branch_datetime_operator', 'example_branch_datetime_operator_3', 'example_branch_datetime_operator_2' retrieved from /usr/local/python/3.12.1/lib/python3.12/site-packages/airflow/example_dags/example_branch_datetime_operator.py
[2026-04-25T09:39:37.884+0000] {logging_mixin.py:188} INFO - [2026-04-25T09:39:37.884+0000] {dag.py:3096} INFO - Sync 3 DAGs
[2026-04-25T09:39:37.900+0000] {logging_mixin.py:188} INFO - [2026-04-25T09:39:37.900+0000] {dag.py:3954} INFO - Setting next_dagrun for example_branch_datetime_operator to 2026-04-24 00:00:00+00:00, run_after=2026-04-25 00:00:00+00:00
[2026-04-25T09:39:37.904+0000] {logging_mixin.py:188} INFO - [2026-04-25T09:39:37.904+0000] {dag.py:3954} INFO - Setting next_dagrun for example_branch_datetime_operator_2 to 2026-04-24 00:00:00+00:00, run_after=2026-04-25 00:00:00+00:00
[2026-04-25T09:39:37.906+0000] {logging_mixin.py:188} INFO - [2026-04-25T09:39:37.906+0000] {dag.py:3954} INFO - Setting next_dagrun for example_branch_datetime_operator_3 to 2026-04-24 00:00:00+00:00, run_after=2026-04-25 00:00:00+00:00
[2026-04-25T09:39:37.921+0000] {processor.py:183} INFO - Processing /usr/local/python/3.12.1/lib/python3.12/site-packages/airflow/example_dags/example_branch_datetime_operator.py took 0.069 seconds
[2026-04-25T09:40:34.947+0000] {processor.py:161} INFO - Started process (PID=27071) to work on /usr/local/python/3.12.1/lib/python3.12/site-packages/airflow/example_dags/example_branch_datetime_operator.py
[2026-04-25T09:40:34.947+0000] {processor.py:830} INFO - Processing file /usr/local/python/3.12.1/lib/python3.12/site-packages/airflow/example_dags/example_branch_datetime_operator.py for tasks to queue
[2026-04-25T09:40:34.948+0000] {logging_mixin.py:188} INFO - [2026-04-25T09:40:34.948+0000] {dagbag.py:540} INFO - Filling up the DagBag from /usr/local/python/3.12.1/lib/python3.12/site-packages/airflow/example_dags/example_branch_datetime_operator.py
[2026-04-25T09:40:34.957+0000] {processor.py:840} INFO - DAG(s) 'example_branch_datetime_operator_3', 'example_branch_datetime_operator_2', 'example_branch_datetime_operator' retrieved from /usr/local/python/3.12.1/lib/python3.12/site-packages/airflow/example_dags/example_branch_datetime_operator.py
[2026-04-25T09:40:34.974+0000] {logging_mixin.py:188} INFO - [2026-04-25T09:40:34.973+0000] {dag.py:3096} INFO - Sync 3 DAGs
[2026-04-25T09:40:34.990+0000] {logging_mixin.py:188} INFO - [2026-04-25T09:40:34.990+0000] {dag.py:3954} INFO - Setting next_dagrun for example_branch_datetime_operator to 2026-04-24 00:00:00+00:00, run_after=2026-04-25 00:00:00+00:00
[2026-04-25T09:40:34.994+0000] {logging_mixin.py:188} INFO - [2026-04-25T09:40:34.993+0000] {dag.py:3954} INFO - Setting next_dagrun for example_branch_datetime_operator_2 to 2026-04-24 00:00:00+00:00, run_after=2026-04-25 00:00:00+00:00
[2026-04-25T09:40:34.995+0000] {logging_mixin.py:188} INFO - [2026-04-25T09:40:34.995+0000] {dag.py:3954} INFO - Setting next_dagrun for example_branch_datetime_operator_3 to 2026-04-24 00:00:00+00:00, run_after=2026-04-25 00:00:00+00:00
[2026-04-25T09:40:35.012+0000] {processor.py:183} INFO - Processing /usr/local/python/3.12.1/lib/python3.12/site-packages/airflow/example_dags/example_branch_datetime_operator.py took 0.070 seconds
[2026-04-25T09:41:34.357+0000] {processor.py:161} INFO - Started process (PID=27535) to work on /usr/local/python/3.12.1/lib/python3.12/site-packages/airflow/example_dags/example_branch_datetime_operator.py
[2026-04-25T09:41:34.358+0000] {processor.py:830} INFO - Processing file /usr/local/python/3.12.1/lib/python3.12/site-packages/airflow/example_dags/example_branch_datetime_operator.py for tasks to queue
[2026-04-25T09:41:34.359+0000] {logging_mixin.py:188} INFO - [2026-04-25T09:41:34.358+0000] {dagbag.py:540} INFO - Filling up the DagBag from /usr/local/python/3.12.1/lib/python3.12/site-packages/airflow/example_dags/example_branch_datetime_operator.py
[2026-04-25T09:41:34.368+0000] {processor.py:840} INFO - DAG(s) 'example_branch_datetime_operator_3', 'example_branch_datetime_operator_2', 'example_branch_datetime_operator' retrieved from /usr/local/python/3.12.1/lib/python3.12/site-packages/airflow/example_dags/example_branch_datetime_operator.py
[2026-04-25T09:41:34.384+0000] {logging_mixin.py:188} INFO - [2026-04-25T09:41:34.384+0000] {dag.py:3096} INFO - Sync 3 DAGs
[2026-04-25T09:41:34.401+0000] {logging_mixin.py:188} INFO - [2026-04-25T09:41:34.400+0000] {dag.py:3954} INFO - Setting next_dagrun for example_branch_datetime_operator to 2026-04-24 00:00:00+00:00, run_after=2026-04-25 00:00:00+00:00
[2026-04-25T09:41:34.404+0000] {logging_mixin.py:188} INFO - [2026-04-25T09:41:34.404+0000] {dag.py:3954} INFO - Setting next_dagrun for example_branch_datetime_operator_2 to 2026-04-24 00:00:00+00:00, run_after=2026-04-25 00:00:00+00:00
[2026-04-25T09:41:34.406+0000] {logging_mixin.py:188} INFO - [2026-04-25T09:41:34.406+0000] {dag.py:3954} INFO - Setting next_dagrun for example_branch_datetime_operator_3 to 2026-04-24 00:00:00+00:00, run_after=2026-04-25 00:00:00+00:00
[2026-04-25T09:41:34.421+0000] {processor.py:183} INFO - Processing /usr/local/python/3.12.1/lib/python3.12/site-packages/airflow/example_dags/example_branch_datetime_operator.py took 0.068 seconds
[2026-04-25T09:42:27.723+0000] {processor.py:161} INFO - Started process (PID=27946) to work on /usr/local/python/3.12.1/lib/python3.12/site-packages/airflow/example_dags/example_branch_datetime_operator.py
[2026-04-25T09:42:27.723+0000] {processor.py:830} INFO - Processing file /usr/local/python/3.12.1/lib/python3.12/site-packages/airflow/example_dags/example_branch_datetime_operator.py for tasks to queue
[2026-04-25T09:42:27.724+0000] {logging_mixin.py:188} INFO - [2026-04-25T09:42:27.724+0000] {dagbag.py:540} INFO - Filling up the DagBag from /usr/local/python/3.12.1/lib/python3.12/site-packages/airflow/example_dags/example_branch_datetime_operator.py
[2026-04-25T09:42:27.733+0000] {processor.py:840} INFO - DAG(s) 'example_branch_datetime_operator_2', 'example_branch_datetime_operator', 'example_branch_datetime_operator_3' retrieved from /usr/local/python/3.12.1/lib/python3.12/site-packages/airflow/example_dags/example_branch_datetime_operator.py
[2026-04-25T09:42:27.749+0000] {logging_mixin.py:188} INFO - [2026-04-25T09:42:27.749+0000] {dag.py:3096} INFO - Sync 3 DAGs
[2026-04-25T09:42:27.766+0000] {logging_mixin.py:188} INFO - [2026-04-25T09:42:27.766+0000] {dag.py:3954} INFO - Setting next_dagrun for example_branch_datetime_operator to 2026-04-24 00:00:00+00:00, run_after=2026-04-25 00:00:00+00:00
[2026-04-25T09:42:27.770+0000] {logging_mixin.py:188} INFO - [2026-04-25T09:42:27.770+0000] {dag.py:3954} INFO - Setting next_dagrun for example_branch_datetime_operator_2 to 2026-04-24 00:00:00+00:00, run_after=2026-04-25 00:00:00+00:00
[2026-04-25T09:42:27.772+0000] {logging_mixin.py:188} INFO - [2026-04-25T09:42:27.771+0000] {dag.py:3954} INFO - Setting next_dagrun for example_branch_datetime_operator_3 to 2026-04-24 00:00:00+00:00, run_after=2026-04-25 00:00:00+00:00
[2026-04-25T09:42:27.787+0000] {processor.py:183} INFO - Processing /usr/local/python/3.12.1/lib/python3.12/site-packages/airflow/example_dags/example_branch_datetime_operator.py took 0.069 seconds
[2026-04-25T09:43:33.582+0000] {processor.py:161} INFO - Started process (PID=28464) to work on /usr/local/python/3.12.1/lib/python3.12/site-packages/airflow/example_dags/example_branch_datetime_operator.py
[2026-04-25T09:43:33.583+0000] {processor.py:830} INFO - Processing file /usr/local/python/3.12.1/lib/python3.12/site-packages/airflow/example_dags/example_branch_datetime_operator.py for tasks to queue
[2026-04-25T09:43:33.583+0000] {logging_mixin.py:188} INFO - [2026-04-25T09:43:33.583+0000] {dagbag.py:540} INFO - Filling up the DagBag from /usr/local/python/3.12.1/lib/python3.12/site-packages/airflow/example_dags/example_branch_datetime_operator.py
[2026-04-25T09:43:33.593+0000] {processor.py:840} INFO - DAG(s) 'example_branch_datetime_operator', 'example_branch_datetime_operator_2', 'example_branch_datetime_operator_3' retrieved from /usr/local/python/3.12.1/lib/python3.12/site-packages/airflow/example_dags/example_branch_datetime_operator.py
[2026-04-25T09:43:33.609+0000] {logging_mixin.py:188} INFO - [2026-04-25T09:43:33.609+0000] {dag.py:3096} INFO - Sync 3 DAGs
[2026-04-25T09:43:33.626+0000] {logging_mixin.py:188} INFO - [2026-04-25T09:43:33.626+0000] {dag.py:3954} INFO - Setting next_dagrun for example_branch_datetime_operator to 2026-04-24 00:00:00+00:00, run_after=2026-04-25 00:00:00+00:00
[2026-04-25T09:43:33.630+0000] {logging_mixin.py:188} INFO - [2026-04-25T09:43:33.630+0000] {dag.py:3954} INFO - Setting next_dagrun for example_branch_datetime_operator_2 to 2026-04-24 00:00:00+00:00, run_after=2026-04-25 00:00:00+00:00
[2026-04-25T09:43:33.632+0000] {logging_mixin.py:188} INFO - [2026-04-25T09:43:33.632+0000] {dag.py:3954} INFO - Setting next_dagrun for example_branch_datetime_operator_3 to 2026-04-24 00:00:00+00:00, run_after=2026-04-25 00:00:00+00:00
[2026-04-25T09:43:33.647+0000] {processor.py:183} INFO - Processing /usr/local/python/3.12.1/lib/python3.12/site-packages/airflow/example_dags/example_branch_datetime_operator.py took 0.069 seconds
[2026-04-25T09:44:33.921+0000] {processor.py:161} INFO - Started process (PID=28927) to work on /usr/local/python/3.12.1/lib/python3.12/site-packages/airflow/example_dags/example_branch_datetime_operator.py
[2026-04-25T09:44:33.922+0000] {processor.py:830} INFO - Processing file /usr/local/python/3.12.1/lib/python3.12/site-packages/airflow/example_dags/example_branch_datetime_operator.py for tasks to queue
[2026-04-25T09:44:33.922+0000] {logging_mixin.py:188} INFO - [2026-04-25T09:44:33.922+0000] {dagbag.py:540} INFO - Filling up the DagBag from /usr/local/python/3.12.1/lib/python3.12/site-packages/airflow/example_dags/example_branch_datetime_operator.py
[2026-04-25T09:44:33.932+0000] {processor.py:840} INFO - DAG(s) 'example_branch_datetime_operator', 'example_branch_datetime_operator_3', 'example_branch_datetime_operator_2' retrieved from /usr/local/python/3.12.1/lib/python3.12/site-packages/airflow/example_dags/example_branch_datetime_operator.py
[2026-04-25T09:44:33.949+0000] {logging_mixin.py:188} INFO - [2026-04-25T09:44:33.949+0000] {dag.py:3096} INFO - Sync 3 DAGs
[2026-04-25T09:44:33.965+0000] {logging_mixin.py:188} INFO - [2026-04-25T09:44:33.965+0000] {dag.py:3954} INFO - Setting next_dagrun for example_branch_datetime_operator to 2026-04-24 00:00:00+00:00, run_after=2026-04-25 00:00:00+00:00
[2026-04-25T09:44:33.970+0000] {logging_mixin.py:188} INFO - [2026-04-25T09:44:33.969+0000] {dag.py:3954} INFO - Setting next_dagrun for example_branch_datetime_operator_2 to 2026-04-24 00:00:00+00:00, run_after=2026-04-25 00:00:00+00:00
[2026-04-25T09:44:33.971+0000] {logging_mixin.py:188} INFO - [2026-04-25T09:44:33.971+0000] {dag.py:3954} INFO - Setting next_dagrun for example_branch_datetime_operator_3 to 2026-04-24 00:00:00+00:00, run_after=2026-04-25 00:00:00+00:00
[2026-04-25T09:44:33.988+0000] {processor.py:183} INFO - Processing /usr/local/python/3.12.1/lib/python3.12/site-packages/airflow/example_dags/example_branch_datetime_operator.py took 0.071 seconds
[2026-04-25T09:45:31.181+0000] {processor.py:161} INFO - Started process (PID=29366) to work on /usr/local/python/3.12.1/lib/python3.12/site-packages/airflow/example_dags/example_branch_datetime_operator.py
[2026-04-25T09:45:31.182+0000] {processor.py:830} INFO - Processing file /usr/local/python/3.12.1/lib/python3.12/site-packages/airflow/example_dags/example_branch_datetime_operator.py for tasks to queue
[2026-04-25T09:45:31.183+0000] {logging_mixin.py:188} INFO - [2026-04-25T09:45:31.182+0000] {dagbag.py:540} INFO - Filling up the DagBag from /usr/local/python/3.12.1/lib/python3.12/site-packages/airflow/example_dags/example_branch_datetime_operator.py
[2026-04-25T09:45:31.192+0000] {processor.py:840} INFO - DAG(s) 'example_branch_datetime_operator_2', 'example_branch_datetime_operator_3', 'example_branch_datetime_operator' retrieved from /usr/local/python/3.12.1/lib/python3.12/site-packages/airflow/example_dags/example_branch_datetime_operator.py
[2026-04-25T09:45:31.208+0000] {logging_mixin.py:188} INFO - [2026-04-25T09:45:31.207+0000] {dag.py:3096} INFO - Sync 3 DAGs
[2026-04-25T09:45:31.224+0000] {logging_mixin.py:188} INFO - [2026-04-25T09:45:31.224+0000] {dag.py:3954} INFO - Setting next_dagrun for example_branch_datetime_operator to 2026-04-24 00:00:00+00:00, run_after=2026-04-25 00:00:00+00:00
[2026-04-25T09:45:31.228+0000] {logging_mixin.py:188} INFO - [2026-04-25T09:45:31.228+0000] {dag.py:3954} INFO - Setting next_dagrun for example_branch_datetime_operator_2 to 2026-04-24 00:00:00+00:00, run_after=2026-04-25 00:00:00+00:00
[2026-04-25T09:45:31.229+0000] {logging_mixin.py:188} INFO - [2026-04-25T09:45:31.229+0000] {dag.py:3954} INFO - Setting next_dagrun for example_branch_datetime_operator_3 to 2026-04-24 00:00:00+00:00, run_after=2026-04-25 00:00:00+00:00
[2026-04-25T09:45:31.244+0000] {processor.py:183} INFO - Processing /usr/local/python/3.12.1/lib/python3.12/site-packages/airflow/example_dags/example_branch_datetime_operator.py took 0.067 seconds
[2026-04-25T09:46:34.899+0000] {processor.py:161} INFO - Started process (PID=29844) to work on /usr/local/python/3.12.1/lib/python3.12/site-packages/airflow/example_dags/example_branch_datetime_operator.py
[2026-04-25T09:46:34.900+0000] {processor.py:830} INFO - Processing file /usr/local/python/3.12.1/lib/python3.12/site-packages/airflow/example_dags/example_branch_datetime_operator.py for tasks to queue
[2026-04-25T09:46:34.900+0000] {logging_mixin.py:188} INFO - [2026-04-25T09:46:34.900+0000] {dagbag.py:540} INFO - Filling up the DagBag from /usr/local/python/3.12.1/lib/python3.12/site-packages/airflow/example_dags/example_branch_datetime_operator.py
[2026-04-25T09:46:34.910+0000] {processor.py:840} INFO - DAG(s) 'example_branch_datetime_operator_2', 'example_branch_datetime_operator', 'example_branch_datetime_operator_3' retrieved from /usr/local/python/3.12.1/lib/python3.12/site-packages/airflow/example_dags/example_branch_datetime_operator.py
[2026-04-25T09:46:34.932+0000] {logging_mixin.py:188} INFO - [2026-04-25T09:46:34.931+0000] {dag.py:3096} INFO - Sync 3 DAGs
[2026-04-25T09:46:34.958+0000] {logging_mixin.py:188} INFO - [2026-04-25T09:46:34.958+0000] {dag.py:3954} INFO - Setting next_dagrun for example_branch_datetime_operator to 2026-04-24 00:00:00+00:00, run_after=2026-04-25 00:00:00+00:00
[2026-04-25T09:46:34.966+0000] {logging_mixin.py:188} INFO - [2026-04-25T09:46:34.966+0000] {dag.py:3954} INFO - Setting next_dagrun for example_branch_datetime_operator_2 to 2026-04-24 00:00:00+00:00, run_after=2026-04-25 00:00:00+00:00
[2026-04-25T09:46:34.970+0000] {logging_mixin.py:188} INFO - [2026-04-25T09:46:34.970+0000] {dag.py:3954} INFO - Setting next_dagrun for example_branch_datetime_operator_3 to 2026-04-24 00:00:00+00:00, run_after=2026-04-25 00:00:00+00:00
[2026-04-25T09:46:34.994+0000] {processor.py:183} INFO - Processing /usr/local/python/3.12.1/lib/python3.12/site-packages/airflow/example_dags/example_branch_datetime_operator.py took 0.100 seconds
