[2026-04-25T09:06:00.822+0000] {processor.py:161} INFO - Started process (PID=8303) to work on /usr/local/python/3.12.1/lib/python3.12/site-packages/airflow/example_dags/example_skip_dag.py
[2026-04-25T09:06:00.829+0000] {processor.py:830} INFO - Processing file /usr/local/python/3.12.1/lib/python3.12/site-packages/airflow/example_dags/example_skip_dag.py for tasks to queue
[2026-04-25T09:06:00.836+0000] {logging_mixin.py:188} INFO - [2026-04-25T09:06:00.835+0000] {dagbag.py:540} INFO - Filling up the DagBag from /usr/local/python/3.12.1/lib/python3.12/site-packages/airflow/example_dags/example_skip_dag.py
[2026-04-25T09:06:00.872+0000] {processor.py:840} INFO - DAG(s) 'example_skip_dag' retrieved from /usr/local/python/3.12.1/lib/python3.12/site-packages/airflow/example_dags/example_skip_dag.py
[2026-04-25T09:06:01.270+0000] {logging_mixin.py:188} INFO - [2026-04-25T09:06:01.269+0000] {override.py:1930} INFO - Created Permission View: can delete on DAG:example_skip_dag
[2026-04-25T09:06:01.290+0000] {logging_mixin.py:188} INFO - [2026-04-25T09:06:01.289+0000] {override.py:1930} INFO - Created Permission View: can edit on DAG:example_skip_dag
[2026-04-25T09:06:01.411+0000] {logging_mixin.py:188} INFO - [2026-04-25T09:06:01.411+0000] {override.py:1930} INFO - Created Permission View: can read on DAG:example_skip_dag
[2026-04-25T09:06:01.412+0000] {logging_mixin.py:188} INFO - [2026-04-25T09:06:01.412+0000] {dag.py:3096} INFO - Sync 1 DAGs
[2026-04-25T09:06:01.445+0000] {logging_mixin.py:188} INFO - [2026-04-25T09:06:01.445+0000] {dag.py:3118} INFO - Creating ORM DAG for example_skip_dag
[2026-04-25T09:06:01.469+0000] {logging_mixin.py:188} INFO - [2026-04-25T09:06:01.469+0000] {dag.py:3954} INFO - Setting next_dagrun for example_skip_dag to 2026-04-24 00:00:00+00:00, run_after=2026-04-25 00:00:00+00:00
[2026-04-25T09:06:01.547+0000] {processor.py:183} INFO - Processing /usr/local/python/3.12.1/lib/python3.12/site-packages/airflow/example_dags/example_skip_dag.py took 0.739 seconds
[2026-04-25T09:06:58.199+0000] {processor.py:161} INFO - Started process (PID=8954) to work on /usr/local/python/3.12.1/lib/python3.12/site-packages/airflow/example_dags/example_skip_dag.py
[2026-04-25T09:06:58.200+0000] {processor.py:830} INFO - Processing file /usr/local/python/3.12.1/lib/python3.12/site-packages/airflow/example_dags/example_skip_dag.py for tasks to queue
[2026-04-25T09:06:58.201+0000] {logging_mixin.py:188} INFO - [2026-04-25T09:06:58.200+0000] {dagbag.py:540} INFO - Filling up the DagBag from /usr/local/python/3.12.1/lib/python3.12/site-packages/airflow/example_dags/example_skip_dag.py
[2026-04-25T09:06:58.208+0000] {processor.py:840} INFO - DAG(s) 'example_skip_dag' retrieved from /usr/local/python/3.12.1/lib/python3.12/site-packages/airflow/example_dags/example_skip_dag.py
[2026-04-25T09:06:58.227+0000] {logging_mixin.py:188} INFO - [2026-04-25T09:06:58.227+0000] {dag.py:3096} INFO - Sync 1 DAGs
[2026-04-25T09:06:58.248+0000] {logging_mixin.py:188} INFO - [2026-04-25T09:06:58.248+0000] {dag.py:3954} INFO - Setting next_dagrun for example_skip_dag to 2026-04-24 00:00:00+00:00, run_after=2026-04-25 00:00:00+00:00
[2026-04-25T09:06:58.268+0000] {processor.py:183} INFO - Processing /usr/local/python/3.12.1/lib/python3.12/site-packages/airflow/example_dags/example_skip_dag.py took 0.075 seconds
[2026-04-25T09:07:48.602+0000] {processor.py:161} INFO - Started process (PID=9381) to work on /usr/local/python/3.12.1/lib/python3.12/site-packages/airflow/example_dags/example_skip_dag.py
[2026-04-25T09:07:48.603+0000] {processor.py:830} INFO - Processing file /usr/local/python/3.12.1/lib/python3.12/site-packages/airflow/example_dags/example_skip_dag.py for tasks to queue
[2026-04-25T09:07:48.604+0000] {logging_mixin.py:188} INFO - [2026-04-25T09:07:48.603+0000] {dagbag.py:540} INFO - Filling up the DagBag from /usr/local/python/3.12.1/lib/python3.12/site-packages/airflow/example_dags/example_skip_dag.py
[2026-04-25T09:07:48.609+0000] {processor.py:840} INFO - DAG(s) 'example_skip_dag' retrieved from /usr/local/python/3.12.1/lib/python3.12/site-packages/airflow/example_dags/example_skip_dag.py
[2026-04-25T09:07:48.622+0000] {logging_mixin.py:188} INFO - [2026-04-25T09:07:48.621+0000] {dag.py:3096} INFO - Sync 1 DAGs
[2026-04-25T09:07:48.638+0000] {logging_mixin.py:188} INFO - [2026-04-25T09:07:48.638+0000] {dag.py:3954} INFO - Setting next_dagrun for example_skip_dag to 2026-04-24 00:00:00+00:00, run_after=2026-04-25 00:00:00+00:00
[2026-04-25T09:07:48.654+0000] {processor.py:183} INFO - Processing /usr/local/python/3.12.1/lib/python3.12/site-packages/airflow/example_dags/example_skip_dag.py took 0.056 seconds
[2026-04-25T09:08:37.102+0000] {processor.py:161} INFO - Started process (PID=9888) to work on /usr/local/python/3.12.1/lib/python3.12/site-packages/airflow/example_dags/example_skip_dag.py
[2026-04-25T09:08:37.103+0000] {processor.py:830} INFO - Processing file /usr/local/python/3.12.1/lib/python3.12/site-packages/airflow/example_dags/example_skip_dag.py for tasks to queue
[2026-04-25T09:08:37.104+0000] {logging_mixin.py:188} INFO - [2026-04-25T09:08:37.103+0000] {dagbag.py:540} INFO - Filling up the DagBag from /usr/local/python/3.12.1/lib/python3.12/site-packages/airflow/example_dags/example_skip_dag.py
[2026-04-25T09:08:37.109+0000] {processor.py:840} INFO - DAG(s) 'example_skip_dag' retrieved from /usr/local/python/3.12.1/lib/python3.12/site-packages/airflow/example_dags/example_skip_dag.py
[2026-04-25T09:08:37.122+0000] {logging_mixin.py:188} INFO - [2026-04-25T09:08:37.121+0000] {dag.py:3096} INFO - Sync 1 DAGs
[2026-04-25T09:08:37.137+0000] {logging_mixin.py:188} INFO - [2026-04-25T09:08:37.136+0000] {dag.py:3954} INFO - Setting next_dagrun for example_skip_dag to 2026-04-24 00:00:00+00:00, run_after=2026-04-25 00:00:00+00:00
[2026-04-25T09:08:37.178+0000] {processor.py:183} INFO - Processing /usr/local/python/3.12.1/lib/python3.12/site-packages/airflow/example_dags/example_skip_dag.py took 0.080 seconds
[2026-04-25T09:09:18.224+0000] {processor.py:161} INFO - Started process (PID=10315) to work on /usr/local/python/3.12.1/lib/python3.12/site-packages/airflow/example_dags/example_skip_dag.py
[2026-04-25T09:09:18.225+0000] {processor.py:830} INFO - Processing file /usr/local/python/3.12.1/lib/python3.12/site-packages/airflow/example_dags/example_skip_dag.py for tasks to queue
[2026-04-25T09:09:18.225+0000] {logging_mixin.py:188} INFO - [2026-04-25T09:09:18.225+0000] {dagbag.py:540} INFO - Filling up the DagBag from /usr/local/python/3.12.1/lib/python3.12/site-packages/airflow/example_dags/example_skip_dag.py
[2026-04-25T09:09:18.231+0000] {processor.py:840} INFO - DAG(s) 'example_skip_dag' retrieved from /usr/local/python/3.12.1/lib/python3.12/site-packages/airflow/example_dags/example_skip_dag.py
[2026-04-25T09:09:18.254+0000] {logging_mixin.py:188} INFO - [2026-04-25T09:09:18.254+0000] {dag.py:3096} INFO - Sync 1 DAGs
[2026-04-25T09:09:18.290+0000] {logging_mixin.py:188} INFO - [2026-04-25T09:09:18.290+0000] {dag.py:3954} INFO - Setting next_dagrun for example_skip_dag to 2026-04-24 00:00:00+00:00, run_after=2026-04-25 00:00:00+00:00
[2026-04-25T09:09:18.350+0000] {processor.py:183} INFO - Processing /usr/local/python/3.12.1/lib/python3.12/site-packages/airflow/example_dags/example_skip_dag.py took 0.131 seconds
[2026-04-25T09:10:02.167+0000] {processor.py:161} INFO - Started process (PID=10956) to work on /usr/local/python/3.12.1/lib/python3.12/site-packages/airflow/example_dags/example_skip_dag.py
[2026-04-25T09:10:02.168+0000] {processor.py:830} INFO - Processing file /usr/local/python/3.12.1/lib/python3.12/site-packages/airflow/example_dags/example_skip_dag.py for tasks to queue
[2026-04-25T09:10:02.168+0000] {logging_mixin.py:188} INFO - [2026-04-25T09:10:02.168+0000] {dagbag.py:540} INFO - Filling up the DagBag from /usr/local/python/3.12.1/lib/python3.12/site-packages/airflow/example_dags/example_skip_dag.py
[2026-04-25T09:10:02.174+0000] {processor.py:840} INFO - DAG(s) 'example_skip_dag' retrieved from /usr/local/python/3.12.1/lib/python3.12/site-packages/airflow/example_dags/example_skip_dag.py
[2026-04-25T09:10:02.186+0000] {logging_mixin.py:188} INFO - [2026-04-25T09:10:02.186+0000] {dag.py:3096} INFO - Sync 1 DAGs
[2026-04-25T09:10:02.200+0000] {logging_mixin.py:188} INFO - [2026-04-25T09:10:02.200+0000] {dag.py:3954} INFO - Setting next_dagrun for example_skip_dag to 2026-04-24 00:00:00+00:00, run_after=2026-04-25 00:00:00+00:00
[2026-04-25T09:10:02.217+0000] {processor.py:183} INFO - Processing /usr/local/python/3.12.1/lib/python3.12/site-packages/airflow/example_dags/example_skip_dag.py took 0.054 seconds
[2026-04-25T09:10:40.726+0000] {processor.py:161} INFO - Started process (PID=11411) to work on /usr/local/python/3.12.1/lib/python3.12/site-packages/airflow/example_dags/example_skip_dag.py
[2026-04-25T09:10:40.727+0000] {processor.py:830} INFO - Processing file /usr/local/python/3.12.1/lib/python3.12/site-packages/airflow/example_dags/example_skip_dag.py for tasks to queue
[2026-04-25T09:10:40.728+0000] {logging_mixin.py:188} INFO - [2026-04-25T09:10:40.728+0000] {dagbag.py:540} INFO - Filling up the DagBag from /usr/local/python/3.12.1/lib/python3.12/site-packages/airflow/example_dags/example_skip_dag.py
[2026-04-25T09:10:40.735+0000] {processor.py:840} INFO - DAG(s) 'example_skip_dag' retrieved from /usr/local/python/3.12.1/lib/python3.12/site-packages/airflow/example_dags/example_skip_dag.py
[2026-04-25T09:10:40.759+0000] {logging_mixin.py:188} INFO - [2026-04-25T09:10:40.759+0000] {dag.py:3096} INFO - Sync 1 DAGs
[2026-04-25T09:10:40.784+0000] {logging_mixin.py:188} INFO - [2026-04-25T09:10:40.784+0000] {dag.py:3954} INFO - Setting next_dagrun for example_skip_dag to 2026-04-24 00:00:00+00:00, run_after=2026-04-25 00:00:00+00:00
[2026-04-25T09:10:40.800+0000] {processor.py:183} INFO - Processing /usr/local/python/3.12.1/lib/python3.12/site-packages/airflow/example_dags/example_skip_dag.py took 0.081 seconds
[2026-04-25T09:11:29.496+0000] {processor.py:161} INFO - Started process (PID=12349) to work on /usr/local/python/3.12.1/lib/python3.12/site-packages/airflow/example_dags/example_skip_dag.py
[2026-04-25T09:11:29.497+0000] {processor.py:830} INFO - Processing file /usr/local/python/3.12.1/lib/python3.12/site-packages/airflow/example_dags/example_skip_dag.py for tasks to queue
[2026-04-25T09:11:29.498+0000] {logging_mixin.py:188} INFO - [2026-04-25T09:11:29.497+0000] {dagbag.py:540} INFO - Filling up the DagBag from /usr/local/python/3.12.1/lib/python3.12/site-packages/airflow/example_dags/example_skip_dag.py
[2026-04-25T09:11:29.506+0000] {processor.py:840} INFO - DAG(s) 'example_skip_dag' retrieved from /usr/local/python/3.12.1/lib/python3.12/site-packages/airflow/example_dags/example_skip_dag.py
[2026-04-25T09:11:29.514+0000] {logging_mixin.py:188} INFO - [2026-04-25T09:11:29.514+0000] {dag.py:3096} INFO - Sync 1 DAGs
[2026-04-25T09:11:29.548+0000] {logging_mixin.py:188} INFO - [2026-04-25T09:11:29.548+0000] {dag.py:3954} INFO - Setting next_dagrun for example_skip_dag to 2026-04-24 00:00:00+00:00, run_after=2026-04-25 00:00:00+00:00
[2026-04-25T09:11:29.572+0000] {processor.py:183} INFO - Processing /usr/local/python/3.12.1/lib/python3.12/site-packages/airflow/example_dags/example_skip_dag.py took 0.083 seconds
[2026-04-25T09:11:46.535+0000] {processor.py:161} INFO - Started process (PID=12618) to work on /usr/local/python/3.12.1/lib/python3.12/site-packages/airflow/example_dags/example_skip_dag.py
[2026-04-25T09:11:46.536+0000] {processor.py:830} INFO - Processing file /usr/local/python/3.12.1/lib/python3.12/site-packages/airflow/example_dags/example_skip_dag.py for tasks to queue
[2026-04-25T09:11:46.537+0000] {logging_mixin.py:188} INFO - [2026-04-25T09:11:46.536+0000] {dagbag.py:540} INFO - Filling up the DagBag from /usr/local/python/3.12.1/lib/python3.12/site-packages/airflow/example_dags/example_skip_dag.py
[2026-04-25T09:11:46.542+0000] {processor.py:840} INFO - DAG(s) 'example_skip_dag' retrieved from /usr/local/python/3.12.1/lib/python3.12/site-packages/airflow/example_dags/example_skip_dag.py
[2026-04-25T09:11:46.655+0000] {logging_mixin.py:188} INFO - [2026-04-25T09:11:46.654+0000] {dag.py:3096} INFO - Sync 1 DAGs
[2026-04-25T09:11:46.677+0000] {logging_mixin.py:188} INFO - [2026-04-25T09:11:46.677+0000] {dag.py:3954} INFO - Setting next_dagrun for example_skip_dag to 2026-04-24 00:00:00+00:00, run_after=2026-04-25 00:00:00+00:00
[2026-04-25T09:11:46.791+0000] {processor.py:183} INFO - Processing /usr/local/python/3.12.1/lib/python3.12/site-packages/airflow/example_dags/example_skip_dag.py took 0.260 seconds
[2026-04-25T09:12:17.419+0000] {processor.py:161} INFO - Started process (PID=12903) to work on /usr/local/python/3.12.1/lib/python3.12/site-packages/airflow/example_dags/example_skip_dag.py
[2026-04-25T09:12:17.420+0000] {processor.py:830} INFO - Processing file /usr/local/python/3.12.1/lib/python3.12/site-packages/airflow/example_dags/example_skip_dag.py for tasks to queue
[2026-04-25T09:12:17.421+0000] {logging_mixin.py:188} INFO - [2026-04-25T09:12:17.420+0000] {dagbag.py:540} INFO - Filling up the DagBag from /usr/local/python/3.12.1/lib/python3.12/site-packages/airflow/example_dags/example_skip_dag.py
[2026-04-25T09:12:17.428+0000] {processor.py:840} INFO - DAG(s) 'example_skip_dag' retrieved from /usr/local/python/3.12.1/lib/python3.12/site-packages/airflow/example_dags/example_skip_dag.py
[2026-04-25T09:12:17.465+0000] {logging_mixin.py:188} INFO - [2026-04-25T09:12:17.465+0000] {dag.py:3096} INFO - Sync 1 DAGs
[2026-04-25T09:12:17.483+0000] {logging_mixin.py:188} INFO - [2026-04-25T09:12:17.483+0000] {dag.py:3954} INFO - Setting next_dagrun for example_skip_dag to 2026-04-24 00:00:00+00:00, run_after=2026-04-25 00:00:00+00:00
[2026-04-25T09:12:17.499+0000] {processor.py:183} INFO - Processing /usr/local/python/3.12.1/lib/python3.12/site-packages/airflow/example_dags/example_skip_dag.py took 0.084 seconds
[2026-04-25T09:12:36.758+0000] {processor.py:161} INFO - Started process (PID=13266) to work on /usr/local/python/3.12.1/lib/python3.12/site-packages/airflow/example_dags/example_skip_dag.py
[2026-04-25T09:12:36.759+0000] {processor.py:830} INFO - Processing file /usr/local/python/3.12.1/lib/python3.12/site-packages/airflow/example_dags/example_skip_dag.py for tasks to queue
[2026-04-25T09:12:36.760+0000] {logging_mixin.py:188} INFO - [2026-04-25T09:12:36.760+0000] {dagbag.py:540} INFO - Filling up the DagBag from /usr/local/python/3.12.1/lib/python3.12/site-packages/airflow/example_dags/example_skip_dag.py
[2026-04-25T09:12:36.765+0000] {processor.py:840} INFO - DAG(s) 'example_skip_dag' retrieved from /usr/local/python/3.12.1/lib/python3.12/site-packages/airflow/example_dags/example_skip_dag.py
[2026-04-25T09:12:36.778+0000] {logging_mixin.py:188} INFO - [2026-04-25T09:12:36.778+0000] {dag.py:3096} INFO - Sync 1 DAGs
[2026-04-25T09:12:36.792+0000] {logging_mixin.py:188} INFO - [2026-04-25T09:12:36.792+0000] {dag.py:3954} INFO - Setting next_dagrun for example_skip_dag to 2026-04-24 00:00:00+00:00, run_after=2026-04-25 00:00:00+00:00
[2026-04-25T09:12:36.809+0000] {processor.py:183} INFO - Processing /usr/local/python/3.12.1/lib/python3.12/site-packages/airflow/example_dags/example_skip_dag.py took 0.055 seconds
[2026-04-25T09:12:59.870+0000] {processor.py:161} INFO - Started process (PID=13509) to work on /usr/local/python/3.12.1/lib/python3.12/site-packages/airflow/example_dags/example_skip_dag.py
[2026-04-25T09:12:59.871+0000] {processor.py:830} INFO - Processing file /usr/local/python/3.12.1/lib/python3.12/site-packages/airflow/example_dags/example_skip_dag.py for tasks to queue
[2026-04-25T09:12:59.871+0000] {logging_mixin.py:188} INFO - [2026-04-25T09:12:59.871+0000] {dagbag.py:540} INFO - Filling up the DagBag from /usr/local/python/3.12.1/lib/python3.12/site-packages/airflow/example_dags/example_skip_dag.py
[2026-04-25T09:12:59.877+0000] {processor.py:840} INFO - DAG(s) 'example_skip_dag' retrieved from /usr/local/python/3.12.1/lib/python3.12/site-packages/airflow/example_dags/example_skip_dag.py
[2026-04-25T09:12:59.891+0000] {logging_mixin.py:188} INFO - [2026-04-25T09:12:59.891+0000] {dag.py:3096} INFO - Sync 1 DAGs
[2026-04-25T09:12:59.907+0000] {logging_mixin.py:188} INFO - [2026-04-25T09:12:59.906+0000] {dag.py:3954} INFO - Setting next_dagrun for example_skip_dag to 2026-04-24 00:00:00+00:00, run_after=2026-04-25 00:00:00+00:00
[2026-04-25T09:12:59.924+0000] {processor.py:183} INFO - Processing /usr/local/python/3.12.1/lib/python3.12/site-packages/airflow/example_dags/example_skip_dag.py took 0.058 seconds
[2026-04-25T09:14:02.104+0000] {processor.py:161} INFO - Started process (PID=14484) to work on /usr/local/python/3.12.1/lib/python3.12/site-packages/airflow/example_dags/example_skip_dag.py
[2026-04-25T09:14:02.105+0000] {processor.py:830} INFO - Processing file /usr/local/python/3.12.1/lib/python3.12/site-packages/airflow/example_dags/example_skip_dag.py for tasks to queue
[2026-04-25T09:14:02.106+0000] {logging_mixin.py:188} INFO - [2026-04-25T09:14:02.105+0000] {dagbag.py:540} INFO - Filling up the DagBag from /usr/local/python/3.12.1/lib/python3.12/site-packages/airflow/example_dags/example_skip_dag.py
[2026-04-25T09:14:02.110+0000] {processor.py:840} INFO - DAG(s) 'example_skip_dag' retrieved from /usr/local/python/3.12.1/lib/python3.12/site-packages/airflow/example_dags/example_skip_dag.py
[2026-04-25T09:14:02.124+0000] {logging_mixin.py:188} INFO - [2026-04-25T09:14:02.124+0000] {dag.py:3096} INFO - Sync 1 DAGs
[2026-04-25T09:14:02.139+0000] {logging_mixin.py:188} INFO - [2026-04-25T09:14:02.139+0000] {dag.py:3954} INFO - Setting next_dagrun for example_skip_dag to 2026-04-24 00:00:00+00:00, run_after=2026-04-25 00:00:00+00:00
[2026-04-25T09:14:02.155+0000] {processor.py:183} INFO - Processing /usr/local/python/3.12.1/lib/python3.12/site-packages/airflow/example_dags/example_skip_dag.py took 0.055 seconds
[2026-04-25T09:14:50.110+0000] {processor.py:161} INFO - Started process (PID=14853) to work on /usr/local/python/3.12.1/lib/python3.12/site-packages/airflow/example_dags/example_skip_dag.py
[2026-04-25T09:14:50.111+0000] {processor.py:830} INFO - Processing file /usr/local/python/3.12.1/lib/python3.12/site-packages/airflow/example_dags/example_skip_dag.py for tasks to queue
[2026-04-25T09:14:50.112+0000] {logging_mixin.py:188} INFO - [2026-04-25T09:14:50.111+0000] {dagbag.py:540} INFO - Filling up the DagBag from /usr/local/python/3.12.1/lib/python3.12/site-packages/airflow/example_dags/example_skip_dag.py
[2026-04-25T09:14:50.116+0000] {processor.py:840} INFO - DAG(s) 'example_skip_dag' retrieved from /usr/local/python/3.12.1/lib/python3.12/site-packages/airflow/example_dags/example_skip_dag.py
[2026-04-25T09:14:50.129+0000] {logging_mixin.py:188} INFO - [2026-04-25T09:14:50.129+0000] {dag.py:3096} INFO - Sync 1 DAGs
[2026-04-25T09:14:50.145+0000] {logging_mixin.py:188} INFO - [2026-04-25T09:14:50.145+0000] {dag.py:3954} INFO - Setting next_dagrun for example_skip_dag to 2026-04-24 00:00:00+00:00, run_after=2026-04-25 00:00:00+00:00
[2026-04-25T09:14:50.168+0000] {processor.py:183} INFO - Processing /usr/local/python/3.12.1/lib/python3.12/site-packages/airflow/example_dags/example_skip_dag.py took 0.062 seconds
[2026-04-25T09:15:40.891+0000] {processor.py:161} INFO - Started process (PID=15399) to work on /usr/local/python/3.12.1/lib/python3.12/site-packages/airflow/example_dags/example_skip_dag.py
[2026-04-25T09:15:40.892+0000] {processor.py:830} INFO - Processing file /usr/local/python/3.12.1/lib/python3.12/site-packages/airflow/example_dags/example_skip_dag.py for tasks to queue
[2026-04-25T09:15:40.893+0000] {logging_mixin.py:188} INFO - [2026-04-25T09:15:40.892+0000] {dagbag.py:540} INFO - Filling up the DagBag from /usr/local/python/3.12.1/lib/python3.12/site-packages/airflow/example_dags/example_skip_dag.py
[2026-04-25T09:15:40.898+0000] {processor.py:840} INFO - DAG(s) 'example_skip_dag' retrieved from /usr/local/python/3.12.1/lib/python3.12/site-packages/airflow/example_dags/example_skip_dag.py
[2026-04-25T09:15:40.910+0000] {logging_mixin.py:188} INFO - [2026-04-25T09:15:40.910+0000] {dag.py:3096} INFO - Sync 1 DAGs
[2026-04-25T09:15:40.926+0000] {logging_mixin.py:188} INFO - [2026-04-25T09:15:40.926+0000] {dag.py:3954} INFO - Setting next_dagrun for example_skip_dag to 2026-04-24 00:00:00+00:00, run_after=2026-04-25 00:00:00+00:00
[2026-04-25T09:15:40.944+0000] {processor.py:183} INFO - Processing /usr/local/python/3.12.1/lib/python3.12/site-packages/airflow/example_dags/example_skip_dag.py took 0.057 seconds
[2026-04-25T09:16:36.901+0000] {processor.py:161} INFO - Started process (PID=15896) to work on /usr/local/python/3.12.1/lib/python3.12/site-packages/airflow/example_dags/example_skip_dag.py
[2026-04-25T09:16:36.902+0000] {processor.py:830} INFO - Processing file /usr/local/python/3.12.1/lib/python3.12/site-packages/airflow/example_dags/example_skip_dag.py for tasks to queue
[2026-04-25T09:16:36.902+0000] {logging_mixin.py:188} INFO - [2026-04-25T09:16:36.902+0000] {dagbag.py:540} INFO - Filling up the DagBag from /usr/local/python/3.12.1/lib/python3.12/site-packages/airflow/example_dags/example_skip_dag.py
[2026-04-25T09:16:36.907+0000] {processor.py:840} INFO - DAG(s) 'example_skip_dag' retrieved from /usr/local/python/3.12.1/lib/python3.12/site-packages/airflow/example_dags/example_skip_dag.py
[2026-04-25T09:16:36.920+0000] {logging_mixin.py:188} INFO - [2026-04-25T09:16:36.919+0000] {dag.py:3096} INFO - Sync 1 DAGs
[2026-04-25T09:16:36.934+0000] {logging_mixin.py:188} INFO - [2026-04-25T09:16:36.934+0000] {dag.py:3954} INFO - Setting next_dagrun for example_skip_dag to 2026-04-24 00:00:00+00:00, run_after=2026-04-25 00:00:00+00:00
[2026-04-25T09:16:36.951+0000] {processor.py:183} INFO - Processing /usr/local/python/3.12.1/lib/python3.12/site-packages/airflow/example_dags/example_skip_dag.py took 0.054 seconds
[2026-04-25T09:17:19.871+0000] {processor.py:161} INFO - Started process (PID=16302) to work on /usr/local/python/3.12.1/lib/python3.12/site-packages/airflow/example_dags/example_skip_dag.py
[2026-04-25T09:17:19.872+0000] {processor.py:830} INFO - Processing file /usr/local/python/3.12.1/lib/python3.12/site-packages/airflow/example_dags/example_skip_dag.py for tasks to queue
[2026-04-25T09:17:19.873+0000] {logging_mixin.py:188} INFO - [2026-04-25T09:17:19.872+0000] {dagbag.py:540} INFO - Filling up the DagBag from /usr/local/python/3.12.1/lib/python3.12/site-packages/airflow/example_dags/example_skip_dag.py
[2026-04-25T09:17:19.878+0000] {processor.py:840} INFO - DAG(s) 'example_skip_dag' retrieved from /usr/local/python/3.12.1/lib/python3.12/site-packages/airflow/example_dags/example_skip_dag.py
[2026-04-25T09:17:19.884+0000] {logging_mixin.py:188} INFO - [2026-04-25T09:17:19.883+0000] {dag.py:3096} INFO - Sync 1 DAGs
[2026-04-25T09:17:19.899+0000] {logging_mixin.py:188} INFO - [2026-04-25T09:17:19.899+0000] {dag.py:3954} INFO - Setting next_dagrun for example_skip_dag to 2026-04-24 00:00:00+00:00, run_after=2026-04-25 00:00:00+00:00
[2026-04-25T09:17:19.920+0000] {processor.py:183} INFO - Processing /usr/local/python/3.12.1/lib/python3.12/site-packages/airflow/example_dags/example_skip_dag.py took 0.053 seconds
[2026-04-25T09:18:06.079+0000] {processor.py:161} INFO - Started process (PID=16649) to work on /usr/local/python/3.12.1/lib/python3.12/site-packages/airflow/example_dags/example_skip_dag.py
[2026-04-25T09:18:06.080+0000] {processor.py:830} INFO - Processing file /usr/local/python/3.12.1/lib/python3.12/site-packages/airflow/example_dags/example_skip_dag.py for tasks to queue
[2026-04-25T09:18:06.081+0000] {logging_mixin.py:188} INFO - [2026-04-25T09:18:06.081+0000] {dagbag.py:540} INFO - Filling up the DagBag from /usr/local/python/3.12.1/lib/python3.12/site-packages/airflow/example_dags/example_skip_dag.py
[2026-04-25T09:18:06.097+0000] {processor.py:840} INFO - DAG(s) 'example_skip_dag' retrieved from /usr/local/python/3.12.1/lib/python3.12/site-packages/airflow/example_dags/example_skip_dag.py
[2026-04-25T09:18:06.284+0000] {logging_mixin.py:188} INFO - [2026-04-25T09:18:06.284+0000] {dag.py:3096} INFO - Sync 1 DAGs
[2026-04-25T09:18:06.298+0000] {logging_mixin.py:188} INFO - [2026-04-25T09:18:06.298+0000] {dag.py:3954} INFO - Setting next_dagrun for example_skip_dag to 2026-04-24 00:00:00+00:00, run_after=2026-04-25 00:00:00+00:00
[2026-04-25T09:18:06.315+0000] {processor.py:183} INFO - Processing /usr/local/python/3.12.1/lib/python3.12/site-packages/airflow/example_dags/example_skip_dag.py took 0.244 seconds
[2026-04-25T09:18:49.881+0000] {processor.py:161} INFO - Started process (PID=17000) to work on /usr/local/python/3.12.1/lib/python3.12/site-packages/airflow/example_dags/example_skip_dag.py
[2026-04-25T09:18:49.882+0000] {processor.py:830} INFO - Processing file /usr/local/python/3.12.1/lib/python3.12/site-packages/airflow/example_dags/example_skip_dag.py for tasks to queue
[2026-04-25T09:18:49.883+0000] {logging_mixin.py:188} INFO - [2026-04-25T09:18:49.882+0000] {dagbag.py:540} INFO - Filling up the DagBag from /usr/local/python/3.12.1/lib/python3.12/site-packages/airflow/example_dags/example_skip_dag.py
[2026-04-25T09:18:49.890+0000] {processor.py:840} INFO - DAG(s) 'example_skip_dag' retrieved from /usr/local/python/3.12.1/lib/python3.12/site-packages/airflow/example_dags/example_skip_dag.py
[2026-04-25T09:18:49.931+0000] {logging_mixin.py:188} INFO - [2026-04-25T09:18:49.931+0000] {dag.py:3096} INFO - Sync 1 DAGs
[2026-04-25T09:18:49.964+0000] {logging_mixin.py:188} INFO - [2026-04-25T09:18:49.964+0000] {dag.py:3954} INFO - Setting next_dagrun for example_skip_dag to 2026-04-24 00:00:00+00:00, run_after=2026-04-25 00:00:00+00:00
[2026-04-25T09:18:49.981+0000] {processor.py:183} INFO - Processing /usr/local/python/3.12.1/lib/python3.12/site-packages/airflow/example_dags/example_skip_dag.py took 0.104 seconds
[2026-04-25T09:19:44.181+0000] {processor.py:161} INFO - Started process (PID=17418) to work on /usr/local/python/3.12.1/lib/python3.12/site-packages/airflow/example_dags/example_skip_dag.py
[2026-04-25T09:19:44.182+0000] {processor.py:830} INFO - Processing file /usr/local/python/3.12.1/lib/python3.12/site-packages/airflow/example_dags/example_skip_dag.py for tasks to queue
[2026-04-25T09:19:44.183+0000] {logging_mixin.py:188} INFO - [2026-04-25T09:19:44.182+0000] {dagbag.py:540} INFO - Filling up the DagBag from /usr/local/python/3.12.1/lib/python3.12/site-packages/airflow/example_dags/example_skip_dag.py
[2026-04-25T09:19:44.189+0000] {processor.py:840} INFO - DAG(s) 'example_skip_dag' retrieved from /usr/local/python/3.12.1/lib/python3.12/site-packages/airflow/example_dags/example_skip_dag.py
[2026-04-25T09:19:44.201+0000] {logging_mixin.py:188} INFO - [2026-04-25T09:19:44.201+0000] {dag.py:3096} INFO - Sync 1 DAGs
[2026-04-25T09:19:44.215+0000] {logging_mixin.py:188} INFO - [2026-04-25T09:19:44.215+0000] {dag.py:3954} INFO - Setting next_dagrun for example_skip_dag to 2026-04-24 00:00:00+00:00, run_after=2026-04-25 00:00:00+00:00
[2026-04-25T09:19:44.232+0000] {processor.py:183} INFO - Processing /usr/local/python/3.12.1/lib/python3.12/site-packages/airflow/example_dags/example_skip_dag.py took 0.055 seconds
[2026-04-25T09:20:40.596+0000] {processor.py:161} INFO - Started process (PID=17860) to work on /usr/local/python/3.12.1/lib/python3.12/site-packages/airflow/example_dags/example_skip_dag.py
[2026-04-25T09:20:40.599+0000] {processor.py:830} INFO - Processing file /usr/local/python/3.12.1/lib/python3.12/site-packages/airflow/example_dags/example_skip_dag.py for tasks to queue
[2026-04-25T09:20:40.600+0000] {logging_mixin.py:188} INFO - [2026-04-25T09:20:40.600+0000] {dagbag.py:540} INFO - Filling up the DagBag from /usr/local/python/3.12.1/lib/python3.12/site-packages/airflow/example_dags/example_skip_dag.py
[2026-04-25T09:20:40.611+0000] {processor.py:840} INFO - DAG(s) 'example_skip_dag' retrieved from /usr/local/python/3.12.1/lib/python3.12/site-packages/airflow/example_dags/example_skip_dag.py
[2026-04-25T09:20:40.630+0000] {logging_mixin.py:188} INFO - [2026-04-25T09:20:40.629+0000] {dag.py:3096} INFO - Sync 1 DAGs
[2026-04-25T09:20:40.652+0000] {logging_mixin.py:188} INFO - [2026-04-25T09:20:40.651+0000] {dag.py:3954} INFO - Setting next_dagrun for example_skip_dag to 2026-04-24 00:00:00+00:00, run_after=2026-04-25 00:00:00+00:00
[2026-04-25T09:20:40.672+0000] {processor.py:183} INFO - Processing /usr/local/python/3.12.1/lib/python3.12/site-packages/airflow/example_dags/example_skip_dag.py took 0.083 seconds
[2026-04-25T09:21:39.493+0000] {processor.py:161} INFO - Started process (PID=18295) to work on /usr/local/python/3.12.1/lib/python3.12/site-packages/airflow/example_dags/example_skip_dag.py
[2026-04-25T09:21:39.494+0000] {processor.py:830} INFO - Processing file /usr/local/python/3.12.1/lib/python3.12/site-packages/airflow/example_dags/example_skip_dag.py for tasks to queue
[2026-04-25T09:21:39.495+0000] {logging_mixin.py:188} INFO - [2026-04-25T09:21:39.495+0000] {dagbag.py:540} INFO - Filling up the DagBag from /usr/local/python/3.12.1/lib/python3.12/site-packages/airflow/example_dags/example_skip_dag.py
[2026-04-25T09:21:39.500+0000] {processor.py:840} INFO - DAG(s) 'example_skip_dag' retrieved from /usr/local/python/3.12.1/lib/python3.12/site-packages/airflow/example_dags/example_skip_dag.py
[2026-04-25T09:21:39.516+0000] {logging_mixin.py:188} INFO - [2026-04-25T09:21:39.516+0000] {dag.py:3096} INFO - Sync 1 DAGs
[2026-04-25T09:21:39.551+0000] {logging_mixin.py:188} INFO - [2026-04-25T09:21:39.550+0000] {dag.py:3954} INFO - Setting next_dagrun for example_skip_dag to 2026-04-24 00:00:00+00:00, run_after=2026-04-25 00:00:00+00:00
[2026-04-25T09:21:39.573+0000] {processor.py:183} INFO - Processing /usr/local/python/3.12.1/lib/python3.12/site-packages/airflow/example_dags/example_skip_dag.py took 0.083 seconds
[2026-04-25T09:22:35.228+0000] {processor.py:161} INFO - Started process (PID=18736) to work on /usr/local/python/3.12.1/lib/python3.12/site-packages/airflow/example_dags/example_skip_dag.py
[2026-04-25T09:22:35.229+0000] {processor.py:830} INFO - Processing file /usr/local/python/3.12.1/lib/python3.12/site-packages/airflow/example_dags/example_skip_dag.py for tasks to queue
[2026-04-25T09:22:35.229+0000] {logging_mixin.py:188} INFO - [2026-04-25T09:22:35.229+0000] {dagbag.py:540} INFO - Filling up the DagBag from /usr/local/python/3.12.1/lib/python3.12/site-packages/airflow/example_dags/example_skip_dag.py
[2026-04-25T09:22:35.234+0000] {processor.py:840} INFO - DAG(s) 'example_skip_dag' retrieved from /usr/local/python/3.12.1/lib/python3.12/site-packages/airflow/example_dags/example_skip_dag.py
[2026-04-25T09:22:35.246+0000] {logging_mixin.py:188} INFO - [2026-04-25T09:22:35.246+0000] {dag.py:3096} INFO - Sync 1 DAGs
[2026-04-25T09:22:35.260+0000] {logging_mixin.py:188} INFO - [2026-04-25T09:22:35.260+0000] {dag.py:3954} INFO - Setting next_dagrun for example_skip_dag to 2026-04-24 00:00:00+00:00, run_after=2026-04-25 00:00:00+00:00
[2026-04-25T09:22:35.279+0000] {processor.py:183} INFO - Processing /usr/local/python/3.12.1/lib/python3.12/site-packages/airflow/example_dags/example_skip_dag.py took 0.055 seconds
[2026-04-25T09:23:14.974+0000] {processor.py:161} INFO - Started process (PID=19055) to work on /usr/local/python/3.12.1/lib/python3.12/site-packages/airflow/example_dags/example_skip_dag.py
[2026-04-25T09:23:14.975+0000] {processor.py:830} INFO - Processing file /usr/local/python/3.12.1/lib/python3.12/site-packages/airflow/example_dags/example_skip_dag.py for tasks to queue
[2026-04-25T09:23:14.976+0000] {logging_mixin.py:188} INFO - [2026-04-25T09:23:14.975+0000] {dagbag.py:540} INFO - Filling up the DagBag from /usr/local/python/3.12.1/lib/python3.12/site-packages/airflow/example_dags/example_skip_dag.py
[2026-04-25T09:23:14.981+0000] {processor.py:840} INFO - DAG(s) 'example_skip_dag' retrieved from /usr/local/python/3.12.1/lib/python3.12/site-packages/airflow/example_dags/example_skip_dag.py
[2026-04-25T09:23:14.994+0000] {logging_mixin.py:188} INFO - [2026-04-25T09:23:14.993+0000] {dag.py:3096} INFO - Sync 1 DAGs
[2026-04-25T09:23:15.009+0000] {logging_mixin.py:188} INFO - [2026-04-25T09:23:15.009+0000] {dag.py:3954} INFO - Setting next_dagrun for example_skip_dag to 2026-04-24 00:00:00+00:00, run_after=2026-04-25 00:00:00+00:00
[2026-04-25T09:23:15.026+0000] {processor.py:183} INFO - Processing /usr/local/python/3.12.1/lib/python3.12/site-packages/airflow/example_dags/example_skip_dag.py took 0.056 seconds
[2026-04-25T09:24:12.148+0000] {processor.py:161} INFO - Started process (PID=19480) to work on /usr/local/python/3.12.1/lib/python3.12/site-packages/airflow/example_dags/example_skip_dag.py
[2026-04-25T09:24:12.149+0000] {processor.py:830} INFO - Processing file /usr/local/python/3.12.1/lib/python3.12/site-packages/airflow/example_dags/example_skip_dag.py for tasks to queue
[2026-04-25T09:24:12.149+0000] {logging_mixin.py:188} INFO - [2026-04-25T09:24:12.149+0000] {dagbag.py:540} INFO - Filling up the DagBag from /usr/local/python/3.12.1/lib/python3.12/site-packages/airflow/example_dags/example_skip_dag.py
[2026-04-25T09:24:12.154+0000] {processor.py:840} INFO - DAG(s) 'example_skip_dag' retrieved from /usr/local/python/3.12.1/lib/python3.12/site-packages/airflow/example_dags/example_skip_dag.py
[2026-04-25T09:24:12.167+0000] {logging_mixin.py:188} INFO - [2026-04-25T09:24:12.167+0000] {dag.py:3096} INFO - Sync 1 DAGs
[2026-04-25T09:24:12.182+0000] {logging_mixin.py:188} INFO - [2026-04-25T09:24:12.181+0000] {dag.py:3954} INFO - Setting next_dagrun for example_skip_dag to 2026-04-24 00:00:00+00:00, run_after=2026-04-25 00:00:00+00:00
[2026-04-25T09:24:12.199+0000] {processor.py:183} INFO - Processing /usr/local/python/3.12.1/lib/python3.12/site-packages/airflow/example_dags/example_skip_dag.py took 0.055 seconds
[2026-04-25T09:24:52.679+0000] {processor.py:161} INFO - Started process (PID=19802) to work on /usr/local/python/3.12.1/lib/python3.12/site-packages/airflow/example_dags/example_skip_dag.py
[2026-04-25T09:24:52.679+0000] {processor.py:830} INFO - Processing file /usr/local/python/3.12.1/lib/python3.12/site-packages/airflow/example_dags/example_skip_dag.py for tasks to queue
[2026-04-25T09:24:52.680+0000] {logging_mixin.py:188} INFO - [2026-04-25T09:24:52.680+0000] {dagbag.py:540} INFO - Filling up the DagBag from /usr/local/python/3.12.1/lib/python3.12/site-packages/airflow/example_dags/example_skip_dag.py
[2026-04-25T09:24:52.688+0000] {processor.py:840} INFO - DAG(s) 'example_skip_dag' retrieved from /usr/local/python/3.12.1/lib/python3.12/site-packages/airflow/example_dags/example_skip_dag.py
[2026-04-25T09:24:52.708+0000] {logging_mixin.py:188} INFO - [2026-04-25T09:24:52.707+0000] {dag.py:3096} INFO - Sync 1 DAGs
[2026-04-25T09:24:52.728+0000] {logging_mixin.py:188} INFO - [2026-04-25T09:24:52.728+0000] {dag.py:3954} INFO - Setting next_dagrun for example_skip_dag to 2026-04-24 00:00:00+00:00, run_after=2026-04-25 00:00:00+00:00
[2026-04-25T09:24:52.744+0000] {processor.py:183} INFO - Processing /usr/local/python/3.12.1/lib/python3.12/site-packages/airflow/example_dags/example_skip_dag.py took 0.070 seconds
[2026-04-25T09:25:33.022+0000] {processor.py:161} INFO - Started process (PID=20109) to work on /usr/local/python/3.12.1/lib/python3.12/site-packages/airflow/example_dags/example_skip_dag.py
[2026-04-25T09:25:33.023+0000] {processor.py:830} INFO - Processing file /usr/local/python/3.12.1/lib/python3.12/site-packages/airflow/example_dags/example_skip_dag.py for tasks to queue
[2026-04-25T09:25:33.023+0000] {logging_mixin.py:188} INFO - [2026-04-25T09:25:33.023+0000] {dagbag.py:540} INFO - Filling up the DagBag from /usr/local/python/3.12.1/lib/python3.12/site-packages/airflow/example_dags/example_skip_dag.py
[2026-04-25T09:25:33.029+0000] {processor.py:840} INFO - DAG(s) 'example_skip_dag' retrieved from /usr/local/python/3.12.1/lib/python3.12/site-packages/airflow/example_dags/example_skip_dag.py
[2026-04-25T09:25:33.041+0000] {logging_mixin.py:188} INFO - [2026-04-25T09:25:33.041+0000] {dag.py:3096} INFO - Sync 1 DAGs
[2026-04-25T09:25:33.055+0000] {logging_mixin.py:188} INFO - [2026-04-25T09:25:33.055+0000] {dag.py:3954} INFO - Setting next_dagrun for example_skip_dag to 2026-04-24 00:00:00+00:00, run_after=2026-04-25 00:00:00+00:00
[2026-04-25T09:25:33.072+0000] {processor.py:183} INFO - Processing /usr/local/python/3.12.1/lib/python3.12/site-packages/airflow/example_dags/example_skip_dag.py took 0.054 seconds
[2026-04-25T09:26:30.103+0000] {processor.py:161} INFO - Started process (PID=20556) to work on /usr/local/python/3.12.1/lib/python3.12/site-packages/airflow/example_dags/example_skip_dag.py
[2026-04-25T09:26:30.104+0000] {processor.py:830} INFO - Processing file /usr/local/python/3.12.1/lib/python3.12/site-packages/airflow/example_dags/example_skip_dag.py for tasks to queue
[2026-04-25T09:26:30.105+0000] {logging_mixin.py:188} INFO - [2026-04-25T09:26:30.104+0000] {dagbag.py:540} INFO - Filling up the DagBag from /usr/local/python/3.12.1/lib/python3.12/site-packages/airflow/example_dags/example_skip_dag.py
[2026-04-25T09:26:30.110+0000] {processor.py:840} INFO - DAG(s) 'example_skip_dag' retrieved from /usr/local/python/3.12.1/lib/python3.12/site-packages/airflow/example_dags/example_skip_dag.py
[2026-04-25T09:26:30.122+0000] {logging_mixin.py:188} INFO - [2026-04-25T09:26:30.122+0000] {dag.py:3096} INFO - Sync 1 DAGs
[2026-04-25T09:26:30.137+0000] {logging_mixin.py:188} INFO - [2026-04-25T09:26:30.136+0000] {dag.py:3954} INFO - Setting next_dagrun for example_skip_dag to 2026-04-24 00:00:00+00:00, run_after=2026-04-25 00:00:00+00:00
[2026-04-25T09:26:30.153+0000] {processor.py:183} INFO - Processing /usr/local/python/3.12.1/lib/python3.12/site-packages/airflow/example_dags/example_skip_dag.py took 0.054 seconds
[2026-04-25T09:27:11.214+0000] {processor.py:161} INFO - Started process (PID=20881) to work on /usr/local/python/3.12.1/lib/python3.12/site-packages/airflow/example_dags/example_skip_dag.py
[2026-04-25T09:27:11.215+0000] {processor.py:830} INFO - Processing file /usr/local/python/3.12.1/lib/python3.12/site-packages/airflow/example_dags/example_skip_dag.py for tasks to queue
[2026-04-25T09:27:11.216+0000] {logging_mixin.py:188} INFO - [2026-04-25T09:27:11.215+0000] {dagbag.py:540} INFO - Filling up the DagBag from /usr/local/python/3.12.1/lib/python3.12/site-packages/airflow/example_dags/example_skip_dag.py
[2026-04-25T09:27:11.221+0000] {processor.py:840} INFO - DAG(s) 'example_skip_dag' retrieved from /usr/local/python/3.12.1/lib/python3.12/site-packages/airflow/example_dags/example_skip_dag.py
[2026-04-25T09:27:11.233+0000] {logging_mixin.py:188} INFO - [2026-04-25T09:27:11.232+0000] {dag.py:3096} INFO - Sync 1 DAGs
[2026-04-25T09:27:11.247+0000] {logging_mixin.py:188} INFO - [2026-04-25T09:27:11.247+0000] {dag.py:3954} INFO - Setting next_dagrun for example_skip_dag to 2026-04-24 00:00:00+00:00, run_after=2026-04-25 00:00:00+00:00
[2026-04-25T09:27:11.264+0000] {processor.py:183} INFO - Processing /usr/local/python/3.12.1/lib/python3.12/site-packages/airflow/example_dags/example_skip_dag.py took 0.054 seconds
[2026-04-25T09:28:12.237+0000] {processor.py:161} INFO - Started process (PID=21344) to work on /usr/local/python/3.12.1/lib/python3.12/site-packages/airflow/example_dags/example_skip_dag.py
[2026-04-25T09:28:12.238+0000] {processor.py:830} INFO - Processing file /usr/local/python/3.12.1/lib/python3.12/site-packages/airflow/example_dags/example_skip_dag.py for tasks to queue
[2026-04-25T09:28:12.239+0000] {logging_mixin.py:188} INFO - [2026-04-25T09:28:12.238+0000] {dagbag.py:540} INFO - Filling up the DagBag from /usr/local/python/3.12.1/lib/python3.12/site-packages/airflow/example_dags/example_skip_dag.py
[2026-04-25T09:28:12.244+0000] {processor.py:840} INFO - DAG(s) 'example_skip_dag' retrieved from /usr/local/python/3.12.1/lib/python3.12/site-packages/airflow/example_dags/example_skip_dag.py
[2026-04-25T09:28:12.256+0000] {logging_mixin.py:188} INFO - [2026-04-25T09:28:12.256+0000] {dag.py:3096} INFO - Sync 1 DAGs
[2026-04-25T09:28:12.270+0000] {logging_mixin.py:188} INFO - [2026-04-25T09:28:12.270+0000] {dag.py:3954} INFO - Setting next_dagrun for example_skip_dag to 2026-04-24 00:00:00+00:00, run_after=2026-04-25 00:00:00+00:00
[2026-04-25T09:28:12.287+0000] {processor.py:183} INFO - Processing /usr/local/python/3.12.1/lib/python3.12/site-packages/airflow/example_dags/example_skip_dag.py took 0.054 seconds
[2026-04-25T09:28:53.988+0000] {processor.py:161} INFO - Started process (PID=21667) to work on /usr/local/python/3.12.1/lib/python3.12/site-packages/airflow/example_dags/example_skip_dag.py
[2026-04-25T09:28:53.989+0000] {processor.py:830} INFO - Processing file /usr/local/python/3.12.1/lib/python3.12/site-packages/airflow/example_dags/example_skip_dag.py for tasks to queue
[2026-04-25T09:28:53.989+0000] {logging_mixin.py:188} INFO - [2026-04-25T09:28:53.989+0000] {dagbag.py:540} INFO - Filling up the DagBag from /usr/local/python/3.12.1/lib/python3.12/site-packages/airflow/example_dags/example_skip_dag.py
[2026-04-25T09:28:53.995+0000] {processor.py:840} INFO - DAG(s) 'example_skip_dag' retrieved from /usr/local/python/3.12.1/lib/python3.12/site-packages/airflow/example_dags/example_skip_dag.py
[2026-04-25T09:28:54.007+0000] {logging_mixin.py:188} INFO - [2026-04-25T09:28:54.007+0000] {dag.py:3096} INFO - Sync 1 DAGs
[2026-04-25T09:28:54.027+0000] {logging_mixin.py:188} INFO - [2026-04-25T09:28:54.027+0000] {dag.py:3954} INFO - Setting next_dagrun for example_skip_dag to 2026-04-24 00:00:00+00:00, run_after=2026-04-25 00:00:00+00:00
[2026-04-25T09:28:54.074+0000] {processor.py:183} INFO - Processing /usr/local/python/3.12.1/lib/python3.12/site-packages/airflow/example_dags/example_skip_dag.py took 0.090 seconds
[2026-04-25T09:29:34.989+0000] {processor.py:161} INFO - Started process (PID=21982) to work on /usr/local/python/3.12.1/lib/python3.12/site-packages/airflow/example_dags/example_skip_dag.py
[2026-04-25T09:29:34.990+0000] {processor.py:830} INFO - Processing file /usr/local/python/3.12.1/lib/python3.12/site-packages/airflow/example_dags/example_skip_dag.py for tasks to queue
[2026-04-25T09:29:34.991+0000] {logging_mixin.py:188} INFO - [2026-04-25T09:29:34.990+0000] {dagbag.py:540} INFO - Filling up the DagBag from /usr/local/python/3.12.1/lib/python3.12/site-packages/airflow/example_dags/example_skip_dag.py
[2026-04-25T09:29:34.996+0000] {processor.py:840} INFO - DAG(s) 'example_skip_dag' retrieved from /usr/local/python/3.12.1/lib/python3.12/site-packages/airflow/example_dags/example_skip_dag.py
[2026-04-25T09:29:35.009+0000] {logging_mixin.py:188} INFO - [2026-04-25T09:29:35.009+0000] {dag.py:3096} INFO - Sync 1 DAGs
[2026-04-25T09:29:35.023+0000] {logging_mixin.py:188} INFO - [2026-04-25T09:29:35.023+0000] {dag.py:3954} INFO - Setting next_dagrun for example_skip_dag to 2026-04-24 00:00:00+00:00, run_after=2026-04-25 00:00:00+00:00
[2026-04-25T09:29:35.040+0000] {processor.py:183} INFO - Processing /usr/local/python/3.12.1/lib/python3.12/site-packages/airflow/example_dags/example_skip_dag.py took 0.054 seconds
[2026-04-25T09:30:32.959+0000] {processor.py:161} INFO - Started process (PID=22435) to work on /usr/local/python/3.12.1/lib/python3.12/site-packages/airflow/example_dags/example_skip_dag.py
[2026-04-25T09:30:32.960+0000] {processor.py:830} INFO - Processing file /usr/local/python/3.12.1/lib/python3.12/site-packages/airflow/example_dags/example_skip_dag.py for tasks to queue
[2026-04-25T09:30:32.960+0000] {logging_mixin.py:188} INFO - [2026-04-25T09:30:32.960+0000] {dagbag.py:540} INFO - Filling up the DagBag from /usr/local/python/3.12.1/lib/python3.12/site-packages/airflow/example_dags/example_skip_dag.py
[2026-04-25T09:30:32.965+0000] {processor.py:840} INFO - DAG(s) 'example_skip_dag' retrieved from /usr/local/python/3.12.1/lib/python3.12/site-packages/airflow/example_dags/example_skip_dag.py
[2026-04-25T09:30:32.977+0000] {logging_mixin.py:188} INFO - [2026-04-25T09:30:32.977+0000] {dag.py:3096} INFO - Sync 1 DAGs
[2026-04-25T09:30:32.991+0000] {logging_mixin.py:188} INFO - [2026-04-25T09:30:32.991+0000] {dag.py:3954} INFO - Setting next_dagrun for example_skip_dag to 2026-04-24 00:00:00+00:00, run_after=2026-04-25 00:00:00+00:00
[2026-04-25T09:30:33.007+0000] {processor.py:183} INFO - Processing /usr/local/python/3.12.1/lib/python3.12/site-packages/airflow/example_dags/example_skip_dag.py took 0.052 seconds
[2026-04-25T09:31:18.097+0000] {processor.py:161} INFO - Started process (PID=22773) to work on /usr/local/python/3.12.1/lib/python3.12/site-packages/airflow/example_dags/example_skip_dag.py
[2026-04-25T09:31:18.098+0000] {processor.py:830} INFO - Processing file /usr/local/python/3.12.1/lib/python3.12/site-packages/airflow/example_dags/example_skip_dag.py for tasks to queue
[2026-04-25T09:31:18.099+0000] {logging_mixin.py:188} INFO - [2026-04-25T09:31:18.098+0000] {dagbag.py:540} INFO - Filling up the DagBag from /usr/local/python/3.12.1/lib/python3.12/site-packages/airflow/example_dags/example_skip_dag.py
[2026-04-25T09:31:18.106+0000] {processor.py:840} INFO - DAG(s) 'example_skip_dag' retrieved from /usr/local/python/3.12.1/lib/python3.12/site-packages/airflow/example_dags/example_skip_dag.py
[2026-04-25T09:31:18.125+0000] {logging_mixin.py:188} INFO - [2026-04-25T09:31:18.125+0000] {dag.py:3096} INFO - Sync 1 DAGs
[2026-04-25T09:31:18.147+0000] {logging_mixin.py:188} INFO - [2026-04-25T09:31:18.147+0000] {dag.py:3954} INFO - Setting next_dagrun for example_skip_dag to 2026-04-24 00:00:00+00:00, run_after=2026-04-25 00:00:00+00:00
[2026-04-25T09:31:18.168+0000] {processor.py:183} INFO - Processing /usr/local/python/3.12.1/lib/python3.12/site-packages/airflow/example_dags/example_skip_dag.py took 0.078 seconds
[2026-04-25T09:31:59.700+0000] {processor.py:161} INFO - Started process (PID=23096) to work on /usr/local/python/3.12.1/lib/python3.12/site-packages/airflow/example_dags/example_skip_dag.py
[2026-04-25T09:31:59.701+0000] {processor.py:830} INFO - Processing file /usr/local/python/3.12.1/lib/python3.12/site-packages/airflow/example_dags/example_skip_dag.py for tasks to queue
[2026-04-25T09:31:59.702+0000] {logging_mixin.py:188} INFO - [2026-04-25T09:31:59.701+0000] {dagbag.py:540} INFO - Filling up the DagBag from /usr/local/python/3.12.1/lib/python3.12/site-packages/airflow/example_dags/example_skip_dag.py
[2026-04-25T09:31:59.708+0000] {processor.py:840} INFO - DAG(s) 'example_skip_dag' retrieved from /usr/local/python/3.12.1/lib/python3.12/site-packages/airflow/example_dags/example_skip_dag.py
[2026-04-25T09:31:59.725+0000] {logging_mixin.py:188} INFO - [2026-04-25T09:31:59.725+0000] {dag.py:3096} INFO - Sync 1 DAGs
[2026-04-25T09:31:59.749+0000] {logging_mixin.py:188} INFO - [2026-04-25T09:31:59.748+0000] {dag.py:3954} INFO - Setting next_dagrun for example_skip_dag to 2026-04-24 00:00:00+00:00, run_after=2026-04-25 00:00:00+00:00
[2026-04-25T09:31:59.925+0000] {processor.py:183} INFO - Processing /usr/local/python/3.12.1/lib/python3.12/site-packages/airflow/example_dags/example_skip_dag.py took 0.229 seconds
[2026-04-25T09:32:43.867+0000] {processor.py:161} INFO - Started process (PID=23440) to work on /usr/local/python/3.12.1/lib/python3.12/site-packages/airflow/example_dags/example_skip_dag.py
[2026-04-25T09:32:43.868+0000] {processor.py:830} INFO - Processing file /usr/local/python/3.12.1/lib/python3.12/site-packages/airflow/example_dags/example_skip_dag.py for tasks to queue
[2026-04-25T09:32:43.868+0000] {logging_mixin.py:188} INFO - [2026-04-25T09:32:43.868+0000] {dagbag.py:540} INFO - Filling up the DagBag from /usr/local/python/3.12.1/lib/python3.12/site-packages/airflow/example_dags/example_skip_dag.py
[2026-04-25T09:32:43.874+0000] {processor.py:840} INFO - DAG(s) 'example_skip_dag' retrieved from /usr/local/python/3.12.1/lib/python3.12/site-packages/airflow/example_dags/example_skip_dag.py
[2026-04-25T09:32:43.886+0000] {logging_mixin.py:188} INFO - [2026-04-25T09:32:43.886+0000] {dag.py:3096} INFO - Sync 1 DAGs
[2026-04-25T09:32:43.900+0000] {logging_mixin.py:188} INFO - [2026-04-25T09:32:43.900+0000] {dag.py:3954} INFO - Setting next_dagrun for example_skip_dag to 2026-04-24 00:00:00+00:00, run_after=2026-04-25 00:00:00+00:00
[2026-04-25T09:32:43.932+0000] {processor.py:183} INFO - Processing /usr/local/python/3.12.1/lib/python3.12/site-packages/airflow/example_dags/example_skip_dag.py took 0.069 seconds
[2026-04-25T09:33:28.565+0000] {processor.py:161} INFO - Started process (PID=23776) to work on /usr/local/python/3.12.1/lib/python3.12/site-packages/airflow/example_dags/example_skip_dag.py
[2026-04-25T09:33:28.566+0000] {processor.py:830} INFO - Processing file /usr/local/python/3.12.1/lib/python3.12/site-packages/airflow/example_dags/example_skip_dag.py for tasks to queue
[2026-04-25T09:33:28.566+0000] {logging_mixin.py:188} INFO - [2026-04-25T09:33:28.566+0000] {dagbag.py:540} INFO - Filling up the DagBag from /usr/local/python/3.12.1/lib/python3.12/site-packages/airflow/example_dags/example_skip_dag.py
[2026-04-25T09:33:28.572+0000] {processor.py:840} INFO - DAG(s) 'example_skip_dag' retrieved from /usr/local/python/3.12.1/lib/python3.12/site-packages/airflow/example_dags/example_skip_dag.py
[2026-04-25T09:33:28.729+0000] {logging_mixin.py:188} INFO - [2026-04-25T09:33:28.729+0000] {dag.py:3096} INFO - Sync 1 DAGs
[2026-04-25T09:33:28.742+0000] {logging_mixin.py:188} INFO - [2026-04-25T09:33:28.741+0000] {dag.py:3954} INFO - Setting next_dagrun for example_skip_dag to 2026-04-24 00:00:00+00:00, run_after=2026-04-25 00:00:00+00:00
[2026-04-25T09:33:28.757+0000] {processor.py:183} INFO - Processing /usr/local/python/3.12.1/lib/python3.12/site-packages/airflow/example_dags/example_skip_dag.py took 0.196 seconds
[2026-04-25T09:34:14.982+0000] {processor.py:161} INFO - Started process (PID=24138) to work on /usr/local/python/3.12.1/lib/python3.12/site-packages/airflow/example_dags/example_skip_dag.py
[2026-04-25T09:34:14.982+0000] {processor.py:830} INFO - Processing file /usr/local/python/3.12.1/lib/python3.12/site-packages/airflow/example_dags/example_skip_dag.py for tasks to queue
[2026-04-25T09:34:14.983+0000] {logging_mixin.py:188} INFO - [2026-04-25T09:34:14.983+0000] {dagbag.py:540} INFO - Filling up the DagBag from /usr/local/python/3.12.1/lib/python3.12/site-packages/airflow/example_dags/example_skip_dag.py
[2026-04-25T09:34:14.990+0000] {processor.py:840} INFO - DAG(s) 'example_skip_dag' retrieved from /usr/local/python/3.12.1/lib/python3.12/site-packages/airflow/example_dags/example_skip_dag.py
[2026-04-25T09:34:15.012+0000] {logging_mixin.py:188} INFO - [2026-04-25T09:34:15.011+0000] {dag.py:3096} INFO - Sync 1 DAGs
[2026-04-25T09:34:15.049+0000] {logging_mixin.py:188} INFO - [2026-04-25T09:34:15.048+0000] {dag.py:3954} INFO - Setting next_dagrun for example_skip_dag to 2026-04-24 00:00:00+00:00, run_after=2026-04-25 00:00:00+00:00
[2026-04-25T09:34:15.078+0000] {processor.py:183} INFO - Processing /usr/local/python/3.12.1/lib/python3.12/site-packages/airflow/example_dags/example_skip_dag.py took 0.101 seconds
[2026-04-25T09:35:10.087+0000] {processor.py:161} INFO - Started process (PID=24557) to work on /usr/local/python/3.12.1/lib/python3.12/site-packages/airflow/example_dags/example_skip_dag.py
[2026-04-25T09:35:10.088+0000] {processor.py:830} INFO - Processing file /usr/local/python/3.12.1/lib/python3.12/site-packages/airflow/example_dags/example_skip_dag.py for tasks to queue
[2026-04-25T09:35:10.089+0000] {logging_mixin.py:188} INFO - [2026-04-25T09:35:10.088+0000] {dagbag.py:540} INFO - Filling up the DagBag from /usr/local/python/3.12.1/lib/python3.12/site-packages/airflow/example_dags/example_skip_dag.py
[2026-04-25T09:35:10.095+0000] {processor.py:840} INFO - DAG(s) 'example_skip_dag' retrieved from /usr/local/python/3.12.1/lib/python3.12/site-packages/airflow/example_dags/example_skip_dag.py
[2026-04-25T09:35:10.107+0000] {logging_mixin.py:188} INFO - [2026-04-25T09:35:10.107+0000] {dag.py:3096} INFO - Sync 1 DAGs
[2026-04-25T09:35:10.122+0000] {logging_mixin.py:188} INFO - [2026-04-25T09:35:10.122+0000] {dag.py:3954} INFO - Setting next_dagrun for example_skip_dag to 2026-04-24 00:00:00+00:00, run_after=2026-04-25 00:00:00+00:00
[2026-04-25T09:35:10.138+0000] {processor.py:183} INFO - Processing /usr/local/python/3.12.1/lib/python3.12/site-packages/airflow/example_dags/example_skip_dag.py took 0.055 seconds
[2026-04-25T09:35:48.962+0000] {processor.py:161} INFO - Started process (PID=24862) to work on /usr/local/python/3.12.1/lib/python3.12/site-packages/airflow/example_dags/example_skip_dag.py
[2026-04-25T09:35:48.963+0000] {processor.py:830} INFO - Processing file /usr/local/python/3.12.1/lib/python3.12/site-packages/airflow/example_dags/example_skip_dag.py for tasks to queue
[2026-04-25T09:35:48.963+0000] {logging_mixin.py:188} INFO - [2026-04-25T09:35:48.963+0000] {dagbag.py:540} INFO - Filling up the DagBag from /usr/local/python/3.12.1/lib/python3.12/site-packages/airflow/example_dags/example_skip_dag.py
[2026-04-25T09:35:48.968+0000] {processor.py:840} INFO - DAG(s) 'example_skip_dag' retrieved from /usr/local/python/3.12.1/lib/python3.12/site-packages/airflow/example_dags/example_skip_dag.py
[2026-04-25T09:35:48.980+0000] {logging_mixin.py:188} INFO - [2026-04-25T09:35:48.980+0000] {dag.py:3096} INFO - Sync 1 DAGs
[2026-04-25T09:35:48.994+0000] {logging_mixin.py:188} INFO - [2026-04-25T09:35:48.994+0000] {dag.py:3954} INFO - Setting next_dagrun for example_skip_dag to 2026-04-24 00:00:00+00:00, run_after=2026-04-25 00:00:00+00:00
[2026-04-25T09:35:49.010+0000] {processor.py:183} INFO - Processing /usr/local/python/3.12.1/lib/python3.12/site-packages/airflow/example_dags/example_skip_dag.py took 0.053 seconds
[2026-04-25T09:36:48.653+0000] {processor.py:161} INFO - Started process (PID=25327) to work on /usr/local/python/3.12.1/lib/python3.12/site-packages/airflow/example_dags/example_skip_dag.py
[2026-04-25T09:36:48.654+0000] {processor.py:830} INFO - Processing file /usr/local/python/3.12.1/lib/python3.12/site-packages/airflow/example_dags/example_skip_dag.py for tasks to queue
[2026-04-25T09:36:48.655+0000] {logging_mixin.py:188} INFO - [2026-04-25T09:36:48.654+0000] {dagbag.py:540} INFO - Filling up the DagBag from /usr/local/python/3.12.1/lib/python3.12/site-packages/airflow/example_dags/example_skip_dag.py
[2026-04-25T09:36:48.660+0000] {processor.py:840} INFO - DAG(s) 'example_skip_dag' retrieved from /usr/local/python/3.12.1/lib/python3.12/site-packages/airflow/example_dags/example_skip_dag.py
[2026-04-25T09:36:48.672+0000] {logging_mixin.py:188} INFO - [2026-04-25T09:36:48.672+0000] {dag.py:3096} INFO - Sync 1 DAGs
[2026-04-25T09:36:48.690+0000] {logging_mixin.py:188} INFO - [2026-04-25T09:36:48.690+0000] {dag.py:3954} INFO - Setting next_dagrun for example_skip_dag to 2026-04-24 00:00:00+00:00, run_after=2026-04-25 00:00:00+00:00
[2026-04-25T09:36:48.709+0000] {processor.py:183} INFO - Processing /usr/local/python/3.12.1/lib/python3.12/site-packages/airflow/example_dags/example_skip_dag.py took 0.060 seconds
[2026-04-25T09:37:30.392+0000] {processor.py:161} INFO - Started process (PID=25647) to work on /usr/local/python/3.12.1/lib/python3.12/site-packages/airflow/example_dags/example_skip_dag.py
[2026-04-25T09:37:30.392+0000] {processor.py:830} INFO - Processing file /usr/local/python/3.12.1/lib/python3.12/site-packages/airflow/example_dags/example_skip_dag.py for tasks to queue
[2026-04-25T09:37:30.393+0000] {logging_mixin.py:188} INFO - [2026-04-25T09:37:30.393+0000] {dagbag.py:540} INFO - Filling up the DagBag from /usr/local/python/3.12.1/lib/python3.12/site-packages/airflow/example_dags/example_skip_dag.py
[2026-04-25T09:37:30.400+0000] {processor.py:840} INFO - DAG(s) 'example_skip_dag' retrieved from /usr/local/python/3.12.1/lib/python3.12/site-packages/airflow/example_dags/example_skip_dag.py
[2026-04-25T09:37:30.413+0000] {logging_mixin.py:188} INFO - [2026-04-25T09:37:30.413+0000] {dag.py:3096} INFO - Sync 1 DAGs
[2026-04-25T09:37:30.429+0000] {logging_mixin.py:188} INFO - [2026-04-25T09:37:30.428+0000] {dag.py:3954} INFO - Setting next_dagrun for example_skip_dag to 2026-04-24 00:00:00+00:00, run_after=2026-04-25 00:00:00+00:00
[2026-04-25T09:37:30.446+0000] {processor.py:183} INFO - Processing /usr/local/python/3.12.1/lib/python3.12/site-packages/airflow/example_dags/example_skip_dag.py took 0.059 seconds
[2026-04-25T09:38:11.581+0000] {processor.py:161} INFO - Started process (PID=25968) to work on /usr/local/python/3.12.1/lib/python3.12/site-packages/airflow/example_dags/example_skip_dag.py
[2026-04-25T09:38:11.582+0000] {processor.py:830} INFO - Processing file /usr/local/python/3.12.1/lib/python3.12/site-packages/airflow/example_dags/example_skip_dag.py for tasks to queue
[2026-04-25T09:38:11.583+0000] {logging_mixin.py:188} INFO - [2026-04-25T09:38:11.582+0000] {dagbag.py:540} INFO - Filling up the DagBag from /usr/local/python/3.12.1/lib/python3.12/site-packages/airflow/example_dags/example_skip_dag.py
[2026-04-25T09:38:11.590+0000] {processor.py:840} INFO - DAG(s) 'example_skip_dag' retrieved from /usr/local/python/3.12.1/lib/python3.12/site-packages/airflow/example_dags/example_skip_dag.py
[2026-04-25T09:38:11.604+0000] {logging_mixin.py:188} INFO - [2026-04-25T09:38:11.603+0000] {dag.py:3096} INFO - Sync 1 DAGs
[2026-04-25T09:38:11.619+0000] {logging_mixin.py:188} INFO - [2026-04-25T09:38:11.618+0000] {dag.py:3954} INFO - Setting next_dagrun for example_skip_dag to 2026-04-24 00:00:00+00:00, run_after=2026-04-25 00:00:00+00:00
[2026-04-25T09:38:11.635+0000] {processor.py:183} INFO - Processing /usr/local/python/3.12.1/lib/python3.12/site-packages/airflow/example_dags/example_skip_dag.py took 0.059 seconds
[2026-04-25T09:38:52.616+0000] {processor.py:161} INFO - Started process (PID=26280) to work on /usr/local/python/3.12.1/lib/python3.12/site-packages/airflow/example_dags/example_skip_dag.py
[2026-04-25T09:38:52.617+0000] {processor.py:830} INFO - Processing file /usr/local/python/3.12.1/lib/python3.12/site-packages/airflow/example_dags/example_skip_dag.py for tasks to queue
[2026-04-25T09:38:52.618+0000] {logging_mixin.py:188} INFO - [2026-04-25T09:38:52.618+0000] {dagbag.py:540} INFO - Filling up the DagBag from /usr/local/python/3.12.1/lib/python3.12/site-packages/airflow/example_dags/example_skip_dag.py
[2026-04-25T09:38:52.623+0000] {processor.py:840} INFO - DAG(s) 'example_skip_dag' retrieved from /usr/local/python/3.12.1/lib/python3.12/site-packages/airflow/example_dags/example_skip_dag.py
[2026-04-25T09:38:52.638+0000] {logging_mixin.py:188} INFO - [2026-04-25T09:38:52.638+0000] {dag.py:3096} INFO - Sync 1 DAGs
[2026-04-25T09:38:52.653+0000] {logging_mixin.py:188} INFO - [2026-04-25T09:38:52.653+0000] {dag.py:3954} INFO - Setting next_dagrun for example_skip_dag to 2026-04-24 00:00:00+00:00, run_after=2026-04-25 00:00:00+00:00
[2026-04-25T09:38:52.670+0000] {processor.py:183} INFO - Processing /usr/local/python/3.12.1/lib/python3.12/site-packages/airflow/example_dags/example_skip_dag.py took 0.058 seconds
[2026-04-25T09:39:32.119+0000] {processor.py:161} INFO - Started process (PID=26587) to work on /usr/local/python/3.12.1/lib/python3.12/site-packages/airflow/example_dags/example_skip_dag.py
[2026-04-25T09:39:32.120+0000] {processor.py:830} INFO - Processing file /usr/local/python/3.12.1/lib/python3.12/site-packages/airflow/example_dags/example_skip_dag.py for tasks to queue
[2026-04-25T09:39:32.120+0000] {logging_mixin.py:188} INFO - [2026-04-25T09:39:32.120+0000] {dagbag.py:540} INFO - Filling up the DagBag from /usr/local/python/3.12.1/lib/python3.12/site-packages/airflow/example_dags/example_skip_dag.py
[2026-04-25T09:39:32.126+0000] {processor.py:840} INFO - DAG(s) 'example_skip_dag' retrieved from /usr/local/python/3.12.1/lib/python3.12/site-packages/airflow/example_dags/example_skip_dag.py
[2026-04-25T09:39:32.139+0000] {logging_mixin.py:188} INFO - [2026-04-25T09:39:32.139+0000] {dag.py:3096} INFO - Sync 1 DAGs
[2026-04-25T09:39:32.154+0000] {logging_mixin.py:188} INFO - [2026-04-25T09:39:32.154+0000] {dag.py:3954} INFO - Setting next_dagrun for example_skip_dag to 2026-04-24 00:00:00+00:00, run_after=2026-04-25 00:00:00+00:00
[2026-04-25T09:39:32.170+0000] {processor.py:183} INFO - Processing /usr/local/python/3.12.1/lib/python3.12/site-packages/airflow/example_dags/example_skip_dag.py took 0.056 seconds
[2026-04-25T09:40:12.014+0000] {processor.py:161} INFO - Started process (PID=26898) to work on /usr/local/python/3.12.1/lib/python3.12/site-packages/airflow/example_dags/example_skip_dag.py
[2026-04-25T09:40:12.014+0000] {processor.py:830} INFO - Processing file /usr/local/python/3.12.1/lib/python3.12/site-packages/airflow/example_dags/example_skip_dag.py for tasks to queue
[2026-04-25T09:40:12.015+0000] {logging_mixin.py:188} INFO - [2026-04-25T09:40:12.015+0000] {dagbag.py:540} INFO - Filling up the DagBag from /usr/local/python/3.12.1/lib/python3.12/site-packages/airflow/example_dags/example_skip_dag.py
[2026-04-25T09:40:12.020+0000] {processor.py:840} INFO - DAG(s) 'example_skip_dag' retrieved from /usr/local/python/3.12.1/lib/python3.12/site-packages/airflow/example_dags/example_skip_dag.py
[2026-04-25T09:40:12.033+0000] {logging_mixin.py:188} INFO - [2026-04-25T09:40:12.033+0000] {dag.py:3096} INFO - Sync 1 DAGs
[2026-04-25T09:40:12.048+0000] {logging_mixin.py:188} INFO - [2026-04-25T09:40:12.048+0000] {dag.py:3954} INFO - Setting next_dagrun for example_skip_dag to 2026-04-24 00:00:00+00:00, run_after=2026-04-25 00:00:00+00:00
[2026-04-25T09:40:12.066+0000] {processor.py:183} INFO - Processing /usr/local/python/3.12.1/lib/python3.12/site-packages/airflow/example_dags/example_skip_dag.py took 0.056 seconds
[2026-04-25T09:41:08.947+0000] {processor.py:161} INFO - Started process (PID=27328) to work on /usr/local/python/3.12.1/lib/python3.12/site-packages/airflow/example_dags/example_skip_dag.py
[2026-04-25T09:41:08.948+0000] {processor.py:830} INFO - Processing file /usr/local/python/3.12.1/lib/python3.12/site-packages/airflow/example_dags/example_skip_dag.py for tasks to queue
[2026-04-25T09:41:08.949+0000] {logging_mixin.py:188} INFO - [2026-04-25T09:41:08.948+0000] {dagbag.py:540} INFO - Filling up the DagBag from /usr/local/python/3.12.1/lib/python3.12/site-packages/airflow/example_dags/example_skip_dag.py
[2026-04-25T09:41:08.954+0000] {processor.py:840} INFO - DAG(s) 'example_skip_dag' retrieved from /usr/local/python/3.12.1/lib/python3.12/site-packages/airflow/example_dags/example_skip_dag.py
[2026-04-25T09:41:08.966+0000] {logging_mixin.py:188} INFO - [2026-04-25T09:41:08.966+0000] {dag.py:3096} INFO - Sync 1 DAGs
[2026-04-25T09:41:08.980+0000] {logging_mixin.py:188} INFO - [2026-04-25T09:41:08.980+0000] {dag.py:3954} INFO - Setting next_dagrun for example_skip_dag to 2026-04-24 00:00:00+00:00, run_after=2026-04-25 00:00:00+00:00
[2026-04-25T09:41:08.997+0000] {processor.py:183} INFO - Processing /usr/local/python/3.12.1/lib/python3.12/site-packages/airflow/example_dags/example_skip_dag.py took 0.054 seconds
[2026-04-25T09:42:06.195+0000] {processor.py:161} INFO - Started process (PID=27776) to work on /usr/local/python/3.12.1/lib/python3.12/site-packages/airflow/example_dags/example_skip_dag.py
[2026-04-25T09:42:06.196+0000] {processor.py:830} INFO - Processing file /usr/local/python/3.12.1/lib/python3.12/site-packages/airflow/example_dags/example_skip_dag.py for tasks to queue
[2026-04-25T09:42:06.197+0000] {logging_mixin.py:188} INFO - [2026-04-25T09:42:06.196+0000] {dagbag.py:540} INFO - Filling up the DagBag from /usr/local/python/3.12.1/lib/python3.12/site-packages/airflow/example_dags/example_skip_dag.py
[2026-04-25T09:42:06.202+0000] {processor.py:840} INFO - DAG(s) 'example_skip_dag' retrieved from /usr/local/python/3.12.1/lib/python3.12/site-packages/airflow/example_dags/example_skip_dag.py
[2026-04-25T09:42:06.214+0000] {logging_mixin.py:188} INFO - [2026-04-25T09:42:06.214+0000] {dag.py:3096} INFO - Sync 1 DAGs
[2026-04-25T09:42:06.230+0000] {logging_mixin.py:188} INFO - [2026-04-25T09:42:06.230+0000] {dag.py:3954} INFO - Setting next_dagrun for example_skip_dag to 2026-04-24 00:00:00+00:00, run_after=2026-04-25 00:00:00+00:00
[2026-04-25T09:42:06.247+0000] {processor.py:183} INFO - Processing /usr/local/python/3.12.1/lib/python3.12/site-packages/airflow/example_dags/example_skip_dag.py took 0.056 seconds
[2026-04-25T09:43:03.321+0000] {processor.py:161} INFO - Started process (PID=28231) to work on /usr/local/python/3.12.1/lib/python3.12/site-packages/airflow/example_dags/example_skip_dag.py
[2026-04-25T09:43:03.322+0000] {processor.py:830} INFO - Processing file /usr/local/python/3.12.1/lib/python3.12/site-packages/airflow/example_dags/example_skip_dag.py for tasks to queue
[2026-04-25T09:43:03.322+0000] {logging_mixin.py:188} INFO - [2026-04-25T09:43:03.322+0000] {dagbag.py:540} INFO - Filling up the DagBag from /usr/local/python/3.12.1/lib/python3.12/site-packages/airflow/example_dags/example_skip_dag.py
[2026-04-25T09:43:03.328+0000] {processor.py:840} INFO - DAG(s) 'example_skip_dag' retrieved from /usr/local/python/3.12.1/lib/python3.12/site-packages/airflow/example_dags/example_skip_dag.py
[2026-04-25T09:43:03.340+0000] {logging_mixin.py:188} INFO - [2026-04-25T09:43:03.340+0000] {dag.py:3096} INFO - Sync 1 DAGs
[2026-04-25T09:43:03.355+0000] {logging_mixin.py:188} INFO - [2026-04-25T09:43:03.354+0000] {dag.py:3954} INFO - Setting next_dagrun for example_skip_dag to 2026-04-24 00:00:00+00:00, run_after=2026-04-25 00:00:00+00:00
[2026-04-25T09:43:03.371+0000] {processor.py:183} INFO - Processing /usr/local/python/3.12.1/lib/python3.12/site-packages/airflow/example_dags/example_skip_dag.py took 0.055 seconds
[2026-04-25T09:43:46.694+0000] {processor.py:161} INFO - Started process (PID=28560) to work on /usr/local/python/3.12.1/lib/python3.12/site-packages/airflow/example_dags/example_skip_dag.py
[2026-04-25T09:43:46.695+0000] {processor.py:830} INFO - Processing file /usr/local/python/3.12.1/lib/python3.12/site-packages/airflow/example_dags/example_skip_dag.py for tasks to queue
[2026-04-25T09:43:46.695+0000] {logging_mixin.py:188} INFO - [2026-04-25T09:43:46.695+0000] {dagbag.py:540} INFO - Filling up the DagBag from /usr/local/python/3.12.1/lib/python3.12/site-packages/airflow/example_dags/example_skip_dag.py
[2026-04-25T09:43:46.700+0000] {processor.py:840} INFO - DAG(s) 'example_skip_dag' retrieved from /usr/local/python/3.12.1/lib/python3.12/site-packages/airflow/example_dags/example_skip_dag.py
[2026-04-25T09:43:46.713+0000] {logging_mixin.py:188} INFO - [2026-04-25T09:43:46.712+0000] {dag.py:3096} INFO - Sync 1 DAGs
[2026-04-25T09:43:46.728+0000] {logging_mixin.py:188} INFO - [2026-04-25T09:43:46.728+0000] {dag.py:3954} INFO - Setting next_dagrun for example_skip_dag to 2026-04-24 00:00:00+00:00, run_after=2026-04-25 00:00:00+00:00
[2026-04-25T09:43:46.744+0000] {processor.py:183} INFO - Processing /usr/local/python/3.12.1/lib/python3.12/site-packages/airflow/example_dags/example_skip_dag.py took 0.054 seconds
[2026-04-25T09:44:27.652+0000] {processor.py:161} INFO - Started process (PID=28872) to work on /usr/local/python/3.12.1/lib/python3.12/site-packages/airflow/example_dags/example_skip_dag.py
[2026-04-25T09:44:27.653+0000] {processor.py:830} INFO - Processing file /usr/local/python/3.12.1/lib/python3.12/site-packages/airflow/example_dags/example_skip_dag.py for tasks to queue
[2026-04-25T09:44:27.654+0000] {logging_mixin.py:188} INFO - [2026-04-25T09:44:27.654+0000] {dagbag.py:540} INFO - Filling up the DagBag from /usr/local/python/3.12.1/lib/python3.12/site-packages/airflow/example_dags/example_skip_dag.py
[2026-04-25T09:44:27.659+0000] {processor.py:840} INFO - DAG(s) 'example_skip_dag' retrieved from /usr/local/python/3.12.1/lib/python3.12/site-packages/airflow/example_dags/example_skip_dag.py
[2026-04-25T09:44:27.672+0000] {logging_mixin.py:188} INFO - [2026-04-25T09:44:27.672+0000] {dag.py:3096} INFO - Sync 1 DAGs
[2026-04-25T09:44:27.688+0000] {logging_mixin.py:188} INFO - [2026-04-25T09:44:27.687+0000] {dag.py:3954} INFO - Setting next_dagrun for example_skip_dag to 2026-04-24 00:00:00+00:00, run_after=2026-04-25 00:00:00+00:00
[2026-04-25T09:44:27.705+0000] {processor.py:183} INFO - Processing /usr/local/python/3.12.1/lib/python3.12/site-packages/airflow/example_dags/example_skip_dag.py took 0.057 seconds
[2026-04-25T09:45:05.776+0000] {processor.py:161} INFO - Started process (PID=29172) to work on /usr/local/python/3.12.1/lib/python3.12/site-packages/airflow/example_dags/example_skip_dag.py
[2026-04-25T09:45:05.777+0000] {processor.py:830} INFO - Processing file /usr/local/python/3.12.1/lib/python3.12/site-packages/airflow/example_dags/example_skip_dag.py for tasks to queue
[2026-04-25T09:45:05.777+0000] {logging_mixin.py:188} INFO - [2026-04-25T09:45:05.777+0000] {dagbag.py:540} INFO - Filling up the DagBag from /usr/local/python/3.12.1/lib/python3.12/site-packages/airflow/example_dags/example_skip_dag.py
[2026-04-25T09:45:05.783+0000] {processor.py:840} INFO - DAG(s) 'example_skip_dag' retrieved from /usr/local/python/3.12.1/lib/python3.12/site-packages/airflow/example_dags/example_skip_dag.py
[2026-04-25T09:45:05.796+0000] {logging_mixin.py:188} INFO - [2026-04-25T09:45:05.796+0000] {dag.py:3096} INFO - Sync 1 DAGs
[2026-04-25T09:45:05.811+0000] {logging_mixin.py:188} INFO - [2026-04-25T09:45:05.811+0000] {dag.py:3954} INFO - Setting next_dagrun for example_skip_dag to 2026-04-24 00:00:00+00:00, run_after=2026-04-25 00:00:00+00:00
[2026-04-25T09:45:05.828+0000] {processor.py:183} INFO - Processing /usr/local/python/3.12.1/lib/python3.12/site-packages/airflow/example_dags/example_skip_dag.py took 0.056 seconds
[2026-04-25T09:45:47.452+0000] {processor.py:161} INFO - Started process (PID=29494) to work on /usr/local/python/3.12.1/lib/python3.12/site-packages/airflow/example_dags/example_skip_dag.py
[2026-04-25T09:45:47.452+0000] {processor.py:830} INFO - Processing file /usr/local/python/3.12.1/lib/python3.12/site-packages/airflow/example_dags/example_skip_dag.py for tasks to queue
[2026-04-25T09:45:47.453+0000] {logging_mixin.py:188} INFO - [2026-04-25T09:45:47.453+0000] {dagbag.py:540} INFO - Filling up the DagBag from /usr/local/python/3.12.1/lib/python3.12/site-packages/airflow/example_dags/example_skip_dag.py
[2026-04-25T09:45:47.458+0000] {processor.py:840} INFO - DAG(s) 'example_skip_dag' retrieved from /usr/local/python/3.12.1/lib/python3.12/site-packages/airflow/example_dags/example_skip_dag.py
[2026-04-25T09:45:47.470+0000] {logging_mixin.py:188} INFO - [2026-04-25T09:45:47.470+0000] {dag.py:3096} INFO - Sync 1 DAGs
[2026-04-25T09:45:47.485+0000] {logging_mixin.py:188} INFO - [2026-04-25T09:45:47.485+0000] {dag.py:3954} INFO - Setting next_dagrun for example_skip_dag to 2026-04-24 00:00:00+00:00, run_after=2026-04-25 00:00:00+00:00
[2026-04-25T09:45:47.502+0000] {processor.py:183} INFO - Processing /usr/local/python/3.12.1/lib/python3.12/site-packages/airflow/example_dags/example_skip_dag.py took 0.055 seconds
[2026-04-25T09:46:30.765+0000] {processor.py:161} INFO - Started process (PID=29824) to work on /usr/local/python/3.12.1/lib/python3.12/site-packages/airflow/example_dags/example_skip_dag.py
[2026-04-25T09:46:30.766+0000] {processor.py:830} INFO - Processing file /usr/local/python/3.12.1/lib/python3.12/site-packages/airflow/example_dags/example_skip_dag.py for tasks to queue
[2026-04-25T09:46:30.767+0000] {logging_mixin.py:188} INFO - [2026-04-25T09:46:30.766+0000] {dagbag.py:540} INFO - Filling up the DagBag from /usr/local/python/3.12.1/lib/python3.12/site-packages/airflow/example_dags/example_skip_dag.py
[2026-04-25T09:46:30.772+0000] {processor.py:840} INFO - DAG(s) 'example_skip_dag' retrieved from /usr/local/python/3.12.1/lib/python3.12/site-packages/airflow/example_dags/example_skip_dag.py
[2026-04-25T09:46:30.786+0000] {logging_mixin.py:188} INFO - [2026-04-25T09:46:30.786+0000] {dag.py:3096} INFO - Sync 1 DAGs
[2026-04-25T09:46:30.801+0000] {logging_mixin.py:188} INFO - [2026-04-25T09:46:30.801+0000] {dag.py:3954} INFO - Setting next_dagrun for example_skip_dag to 2026-04-24 00:00:00+00:00, run_after=2026-04-25 00:00:00+00:00
[2026-04-25T09:46:30.817+0000] {processor.py:183} INFO - Processing /usr/local/python/3.12.1/lib/python3.12/site-packages/airflow/example_dags/example_skip_dag.py took 0.056 seconds
