[2026-04-25T09:06:21.105+0000] {processor.py:161} INFO - Started process (PID=8590) to work on /usr/local/python/3.12.1/lib/python3.12/site-packages/airflow/example_dags/example_external_task_marker_dag.py
[2026-04-25T09:06:21.106+0000] {processor.py:830} INFO - Processing file /usr/local/python/3.12.1/lib/python3.12/site-packages/airflow/example_dags/example_external_task_marker_dag.py for tasks to queue
[2026-04-25T09:06:21.107+0000] {logging_mixin.py:188} INFO - [2026-04-25T09:06:21.106+0000] {dagbag.py:540} INFO - Filling up the DagBag from /usr/local/python/3.12.1/lib/python3.12/site-packages/airflow/example_dags/example_external_task_marker_dag.py
[2026-04-25T09:06:21.111+0000] {processor.py:840} INFO - DAG(s) 'example_external_task_marker_parent', 'example_external_task_marker_child' retrieved from /usr/local/python/3.12.1/lib/python3.12/site-packages/airflow/example_dags/example_external_task_marker_dag.py
[2026-04-25T09:06:21.198+0000] {logging_mixin.py:188} INFO - [2026-04-25T09:06:21.197+0000] {override.py:1930} INFO - Created Permission View: can delete on DAG:example_external_task_marker_parent
[2026-04-25T09:06:21.206+0000] {logging_mixin.py:188} INFO - [2026-04-25T09:06:21.206+0000] {override.py:1930} INFO - Created Permission View: can edit on DAG:example_external_task_marker_parent
[2026-04-25T09:06:21.213+0000] {logging_mixin.py:188} INFO - [2026-04-25T09:06:21.213+0000] {override.py:1930} INFO - Created Permission View: can read on DAG:example_external_task_marker_parent
[2026-04-25T09:06:21.231+0000] {logging_mixin.py:188} INFO - [2026-04-25T09:06:21.231+0000] {override.py:1930} INFO - Created Permission View: can delete on DAG:example_external_task_marker_child
[2026-04-25T09:06:21.239+0000] {logging_mixin.py:188} INFO - [2026-04-25T09:06:21.239+0000] {override.py:1930} INFO - Created Permission View: can edit on DAG:example_external_task_marker_child
[2026-04-25T09:06:21.264+0000] {logging_mixin.py:188} INFO - [2026-04-25T09:06:21.264+0000] {override.py:1930} INFO - Created Permission View: can read on DAG:example_external_task_marker_child
[2026-04-25T09:06:21.265+0000] {logging_mixin.py:188} INFO - [2026-04-25T09:06:21.265+0000] {dag.py:3096} INFO - Sync 2 DAGs
[2026-04-25T09:06:21.274+0000] {logging_mixin.py:188} INFO - [2026-04-25T09:06:21.274+0000] {dag.py:3118} INFO - Creating ORM DAG for example_external_task_marker_parent
[2026-04-25T09:06:21.275+0000] {logging_mixin.py:188} INFO - [2026-04-25T09:06:21.274+0000] {dag.py:3118} INFO - Creating ORM DAG for example_external_task_marker_child
[2026-04-25T09:06:21.275+0000] {logging_mixin.py:188} INFO - [2026-04-25T09:06:21.275+0000] {dag.py:3954} INFO - Setting next_dagrun for example_external_task_marker_child to None, run_after=None
[2026-04-25T09:06:21.276+0000] {logging_mixin.py:188} INFO - [2026-04-25T09:06:21.275+0000] {dag.py:3954} INFO - Setting next_dagrun for example_external_task_marker_parent to None, run_after=None
[2026-04-25T09:06:21.293+0000] {processor.py:183} INFO - Processing /usr/local/python/3.12.1/lib/python3.12/site-packages/airflow/example_dags/example_external_task_marker_dag.py took 0.194 seconds
[2026-04-25T09:07:14.804+0000] {processor.py:161} INFO - Started process (PID=9102) to work on /usr/local/python/3.12.1/lib/python3.12/site-packages/airflow/example_dags/example_external_task_marker_dag.py
[2026-04-25T09:07:14.805+0000] {processor.py:830} INFO - Processing file /usr/local/python/3.12.1/lib/python3.12/site-packages/airflow/example_dags/example_external_task_marker_dag.py for tasks to queue
[2026-04-25T09:07:14.805+0000] {logging_mixin.py:188} INFO - [2026-04-25T09:07:14.805+0000] {dagbag.py:540} INFO - Filling up the DagBag from /usr/local/python/3.12.1/lib/python3.12/site-packages/airflow/example_dags/example_external_task_marker_dag.py
[2026-04-25T09:07:14.810+0000] {processor.py:840} INFO - DAG(s) 'example_external_task_marker_child', 'example_external_task_marker_parent' retrieved from /usr/local/python/3.12.1/lib/python3.12/site-packages/airflow/example_dags/example_external_task_marker_dag.py
[2026-04-25T09:07:14.825+0000] {logging_mixin.py:188} INFO - [2026-04-25T09:07:14.825+0000] {dag.py:3096} INFO - Sync 2 DAGs
[2026-04-25T09:07:14.837+0000] {logging_mixin.py:188} INFO - [2026-04-25T09:07:14.837+0000] {dag.py:3954} INFO - Setting next_dagrun for example_external_task_marker_child to None, run_after=None
[2026-04-25T09:07:14.841+0000] {logging_mixin.py:188} INFO - [2026-04-25T09:07:14.841+0000] {dag.py:3954} INFO - Setting next_dagrun for example_external_task_marker_parent to None, run_after=None
[2026-04-25T09:07:14.859+0000] {processor.py:183} INFO - Processing /usr/local/python/3.12.1/lib/python3.12/site-packages/airflow/example_dags/example_external_task_marker_dag.py took 0.059 seconds
[2026-04-25T09:08:06.799+0000] {processor.py:161} INFO - Started process (PID=9615) to work on /usr/local/python/3.12.1/lib/python3.12/site-packages/airflow/example_dags/example_external_task_marker_dag.py
[2026-04-25T09:08:06.800+0000] {processor.py:830} INFO - Processing file /usr/local/python/3.12.1/lib/python3.12/site-packages/airflow/example_dags/example_external_task_marker_dag.py for tasks to queue
[2026-04-25T09:08:06.800+0000] {logging_mixin.py:188} INFO - [2026-04-25T09:08:06.800+0000] {dagbag.py:540} INFO - Filling up the DagBag from /usr/local/python/3.12.1/lib/python3.12/site-packages/airflow/example_dags/example_external_task_marker_dag.py
[2026-04-25T09:08:06.805+0000] {processor.py:840} INFO - DAG(s) 'example_external_task_marker_parent', 'example_external_task_marker_child' retrieved from /usr/local/python/3.12.1/lib/python3.12/site-packages/airflow/example_dags/example_external_task_marker_dag.py
[2026-04-25T09:08:06.827+0000] {logging_mixin.py:188} INFO - [2026-04-25T09:08:06.827+0000] {dag.py:3096} INFO - Sync 2 DAGs
[2026-04-25T09:08:06.842+0000] {logging_mixin.py:188} INFO - [2026-04-25T09:08:06.841+0000] {dag.py:3954} INFO - Setting next_dagrun for example_external_task_marker_child to None, run_after=None
[2026-04-25T09:08:06.846+0000] {logging_mixin.py:188} INFO - [2026-04-25T09:08:06.846+0000] {dag.py:3954} INFO - Setting next_dagrun for example_external_task_marker_parent to None, run_after=None
[2026-04-25T09:08:06.864+0000] {processor.py:183} INFO - Processing /usr/local/python/3.12.1/lib/python3.12/site-packages/airflow/example_dags/example_external_task_marker_dag.py took 0.069 seconds
[2026-04-25T09:09:09.465+0000] {processor.py:161} INFO - Started process (PID=10142) to work on /usr/local/python/3.12.1/lib/python3.12/site-packages/airflow/example_dags/example_external_task_marker_dag.py
[2026-04-25T09:09:09.466+0000] {processor.py:830} INFO - Processing file /usr/local/python/3.12.1/lib/python3.12/site-packages/airflow/example_dags/example_external_task_marker_dag.py for tasks to queue
[2026-04-25T09:09:09.467+0000] {logging_mixin.py:188} INFO - [2026-04-25T09:09:09.466+0000] {dagbag.py:540} INFO - Filling up the DagBag from /usr/local/python/3.12.1/lib/python3.12/site-packages/airflow/example_dags/example_external_task_marker_dag.py
[2026-04-25T09:09:09.471+0000] {processor.py:840} INFO - DAG(s) 'example_external_task_marker_parent', 'example_external_task_marker_child' retrieved from /usr/local/python/3.12.1/lib/python3.12/site-packages/airflow/example_dags/example_external_task_marker_dag.py
[2026-04-25T09:09:09.485+0000] {logging_mixin.py:188} INFO - [2026-04-25T09:09:09.485+0000] {dag.py:3096} INFO - Sync 2 DAGs
[2026-04-25T09:09:09.494+0000] {logging_mixin.py:188} INFO - [2026-04-25T09:09:09.494+0000] {dag.py:3954} INFO - Setting next_dagrun for example_external_task_marker_child to None, run_after=None
[2026-04-25T09:09:09.497+0000] {logging_mixin.py:188} INFO - [2026-04-25T09:09:09.497+0000] {dag.py:3954} INFO - Setting next_dagrun for example_external_task_marker_parent to None, run_after=None
[2026-04-25T09:09:09.512+0000] {processor.py:183} INFO - Processing /usr/local/python/3.12.1/lib/python3.12/site-packages/airflow/example_dags/example_external_task_marker_dag.py took 0.051 seconds
[2026-04-25T09:10:12.260+0000] {processor.py:161} INFO - Started process (PID=11036) to work on /usr/local/python/3.12.1/lib/python3.12/site-packages/airflow/example_dags/example_external_task_marker_dag.py
[2026-04-25T09:10:12.261+0000] {processor.py:830} INFO - Processing file /usr/local/python/3.12.1/lib/python3.12/site-packages/airflow/example_dags/example_external_task_marker_dag.py for tasks to queue
[2026-04-25T09:10:12.261+0000] {logging_mixin.py:188} INFO - [2026-04-25T09:10:12.261+0000] {dagbag.py:540} INFO - Filling up the DagBag from /usr/local/python/3.12.1/lib/python3.12/site-packages/airflow/example_dags/example_external_task_marker_dag.py
[2026-04-25T09:10:12.266+0000] {processor.py:840} INFO - DAG(s) 'example_external_task_marker_child', 'example_external_task_marker_parent' retrieved from /usr/local/python/3.12.1/lib/python3.12/site-packages/airflow/example_dags/example_external_task_marker_dag.py
[2026-04-25T09:10:12.280+0000] {logging_mixin.py:188} INFO - [2026-04-25T09:10:12.279+0000] {dag.py:3096} INFO - Sync 2 DAGs
[2026-04-25T09:10:12.288+0000] {logging_mixin.py:188} INFO - [2026-04-25T09:10:12.288+0000] {dag.py:3954} INFO - Setting next_dagrun for example_external_task_marker_child to None, run_after=None
[2026-04-25T09:10:12.291+0000] {logging_mixin.py:188} INFO - [2026-04-25T09:10:12.291+0000] {dag.py:3954} INFO - Setting next_dagrun for example_external_task_marker_parent to None, run_after=None
[2026-04-25T09:10:12.307+0000] {processor.py:183} INFO - Processing /usr/local/python/3.12.1/lib/python3.12/site-packages/airflow/example_dags/example_external_task_marker_dag.py took 0.051 seconds
[2026-04-25T09:11:09.789+0000] {processor.py:161} INFO - Started process (PID=11931) to work on /usr/local/python/3.12.1/lib/python3.12/site-packages/airflow/example_dags/example_external_task_marker_dag.py
[2026-04-25T09:11:09.789+0000] {processor.py:830} INFO - Processing file /usr/local/python/3.12.1/lib/python3.12/site-packages/airflow/example_dags/example_external_task_marker_dag.py for tasks to queue
[2026-04-25T09:11:09.790+0000] {logging_mixin.py:188} INFO - [2026-04-25T09:11:09.790+0000] {dagbag.py:540} INFO - Filling up the DagBag from /usr/local/python/3.12.1/lib/python3.12/site-packages/airflow/example_dags/example_external_task_marker_dag.py
[2026-04-25T09:11:09.797+0000] {processor.py:840} INFO - DAG(s) 'example_external_task_marker_child', 'example_external_task_marker_parent' retrieved from /usr/local/python/3.12.1/lib/python3.12/site-packages/airflow/example_dags/example_external_task_marker_dag.py
[2026-04-25T09:11:09.819+0000] {logging_mixin.py:188} INFO - [2026-04-25T09:11:09.819+0000] {dag.py:3096} INFO - Sync 2 DAGs
[2026-04-25T09:11:09.834+0000] {logging_mixin.py:188} INFO - [2026-04-25T09:11:09.833+0000] {dag.py:3954} INFO - Setting next_dagrun for example_external_task_marker_child to None, run_after=None
[2026-04-25T09:11:09.838+0000] {logging_mixin.py:188} INFO - [2026-04-25T09:11:09.838+0000] {dag.py:3954} INFO - Setting next_dagrun for example_external_task_marker_parent to None, run_after=None
[2026-04-25T09:11:09.861+0000] {processor.py:183} INFO - Processing /usr/local/python/3.12.1/lib/python3.12/site-packages/airflow/example_dags/example_external_task_marker_dag.py took 0.079 seconds
[2026-04-25T09:12:00.554+0000] {processor.py:161} INFO - Started process (PID=12770) to work on /usr/local/python/3.12.1/lib/python3.12/site-packages/airflow/example_dags/example_external_task_marker_dag.py
[2026-04-25T09:12:00.555+0000] {processor.py:830} INFO - Processing file /usr/local/python/3.12.1/lib/python3.12/site-packages/airflow/example_dags/example_external_task_marker_dag.py for tasks to queue
[2026-04-25T09:12:00.556+0000] {logging_mixin.py:188} INFO - [2026-04-25T09:12:00.555+0000] {dagbag.py:540} INFO - Filling up the DagBag from /usr/local/python/3.12.1/lib/python3.12/site-packages/airflow/example_dags/example_external_task_marker_dag.py
[2026-04-25T09:12:00.560+0000] {processor.py:840} INFO - DAG(s) 'example_external_task_marker_child', 'example_external_task_marker_parent' retrieved from /usr/local/python/3.12.1/lib/python3.12/site-packages/airflow/example_dags/example_external_task_marker_dag.py
[2026-04-25T09:12:00.646+0000] {logging_mixin.py:188} INFO - [2026-04-25T09:12:00.646+0000] {dag.py:3096} INFO - Sync 2 DAGs
[2026-04-25T09:12:00.655+0000] {logging_mixin.py:188} INFO - [2026-04-25T09:12:00.654+0000] {dag.py:3954} INFO - Setting next_dagrun for example_external_task_marker_child to None, run_after=None
[2026-04-25T09:12:00.657+0000] {logging_mixin.py:188} INFO - [2026-04-25T09:12:00.657+0000] {dag.py:3954} INFO - Setting next_dagrun for example_external_task_marker_parent to None, run_after=None
[2026-04-25T09:12:00.674+0000] {processor.py:183} INFO - Processing /usr/local/python/3.12.1/lib/python3.12/site-packages/airflow/example_dags/example_external_task_marker_dag.py took 0.124 seconds
[2026-04-25T09:12:04.193+0000] {processor.py:161} INFO - Started process (PID=12786) to work on /usr/local/python/3.12.1/lib/python3.12/site-packages/airflow/example_dags/example_external_task_marker_dag.py
[2026-04-25T09:12:04.196+0000] {processor.py:830} INFO - Processing file /usr/local/python/3.12.1/lib/python3.12/site-packages/airflow/example_dags/example_external_task_marker_dag.py for tasks to queue
[2026-04-25T09:12:04.197+0000] {logging_mixin.py:188} INFO - [2026-04-25T09:12:04.196+0000] {dagbag.py:540} INFO - Filling up the DagBag from /usr/local/python/3.12.1/lib/python3.12/site-packages/airflow/example_dags/example_external_task_marker_dag.py
[2026-04-25T09:12:04.209+0000] {processor.py:840} INFO - DAG(s) 'example_external_task_marker_parent', 'example_external_task_marker_child' retrieved from /usr/local/python/3.12.1/lib/python3.12/site-packages/airflow/example_dags/example_external_task_marker_dag.py
[2026-04-25T09:12:04.223+0000] {logging_mixin.py:188} INFO - [2026-04-25T09:12:04.223+0000] {dag.py:3096} INFO - Sync 2 DAGs
[2026-04-25T09:12:04.239+0000] {logging_mixin.py:188} INFO - [2026-04-25T09:12:04.239+0000] {dag.py:3954} INFO - Setting next_dagrun for example_external_task_marker_child to None, run_after=None
[2026-04-25T09:12:04.243+0000] {logging_mixin.py:188} INFO - [2026-04-25T09:12:04.243+0000] {dag.py:3954} INFO - Setting next_dagrun for example_external_task_marker_parent to None, run_after=None
[2026-04-25T09:12:04.259+0000] {processor.py:183} INFO - Processing /usr/local/python/3.12.1/lib/python3.12/site-packages/airflow/example_dags/example_external_task_marker_dag.py took 0.081 seconds
[2026-04-25T09:12:54.454+0000] {processor.py:161} INFO - Started process (PID=13440) to work on /usr/local/python/3.12.1/lib/python3.12/site-packages/airflow/example_dags/example_external_task_marker_dag.py
[2026-04-25T09:12:54.454+0000] {processor.py:830} INFO - Processing file /usr/local/python/3.12.1/lib/python3.12/site-packages/airflow/example_dags/example_external_task_marker_dag.py for tasks to queue
[2026-04-25T09:12:54.455+0000] {logging_mixin.py:188} INFO - [2026-04-25T09:12:54.455+0000] {dagbag.py:540} INFO - Filling up the DagBag from /usr/local/python/3.12.1/lib/python3.12/site-packages/airflow/example_dags/example_external_task_marker_dag.py
[2026-04-25T09:12:54.459+0000] {processor.py:840} INFO - DAG(s) 'example_external_task_marker_child', 'example_external_task_marker_parent' retrieved from /usr/local/python/3.12.1/lib/python3.12/site-packages/airflow/example_dags/example_external_task_marker_dag.py
[2026-04-25T09:12:54.475+0000] {logging_mixin.py:188} INFO - [2026-04-25T09:12:54.474+0000] {dag.py:3096} INFO - Sync 2 DAGs
[2026-04-25T09:12:54.484+0000] {logging_mixin.py:188} INFO - [2026-04-25T09:12:54.484+0000] {dag.py:3954} INFO - Setting next_dagrun for example_external_task_marker_child to None, run_after=None
[2026-04-25T09:12:54.487+0000] {logging_mixin.py:188} INFO - [2026-04-25T09:12:54.487+0000] {dag.py:3954} INFO - Setting next_dagrun for example_external_task_marker_parent to None, run_after=None
[2026-04-25T09:12:54.502+0000] {processor.py:183} INFO - Processing /usr/local/python/3.12.1/lib/python3.12/site-packages/airflow/example_dags/example_external_task_marker_dag.py took 0.053 seconds
[2026-04-25T09:13:05.011+0000] {processor.py:161} INFO - Started process (PID=13547) to work on /usr/local/python/3.12.1/lib/python3.12/site-packages/airflow/example_dags/example_external_task_marker_dag.py
[2026-04-25T09:13:05.012+0000] {processor.py:830} INFO - Processing file /usr/local/python/3.12.1/lib/python3.12/site-packages/airflow/example_dags/example_external_task_marker_dag.py for tasks to queue
[2026-04-25T09:13:05.012+0000] {logging_mixin.py:188} INFO - [2026-04-25T09:13:05.012+0000] {dagbag.py:540} INFO - Filling up the DagBag from /usr/local/python/3.12.1/lib/python3.12/site-packages/airflow/example_dags/example_external_task_marker_dag.py
[2026-04-25T09:13:05.017+0000] {processor.py:840} INFO - DAG(s) 'example_external_task_marker_child', 'example_external_task_marker_parent' retrieved from /usr/local/python/3.12.1/lib/python3.12/site-packages/airflow/example_dags/example_external_task_marker_dag.py
[2026-04-25T09:13:05.031+0000] {logging_mixin.py:188} INFO - [2026-04-25T09:13:05.031+0000] {dag.py:3096} INFO - Sync 2 DAGs
[2026-04-25T09:13:05.041+0000] {logging_mixin.py:188} INFO - [2026-04-25T09:13:05.040+0000] {dag.py:3954} INFO - Setting next_dagrun for example_external_task_marker_child to None, run_after=None
[2026-04-25T09:13:05.043+0000] {logging_mixin.py:188} INFO - [2026-04-25T09:13:05.043+0000] {dag.py:3954} INFO - Setting next_dagrun for example_external_task_marker_parent to None, run_after=None
[2026-04-25T09:13:05.058+0000] {processor.py:183} INFO - Processing /usr/local/python/3.12.1/lib/python3.12/site-packages/airflow/example_dags/example_external_task_marker_dag.py took 0.051 seconds
[2026-04-25T09:14:17.552+0000] {processor.py:161} INFO - Started process (PID=14604) to work on /usr/local/python/3.12.1/lib/python3.12/site-packages/airflow/example_dags/example_external_task_marker_dag.py
[2026-04-25T09:14:17.553+0000] {processor.py:830} INFO - Processing file /usr/local/python/3.12.1/lib/python3.12/site-packages/airflow/example_dags/example_external_task_marker_dag.py for tasks to queue
[2026-04-25T09:14:17.553+0000] {logging_mixin.py:188} INFO - [2026-04-25T09:14:17.553+0000] {dagbag.py:540} INFO - Filling up the DagBag from /usr/local/python/3.12.1/lib/python3.12/site-packages/airflow/example_dags/example_external_task_marker_dag.py
[2026-04-25T09:14:17.558+0000] {processor.py:840} INFO - DAG(s) 'example_external_task_marker_parent', 'example_external_task_marker_child' retrieved from /usr/local/python/3.12.1/lib/python3.12/site-packages/airflow/example_dags/example_external_task_marker_dag.py
[2026-04-25T09:14:17.573+0000] {logging_mixin.py:188} INFO - [2026-04-25T09:14:17.572+0000] {dag.py:3096} INFO - Sync 2 DAGs
[2026-04-25T09:14:17.582+0000] {logging_mixin.py:188} INFO - [2026-04-25T09:14:17.582+0000] {dag.py:3954} INFO - Setting next_dagrun for example_external_task_marker_child to None, run_after=None
[2026-04-25T09:14:17.585+0000] {logging_mixin.py:188} INFO - [2026-04-25T09:14:17.584+0000] {dag.py:3954} INFO - Setting next_dagrun for example_external_task_marker_parent to None, run_after=None
[2026-04-25T09:14:17.599+0000] {processor.py:183} INFO - Processing /usr/local/python/3.12.1/lib/python3.12/site-packages/airflow/example_dags/example_external_task_marker_dag.py took 0.051 seconds
[2026-04-25T09:15:06.682+0000] {processor.py:161} INFO - Started process (PID=14985) to work on /usr/local/python/3.12.1/lib/python3.12/site-packages/airflow/example_dags/example_external_task_marker_dag.py
[2026-04-25T09:15:06.683+0000] {processor.py:830} INFO - Processing file /usr/local/python/3.12.1/lib/python3.12/site-packages/airflow/example_dags/example_external_task_marker_dag.py for tasks to queue
[2026-04-25T09:15:06.684+0000] {logging_mixin.py:188} INFO - [2026-04-25T09:15:06.684+0000] {dagbag.py:540} INFO - Filling up the DagBag from /usr/local/python/3.12.1/lib/python3.12/site-packages/airflow/example_dags/example_external_task_marker_dag.py
[2026-04-25T09:15:06.689+0000] {processor.py:840} INFO - DAG(s) 'example_external_task_marker_parent', 'example_external_task_marker_child' retrieved from /usr/local/python/3.12.1/lib/python3.12/site-packages/airflow/example_dags/example_external_task_marker_dag.py
[2026-04-25T09:15:06.704+0000] {logging_mixin.py:188} INFO - [2026-04-25T09:15:06.704+0000] {dag.py:3096} INFO - Sync 2 DAGs
[2026-04-25T09:15:06.713+0000] {logging_mixin.py:188} INFO - [2026-04-25T09:15:06.713+0000] {dag.py:3954} INFO - Setting next_dagrun for example_external_task_marker_child to None, run_after=None
[2026-04-25T09:15:06.716+0000] {logging_mixin.py:188} INFO - [2026-04-25T09:15:06.716+0000] {dag.py:3954} INFO - Setting next_dagrun for example_external_task_marker_parent to None, run_after=None
[2026-04-25T09:15:06.730+0000] {processor.py:183} INFO - Processing /usr/local/python/3.12.1/lib/python3.12/site-packages/airflow/example_dags/example_external_task_marker_dag.py took 0.063 seconds
[2026-04-25T09:16:01.928+0000] {processor.py:161} INFO - Started process (PID=15593) to work on /usr/local/python/3.12.1/lib/python3.12/site-packages/airflow/example_dags/example_external_task_marker_dag.py
[2026-04-25T09:16:01.928+0000] {processor.py:830} INFO - Processing file /usr/local/python/3.12.1/lib/python3.12/site-packages/airflow/example_dags/example_external_task_marker_dag.py for tasks to queue
[2026-04-25T09:16:01.929+0000] {logging_mixin.py:188} INFO - [2026-04-25T09:16:01.929+0000] {dagbag.py:540} INFO - Filling up the DagBag from /usr/local/python/3.12.1/lib/python3.12/site-packages/airflow/example_dags/example_external_task_marker_dag.py
[2026-04-25T09:16:01.934+0000] {processor.py:840} INFO - DAG(s) 'example_external_task_marker_child', 'example_external_task_marker_parent' retrieved from /usr/local/python/3.12.1/lib/python3.12/site-packages/airflow/example_dags/example_external_task_marker_dag.py
[2026-04-25T09:16:01.948+0000] {logging_mixin.py:188} INFO - [2026-04-25T09:16:01.948+0000] {dag.py:3096} INFO - Sync 2 DAGs
[2026-04-25T09:16:01.957+0000] {logging_mixin.py:188} INFO - [2026-04-25T09:16:01.957+0000] {dag.py:3954} INFO - Setting next_dagrun for example_external_task_marker_child to None, run_after=None
[2026-04-25T09:16:01.960+0000] {logging_mixin.py:188} INFO - [2026-04-25T09:16:01.960+0000] {dag.py:3954} INFO - Setting next_dagrun for example_external_task_marker_parent to None, run_after=None
[2026-04-25T09:16:01.975+0000] {processor.py:183} INFO - Processing /usr/local/python/3.12.1/lib/python3.12/site-packages/airflow/example_dags/example_external_task_marker_dag.py took 0.052 seconds
[2026-04-25T09:17:03.350+0000] {processor.py:161} INFO - Started process (PID=16154) to work on /usr/local/python/3.12.1/lib/python3.12/site-packages/airflow/example_dags/example_external_task_marker_dag.py
[2026-04-25T09:17:03.350+0000] {processor.py:830} INFO - Processing file /usr/local/python/3.12.1/lib/python3.12/site-packages/airflow/example_dags/example_external_task_marker_dag.py for tasks to queue
[2026-04-25T09:17:03.351+0000] {logging_mixin.py:188} INFO - [2026-04-25T09:17:03.351+0000] {dagbag.py:540} INFO - Filling up the DagBag from /usr/local/python/3.12.1/lib/python3.12/site-packages/airflow/example_dags/example_external_task_marker_dag.py
[2026-04-25T09:17:03.357+0000] {processor.py:840} INFO - DAG(s) 'example_external_task_marker_child', 'example_external_task_marker_parent' retrieved from /usr/local/python/3.12.1/lib/python3.12/site-packages/airflow/example_dags/example_external_task_marker_dag.py
[2026-04-25T09:17:03.363+0000] {logging_mixin.py:188} INFO - [2026-04-25T09:17:03.362+0000] {dag.py:3096} INFO - Sync 2 DAGs
[2026-04-25T09:17:03.373+0000] {logging_mixin.py:188} INFO - [2026-04-25T09:17:03.372+0000] {dag.py:3954} INFO - Setting next_dagrun for example_external_task_marker_child to None, run_after=None
[2026-04-25T09:17:03.376+0000] {logging_mixin.py:188} INFO - [2026-04-25T09:17:03.375+0000] {dag.py:3954} INFO - Setting next_dagrun for example_external_task_marker_parent to None, run_after=None
[2026-04-25T09:17:03.391+0000] {processor.py:183} INFO - Processing /usr/local/python/3.12.1/lib/python3.12/site-packages/airflow/example_dags/example_external_task_marker_dag.py took 0.045 seconds
[2026-04-25T09:18:09.576+0000] {processor.py:161} INFO - Started process (PID=16684) to work on /usr/local/python/3.12.1/lib/python3.12/site-packages/airflow/example_dags/example_external_task_marker_dag.py
[2026-04-25T09:18:09.576+0000] {processor.py:830} INFO - Processing file /usr/local/python/3.12.1/lib/python3.12/site-packages/airflow/example_dags/example_external_task_marker_dag.py for tasks to queue
[2026-04-25T09:18:09.577+0000] {logging_mixin.py:188} INFO - [2026-04-25T09:18:09.577+0000] {dagbag.py:540} INFO - Filling up the DagBag from /usr/local/python/3.12.1/lib/python3.12/site-packages/airflow/example_dags/example_external_task_marker_dag.py
[2026-04-25T09:18:09.582+0000] {processor.py:840} INFO - DAG(s) 'example_external_task_marker_parent', 'example_external_task_marker_child' retrieved from /usr/local/python/3.12.1/lib/python3.12/site-packages/airflow/example_dags/example_external_task_marker_dag.py
[2026-04-25T09:18:09.666+0000] {logging_mixin.py:188} INFO - [2026-04-25T09:18:09.666+0000] {dag.py:3096} INFO - Sync 2 DAGs
[2026-04-25T09:18:09.675+0000] {logging_mixin.py:188} INFO - [2026-04-25T09:18:09.675+0000] {dag.py:3954} INFO - Setting next_dagrun for example_external_task_marker_child to None, run_after=None
[2026-04-25T09:18:09.677+0000] {logging_mixin.py:188} INFO - [2026-04-25T09:18:09.677+0000] {dag.py:3954} INFO - Setting next_dagrun for example_external_task_marker_parent to None, run_after=None
[2026-04-25T09:18:09.693+0000] {processor.py:183} INFO - Processing /usr/local/python/3.12.1/lib/python3.12/site-packages/airflow/example_dags/example_external_task_marker_dag.py took 0.121 seconds
[2026-04-25T09:19:07.883+0000] {processor.py:161} INFO - Started process (PID=17151) to work on /usr/local/python/3.12.1/lib/python3.12/site-packages/airflow/example_dags/example_external_task_marker_dag.py
[2026-04-25T09:19:07.884+0000] {processor.py:830} INFO - Processing file /usr/local/python/3.12.1/lib/python3.12/site-packages/airflow/example_dags/example_external_task_marker_dag.py for tasks to queue
[2026-04-25T09:19:07.885+0000] {logging_mixin.py:188} INFO - [2026-04-25T09:19:07.884+0000] {dagbag.py:540} INFO - Filling up the DagBag from /usr/local/python/3.12.1/lib/python3.12/site-packages/airflow/example_dags/example_external_task_marker_dag.py
[2026-04-25T09:19:07.889+0000] {processor.py:840} INFO - DAG(s) 'example_external_task_marker_parent', 'example_external_task_marker_child' retrieved from /usr/local/python/3.12.1/lib/python3.12/site-packages/airflow/example_dags/example_external_task_marker_dag.py
[2026-04-25T09:19:07.905+0000] {logging_mixin.py:188} INFO - [2026-04-25T09:19:07.905+0000] {dag.py:3096} INFO - Sync 2 DAGs
[2026-04-25T09:19:07.914+0000] {logging_mixin.py:188} INFO - [2026-04-25T09:19:07.914+0000] {dag.py:3954} INFO - Setting next_dagrun for example_external_task_marker_child to None, run_after=None
[2026-04-25T09:19:07.917+0000] {logging_mixin.py:188} INFO - [2026-04-25T09:19:07.917+0000] {dag.py:3954} INFO - Setting next_dagrun for example_external_task_marker_parent to None, run_after=None
[2026-04-25T09:19:07.933+0000] {processor.py:183} INFO - Processing /usr/local/python/3.12.1/lib/python3.12/site-packages/airflow/example_dags/example_external_task_marker_dag.py took 0.054 seconds
[2026-04-25T09:20:04.265+0000] {processor.py:161} INFO - Started process (PID=17571) to work on /usr/local/python/3.12.1/lib/python3.12/site-packages/airflow/example_dags/example_external_task_marker_dag.py
[2026-04-25T09:20:04.265+0000] {processor.py:830} INFO - Processing file /usr/local/python/3.12.1/lib/python3.12/site-packages/airflow/example_dags/example_external_task_marker_dag.py for tasks to queue
[2026-04-25T09:20:04.266+0000] {logging_mixin.py:188} INFO - [2026-04-25T09:20:04.266+0000] {dagbag.py:540} INFO - Filling up the DagBag from /usr/local/python/3.12.1/lib/python3.12/site-packages/airflow/example_dags/example_external_task_marker_dag.py
[2026-04-25T09:20:04.270+0000] {processor.py:840} INFO - DAG(s) 'example_external_task_marker_child', 'example_external_task_marker_parent' retrieved from /usr/local/python/3.12.1/lib/python3.12/site-packages/airflow/example_dags/example_external_task_marker_dag.py
[2026-04-25T09:20:04.288+0000] {logging_mixin.py:188} INFO - [2026-04-25T09:20:04.288+0000] {dag.py:3096} INFO - Sync 2 DAGs
[2026-04-25T09:20:04.302+0000] {logging_mixin.py:188} INFO - [2026-04-25T09:20:04.301+0000] {dag.py:3954} INFO - Setting next_dagrun for example_external_task_marker_child to None, run_after=None
[2026-04-25T09:20:04.306+0000] {logging_mixin.py:188} INFO - [2026-04-25T09:20:04.306+0000] {dag.py:3954} INFO - Setting next_dagrun for example_external_task_marker_parent to None, run_after=None
[2026-04-25T09:20:04.329+0000] {processor.py:183} INFO - Processing /usr/local/python/3.12.1/lib/python3.12/site-packages/airflow/example_dags/example_external_task_marker_dag.py took 0.069 seconds
[2026-04-25T09:20:59.422+0000] {processor.py:161} INFO - Started process (PID=18011) to work on /usr/local/python/3.12.1/lib/python3.12/site-packages/airflow/example_dags/example_external_task_marker_dag.py
[2026-04-25T09:20:59.423+0000] {processor.py:830} INFO - Processing file /usr/local/python/3.12.1/lib/python3.12/site-packages/airflow/example_dags/example_external_task_marker_dag.py for tasks to queue
[2026-04-25T09:20:59.424+0000] {logging_mixin.py:188} INFO - [2026-04-25T09:20:59.423+0000] {dagbag.py:540} INFO - Filling up the DagBag from /usr/local/python/3.12.1/lib/python3.12/site-packages/airflow/example_dags/example_external_task_marker_dag.py
[2026-04-25T09:20:59.428+0000] {processor.py:840} INFO - DAG(s) 'example_external_task_marker_parent', 'example_external_task_marker_child' retrieved from /usr/local/python/3.12.1/lib/python3.12/site-packages/airflow/example_dags/example_external_task_marker_dag.py
[2026-04-25T09:20:59.443+0000] {logging_mixin.py:188} INFO - [2026-04-25T09:20:59.442+0000] {dag.py:3096} INFO - Sync 2 DAGs
[2026-04-25T09:20:59.452+0000] {logging_mixin.py:188} INFO - [2026-04-25T09:20:59.452+0000] {dag.py:3954} INFO - Setting next_dagrun for example_external_task_marker_child to None, run_after=None
[2026-04-25T09:20:59.455+0000] {logging_mixin.py:188} INFO - [2026-04-25T09:20:59.454+0000] {dag.py:3954} INFO - Setting next_dagrun for example_external_task_marker_parent to None, run_after=None
[2026-04-25T09:20:59.470+0000] {processor.py:183} INFO - Processing /usr/local/python/3.12.1/lib/python3.12/site-packages/airflow/example_dags/example_external_task_marker_dag.py took 0.052 seconds
[2026-04-25T09:21:58.927+0000] {processor.py:161} INFO - Started process (PID=18453) to work on /usr/local/python/3.12.1/lib/python3.12/site-packages/airflow/example_dags/example_external_task_marker_dag.py
[2026-04-25T09:21:58.928+0000] {processor.py:830} INFO - Processing file /usr/local/python/3.12.1/lib/python3.12/site-packages/airflow/example_dags/example_external_task_marker_dag.py for tasks to queue
[2026-04-25T09:21:58.929+0000] {logging_mixin.py:188} INFO - [2026-04-25T09:21:58.928+0000] {dagbag.py:540} INFO - Filling up the DagBag from /usr/local/python/3.12.1/lib/python3.12/site-packages/airflow/example_dags/example_external_task_marker_dag.py
[2026-04-25T09:21:58.933+0000] {processor.py:840} INFO - DAG(s) 'example_external_task_marker_child', 'example_external_task_marker_parent' retrieved from /usr/local/python/3.12.1/lib/python3.12/site-packages/airflow/example_dags/example_external_task_marker_dag.py
[2026-04-25T09:21:58.947+0000] {logging_mixin.py:188} INFO - [2026-04-25T09:21:58.946+0000] {dag.py:3096} INFO - Sync 2 DAGs
[2026-04-25T09:21:58.956+0000] {logging_mixin.py:188} INFO - [2026-04-25T09:21:58.955+0000] {dag.py:3954} INFO - Setting next_dagrun for example_external_task_marker_child to None, run_after=None
[2026-04-25T09:21:58.958+0000] {logging_mixin.py:188} INFO - [2026-04-25T09:21:58.958+0000] {dag.py:3954} INFO - Setting next_dagrun for example_external_task_marker_parent to None, run_after=None
[2026-04-25T09:21:58.973+0000] {processor.py:183} INFO - Processing /usr/local/python/3.12.1/lib/python3.12/site-packages/airflow/example_dags/example_external_task_marker_dag.py took 0.050 seconds
[2026-04-25T09:22:58.954+0000] {processor.py:161} INFO - Started process (PID=18921) to work on /usr/local/python/3.12.1/lib/python3.12/site-packages/airflow/example_dags/example_external_task_marker_dag.py
[2026-04-25T09:22:58.955+0000] {processor.py:830} INFO - Processing file /usr/local/python/3.12.1/lib/python3.12/site-packages/airflow/example_dags/example_external_task_marker_dag.py for tasks to queue
[2026-04-25T09:22:58.955+0000] {logging_mixin.py:188} INFO - [2026-04-25T09:22:58.955+0000] {dagbag.py:540} INFO - Filling up the DagBag from /usr/local/python/3.12.1/lib/python3.12/site-packages/airflow/example_dags/example_external_task_marker_dag.py
[2026-04-25T09:22:58.960+0000] {processor.py:840} INFO - DAG(s) 'example_external_task_marker_child', 'example_external_task_marker_parent' retrieved from /usr/local/python/3.12.1/lib/python3.12/site-packages/airflow/example_dags/example_external_task_marker_dag.py
[2026-04-25T09:22:58.974+0000] {logging_mixin.py:188} INFO - [2026-04-25T09:22:58.973+0000] {dag.py:3096} INFO - Sync 2 DAGs
[2026-04-25T09:22:58.983+0000] {logging_mixin.py:188} INFO - [2026-04-25T09:22:58.983+0000] {dag.py:3954} INFO - Setting next_dagrun for example_external_task_marker_child to None, run_after=None
[2026-04-25T09:22:58.986+0000] {logging_mixin.py:188} INFO - [2026-04-25T09:22:58.985+0000] {dag.py:3954} INFO - Setting next_dagrun for example_external_task_marker_parent to None, run_after=None
[2026-04-25T09:22:59.000+0000] {processor.py:183} INFO - Processing /usr/local/python/3.12.1/lib/python3.12/site-packages/airflow/example_dags/example_external_task_marker_dag.py took 0.051 seconds
[2026-04-25T09:23:54.130+0000] {processor.py:161} INFO - Started process (PID=19362) to work on /usr/local/python/3.12.1/lib/python3.12/site-packages/airflow/example_dags/example_external_task_marker_dag.py
[2026-04-25T09:23:54.130+0000] {processor.py:830} INFO - Processing file /usr/local/python/3.12.1/lib/python3.12/site-packages/airflow/example_dags/example_external_task_marker_dag.py for tasks to queue
[2026-04-25T09:23:54.131+0000] {logging_mixin.py:188} INFO - [2026-04-25T09:23:54.131+0000] {dagbag.py:540} INFO - Filling up the DagBag from /usr/local/python/3.12.1/lib/python3.12/site-packages/airflow/example_dags/example_external_task_marker_dag.py
[2026-04-25T09:23:54.135+0000] {processor.py:840} INFO - DAG(s) 'example_external_task_marker_child', 'example_external_task_marker_parent' retrieved from /usr/local/python/3.12.1/lib/python3.12/site-packages/airflow/example_dags/example_external_task_marker_dag.py
[2026-04-25T09:23:54.149+0000] {logging_mixin.py:188} INFO - [2026-04-25T09:23:54.149+0000] {dag.py:3096} INFO - Sync 2 DAGs
[2026-04-25T09:23:54.158+0000] {logging_mixin.py:188} INFO - [2026-04-25T09:23:54.158+0000] {dag.py:3954} INFO - Setting next_dagrun for example_external_task_marker_child to None, run_after=None
[2026-04-25T09:23:54.161+0000] {logging_mixin.py:188} INFO - [2026-04-25T09:23:54.161+0000] {dag.py:3954} INFO - Setting next_dagrun for example_external_task_marker_parent to None, run_after=None
[2026-04-25T09:23:54.175+0000] {processor.py:183} INFO - Processing /usr/local/python/3.12.1/lib/python3.12/site-packages/airflow/example_dags/example_external_task_marker_dag.py took 0.050 seconds
[2026-04-25T09:24:56.081+0000] {processor.py:161} INFO - Started process (PID=19838) to work on /usr/local/python/3.12.1/lib/python3.12/site-packages/airflow/example_dags/example_external_task_marker_dag.py
[2026-04-25T09:24:56.082+0000] {processor.py:830} INFO - Processing file /usr/local/python/3.12.1/lib/python3.12/site-packages/airflow/example_dags/example_external_task_marker_dag.py for tasks to queue
[2026-04-25T09:24:56.082+0000] {logging_mixin.py:188} INFO - [2026-04-25T09:24:56.082+0000] {dagbag.py:540} INFO - Filling up the DagBag from /usr/local/python/3.12.1/lib/python3.12/site-packages/airflow/example_dags/example_external_task_marker_dag.py
[2026-04-25T09:24:56.087+0000] {processor.py:840} INFO - DAG(s) 'example_external_task_marker_child', 'example_external_task_marker_parent' retrieved from /usr/local/python/3.12.1/lib/python3.12/site-packages/airflow/example_dags/example_external_task_marker_dag.py
[2026-04-25T09:24:56.101+0000] {logging_mixin.py:188} INFO - [2026-04-25T09:24:56.101+0000] {dag.py:3096} INFO - Sync 2 DAGs
[2026-04-25T09:24:56.110+0000] {logging_mixin.py:188} INFO - [2026-04-25T09:24:56.110+0000] {dag.py:3954} INFO - Setting next_dagrun for example_external_task_marker_child to None, run_after=None
[2026-04-25T09:24:56.113+0000] {logging_mixin.py:188} INFO - [2026-04-25T09:24:56.112+0000] {dag.py:3954} INFO - Setting next_dagrun for example_external_task_marker_parent to None, run_after=None
[2026-04-25T09:24:56.129+0000] {processor.py:183} INFO - Processing /usr/local/python/3.12.1/lib/python3.12/site-packages/airflow/example_dags/example_external_task_marker_dag.py took 0.052 seconds
[2026-04-25T09:25:51.319+0000] {processor.py:161} INFO - Started process (PID=20256) to work on /usr/local/python/3.12.1/lib/python3.12/site-packages/airflow/example_dags/example_external_task_marker_dag.py
[2026-04-25T09:25:51.319+0000] {processor.py:830} INFO - Processing file /usr/local/python/3.12.1/lib/python3.12/site-packages/airflow/example_dags/example_external_task_marker_dag.py for tasks to queue
[2026-04-25T09:25:51.320+0000] {logging_mixin.py:188} INFO - [2026-04-25T09:25:51.320+0000] {dagbag.py:540} INFO - Filling up the DagBag from /usr/local/python/3.12.1/lib/python3.12/site-packages/airflow/example_dags/example_external_task_marker_dag.py
[2026-04-25T09:25:51.324+0000] {processor.py:840} INFO - DAG(s) 'example_external_task_marker_parent', 'example_external_task_marker_child' retrieved from /usr/local/python/3.12.1/lib/python3.12/site-packages/airflow/example_dags/example_external_task_marker_dag.py
[2026-04-25T09:25:51.338+0000] {logging_mixin.py:188} INFO - [2026-04-25T09:25:51.338+0000] {dag.py:3096} INFO - Sync 2 DAGs
[2026-04-25T09:25:51.347+0000] {logging_mixin.py:188} INFO - [2026-04-25T09:25:51.347+0000] {dag.py:3954} INFO - Setting next_dagrun for example_external_task_marker_child to None, run_after=None
[2026-04-25T09:25:51.350+0000] {logging_mixin.py:188} INFO - [2026-04-25T09:25:51.350+0000] {dag.py:3954} INFO - Setting next_dagrun for example_external_task_marker_parent to None, run_after=None
[2026-04-25T09:25:51.365+0000] {processor.py:183} INFO - Processing /usr/local/python/3.12.1/lib/python3.12/site-packages/airflow/example_dags/example_external_task_marker_dag.py took 0.050 seconds
[2026-04-25T09:26:54.056+0000] {processor.py:161} INFO - Started process (PID=20744) to work on /usr/local/python/3.12.1/lib/python3.12/site-packages/airflow/example_dags/example_external_task_marker_dag.py
[2026-04-25T09:26:54.057+0000] {processor.py:830} INFO - Processing file /usr/local/python/3.12.1/lib/python3.12/site-packages/airflow/example_dags/example_external_task_marker_dag.py for tasks to queue
[2026-04-25T09:26:54.058+0000] {logging_mixin.py:188} INFO - [2026-04-25T09:26:54.058+0000] {dagbag.py:540} INFO - Filling up the DagBag from /usr/local/python/3.12.1/lib/python3.12/site-packages/airflow/example_dags/example_external_task_marker_dag.py
[2026-04-25T09:26:54.062+0000] {processor.py:840} INFO - DAG(s) 'example_external_task_marker_parent', 'example_external_task_marker_child' retrieved from /usr/local/python/3.12.1/lib/python3.12/site-packages/airflow/example_dags/example_external_task_marker_dag.py
[2026-04-25T09:26:54.076+0000] {logging_mixin.py:188} INFO - [2026-04-25T09:26:54.076+0000] {dag.py:3096} INFO - Sync 2 DAGs
[2026-04-25T09:26:54.085+0000] {logging_mixin.py:188} INFO - [2026-04-25T09:26:54.085+0000] {dag.py:3954} INFO - Setting next_dagrun for example_external_task_marker_child to None, run_after=None
[2026-04-25T09:26:54.088+0000] {logging_mixin.py:188} INFO - [2026-04-25T09:26:54.088+0000] {dag.py:3954} INFO - Setting next_dagrun for example_external_task_marker_parent to None, run_after=None
[2026-04-25T09:26:54.103+0000] {processor.py:183} INFO - Processing /usr/local/python/3.12.1/lib/python3.12/site-packages/airflow/example_dags/example_external_task_marker_dag.py took 0.051 seconds
[2026-04-25T09:27:54.557+0000] {processor.py:161} INFO - Started process (PID=21209) to work on /usr/local/python/3.12.1/lib/python3.12/site-packages/airflow/example_dags/example_external_task_marker_dag.py
[2026-04-25T09:27:54.558+0000] {processor.py:830} INFO - Processing file /usr/local/python/3.12.1/lib/python3.12/site-packages/airflow/example_dags/example_external_task_marker_dag.py for tasks to queue
[2026-04-25T09:27:54.558+0000] {logging_mixin.py:188} INFO - [2026-04-25T09:27:54.558+0000] {dagbag.py:540} INFO - Filling up the DagBag from /usr/local/python/3.12.1/lib/python3.12/site-packages/airflow/example_dags/example_external_task_marker_dag.py
[2026-04-25T09:27:54.563+0000] {processor.py:840} INFO - DAG(s) 'example_external_task_marker_child', 'example_external_task_marker_parent' retrieved from /usr/local/python/3.12.1/lib/python3.12/site-packages/airflow/example_dags/example_external_task_marker_dag.py
[2026-04-25T09:27:54.577+0000] {logging_mixin.py:188} INFO - [2026-04-25T09:27:54.576+0000] {dag.py:3096} INFO - Sync 2 DAGs
[2026-04-25T09:27:54.585+0000] {logging_mixin.py:188} INFO - [2026-04-25T09:27:54.585+0000] {dag.py:3954} INFO - Setting next_dagrun for example_external_task_marker_child to None, run_after=None
[2026-04-25T09:27:54.588+0000] {logging_mixin.py:188} INFO - [2026-04-25T09:27:54.588+0000] {dag.py:3954} INFO - Setting next_dagrun for example_external_task_marker_parent to None, run_after=None
[2026-04-25T09:27:54.602+0000] {processor.py:183} INFO - Processing /usr/local/python/3.12.1/lib/python3.12/site-packages/airflow/example_dags/example_external_task_marker_dag.py took 0.049 seconds
[2026-04-25T09:28:57.403+0000] {processor.py:161} INFO - Started process (PID=21686) to work on /usr/local/python/3.12.1/lib/python3.12/site-packages/airflow/example_dags/example_external_task_marker_dag.py
[2026-04-25T09:28:57.404+0000] {processor.py:830} INFO - Processing file /usr/local/python/3.12.1/lib/python3.12/site-packages/airflow/example_dags/example_external_task_marker_dag.py for tasks to queue
[2026-04-25T09:28:57.405+0000] {logging_mixin.py:188} INFO - [2026-04-25T09:28:57.404+0000] {dagbag.py:540} INFO - Filling up the DagBag from /usr/local/python/3.12.1/lib/python3.12/site-packages/airflow/example_dags/example_external_task_marker_dag.py
[2026-04-25T09:28:57.409+0000] {processor.py:840} INFO - DAG(s) 'example_external_task_marker_parent', 'example_external_task_marker_child' retrieved from /usr/local/python/3.12.1/lib/python3.12/site-packages/airflow/example_dags/example_external_task_marker_dag.py
[2026-04-25T09:28:57.423+0000] {logging_mixin.py:188} INFO - [2026-04-25T09:28:57.423+0000] {dag.py:3096} INFO - Sync 2 DAGs
[2026-04-25T09:28:57.432+0000] {logging_mixin.py:188} INFO - [2026-04-25T09:28:57.431+0000] {dag.py:3954} INFO - Setting next_dagrun for example_external_task_marker_child to None, run_after=None
[2026-04-25T09:28:57.434+0000] {logging_mixin.py:188} INFO - [2026-04-25T09:28:57.434+0000] {dag.py:3954} INFO - Setting next_dagrun for example_external_task_marker_parent to None, run_after=None
[2026-04-25T09:28:57.448+0000] {processor.py:183} INFO - Processing /usr/local/python/3.12.1/lib/python3.12/site-packages/airflow/example_dags/example_external_task_marker_dag.py took 0.049 seconds
[2026-04-25T09:29:56.883+0000] {processor.py:161} INFO - Started process (PID=22149) to work on /usr/local/python/3.12.1/lib/python3.12/site-packages/airflow/example_dags/example_external_task_marker_dag.py
[2026-04-25T09:29:56.883+0000] {processor.py:830} INFO - Processing file /usr/local/python/3.12.1/lib/python3.12/site-packages/airflow/example_dags/example_external_task_marker_dag.py for tasks to queue
[2026-04-25T09:29:56.884+0000] {logging_mixin.py:188} INFO - [2026-04-25T09:29:56.884+0000] {dagbag.py:540} INFO - Filling up the DagBag from /usr/local/python/3.12.1/lib/python3.12/site-packages/airflow/example_dags/example_external_task_marker_dag.py
[2026-04-25T09:29:56.888+0000] {processor.py:840} INFO - DAG(s) 'example_external_task_marker_child', 'example_external_task_marker_parent' retrieved from /usr/local/python/3.12.1/lib/python3.12/site-packages/airflow/example_dags/example_external_task_marker_dag.py
[2026-04-25T09:29:56.902+0000] {logging_mixin.py:188} INFO - [2026-04-25T09:29:56.902+0000] {dag.py:3096} INFO - Sync 2 DAGs
[2026-04-25T09:29:56.912+0000] {logging_mixin.py:188} INFO - [2026-04-25T09:29:56.911+0000] {dag.py:3954} INFO - Setting next_dagrun for example_external_task_marker_child to None, run_after=None
[2026-04-25T09:29:56.914+0000] {logging_mixin.py:188} INFO - [2026-04-25T09:29:56.914+0000] {dag.py:3954} INFO - Setting next_dagrun for example_external_task_marker_parent to None, run_after=None
[2026-04-25T09:29:56.929+0000] {processor.py:183} INFO - Processing /usr/local/python/3.12.1/lib/python3.12/site-packages/airflow/example_dags/example_external_task_marker_dag.py took 0.050 seconds
[2026-04-25T09:30:58.064+0000] {processor.py:161} INFO - Started process (PID=22616) to work on /usr/local/python/3.12.1/lib/python3.12/site-packages/airflow/example_dags/example_external_task_marker_dag.py
[2026-04-25T09:30:58.064+0000] {processor.py:830} INFO - Processing file /usr/local/python/3.12.1/lib/python3.12/site-packages/airflow/example_dags/example_external_task_marker_dag.py for tasks to queue
[2026-04-25T09:30:58.065+0000] {logging_mixin.py:188} INFO - [2026-04-25T09:30:58.065+0000] {dagbag.py:540} INFO - Filling up the DagBag from /usr/local/python/3.12.1/lib/python3.12/site-packages/airflow/example_dags/example_external_task_marker_dag.py
[2026-04-25T09:30:58.069+0000] {processor.py:840} INFO - DAG(s) 'example_external_task_marker_child', 'example_external_task_marker_parent' retrieved from /usr/local/python/3.12.1/lib/python3.12/site-packages/airflow/example_dags/example_external_task_marker_dag.py
[2026-04-25T09:30:58.084+0000] {logging_mixin.py:188} INFO - [2026-04-25T09:30:58.083+0000] {dag.py:3096} INFO - Sync 2 DAGs
[2026-04-25T09:30:58.092+0000] {logging_mixin.py:188} INFO - [2026-04-25T09:30:58.092+0000] {dag.py:3954} INFO - Setting next_dagrun for example_external_task_marker_child to None, run_after=None
[2026-04-25T09:30:58.095+0000] {logging_mixin.py:188} INFO - [2026-04-25T09:30:58.095+0000] {dag.py:3954} INFO - Setting next_dagrun for example_external_task_marker_parent to None, run_after=None
[2026-04-25T09:30:58.256+0000] {processor.py:183} INFO - Processing /usr/local/python/3.12.1/lib/python3.12/site-packages/airflow/example_dags/example_external_task_marker_dag.py took 0.196 seconds
[2026-04-25T09:31:48.017+0000] {processor.py:161} INFO - Started process (PID=23005) to work on /usr/local/python/3.12.1/lib/python3.12/site-packages/airflow/example_dags/example_external_task_marker_dag.py
[2026-04-25T09:31:48.018+0000] {processor.py:830} INFO - Processing file /usr/local/python/3.12.1/lib/python3.12/site-packages/airflow/example_dags/example_external_task_marker_dag.py for tasks to queue
[2026-04-25T09:31:48.019+0000] {logging_mixin.py:188} INFO - [2026-04-25T09:31:48.019+0000] {dagbag.py:540} INFO - Filling up the DagBag from /usr/local/python/3.12.1/lib/python3.12/site-packages/airflow/example_dags/example_external_task_marker_dag.py
[2026-04-25T09:31:48.025+0000] {processor.py:840} INFO - DAG(s) 'example_external_task_marker_child', 'example_external_task_marker_parent' retrieved from /usr/local/python/3.12.1/lib/python3.12/site-packages/airflow/example_dags/example_external_task_marker_dag.py
[2026-04-25T09:31:48.039+0000] {logging_mixin.py:188} INFO - [2026-04-25T09:31:48.039+0000] {dag.py:3096} INFO - Sync 2 DAGs
[2026-04-25T09:31:48.048+0000] {logging_mixin.py:188} INFO - [2026-04-25T09:31:48.048+0000] {dag.py:3954} INFO - Setting next_dagrun for example_external_task_marker_child to None, run_after=None
[2026-04-25T09:31:48.051+0000] {logging_mixin.py:188} INFO - [2026-04-25T09:31:48.051+0000] {dag.py:3954} INFO - Setting next_dagrun for example_external_task_marker_parent to None, run_after=None
[2026-04-25T09:31:48.067+0000] {processor.py:183} INFO - Processing /usr/local/python/3.12.1/lib/python3.12/site-packages/airflow/example_dags/example_external_task_marker_dag.py took 0.062 seconds
[2026-04-25T09:32:54.320+0000] {processor.py:161} INFO - Started process (PID=23523) to work on /usr/local/python/3.12.1/lib/python3.12/site-packages/airflow/example_dags/example_external_task_marker_dag.py
[2026-04-25T09:32:54.322+0000] {processor.py:830} INFO - Processing file /usr/local/python/3.12.1/lib/python3.12/site-packages/airflow/example_dags/example_external_task_marker_dag.py for tasks to queue
[2026-04-25T09:32:54.323+0000] {logging_mixin.py:188} INFO - [2026-04-25T09:32:54.323+0000] {dagbag.py:540} INFO - Filling up the DagBag from /usr/local/python/3.12.1/lib/python3.12/site-packages/airflow/example_dags/example_external_task_marker_dag.py
[2026-04-25T09:32:54.331+0000] {processor.py:840} INFO - DAG(s) 'example_external_task_marker_child', 'example_external_task_marker_parent' retrieved from /usr/local/python/3.12.1/lib/python3.12/site-packages/airflow/example_dags/example_external_task_marker_dag.py
[2026-04-25T09:32:54.345+0000] {logging_mixin.py:188} INFO - [2026-04-25T09:32:54.345+0000] {dag.py:3096} INFO - Sync 2 DAGs
[2026-04-25T09:32:54.354+0000] {logging_mixin.py:188} INFO - [2026-04-25T09:32:54.354+0000] {dag.py:3954} INFO - Setting next_dagrun for example_external_task_marker_child to None, run_after=None
[2026-04-25T09:32:54.357+0000] {logging_mixin.py:188} INFO - [2026-04-25T09:32:54.357+0000] {dag.py:3954} INFO - Setting next_dagrun for example_external_task_marker_parent to None, run_after=None
[2026-04-25T09:32:54.371+0000] {processor.py:183} INFO - Processing /usr/local/python/3.12.1/lib/python3.12/site-packages/airflow/example_dags/example_external_task_marker_dag.py took 0.061 seconds
[2026-04-25T09:34:01.309+0000] {processor.py:161} INFO - Started process (PID=24028) to work on /usr/local/python/3.12.1/lib/python3.12/site-packages/airflow/example_dags/example_external_task_marker_dag.py
[2026-04-25T09:34:01.310+0000] {processor.py:830} INFO - Processing file /usr/local/python/3.12.1/lib/python3.12/site-packages/airflow/example_dags/example_external_task_marker_dag.py for tasks to queue
[2026-04-25T09:34:01.311+0000] {logging_mixin.py:188} INFO - [2026-04-25T09:34:01.311+0000] {dagbag.py:540} INFO - Filling up the DagBag from /usr/local/python/3.12.1/lib/python3.12/site-packages/airflow/example_dags/example_external_task_marker_dag.py
[2026-04-25T09:34:01.315+0000] {processor.py:840} INFO - DAG(s) 'example_external_task_marker_parent', 'example_external_task_marker_child' retrieved from /usr/local/python/3.12.1/lib/python3.12/site-packages/airflow/example_dags/example_external_task_marker_dag.py
[2026-04-25T09:34:01.329+0000] {logging_mixin.py:188} INFO - [2026-04-25T09:34:01.329+0000] {dag.py:3096} INFO - Sync 2 DAGs
[2026-04-25T09:34:01.337+0000] {logging_mixin.py:188} INFO - [2026-04-25T09:34:01.337+0000] {dag.py:3954} INFO - Setting next_dagrun for example_external_task_marker_child to None, run_after=None
[2026-04-25T09:34:01.340+0000] {logging_mixin.py:188} INFO - [2026-04-25T09:34:01.340+0000] {dag.py:3954} INFO - Setting next_dagrun for example_external_task_marker_parent to None, run_after=None
[2026-04-25T09:34:01.355+0000] {processor.py:183} INFO - Processing /usr/local/python/3.12.1/lib/python3.12/site-packages/airflow/example_dags/example_external_task_marker_dag.py took 0.049 seconds
[2026-04-25T09:34:56.395+0000] {processor.py:161} INFO - Started process (PID=24467) to work on /usr/local/python/3.12.1/lib/python3.12/site-packages/airflow/example_dags/example_external_task_marker_dag.py
[2026-04-25T09:34:56.395+0000] {processor.py:830} INFO - Processing file /usr/local/python/3.12.1/lib/python3.12/site-packages/airflow/example_dags/example_external_task_marker_dag.py for tasks to queue
[2026-04-25T09:34:56.396+0000] {logging_mixin.py:188} INFO - [2026-04-25T09:34:56.396+0000] {dagbag.py:540} INFO - Filling up the DagBag from /usr/local/python/3.12.1/lib/python3.12/site-packages/airflow/example_dags/example_external_task_marker_dag.py
[2026-04-25T09:34:56.401+0000] {processor.py:840} INFO - DAG(s) 'example_external_task_marker_child', 'example_external_task_marker_parent' retrieved from /usr/local/python/3.12.1/lib/python3.12/site-packages/airflow/example_dags/example_external_task_marker_dag.py
[2026-04-25T09:34:56.415+0000] {logging_mixin.py:188} INFO - [2026-04-25T09:34:56.414+0000] {dag.py:3096} INFO - Sync 2 DAGs
[2026-04-25T09:34:56.423+0000] {logging_mixin.py:188} INFO - [2026-04-25T09:34:56.423+0000] {dag.py:3954} INFO - Setting next_dagrun for example_external_task_marker_child to None, run_after=None
[2026-04-25T09:34:56.426+0000] {logging_mixin.py:188} INFO - [2026-04-25T09:34:56.426+0000] {dag.py:3954} INFO - Setting next_dagrun for example_external_task_marker_parent to None, run_after=None
[2026-04-25T09:34:56.440+0000] {processor.py:183} INFO - Processing /usr/local/python/3.12.1/lib/python3.12/site-packages/airflow/example_dags/example_external_task_marker_dag.py took 0.050 seconds
[2026-04-25T09:35:56.229+0000] {processor.py:161} INFO - Started process (PID=24924) to work on /usr/local/python/3.12.1/lib/python3.12/site-packages/airflow/example_dags/example_external_task_marker_dag.py
[2026-04-25T09:35:56.230+0000] {processor.py:830} INFO - Processing file /usr/local/python/3.12.1/lib/python3.12/site-packages/airflow/example_dags/example_external_task_marker_dag.py for tasks to queue
[2026-04-25T09:35:56.231+0000] {logging_mixin.py:188} INFO - [2026-04-25T09:35:56.230+0000] {dagbag.py:540} INFO - Filling up the DagBag from /usr/local/python/3.12.1/lib/python3.12/site-packages/airflow/example_dags/example_external_task_marker_dag.py
[2026-04-25T09:35:56.235+0000] {processor.py:840} INFO - DAG(s) 'example_external_task_marker_parent', 'example_external_task_marker_child' retrieved from /usr/local/python/3.12.1/lib/python3.12/site-packages/airflow/example_dags/example_external_task_marker_dag.py
[2026-04-25T09:35:56.252+0000] {logging_mixin.py:188} INFO - [2026-04-25T09:35:56.251+0000] {dag.py:3096} INFO - Sync 2 DAGs
[2026-04-25T09:35:56.261+0000] {logging_mixin.py:188} INFO - [2026-04-25T09:35:56.260+0000] {dag.py:3954} INFO - Setting next_dagrun for example_external_task_marker_child to None, run_after=None
[2026-04-25T09:35:56.263+0000] {logging_mixin.py:188} INFO - [2026-04-25T09:35:56.263+0000] {dag.py:3954} INFO - Setting next_dagrun for example_external_task_marker_parent to None, run_after=None
[2026-04-25T09:35:56.278+0000] {processor.py:183} INFO - Processing /usr/local/python/3.12.1/lib/python3.12/site-packages/airflow/example_dags/example_external_task_marker_dag.py took 0.054 seconds
[2026-04-25T09:36:55.648+0000] {processor.py:161} INFO - Started process (PID=25376) to work on /usr/local/python/3.12.1/lib/python3.12/site-packages/airflow/example_dags/example_external_task_marker_dag.py
[2026-04-25T09:36:55.650+0000] {processor.py:830} INFO - Processing file /usr/local/python/3.12.1/lib/python3.12/site-packages/airflow/example_dags/example_external_task_marker_dag.py for tasks to queue
[2026-04-25T09:36:55.652+0000] {logging_mixin.py:188} INFO - [2026-04-25T09:36:55.651+0000] {dagbag.py:540} INFO - Filling up the DagBag from /usr/local/python/3.12.1/lib/python3.12/site-packages/airflow/example_dags/example_external_task_marker_dag.py
[2026-04-25T09:36:55.663+0000] {processor.py:840} INFO - DAG(s) 'example_external_task_marker_parent', 'example_external_task_marker_child' retrieved from /usr/local/python/3.12.1/lib/python3.12/site-packages/airflow/example_dags/example_external_task_marker_dag.py
[2026-04-25T09:36:55.699+0000] {logging_mixin.py:188} INFO - [2026-04-25T09:36:55.699+0000] {dag.py:3096} INFO - Sync 2 DAGs
[2026-04-25T09:36:55.714+0000] {logging_mixin.py:188} INFO - [2026-04-25T09:36:55.714+0000] {dag.py:3954} INFO - Setting next_dagrun for example_external_task_marker_child to None, run_after=None
[2026-04-25T09:36:55.719+0000] {logging_mixin.py:188} INFO - [2026-04-25T09:36:55.719+0000] {dag.py:3954} INFO - Setting next_dagrun for example_external_task_marker_parent to None, run_after=None
[2026-04-25T09:36:55.749+0000] {processor.py:183} INFO - Processing /usr/local/python/3.12.1/lib/python3.12/site-packages/airflow/example_dags/example_external_task_marker_dag.py took 0.109 seconds
[2026-04-25T09:37:57.265+0000] {processor.py:161} INFO - Started process (PID=25861) to work on /usr/local/python/3.12.1/lib/python3.12/site-packages/airflow/example_dags/example_external_task_marker_dag.py
[2026-04-25T09:37:57.265+0000] {processor.py:830} INFO - Processing file /usr/local/python/3.12.1/lib/python3.12/site-packages/airflow/example_dags/example_external_task_marker_dag.py for tasks to queue
[2026-04-25T09:37:57.266+0000] {logging_mixin.py:188} INFO - [2026-04-25T09:37:57.266+0000] {dagbag.py:540} INFO - Filling up the DagBag from /usr/local/python/3.12.1/lib/python3.12/site-packages/airflow/example_dags/example_external_task_marker_dag.py
[2026-04-25T09:37:57.271+0000] {processor.py:840} INFO - DAG(s) 'example_external_task_marker_child', 'example_external_task_marker_parent' retrieved from /usr/local/python/3.12.1/lib/python3.12/site-packages/airflow/example_dags/example_external_task_marker_dag.py
[2026-04-25T09:37:57.285+0000] {logging_mixin.py:188} INFO - [2026-04-25T09:37:57.284+0000] {dag.py:3096} INFO - Sync 2 DAGs
[2026-04-25T09:37:57.294+0000] {logging_mixin.py:188} INFO - [2026-04-25T09:37:57.293+0000] {dag.py:3954} INFO - Setting next_dagrun for example_external_task_marker_child to None, run_after=None
[2026-04-25T09:37:57.297+0000] {logging_mixin.py:188} INFO - [2026-04-25T09:37:57.296+0000] {dag.py:3954} INFO - Setting next_dagrun for example_external_task_marker_parent to None, run_after=None
[2026-04-25T09:37:57.311+0000] {processor.py:183} INFO - Processing /usr/local/python/3.12.1/lib/python3.12/site-packages/airflow/example_dags/example_external_task_marker_dag.py took 0.051 seconds
[2026-04-25T09:39:00.056+0000] {processor.py:161} INFO - Started process (PID=26336) to work on /usr/local/python/3.12.1/lib/python3.12/site-packages/airflow/example_dags/example_external_task_marker_dag.py
[2026-04-25T09:39:00.057+0000] {processor.py:830} INFO - Processing file /usr/local/python/3.12.1/lib/python3.12/site-packages/airflow/example_dags/example_external_task_marker_dag.py for tasks to queue
[2026-04-25T09:39:00.058+0000] {logging_mixin.py:188} INFO - [2026-04-25T09:39:00.058+0000] {dagbag.py:540} INFO - Filling up the DagBag from /usr/local/python/3.12.1/lib/python3.12/site-packages/airflow/example_dags/example_external_task_marker_dag.py
[2026-04-25T09:39:00.065+0000] {processor.py:840} INFO - DAG(s) 'example_external_task_marker_child', 'example_external_task_marker_parent' retrieved from /usr/local/python/3.12.1/lib/python3.12/site-packages/airflow/example_dags/example_external_task_marker_dag.py
[2026-04-25T09:39:00.079+0000] {logging_mixin.py:188} INFO - [2026-04-25T09:39:00.079+0000] {dag.py:3096} INFO - Sync 2 DAGs
[2026-04-25T09:39:00.088+0000] {logging_mixin.py:188} INFO - [2026-04-25T09:39:00.088+0000] {dag.py:3954} INFO - Setting next_dagrun for example_external_task_marker_child to None, run_after=None
[2026-04-25T09:39:00.091+0000] {logging_mixin.py:188} INFO - [2026-04-25T09:39:00.091+0000] {dag.py:3954} INFO - Setting next_dagrun for example_external_task_marker_parent to None, run_after=None
[2026-04-25T09:39:00.105+0000] {processor.py:183} INFO - Processing /usr/local/python/3.12.1/lib/python3.12/site-packages/airflow/example_dags/example_external_task_marker_dag.py took 0.055 seconds
[2026-04-25T09:39:58.325+0000] {processor.py:161} INFO - Started process (PID=26783) to work on /usr/local/python/3.12.1/lib/python3.12/site-packages/airflow/example_dags/example_external_task_marker_dag.py
[2026-04-25T09:39:58.326+0000] {processor.py:830} INFO - Processing file /usr/local/python/3.12.1/lib/python3.12/site-packages/airflow/example_dags/example_external_task_marker_dag.py for tasks to queue
[2026-04-25T09:39:58.327+0000] {logging_mixin.py:188} INFO - [2026-04-25T09:39:58.326+0000] {dagbag.py:540} INFO - Filling up the DagBag from /usr/local/python/3.12.1/lib/python3.12/site-packages/airflow/example_dags/example_external_task_marker_dag.py
[2026-04-25T09:39:58.331+0000] {processor.py:840} INFO - DAG(s) 'example_external_task_marker_child', 'example_external_task_marker_parent' retrieved from /usr/local/python/3.12.1/lib/python3.12/site-packages/airflow/example_dags/example_external_task_marker_dag.py
[2026-04-25T09:39:58.345+0000] {logging_mixin.py:188} INFO - [2026-04-25T09:39:58.345+0000] {dag.py:3096} INFO - Sync 2 DAGs
[2026-04-25T09:39:58.354+0000] {logging_mixin.py:188} INFO - [2026-04-25T09:39:58.354+0000] {dag.py:3954} INFO - Setting next_dagrun for example_external_task_marker_child to None, run_after=None
[2026-04-25T09:39:58.357+0000] {logging_mixin.py:188} INFO - [2026-04-25T09:39:58.357+0000] {dag.py:3954} INFO - Setting next_dagrun for example_external_task_marker_parent to None, run_after=None
[2026-04-25T09:39:58.372+0000] {processor.py:183} INFO - Processing /usr/local/python/3.12.1/lib/python3.12/site-packages/airflow/example_dags/example_external_task_marker_dag.py took 0.051 seconds
[2026-04-25T09:40:55.492+0000] {processor.py:161} INFO - Started process (PID=27223) to work on /usr/local/python/3.12.1/lib/python3.12/site-packages/airflow/example_dags/example_external_task_marker_dag.py
[2026-04-25T09:40:55.493+0000] {processor.py:830} INFO - Processing file /usr/local/python/3.12.1/lib/python3.12/site-packages/airflow/example_dags/example_external_task_marker_dag.py for tasks to queue
[2026-04-25T09:40:55.494+0000] {logging_mixin.py:188} INFO - [2026-04-25T09:40:55.494+0000] {dagbag.py:540} INFO - Filling up the DagBag from /usr/local/python/3.12.1/lib/python3.12/site-packages/airflow/example_dags/example_external_task_marker_dag.py
[2026-04-25T09:40:55.499+0000] {processor.py:840} INFO - DAG(s) 'example_external_task_marker_parent', 'example_external_task_marker_child' retrieved from /usr/local/python/3.12.1/lib/python3.12/site-packages/airflow/example_dags/example_external_task_marker_dag.py
[2026-04-25T09:40:55.513+0000] {logging_mixin.py:188} INFO - [2026-04-25T09:40:55.512+0000] {dag.py:3096} INFO - Sync 2 DAGs
[2026-04-25T09:40:55.522+0000] {logging_mixin.py:188} INFO - [2026-04-25T09:40:55.521+0000] {dag.py:3954} INFO - Setting next_dagrun for example_external_task_marker_child to None, run_after=None
[2026-04-25T09:40:55.524+0000] {logging_mixin.py:188} INFO - [2026-04-25T09:40:55.524+0000] {dag.py:3954} INFO - Setting next_dagrun for example_external_task_marker_parent to None, run_after=None
[2026-04-25T09:40:55.540+0000] {processor.py:183} INFO - Processing /usr/local/python/3.12.1/lib/python3.12/site-packages/airflow/example_dags/example_external_task_marker_dag.py took 0.051 seconds
[2026-04-25T09:41:53.755+0000] {processor.py:161} INFO - Started process (PID=27684) to work on /usr/local/python/3.12.1/lib/python3.12/site-packages/airflow/example_dags/example_external_task_marker_dag.py
[2026-04-25T09:41:53.756+0000] {processor.py:830} INFO - Processing file /usr/local/python/3.12.1/lib/python3.12/site-packages/airflow/example_dags/example_external_task_marker_dag.py for tasks to queue
[2026-04-25T09:41:53.756+0000] {logging_mixin.py:188} INFO - [2026-04-25T09:41:53.756+0000] {dagbag.py:540} INFO - Filling up the DagBag from /usr/local/python/3.12.1/lib/python3.12/site-packages/airflow/example_dags/example_external_task_marker_dag.py
[2026-04-25T09:41:53.761+0000] {processor.py:840} INFO - DAG(s) 'example_external_task_marker_child', 'example_external_task_marker_parent' retrieved from /usr/local/python/3.12.1/lib/python3.12/site-packages/airflow/example_dags/example_external_task_marker_dag.py
[2026-04-25T09:41:53.775+0000] {logging_mixin.py:188} INFO - [2026-04-25T09:41:53.774+0000] {dag.py:3096} INFO - Sync 2 DAGs
[2026-04-25T09:41:53.784+0000] {logging_mixin.py:188} INFO - [2026-04-25T09:41:53.783+0000] {dag.py:3954} INFO - Setting next_dagrun for example_external_task_marker_child to None, run_after=None
[2026-04-25T09:41:53.786+0000] {logging_mixin.py:188} INFO - [2026-04-25T09:41:53.786+0000] {dag.py:3954} INFO - Setting next_dagrun for example_external_task_marker_parent to None, run_after=None
[2026-04-25T09:41:53.806+0000] {processor.py:183} INFO - Processing /usr/local/python/3.12.1/lib/python3.12/site-packages/airflow/example_dags/example_external_task_marker_dag.py took 0.055 seconds
[2026-04-25T09:42:50.203+0000] {processor.py:161} INFO - Started process (PID=28116) to work on /usr/local/python/3.12.1/lib/python3.12/site-packages/airflow/example_dags/example_external_task_marker_dag.py
[2026-04-25T09:42:50.204+0000] {processor.py:830} INFO - Processing file /usr/local/python/3.12.1/lib/python3.12/site-packages/airflow/example_dags/example_external_task_marker_dag.py for tasks to queue
[2026-04-25T09:42:50.204+0000] {logging_mixin.py:188} INFO - [2026-04-25T09:42:50.204+0000] {dagbag.py:540} INFO - Filling up the DagBag from /usr/local/python/3.12.1/lib/python3.12/site-packages/airflow/example_dags/example_external_task_marker_dag.py
[2026-04-25T09:42:50.209+0000] {processor.py:840} INFO - DAG(s) 'example_external_task_marker_child', 'example_external_task_marker_parent' retrieved from /usr/local/python/3.12.1/lib/python3.12/site-packages/airflow/example_dags/example_external_task_marker_dag.py
[2026-04-25T09:42:50.222+0000] {logging_mixin.py:188} INFO - [2026-04-25T09:42:50.222+0000] {dag.py:3096} INFO - Sync 2 DAGs
[2026-04-25T09:42:50.231+0000] {logging_mixin.py:188} INFO - [2026-04-25T09:42:50.231+0000] {dag.py:3954} INFO - Setting next_dagrun for example_external_task_marker_child to None, run_after=None
[2026-04-25T09:42:50.234+0000] {logging_mixin.py:188} INFO - [2026-04-25T09:42:50.234+0000] {dag.py:3954} INFO - Setting next_dagrun for example_external_task_marker_parent to None, run_after=None
[2026-04-25T09:42:50.248+0000] {processor.py:183} INFO - Processing /usr/local/python/3.12.1/lib/python3.12/site-packages/airflow/example_dags/example_external_task_marker_dag.py took 0.049 seconds
[2026-04-25T09:43:55.219+0000] {processor.py:161} INFO - Started process (PID=28623) to work on /usr/local/python/3.12.1/lib/python3.12/site-packages/airflow/example_dags/example_external_task_marker_dag.py
[2026-04-25T09:43:55.219+0000] {processor.py:830} INFO - Processing file /usr/local/python/3.12.1/lib/python3.12/site-packages/airflow/example_dags/example_external_task_marker_dag.py for tasks to queue
[2026-04-25T09:43:55.220+0000] {logging_mixin.py:188} INFO - [2026-04-25T09:43:55.220+0000] {dagbag.py:540} INFO - Filling up the DagBag from /usr/local/python/3.12.1/lib/python3.12/site-packages/airflow/example_dags/example_external_task_marker_dag.py
[2026-04-25T09:43:55.224+0000] {processor.py:840} INFO - DAG(s) 'example_external_task_marker_parent', 'example_external_task_marker_child' retrieved from /usr/local/python/3.12.1/lib/python3.12/site-packages/airflow/example_dags/example_external_task_marker_dag.py
[2026-04-25T09:43:55.239+0000] {logging_mixin.py:188} INFO - [2026-04-25T09:43:55.239+0000] {dag.py:3096} INFO - Sync 2 DAGs
[2026-04-25T09:43:55.248+0000] {logging_mixin.py:188} INFO - [2026-04-25T09:43:55.248+0000] {dag.py:3954} INFO - Setting next_dagrun for example_external_task_marker_child to None, run_after=None
[2026-04-25T09:43:55.251+0000] {logging_mixin.py:188} INFO - [2026-04-25T09:43:55.251+0000] {dag.py:3954} INFO - Setting next_dagrun for example_external_task_marker_parent to None, run_after=None
[2026-04-25T09:43:55.265+0000] {processor.py:183} INFO - Processing /usr/local/python/3.12.1/lib/python3.12/site-packages/airflow/example_dags/example_external_task_marker_dag.py took 0.051 seconds
[2026-04-25T09:44:54.364+0000] {processor.py:161} INFO - Started process (PID=29087) to work on /usr/local/python/3.12.1/lib/python3.12/site-packages/airflow/example_dags/example_external_task_marker_dag.py
[2026-04-25T09:44:54.365+0000] {processor.py:830} INFO - Processing file /usr/local/python/3.12.1/lib/python3.12/site-packages/airflow/example_dags/example_external_task_marker_dag.py for tasks to queue
[2026-04-25T09:44:54.366+0000] {logging_mixin.py:188} INFO - [2026-04-25T09:44:54.365+0000] {dagbag.py:540} INFO - Filling up the DagBag from /usr/local/python/3.12.1/lib/python3.12/site-packages/airflow/example_dags/example_external_task_marker_dag.py
[2026-04-25T09:44:54.370+0000] {processor.py:840} INFO - DAG(s) 'example_external_task_marker_parent', 'example_external_task_marker_child' retrieved from /usr/local/python/3.12.1/lib/python3.12/site-packages/airflow/example_dags/example_external_task_marker_dag.py
[2026-04-25T09:44:54.384+0000] {logging_mixin.py:188} INFO - [2026-04-25T09:44:54.384+0000] {dag.py:3096} INFO - Sync 2 DAGs
[2026-04-25T09:44:54.393+0000] {logging_mixin.py:188} INFO - [2026-04-25T09:44:54.393+0000] {dag.py:3954} INFO - Setting next_dagrun for example_external_task_marker_child to None, run_after=None
[2026-04-25T09:44:54.396+0000] {logging_mixin.py:188} INFO - [2026-04-25T09:44:54.396+0000] {dag.py:3954} INFO - Setting next_dagrun for example_external_task_marker_parent to None, run_after=None
[2026-04-25T09:44:54.410+0000] {processor.py:183} INFO - Processing /usr/local/python/3.12.1/lib/python3.12/site-packages/airflow/example_dags/example_external_task_marker_dag.py took 0.050 seconds
[2026-04-25T09:45:54.861+0000] {processor.py:161} INFO - Started process (PID=29539) to work on /usr/local/python/3.12.1/lib/python3.12/site-packages/airflow/example_dags/example_external_task_marker_dag.py
[2026-04-25T09:45:54.862+0000] {processor.py:830} INFO - Processing file /usr/local/python/3.12.1/lib/python3.12/site-packages/airflow/example_dags/example_external_task_marker_dag.py for tasks to queue
[2026-04-25T09:45:54.863+0000] {logging_mixin.py:188} INFO - [2026-04-25T09:45:54.863+0000] {dagbag.py:540} INFO - Filling up the DagBag from /usr/local/python/3.12.1/lib/python3.12/site-packages/airflow/example_dags/example_external_task_marker_dag.py
[2026-04-25T09:45:54.867+0000] {processor.py:840} INFO - DAG(s) 'example_external_task_marker_parent', 'example_external_task_marker_child' retrieved from /usr/local/python/3.12.1/lib/python3.12/site-packages/airflow/example_dags/example_external_task_marker_dag.py
[2026-04-25T09:45:54.882+0000] {logging_mixin.py:188} INFO - [2026-04-25T09:45:54.881+0000] {dag.py:3096} INFO - Sync 2 DAGs
[2026-04-25T09:45:54.896+0000] {logging_mixin.py:188} INFO - [2026-04-25T09:45:54.896+0000] {dag.py:3954} INFO - Setting next_dagrun for example_external_task_marker_child to None, run_after=None
[2026-04-25T09:45:54.900+0000] {logging_mixin.py:188} INFO - [2026-04-25T09:45:54.900+0000] {dag.py:3954} INFO - Setting next_dagrun for example_external_task_marker_parent to None, run_after=None
[2026-04-25T09:45:54.925+0000] {processor.py:183} INFO - Processing /usr/local/python/3.12.1/lib/python3.12/site-packages/airflow/example_dags/example_external_task_marker_dag.py took 0.068 seconds
