[2026-04-25T09:06:09.176+0000] {processor.py:161} INFO - Started process (PID=8408) to work on /usr/local/python/3.12.1/lib/python3.12/site-packages/airflow/example_dags/example_python_operator.py
[2026-04-25T09:06:09.177+0000] {processor.py:830} INFO - Processing file /usr/local/python/3.12.1/lib/python3.12/site-packages/airflow/example_dags/example_python_operator.py for tasks to queue
[2026-04-25T09:06:09.177+0000] {logging_mixin.py:188} INFO - [2026-04-25T09:06:09.177+0000] {dagbag.py:540} INFO - Filling up the DagBag from /usr/local/python/3.12.1/lib/python3.12/site-packages/airflow/example_dags/example_python_operator.py
[2026-04-25T09:06:09.189+0000] {processor.py:840} INFO - DAG(s) 'example_python_operator' retrieved from /usr/local/python/3.12.1/lib/python3.12/site-packages/airflow/example_dags/example_python_operator.py
[2026-04-25T09:06:09.310+0000] {logging_mixin.py:188} INFO - [2026-04-25T09:06:09.309+0000] {override.py:1930} INFO - Created Permission View: can delete on DAG:example_python_operator
[2026-04-25T09:06:09.321+0000] {logging_mixin.py:188} INFO - [2026-04-25T09:06:09.320+0000] {override.py:1930} INFO - Created Permission View: can edit on DAG:example_python_operator
[2026-04-25T09:06:09.333+0000] {logging_mixin.py:188} INFO - [2026-04-25T09:06:09.332+0000] {override.py:1930} INFO - Created Permission View: can read on DAG:example_python_operator
[2026-04-25T09:06:09.333+0000] {logging_mixin.py:188} INFO - [2026-04-25T09:06:09.333+0000] {dag.py:3096} INFO - Sync 1 DAGs
[2026-04-25T09:06:09.348+0000] {logging_mixin.py:188} INFO - [2026-04-25T09:06:09.347+0000] {dag.py:3118} INFO - Creating ORM DAG for example_python_operator
[2026-04-25T09:06:09.348+0000] {logging_mixin.py:188} INFO - [2026-04-25T09:06:09.348+0000] {dag.py:3954} INFO - Setting next_dagrun for example_python_operator to None, run_after=None
[2026-04-25T09:06:09.382+0000] {processor.py:183} INFO - Processing /usr/local/python/3.12.1/lib/python3.12/site-packages/airflow/example_dags/example_python_operator.py took 0.210 seconds
[2026-04-25T09:07:04.949+0000] {processor.py:161} INFO - Started process (PID=9020) to work on /usr/local/python/3.12.1/lib/python3.12/site-packages/airflow/example_dags/example_python_operator.py
[2026-04-25T09:07:04.951+0000] {processor.py:830} INFO - Processing file /usr/local/python/3.12.1/lib/python3.12/site-packages/airflow/example_dags/example_python_operator.py for tasks to queue
[2026-04-25T09:07:04.951+0000] {logging_mixin.py:188} INFO - [2026-04-25T09:07:04.951+0000] {dagbag.py:540} INFO - Filling up the DagBag from /usr/local/python/3.12.1/lib/python3.12/site-packages/airflow/example_dags/example_python_operator.py
[2026-04-25T09:07:04.972+0000] {processor.py:840} INFO - DAG(s) 'example_python_operator' retrieved from /usr/local/python/3.12.1/lib/python3.12/site-packages/airflow/example_dags/example_python_operator.py
[2026-04-25T09:07:05.018+0000] {logging_mixin.py:188} INFO - [2026-04-25T09:07:05.018+0000] {dag.py:3096} INFO - Sync 1 DAGs
[2026-04-25T09:07:05.036+0000] {logging_mixin.py:188} INFO - [2026-04-25T09:07:05.036+0000] {dag.py:3954} INFO - Setting next_dagrun for example_python_operator to None, run_after=None
[2026-04-25T09:07:05.068+0000] {processor.py:183} INFO - Processing /usr/local/python/3.12.1/lib/python3.12/site-packages/airflow/example_dags/example_python_operator.py took 0.124 seconds
[2026-04-25T09:07:56.526+0000] {processor.py:161} INFO - Started process (PID=9491) to work on /usr/local/python/3.12.1/lib/python3.12/site-packages/airflow/example_dags/example_python_operator.py
[2026-04-25T09:07:56.527+0000] {processor.py:830} INFO - Processing file /usr/local/python/3.12.1/lib/python3.12/site-packages/airflow/example_dags/example_python_operator.py for tasks to queue
[2026-04-25T09:07:56.528+0000] {logging_mixin.py:188} INFO - [2026-04-25T09:07:56.527+0000] {dagbag.py:540} INFO - Filling up the DagBag from /usr/local/python/3.12.1/lib/python3.12/site-packages/airflow/example_dags/example_python_operator.py
[2026-04-25T09:07:56.537+0000] {processor.py:840} INFO - DAG(s) 'example_python_operator' retrieved from /usr/local/python/3.12.1/lib/python3.12/site-packages/airflow/example_dags/example_python_operator.py
[2026-04-25T09:07:56.552+0000] {logging_mixin.py:188} INFO - [2026-04-25T09:07:56.551+0000] {dag.py:3096} INFO - Sync 1 DAGs
[2026-04-25T09:07:56.564+0000] {logging_mixin.py:188} INFO - [2026-04-25T09:07:56.564+0000] {dag.py:3954} INFO - Setting next_dagrun for example_python_operator to None, run_after=None
[2026-04-25T09:07:56.587+0000] {processor.py:183} INFO - Processing /usr/local/python/3.12.1/lib/python3.12/site-packages/airflow/example_dags/example_python_operator.py took 0.065 seconds
[2026-04-25T09:08:43.214+0000] {processor.py:161} INFO - Started process (PID=9930) to work on /usr/local/python/3.12.1/lib/python3.12/site-packages/airflow/example_dags/example_python_operator.py
[2026-04-25T09:08:43.214+0000] {processor.py:830} INFO - Processing file /usr/local/python/3.12.1/lib/python3.12/site-packages/airflow/example_dags/example_python_operator.py for tasks to queue
[2026-04-25T09:08:43.215+0000] {logging_mixin.py:188} INFO - [2026-04-25T09:08:43.215+0000] {dagbag.py:540} INFO - Filling up the DagBag from /usr/local/python/3.12.1/lib/python3.12/site-packages/airflow/example_dags/example_python_operator.py
[2026-04-25T09:08:43.223+0000] {processor.py:840} INFO - DAG(s) 'example_python_operator' retrieved from /usr/local/python/3.12.1/lib/python3.12/site-packages/airflow/example_dags/example_python_operator.py
[2026-04-25T09:08:43.237+0000] {logging_mixin.py:188} INFO - [2026-04-25T09:08:43.237+0000] {dag.py:3096} INFO - Sync 1 DAGs
[2026-04-25T09:08:43.246+0000] {logging_mixin.py:188} INFO - [2026-04-25T09:08:43.246+0000] {dag.py:3954} INFO - Setting next_dagrun for example_python_operator to None, run_after=None
[2026-04-25T09:08:43.263+0000] {processor.py:183} INFO - Processing /usr/local/python/3.12.1/lib/python3.12/site-packages/airflow/example_dags/example_python_operator.py took 0.053 seconds
[2026-04-25T09:09:47.568+0000] {processor.py:161} INFO - Started process (PID=10853) to work on /usr/local/python/3.12.1/lib/python3.12/site-packages/airflow/example_dags/example_python_operator.py
[2026-04-25T09:09:47.569+0000] {processor.py:830} INFO - Processing file /usr/local/python/3.12.1/lib/python3.12/site-packages/airflow/example_dags/example_python_operator.py for tasks to queue
[2026-04-25T09:09:47.569+0000] {logging_mixin.py:188} INFO - [2026-04-25T09:09:47.569+0000] {dagbag.py:540} INFO - Filling up the DagBag from /usr/local/python/3.12.1/lib/python3.12/site-packages/airflow/example_dags/example_python_operator.py
[2026-04-25T09:09:47.578+0000] {processor.py:840} INFO - DAG(s) 'example_python_operator' retrieved from /usr/local/python/3.12.1/lib/python3.12/site-packages/airflow/example_dags/example_python_operator.py
[2026-04-25T09:09:47.592+0000] {logging_mixin.py:188} INFO - [2026-04-25T09:09:47.592+0000] {dag.py:3096} INFO - Sync 1 DAGs
[2026-04-25T09:09:47.601+0000] {logging_mixin.py:188} INFO - [2026-04-25T09:09:47.601+0000] {dag.py:3954} INFO - Setting next_dagrun for example_python_operator to None, run_after=None
[2026-04-25T09:09:47.618+0000] {processor.py:183} INFO - Processing /usr/local/python/3.12.1/lib/python3.12/site-packages/airflow/example_dags/example_python_operator.py took 0.055 seconds
[2026-04-25T09:10:44.358+0000] {processor.py:161} INFO - Started process (PID=11431) to work on /usr/local/python/3.12.1/lib/python3.12/site-packages/airflow/example_dags/example_python_operator.py
[2026-04-25T09:10:44.359+0000] {processor.py:830} INFO - Processing file /usr/local/python/3.12.1/lib/python3.12/site-packages/airflow/example_dags/example_python_operator.py for tasks to queue
[2026-04-25T09:10:44.360+0000] {logging_mixin.py:188} INFO - [2026-04-25T09:10:44.360+0000] {dagbag.py:540} INFO - Filling up the DagBag from /usr/local/python/3.12.1/lib/python3.12/site-packages/airflow/example_dags/example_python_operator.py
[2026-04-25T09:10:44.369+0000] {processor.py:840} INFO - DAG(s) 'example_python_operator' retrieved from /usr/local/python/3.12.1/lib/python3.12/site-packages/airflow/example_dags/example_python_operator.py
[2026-04-25T09:10:44.384+0000] {logging_mixin.py:188} INFO - [2026-04-25T09:10:44.383+0000] {dag.py:3096} INFO - Sync 1 DAGs
[2026-04-25T09:10:44.393+0000] {logging_mixin.py:188} INFO - [2026-04-25T09:10:44.393+0000] {dag.py:3954} INFO - Setting next_dagrun for example_python_operator to None, run_after=None
[2026-04-25T09:10:44.410+0000] {processor.py:183} INFO - Processing /usr/local/python/3.12.1/lib/python3.12/site-packages/airflow/example_dags/example_python_operator.py took 0.058 seconds
[2026-04-25T09:11:33.330+0000] {processor.py:161} INFO - Started process (PID=12443) to work on /usr/local/python/3.12.1/lib/python3.12/site-packages/airflow/example_dags/example_python_operator.py
[2026-04-25T09:11:33.331+0000] {processor.py:830} INFO - Processing file /usr/local/python/3.12.1/lib/python3.12/site-packages/airflow/example_dags/example_python_operator.py for tasks to queue
[2026-04-25T09:11:33.332+0000] {logging_mixin.py:188} INFO - [2026-04-25T09:11:33.332+0000] {dagbag.py:540} INFO - Filling up the DagBag from /usr/local/python/3.12.1/lib/python3.12/site-packages/airflow/example_dags/example_python_operator.py
[2026-04-25T09:11:33.341+0000] {processor.py:840} INFO - DAG(s) 'example_python_operator' retrieved from /usr/local/python/3.12.1/lib/python3.12/site-packages/airflow/example_dags/example_python_operator.py
[2026-04-25T09:11:33.346+0000] {logging_mixin.py:188} INFO - [2026-04-25T09:11:33.346+0000] {dag.py:3096} INFO - Sync 1 DAGs
[2026-04-25T09:11:33.356+0000] {logging_mixin.py:188} INFO - [2026-04-25T09:11:33.356+0000] {dag.py:3954} INFO - Setting next_dagrun for example_python_operator to None, run_after=None
[2026-04-25T09:11:33.374+0000] {processor.py:183} INFO - Processing /usr/local/python/3.12.1/lib/python3.12/site-packages/airflow/example_dags/example_python_operator.py took 0.049 seconds
[2026-04-25T09:11:54.822+0000] {processor.py:161} INFO - Started process (PID=12705) to work on /usr/local/python/3.12.1/lib/python3.12/site-packages/airflow/example_dags/example_python_operator.py
[2026-04-25T09:11:54.822+0000] {processor.py:830} INFO - Processing file /usr/local/python/3.12.1/lib/python3.12/site-packages/airflow/example_dags/example_python_operator.py for tasks to queue
[2026-04-25T09:11:54.823+0000] {logging_mixin.py:188} INFO - [2026-04-25T09:11:54.823+0000] {dagbag.py:540} INFO - Filling up the DagBag from /usr/local/python/3.12.1/lib/python3.12/site-packages/airflow/example_dags/example_python_operator.py
[2026-04-25T09:11:54.831+0000] {processor.py:840} INFO - DAG(s) 'example_python_operator' retrieved from /usr/local/python/3.12.1/lib/python3.12/site-packages/airflow/example_dags/example_python_operator.py
[2026-04-25T09:11:54.917+0000] {logging_mixin.py:188} INFO - [2026-04-25T09:11:54.917+0000] {dag.py:3096} INFO - Sync 1 DAGs
[2026-04-25T09:11:54.925+0000] {logging_mixin.py:188} INFO - [2026-04-25T09:11:54.924+0000] {dag.py:3954} INFO - Setting next_dagrun for example_python_operator to None, run_after=None
[2026-04-25T09:11:54.941+0000] {processor.py:183} INFO - Processing /usr/local/python/3.12.1/lib/python3.12/site-packages/airflow/example_dags/example_python_operator.py took 0.123 seconds
[2026-04-25T09:12:21.330+0000] {processor.py:161} INFO - Started process (PID=12950) to work on /usr/local/python/3.12.1/lib/python3.12/site-packages/airflow/example_dags/example_python_operator.py
[2026-04-25T09:12:21.331+0000] {processor.py:830} INFO - Processing file /usr/local/python/3.12.1/lib/python3.12/site-packages/airflow/example_dags/example_python_operator.py for tasks to queue
[2026-04-25T09:12:21.332+0000] {logging_mixin.py:188} INFO - [2026-04-25T09:12:21.331+0000] {dagbag.py:540} INFO - Filling up the DagBag from /usr/local/python/3.12.1/lib/python3.12/site-packages/airflow/example_dags/example_python_operator.py
[2026-04-25T09:12:21.344+0000] {processor.py:840} INFO - DAG(s) 'example_python_operator' retrieved from /usr/local/python/3.12.1/lib/python3.12/site-packages/airflow/example_dags/example_python_operator.py
[2026-04-25T09:12:21.352+0000] {logging_mixin.py:188} INFO - [2026-04-25T09:12:21.351+0000] {dag.py:3096} INFO - Sync 1 DAGs
[2026-04-25T09:12:21.363+0000] {logging_mixin.py:188} INFO - [2026-04-25T09:12:21.363+0000] {dag.py:3954} INFO - Setting next_dagrun for example_python_operator to None, run_after=None
[2026-04-25T09:12:21.381+0000] {processor.py:183} INFO - Processing /usr/local/python/3.12.1/lib/python3.12/site-packages/airflow/example_dags/example_python_operator.py took 0.056 seconds
[2026-04-25T09:12:44.295+0000] {processor.py:161} INFO - Started process (PID=13345) to work on /usr/local/python/3.12.1/lib/python3.12/site-packages/airflow/example_dags/example_python_operator.py
[2026-04-25T09:12:44.296+0000] {processor.py:830} INFO - Processing file /usr/local/python/3.12.1/lib/python3.12/site-packages/airflow/example_dags/example_python_operator.py for tasks to queue
[2026-04-25T09:12:44.297+0000] {logging_mixin.py:188} INFO - [2026-04-25T09:12:44.296+0000] {dagbag.py:540} INFO - Filling up the DagBag from /usr/local/python/3.12.1/lib/python3.12/site-packages/airflow/example_dags/example_python_operator.py
[2026-04-25T09:12:44.305+0000] {processor.py:840} INFO - DAG(s) 'example_python_operator' retrieved from /usr/local/python/3.12.1/lib/python3.12/site-packages/airflow/example_dags/example_python_operator.py
[2026-04-25T09:12:44.319+0000] {logging_mixin.py:188} INFO - [2026-04-25T09:12:44.319+0000] {dag.py:3096} INFO - Sync 1 DAGs
[2026-04-25T09:12:44.328+0000] {logging_mixin.py:188} INFO - [2026-04-25T09:12:44.328+0000] {dag.py:3954} INFO - Setting next_dagrun for example_python_operator to None, run_after=None
[2026-04-25T09:12:44.345+0000] {processor.py:183} INFO - Processing /usr/local/python/3.12.1/lib/python3.12/site-packages/airflow/example_dags/example_python_operator.py took 0.054 seconds
[2026-04-25T09:13:22.125+0000] {processor.py:161} INFO - Started process (PID=13797) to work on /usr/local/python/3.12.1/lib/python3.12/site-packages/airflow/example_dags/example_python_operator.py
[2026-04-25T09:13:22.126+0000] {processor.py:830} INFO - Processing file /usr/local/python/3.12.1/lib/python3.12/site-packages/airflow/example_dags/example_python_operator.py for tasks to queue
[2026-04-25T09:13:22.128+0000] {logging_mixin.py:188} INFO - [2026-04-25T09:13:22.127+0000] {dagbag.py:540} INFO - Filling up the DagBag from /usr/local/python/3.12.1/lib/python3.12/site-packages/airflow/example_dags/example_python_operator.py
[2026-04-25T09:13:22.141+0000] {processor.py:840} INFO - DAG(s) 'example_python_operator' retrieved from /usr/local/python/3.12.1/lib/python3.12/site-packages/airflow/example_dags/example_python_operator.py
[2026-04-25T09:13:22.249+0000] {logging_mixin.py:188} INFO - [2026-04-25T09:13:22.249+0000] {dag.py:3096} INFO - Sync 1 DAGs
[2026-04-25T09:13:22.261+0000] {logging_mixin.py:188} INFO - [2026-04-25T09:13:22.261+0000] {dag.py:3954} INFO - Setting next_dagrun for example_python_operator to None, run_after=None
[2026-04-25T09:13:22.279+0000] {processor.py:183} INFO - Processing /usr/local/python/3.12.1/lib/python3.12/site-packages/airflow/example_dags/example_python_operator.py took 0.160 seconds
[2026-04-25T09:14:08.469+0000] {processor.py:161} INFO - Started process (PID=14525) to work on /usr/local/python/3.12.1/lib/python3.12/site-packages/airflow/example_dags/example_python_operator.py
[2026-04-25T09:14:08.470+0000] {processor.py:830} INFO - Processing file /usr/local/python/3.12.1/lib/python3.12/site-packages/airflow/example_dags/example_python_operator.py for tasks to queue
[2026-04-25T09:14:08.471+0000] {logging_mixin.py:188} INFO - [2026-04-25T09:14:08.470+0000] {dagbag.py:540} INFO - Filling up the DagBag from /usr/local/python/3.12.1/lib/python3.12/site-packages/airflow/example_dags/example_python_operator.py
[2026-04-25T09:14:08.479+0000] {processor.py:840} INFO - DAG(s) 'example_python_operator' retrieved from /usr/local/python/3.12.1/lib/python3.12/site-packages/airflow/example_dags/example_python_operator.py
[2026-04-25T09:14:08.561+0000] {logging_mixin.py:188} INFO - [2026-04-25T09:14:08.560+0000] {dag.py:3096} INFO - Sync 1 DAGs
[2026-04-25T09:14:08.568+0000] {logging_mixin.py:188} INFO - [2026-04-25T09:14:08.568+0000] {dag.py:3954} INFO - Setting next_dagrun for example_python_operator to None, run_after=None
[2026-04-25T09:14:08.585+0000] {processor.py:183} INFO - Processing /usr/local/python/3.12.1/lib/python3.12/site-packages/airflow/example_dags/example_python_operator.py took 0.120 seconds
[2026-04-25T09:14:57.521+0000] {processor.py:161} INFO - Started process (PID=14908) to work on /usr/local/python/3.12.1/lib/python3.12/site-packages/airflow/example_dags/example_python_operator.py
[2026-04-25T09:14:57.522+0000] {processor.py:830} INFO - Processing file /usr/local/python/3.12.1/lib/python3.12/site-packages/airflow/example_dags/example_python_operator.py for tasks to queue
[2026-04-25T09:14:57.522+0000] {logging_mixin.py:188} INFO - [2026-04-25T09:14:57.522+0000] {dagbag.py:540} INFO - Filling up the DagBag from /usr/local/python/3.12.1/lib/python3.12/site-packages/airflow/example_dags/example_python_operator.py
[2026-04-25T09:14:57.532+0000] {processor.py:840} INFO - DAG(s) 'example_python_operator' retrieved from /usr/local/python/3.12.1/lib/python3.12/site-packages/airflow/example_dags/example_python_operator.py
[2026-04-25T09:14:57.549+0000] {logging_mixin.py:188} INFO - [2026-04-25T09:14:57.549+0000] {dag.py:3096} INFO - Sync 1 DAGs
[2026-04-25T09:14:57.561+0000] {logging_mixin.py:188} INFO - [2026-04-25T09:14:57.560+0000] {dag.py:3954} INFO - Setting next_dagrun for example_python_operator to None, run_after=None
[2026-04-25T09:14:57.577+0000] {processor.py:183} INFO - Processing /usr/local/python/3.12.1/lib/python3.12/site-packages/airflow/example_dags/example_python_operator.py took 0.060 seconds
[2026-04-25T09:15:46.326+0000] {processor.py:161} INFO - Started process (PID=15460) to work on /usr/local/python/3.12.1/lib/python3.12/site-packages/airflow/example_dags/example_python_operator.py
[2026-04-25T09:15:46.327+0000] {processor.py:830} INFO - Processing file /usr/local/python/3.12.1/lib/python3.12/site-packages/airflow/example_dags/example_python_operator.py for tasks to queue
[2026-04-25T09:15:46.328+0000] {logging_mixin.py:188} INFO - [2026-04-25T09:15:46.327+0000] {dagbag.py:540} INFO - Filling up the DagBag from /usr/local/python/3.12.1/lib/python3.12/site-packages/airflow/example_dags/example_python_operator.py
[2026-04-25T09:15:46.336+0000] {processor.py:840} INFO - DAG(s) 'example_python_operator' retrieved from /usr/local/python/3.12.1/lib/python3.12/site-packages/airflow/example_dags/example_python_operator.py
[2026-04-25T09:15:46.350+0000] {logging_mixin.py:188} INFO - [2026-04-25T09:15:46.350+0000] {dag.py:3096} INFO - Sync 1 DAGs
[2026-04-25T09:15:46.359+0000] {logging_mixin.py:188} INFO - [2026-04-25T09:15:46.359+0000] {dag.py:3954} INFO - Setting next_dagrun for example_python_operator to None, run_after=None
[2026-04-25T09:15:46.377+0000] {processor.py:183} INFO - Processing /usr/local/python/3.12.1/lib/python3.12/site-packages/airflow/example_dags/example_python_operator.py took 0.055 seconds
[2026-04-25T09:16:43.664+0000] {processor.py:161} INFO - Started process (PID=15934) to work on /usr/local/python/3.12.1/lib/python3.12/site-packages/airflow/example_dags/example_python_operator.py
[2026-04-25T09:16:43.665+0000] {processor.py:830} INFO - Processing file /usr/local/python/3.12.1/lib/python3.12/site-packages/airflow/example_dags/example_python_operator.py for tasks to queue
[2026-04-25T09:16:43.665+0000] {logging_mixin.py:188} INFO - [2026-04-25T09:16:43.665+0000] {dagbag.py:540} INFO - Filling up the DagBag from /usr/local/python/3.12.1/lib/python3.12/site-packages/airflow/example_dags/example_python_operator.py
[2026-04-25T09:16:43.674+0000] {processor.py:840} INFO - DAG(s) 'example_python_operator' retrieved from /usr/local/python/3.12.1/lib/python3.12/site-packages/airflow/example_dags/example_python_operator.py
[2026-04-25T09:16:43.688+0000] {logging_mixin.py:188} INFO - [2026-04-25T09:16:43.688+0000] {dag.py:3096} INFO - Sync 1 DAGs
[2026-04-25T09:16:43.697+0000] {logging_mixin.py:188} INFO - [2026-04-25T09:16:43.697+0000] {dag.py:3954} INFO - Setting next_dagrun for example_python_operator to None, run_after=None
[2026-04-25T09:16:43.715+0000] {processor.py:183} INFO - Processing /usr/local/python/3.12.1/lib/python3.12/site-packages/airflow/example_dags/example_python_operator.py took 0.055 seconds
[2026-04-25T09:17:45.035+0000] {processor.py:161} INFO - Started process (PID=16482) to work on /usr/local/python/3.12.1/lib/python3.12/site-packages/airflow/example_dags/example_python_operator.py
[2026-04-25T09:17:45.035+0000] {processor.py:830} INFO - Processing file /usr/local/python/3.12.1/lib/python3.12/site-packages/airflow/example_dags/example_python_operator.py for tasks to queue
[2026-04-25T09:17:45.036+0000] {logging_mixin.py:188} INFO - [2026-04-25T09:17:45.036+0000] {dagbag.py:540} INFO - Filling up the DagBag from /usr/local/python/3.12.1/lib/python3.12/site-packages/airflow/example_dags/example_python_operator.py
[2026-04-25T09:17:45.044+0000] {processor.py:840} INFO - DAG(s) 'example_python_operator' retrieved from /usr/local/python/3.12.1/lib/python3.12/site-packages/airflow/example_dags/example_python_operator.py
[2026-04-25T09:17:45.124+0000] {logging_mixin.py:188} INFO - [2026-04-25T09:17:45.124+0000] {dag.py:3096} INFO - Sync 1 DAGs
[2026-04-25T09:17:45.131+0000] {logging_mixin.py:188} INFO - [2026-04-25T09:17:45.131+0000] {dag.py:3954} INFO - Setting next_dagrun for example_python_operator to None, run_after=None
[2026-04-25T09:17:45.149+0000] {processor.py:183} INFO - Processing /usr/local/python/3.12.1/lib/python3.12/site-packages/airflow/example_dags/example_python_operator.py took 0.118 seconds
[2026-04-25T09:18:30.864+0000] {processor.py:161} INFO - Started process (PID=16854) to work on /usr/local/python/3.12.1/lib/python3.12/site-packages/airflow/example_dags/example_python_operator.py
[2026-04-25T09:18:30.865+0000] {processor.py:830} INFO - Processing file /usr/local/python/3.12.1/lib/python3.12/site-packages/airflow/example_dags/example_python_operator.py for tasks to queue
[2026-04-25T09:18:30.865+0000] {logging_mixin.py:188} INFO - [2026-04-25T09:18:30.865+0000] {dagbag.py:540} INFO - Filling up the DagBag from /usr/local/python/3.12.1/lib/python3.12/site-packages/airflow/example_dags/example_python_operator.py
[2026-04-25T09:18:30.874+0000] {processor.py:840} INFO - DAG(s) 'example_python_operator' retrieved from /usr/local/python/3.12.1/lib/python3.12/site-packages/airflow/example_dags/example_python_operator.py
[2026-04-25T09:18:30.888+0000] {logging_mixin.py:188} INFO - [2026-04-25T09:18:30.888+0000] {dag.py:3096} INFO - Sync 1 DAGs
[2026-04-25T09:18:30.896+0000] {logging_mixin.py:188} INFO - [2026-04-25T09:18:30.896+0000] {dag.py:3954} INFO - Setting next_dagrun for example_python_operator to None, run_after=None
[2026-04-25T09:18:30.913+0000] {processor.py:183} INFO - Processing /usr/local/python/3.12.1/lib/python3.12/site-packages/airflow/example_dags/example_python_operator.py took 0.053 seconds
[2026-04-25T09:19:24.729+0000] {processor.py:161} INFO - Started process (PID=17267) to work on /usr/local/python/3.12.1/lib/python3.12/site-packages/airflow/example_dags/example_python_operator.py
[2026-04-25T09:19:24.730+0000] {processor.py:830} INFO - Processing file /usr/local/python/3.12.1/lib/python3.12/site-packages/airflow/example_dags/example_python_operator.py for tasks to queue
[2026-04-25T09:19:24.730+0000] {logging_mixin.py:188} INFO - [2026-04-25T09:19:24.730+0000] {dagbag.py:540} INFO - Filling up the DagBag from /usr/local/python/3.12.1/lib/python3.12/site-packages/airflow/example_dags/example_python_operator.py
[2026-04-25T09:19:24.739+0000] {processor.py:840} INFO - DAG(s) 'example_python_operator' retrieved from /usr/local/python/3.12.1/lib/python3.12/site-packages/airflow/example_dags/example_python_operator.py
[2026-04-25T09:19:24.753+0000] {logging_mixin.py:188} INFO - [2026-04-25T09:19:24.752+0000] {dag.py:3096} INFO - Sync 1 DAGs
[2026-04-25T09:19:24.761+0000] {logging_mixin.py:188} INFO - [2026-04-25T09:19:24.761+0000] {dag.py:3954} INFO - Setting next_dagrun for example_python_operator to None, run_after=None
[2026-04-25T09:19:24.777+0000] {processor.py:183} INFO - Processing /usr/local/python/3.12.1/lib/python3.12/site-packages/airflow/example_dags/example_python_operator.py took 0.052 seconds
[2026-04-25T09:20:22.294+0000] {processor.py:161} INFO - Started process (PID=17713) to work on /usr/local/python/3.12.1/lib/python3.12/site-packages/airflow/example_dags/example_python_operator.py
[2026-04-25T09:20:22.294+0000] {processor.py:830} INFO - Processing file /usr/local/python/3.12.1/lib/python3.12/site-packages/airflow/example_dags/example_python_operator.py for tasks to queue
[2026-04-25T09:20:22.295+0000] {logging_mixin.py:188} INFO - [2026-04-25T09:20:22.295+0000] {dagbag.py:540} INFO - Filling up the DagBag from /usr/local/python/3.12.1/lib/python3.12/site-packages/airflow/example_dags/example_python_operator.py
[2026-04-25T09:20:22.303+0000] {processor.py:840} INFO - DAG(s) 'example_python_operator' retrieved from /usr/local/python/3.12.1/lib/python3.12/site-packages/airflow/example_dags/example_python_operator.py
[2026-04-25T09:20:22.318+0000] {logging_mixin.py:188} INFO - [2026-04-25T09:20:22.317+0000] {dag.py:3096} INFO - Sync 1 DAGs
[2026-04-25T09:20:22.327+0000] {logging_mixin.py:188} INFO - [2026-04-25T09:20:22.327+0000] {dag.py:3954} INFO - Setting next_dagrun for example_python_operator to None, run_after=None
[2026-04-25T09:20:22.344+0000] {processor.py:183} INFO - Processing /usr/local/python/3.12.1/lib/python3.12/site-packages/airflow/example_dags/example_python_operator.py took 0.055 seconds
[2026-04-25T09:21:17.618+0000] {processor.py:161} INFO - Started process (PID=18137) to work on /usr/local/python/3.12.1/lib/python3.12/site-packages/airflow/example_dags/example_python_operator.py
[2026-04-25T09:21:17.619+0000] {processor.py:830} INFO - Processing file /usr/local/python/3.12.1/lib/python3.12/site-packages/airflow/example_dags/example_python_operator.py for tasks to queue
[2026-04-25T09:21:17.620+0000] {logging_mixin.py:188} INFO - [2026-04-25T09:21:17.619+0000] {dagbag.py:540} INFO - Filling up the DagBag from /usr/local/python/3.12.1/lib/python3.12/site-packages/airflow/example_dags/example_python_operator.py
[2026-04-25T09:21:17.628+0000] {processor.py:840} INFO - DAG(s) 'example_python_operator' retrieved from /usr/local/python/3.12.1/lib/python3.12/site-packages/airflow/example_dags/example_python_operator.py
[2026-04-25T09:21:17.641+0000] {logging_mixin.py:188} INFO - [2026-04-25T09:21:17.641+0000] {dag.py:3096} INFO - Sync 1 DAGs
[2026-04-25T09:21:17.649+0000] {logging_mixin.py:188} INFO - [2026-04-25T09:21:17.649+0000] {dag.py:3954} INFO - Setting next_dagrun for example_python_operator to None, run_after=None
[2026-04-25T09:21:17.665+0000] {processor.py:183} INFO - Processing /usr/local/python/3.12.1/lib/python3.12/site-packages/airflow/example_dags/example_python_operator.py took 0.051 seconds
[2026-04-25T09:22:18.381+0000] {processor.py:161} INFO - Started process (PID=18600) to work on /usr/local/python/3.12.1/lib/python3.12/site-packages/airflow/example_dags/example_python_operator.py
[2026-04-25T09:22:18.382+0000] {processor.py:830} INFO - Processing file /usr/local/python/3.12.1/lib/python3.12/site-packages/airflow/example_dags/example_python_operator.py for tasks to queue
[2026-04-25T09:22:18.383+0000] {logging_mixin.py:188} INFO - [2026-04-25T09:22:18.382+0000] {dagbag.py:540} INFO - Filling up the DagBag from /usr/local/python/3.12.1/lib/python3.12/site-packages/airflow/example_dags/example_python_operator.py
[2026-04-25T09:22:18.391+0000] {processor.py:840} INFO - DAG(s) 'example_python_operator' retrieved from /usr/local/python/3.12.1/lib/python3.12/site-packages/airflow/example_dags/example_python_operator.py
[2026-04-25T09:22:18.404+0000] {logging_mixin.py:188} INFO - [2026-04-25T09:22:18.404+0000] {dag.py:3096} INFO - Sync 1 DAGs
[2026-04-25T09:22:18.413+0000] {logging_mixin.py:188} INFO - [2026-04-25T09:22:18.413+0000] {dag.py:3954} INFO - Setting next_dagrun for example_python_operator to None, run_after=None
[2026-04-25T09:22:18.430+0000] {processor.py:183} INFO - Processing /usr/local/python/3.12.1/lib/python3.12/site-packages/airflow/example_dags/example_python_operator.py took 0.052 seconds
[2026-04-25T09:23:16.113+0000] {processor.py:161} INFO - Started process (PID=19057) to work on /usr/local/python/3.12.1/lib/python3.12/site-packages/airflow/example_dags/example_python_operator.py
[2026-04-25T09:23:16.114+0000] {processor.py:830} INFO - Processing file /usr/local/python/3.12.1/lib/python3.12/site-packages/airflow/example_dags/example_python_operator.py for tasks to queue
[2026-04-25T09:23:16.115+0000] {logging_mixin.py:188} INFO - [2026-04-25T09:23:16.115+0000] {dagbag.py:540} INFO - Filling up the DagBag from /usr/local/python/3.12.1/lib/python3.12/site-packages/airflow/example_dags/example_python_operator.py
[2026-04-25T09:23:16.123+0000] {processor.py:840} INFO - DAG(s) 'example_python_operator' retrieved from /usr/local/python/3.12.1/lib/python3.12/site-packages/airflow/example_dags/example_python_operator.py
[2026-04-25T09:23:16.137+0000] {logging_mixin.py:188} INFO - [2026-04-25T09:23:16.137+0000] {dag.py:3096} INFO - Sync 1 DAGs
[2026-04-25T09:23:16.146+0000] {logging_mixin.py:188} INFO - [2026-04-25T09:23:16.146+0000] {dag.py:3954} INFO - Setting next_dagrun for example_python_operator to None, run_after=None
[2026-04-25T09:23:16.163+0000] {processor.py:183} INFO - Processing /usr/local/python/3.12.1/lib/python3.12/site-packages/airflow/example_dags/example_python_operator.py took 0.053 seconds
[2026-04-25T09:24:13.281+0000] {processor.py:161} INFO - Started process (PID=19507) to work on /usr/local/python/3.12.1/lib/python3.12/site-packages/airflow/example_dags/example_python_operator.py
[2026-04-25T09:24:13.282+0000] {processor.py:830} INFO - Processing file /usr/local/python/3.12.1/lib/python3.12/site-packages/airflow/example_dags/example_python_operator.py for tasks to queue
[2026-04-25T09:24:13.283+0000] {logging_mixin.py:188} INFO - [2026-04-25T09:24:13.282+0000] {dagbag.py:540} INFO - Filling up the DagBag from /usr/local/python/3.12.1/lib/python3.12/site-packages/airflow/example_dags/example_python_operator.py
[2026-04-25T09:24:13.291+0000] {processor.py:840} INFO - DAG(s) 'example_python_operator' retrieved from /usr/local/python/3.12.1/lib/python3.12/site-packages/airflow/example_dags/example_python_operator.py
[2026-04-25T09:24:13.305+0000] {logging_mixin.py:188} INFO - [2026-04-25T09:24:13.305+0000] {dag.py:3096} INFO - Sync 1 DAGs
[2026-04-25T09:24:13.314+0000] {logging_mixin.py:188} INFO - [2026-04-25T09:24:13.313+0000] {dag.py:3954} INFO - Setting next_dagrun for example_python_operator to None, run_after=None
[2026-04-25T09:24:13.330+0000] {processor.py:183} INFO - Processing /usr/local/python/3.12.1/lib/python3.12/site-packages/airflow/example_dags/example_python_operator.py took 0.053 seconds
[2026-04-25T09:24:54.950+0000] {processor.py:161} INFO - Started process (PID=19830) to work on /usr/local/python/3.12.1/lib/python3.12/site-packages/airflow/example_dags/example_python_operator.py
[2026-04-25T09:24:54.951+0000] {processor.py:830} INFO - Processing file /usr/local/python/3.12.1/lib/python3.12/site-packages/airflow/example_dags/example_python_operator.py for tasks to queue
[2026-04-25T09:24:54.952+0000] {logging_mixin.py:188} INFO - [2026-04-25T09:24:54.951+0000] {dagbag.py:540} INFO - Filling up the DagBag from /usr/local/python/3.12.1/lib/python3.12/site-packages/airflow/example_dags/example_python_operator.py
[2026-04-25T09:24:54.960+0000] {processor.py:840} INFO - DAG(s) 'example_python_operator' retrieved from /usr/local/python/3.12.1/lib/python3.12/site-packages/airflow/example_dags/example_python_operator.py
[2026-04-25T09:24:54.975+0000] {logging_mixin.py:188} INFO - [2026-04-25T09:24:54.974+0000] {dag.py:3096} INFO - Sync 1 DAGs
[2026-04-25T09:24:54.983+0000] {logging_mixin.py:188} INFO - [2026-04-25T09:24:54.983+0000] {dag.py:3954} INFO - Setting next_dagrun for example_python_operator to None, run_after=None
[2026-04-25T09:24:55.000+0000] {processor.py:183} INFO - Processing /usr/local/python/3.12.1/lib/python3.12/site-packages/airflow/example_dags/example_python_operator.py took 0.054 seconds
[2026-04-25T09:25:50.179+0000] {processor.py:161} INFO - Started process (PID=20254) to work on /usr/local/python/3.12.1/lib/python3.12/site-packages/airflow/example_dags/example_python_operator.py
[2026-04-25T09:25:50.180+0000] {processor.py:830} INFO - Processing file /usr/local/python/3.12.1/lib/python3.12/site-packages/airflow/example_dags/example_python_operator.py for tasks to queue
[2026-04-25T09:25:50.181+0000] {logging_mixin.py:188} INFO - [2026-04-25T09:25:50.180+0000] {dagbag.py:540} INFO - Filling up the DagBag from /usr/local/python/3.12.1/lib/python3.12/site-packages/airflow/example_dags/example_python_operator.py
[2026-04-25T09:25:50.189+0000] {processor.py:840} INFO - DAG(s) 'example_python_operator' retrieved from /usr/local/python/3.12.1/lib/python3.12/site-packages/airflow/example_dags/example_python_operator.py
[2026-04-25T09:25:50.203+0000] {logging_mixin.py:188} INFO - [2026-04-25T09:25:50.202+0000] {dag.py:3096} INFO - Sync 1 DAGs
[2026-04-25T09:25:50.211+0000] {logging_mixin.py:188} INFO - [2026-04-25T09:25:50.211+0000] {dag.py:3954} INFO - Setting next_dagrun for example_python_operator to None, run_after=None
[2026-04-25T09:25:50.227+0000] {processor.py:183} INFO - Processing /usr/local/python/3.12.1/lib/python3.12/site-packages/airflow/example_dags/example_python_operator.py took 0.052 seconds
[2026-04-25T09:26:51.784+0000] {processor.py:161} INFO - Started process (PID=20727) to work on /usr/local/python/3.12.1/lib/python3.12/site-packages/airflow/example_dags/example_python_operator.py
[2026-04-25T09:26:51.785+0000] {processor.py:830} INFO - Processing file /usr/local/python/3.12.1/lib/python3.12/site-packages/airflow/example_dags/example_python_operator.py for tasks to queue
[2026-04-25T09:26:51.785+0000] {logging_mixin.py:188} INFO - [2026-04-25T09:26:51.785+0000] {dagbag.py:540} INFO - Filling up the DagBag from /usr/local/python/3.12.1/lib/python3.12/site-packages/airflow/example_dags/example_python_operator.py
[2026-04-25T09:26:51.794+0000] {processor.py:840} INFO - DAG(s) 'example_python_operator' retrieved from /usr/local/python/3.12.1/lib/python3.12/site-packages/airflow/example_dags/example_python_operator.py
[2026-04-25T09:26:51.808+0000] {logging_mixin.py:188} INFO - [2026-04-25T09:26:51.808+0000] {dag.py:3096} INFO - Sync 1 DAGs
[2026-04-25T09:26:51.817+0000] {logging_mixin.py:188} INFO - [2026-04-25T09:26:51.817+0000] {dag.py:3954} INFO - Setting next_dagrun for example_python_operator to None, run_after=None
[2026-04-25T09:26:51.834+0000] {processor.py:183} INFO - Processing /usr/local/python/3.12.1/lib/python3.12/site-packages/airflow/example_dags/example_python_operator.py took 0.054 seconds
[2026-04-25T09:27:52.289+0000] {processor.py:161} INFO - Started process (PID=21193) to work on /usr/local/python/3.12.1/lib/python3.12/site-packages/airflow/example_dags/example_python_operator.py
[2026-04-25T09:27:52.289+0000] {processor.py:830} INFO - Processing file /usr/local/python/3.12.1/lib/python3.12/site-packages/airflow/example_dags/example_python_operator.py for tasks to queue
[2026-04-25T09:27:52.290+0000] {logging_mixin.py:188} INFO - [2026-04-25T09:27:52.290+0000] {dagbag.py:540} INFO - Filling up the DagBag from /usr/local/python/3.12.1/lib/python3.12/site-packages/airflow/example_dags/example_python_operator.py
[2026-04-25T09:27:52.298+0000] {processor.py:840} INFO - DAG(s) 'example_python_operator' retrieved from /usr/local/python/3.12.1/lib/python3.12/site-packages/airflow/example_dags/example_python_operator.py
[2026-04-25T09:27:52.312+0000] {logging_mixin.py:188} INFO - [2026-04-25T09:27:52.312+0000] {dag.py:3096} INFO - Sync 1 DAGs
[2026-04-25T09:27:52.321+0000] {logging_mixin.py:188} INFO - [2026-04-25T09:27:52.321+0000] {dag.py:3954} INFO - Setting next_dagrun for example_python_operator to None, run_after=None
[2026-04-25T09:27:52.338+0000] {processor.py:183} INFO - Processing /usr/local/python/3.12.1/lib/python3.12/site-packages/airflow/example_dags/example_python_operator.py took 0.054 seconds
[2026-04-25T09:28:36.004+0000] {processor.py:161} INFO - Started process (PID=21522) to work on /usr/local/python/3.12.1/lib/python3.12/site-packages/airflow/example_dags/example_python_operator.py
[2026-04-25T09:28:36.005+0000] {processor.py:830} INFO - Processing file /usr/local/python/3.12.1/lib/python3.12/site-packages/airflow/example_dags/example_python_operator.py for tasks to queue
[2026-04-25T09:28:36.006+0000] {logging_mixin.py:188} INFO - [2026-04-25T09:28:36.005+0000] {dagbag.py:540} INFO - Filling up the DagBag from /usr/local/python/3.12.1/lib/python3.12/site-packages/airflow/example_dags/example_python_operator.py
[2026-04-25T09:28:36.014+0000] {processor.py:840} INFO - DAG(s) 'example_python_operator' retrieved from /usr/local/python/3.12.1/lib/python3.12/site-packages/airflow/example_dags/example_python_operator.py
[2026-04-25T09:28:36.027+0000] {logging_mixin.py:188} INFO - [2026-04-25T09:28:36.027+0000] {dag.py:3096} INFO - Sync 1 DAGs
[2026-04-25T09:28:36.036+0000] {logging_mixin.py:188} INFO - [2026-04-25T09:28:36.036+0000] {dag.py:3954} INFO - Setting next_dagrun for example_python_operator to None, run_after=None
[2026-04-25T09:28:36.053+0000] {processor.py:183} INFO - Processing /usr/local/python/3.12.1/lib/python3.12/site-packages/airflow/example_dags/example_python_operator.py took 0.053 seconds
[2026-04-25T09:29:36.825+0000] {processor.py:161} INFO - Started process (PID=21992) to work on /usr/local/python/3.12.1/lib/python3.12/site-packages/airflow/example_dags/example_python_operator.py
[2026-04-25T09:29:36.826+0000] {processor.py:830} INFO - Processing file /usr/local/python/3.12.1/lib/python3.12/site-packages/airflow/example_dags/example_python_operator.py for tasks to queue
[2026-04-25T09:29:36.827+0000] {logging_mixin.py:188} INFO - [2026-04-25T09:29:36.826+0000] {dagbag.py:540} INFO - Filling up the DagBag from /usr/local/python/3.12.1/lib/python3.12/site-packages/airflow/example_dags/example_python_operator.py
[2026-04-25T09:29:36.835+0000] {processor.py:840} INFO - DAG(s) 'example_python_operator' retrieved from /usr/local/python/3.12.1/lib/python3.12/site-packages/airflow/example_dags/example_python_operator.py
[2026-04-25T09:29:36.848+0000] {logging_mixin.py:188} INFO - [2026-04-25T09:29:36.848+0000] {dag.py:3096} INFO - Sync 1 DAGs
[2026-04-25T09:29:36.858+0000] {logging_mixin.py:188} INFO - [2026-04-25T09:29:36.857+0000] {dag.py:3954} INFO - Setting next_dagrun for example_python_operator to None, run_after=None
[2026-04-25T09:29:36.875+0000] {processor.py:183} INFO - Processing /usr/local/python/3.12.1/lib/python3.12/site-packages/airflow/example_dags/example_python_operator.py took 0.054 seconds
[2026-04-25T09:30:35.222+0000] {processor.py:161} INFO - Started process (PID=22445) to work on /usr/local/python/3.12.1/lib/python3.12/site-packages/airflow/example_dags/example_python_operator.py
[2026-04-25T09:30:35.223+0000] {processor.py:830} INFO - Processing file /usr/local/python/3.12.1/lib/python3.12/site-packages/airflow/example_dags/example_python_operator.py for tasks to queue
[2026-04-25T09:30:35.224+0000] {logging_mixin.py:188} INFO - [2026-04-25T09:30:35.223+0000] {dagbag.py:540} INFO - Filling up the DagBag from /usr/local/python/3.12.1/lib/python3.12/site-packages/airflow/example_dags/example_python_operator.py
[2026-04-25T09:30:35.232+0000] {processor.py:840} INFO - DAG(s) 'example_python_operator' retrieved from /usr/local/python/3.12.1/lib/python3.12/site-packages/airflow/example_dags/example_python_operator.py
[2026-04-25T09:30:35.245+0000] {logging_mixin.py:188} INFO - [2026-04-25T09:30:35.245+0000] {dag.py:3096} INFO - Sync 1 DAGs
[2026-04-25T09:30:35.253+0000] {logging_mixin.py:188} INFO - [2026-04-25T09:30:35.253+0000] {dag.py:3954} INFO - Setting next_dagrun for example_python_operator to None, run_after=None
[2026-04-25T09:30:35.269+0000] {processor.py:183} INFO - Processing /usr/local/python/3.12.1/lib/python3.12/site-packages/airflow/example_dags/example_python_operator.py took 0.051 seconds
[2026-04-25T09:31:19.730+0000] {processor.py:161} INFO - Started process (PID=22784) to work on /usr/local/python/3.12.1/lib/python3.12/site-packages/airflow/example_dags/example_python_operator.py
[2026-04-25T09:31:19.731+0000] {processor.py:830} INFO - Processing file /usr/local/python/3.12.1/lib/python3.12/site-packages/airflow/example_dags/example_python_operator.py for tasks to queue
[2026-04-25T09:31:19.732+0000] {logging_mixin.py:188} INFO - [2026-04-25T09:31:19.731+0000] {dagbag.py:540} INFO - Filling up the DagBag from /usr/local/python/3.12.1/lib/python3.12/site-packages/airflow/example_dags/example_python_operator.py
[2026-04-25T09:31:19.740+0000] {processor.py:840} INFO - DAG(s) 'example_python_operator' retrieved from /usr/local/python/3.12.1/lib/python3.12/site-packages/airflow/example_dags/example_python_operator.py
[2026-04-25T09:31:19.754+0000] {logging_mixin.py:188} INFO - [2026-04-25T09:31:19.753+0000] {dag.py:3096} INFO - Sync 1 DAGs
[2026-04-25T09:31:19.762+0000] {logging_mixin.py:188} INFO - [2026-04-25T09:31:19.762+0000] {dag.py:3954} INFO - Setting next_dagrun for example_python_operator to None, run_after=None
[2026-04-25T09:31:19.778+0000] {processor.py:183} INFO - Processing /usr/local/python/3.12.1/lib/python3.12/site-packages/airflow/example_dags/example_python_operator.py took 0.052 seconds
[2026-04-25T09:32:24.017+0000] {processor.py:161} INFO - Started process (PID=23286) to work on /usr/local/python/3.12.1/lib/python3.12/site-packages/airflow/example_dags/example_python_operator.py
[2026-04-25T09:32:24.018+0000] {processor.py:830} INFO - Processing file /usr/local/python/3.12.1/lib/python3.12/site-packages/airflow/example_dags/example_python_operator.py for tasks to queue
[2026-04-25T09:32:24.019+0000] {logging_mixin.py:188} INFO - [2026-04-25T09:32:24.019+0000] {dagbag.py:540} INFO - Filling up the DagBag from /usr/local/python/3.12.1/lib/python3.12/site-packages/airflow/example_dags/example_python_operator.py
[2026-04-25T09:32:24.027+0000] {processor.py:840} INFO - DAG(s) 'example_python_operator' retrieved from /usr/local/python/3.12.1/lib/python3.12/site-packages/airflow/example_dags/example_python_operator.py
[2026-04-25T09:32:24.041+0000] {logging_mixin.py:188} INFO - [2026-04-25T09:32:24.041+0000] {dag.py:3096} INFO - Sync 1 DAGs
[2026-04-25T09:32:24.049+0000] {logging_mixin.py:188} INFO - [2026-04-25T09:32:24.049+0000] {dag.py:3954} INFO - Setting next_dagrun for example_python_operator to None, run_after=None
[2026-04-25T09:32:24.066+0000] {processor.py:183} INFO - Processing /usr/local/python/3.12.1/lib/python3.12/site-packages/airflow/example_dags/example_python_operator.py took 0.053 seconds
[2026-04-25T09:33:09.460+0000] {processor.py:161} INFO - Started process (PID=23625) to work on /usr/local/python/3.12.1/lib/python3.12/site-packages/airflow/example_dags/example_python_operator.py
[2026-04-25T09:33:09.461+0000] {processor.py:830} INFO - Processing file /usr/local/python/3.12.1/lib/python3.12/site-packages/airflow/example_dags/example_python_operator.py for tasks to queue
[2026-04-25T09:33:09.462+0000] {logging_mixin.py:188} INFO - [2026-04-25T09:33:09.461+0000] {dagbag.py:540} INFO - Filling up the DagBag from /usr/local/python/3.12.1/lib/python3.12/site-packages/airflow/example_dags/example_python_operator.py
[2026-04-25T09:33:09.471+0000] {processor.py:840} INFO - DAG(s) 'example_python_operator' retrieved from /usr/local/python/3.12.1/lib/python3.12/site-packages/airflow/example_dags/example_python_operator.py
[2026-04-25T09:33:09.485+0000] {logging_mixin.py:188} INFO - [2026-04-25T09:33:09.485+0000] {dag.py:3096} INFO - Sync 1 DAGs
[2026-04-25T09:33:09.495+0000] {logging_mixin.py:188} INFO - [2026-04-25T09:33:09.494+0000] {dag.py:3954} INFO - Setting next_dagrun for example_python_operator to None, run_after=None
[2026-04-25T09:33:09.665+0000] {processor.py:183} INFO - Processing /usr/local/python/3.12.1/lib/python3.12/site-packages/airflow/example_dags/example_python_operator.py took 0.209 seconds
[2026-04-25T09:33:53.440+0000] {processor.py:161} INFO - Started process (PID=23976) to work on /usr/local/python/3.12.1/lib/python3.12/site-packages/airflow/example_dags/example_python_operator.py
[2026-04-25T09:33:53.441+0000] {processor.py:830} INFO - Processing file /usr/local/python/3.12.1/lib/python3.12/site-packages/airflow/example_dags/example_python_operator.py for tasks to queue
[2026-04-25T09:33:53.442+0000] {logging_mixin.py:188} INFO - [2026-04-25T09:33:53.441+0000] {dagbag.py:540} INFO - Filling up the DagBag from /usr/local/python/3.12.1/lib/python3.12/site-packages/airflow/example_dags/example_python_operator.py
[2026-04-25T09:33:53.450+0000] {processor.py:840} INFO - DAG(s) 'example_python_operator' retrieved from /usr/local/python/3.12.1/lib/python3.12/site-packages/airflow/example_dags/example_python_operator.py
[2026-04-25T09:33:53.464+0000] {logging_mixin.py:188} INFO - [2026-04-25T09:33:53.463+0000] {dag.py:3096} INFO - Sync 1 DAGs
[2026-04-25T09:33:53.472+0000] {logging_mixin.py:188} INFO - [2026-04-25T09:33:53.472+0000] {dag.py:3954} INFO - Setting next_dagrun for example_python_operator to None, run_after=None
[2026-04-25T09:33:53.489+0000] {processor.py:183} INFO - Processing /usr/local/python/3.12.1/lib/python3.12/site-packages/airflow/example_dags/example_python_operator.py took 0.052 seconds
[2026-04-25T09:34:35.215+0000] {processor.py:161} INFO - Started process (PID=24299) to work on /usr/local/python/3.12.1/lib/python3.12/site-packages/airflow/example_dags/example_python_operator.py
[2026-04-25T09:34:35.216+0000] {processor.py:830} INFO - Processing file /usr/local/python/3.12.1/lib/python3.12/site-packages/airflow/example_dags/example_python_operator.py for tasks to queue
[2026-04-25T09:34:35.217+0000] {logging_mixin.py:188} INFO - [2026-04-25T09:34:35.216+0000] {dagbag.py:540} INFO - Filling up the DagBag from /usr/local/python/3.12.1/lib/python3.12/site-packages/airflow/example_dags/example_python_operator.py
[2026-04-25T09:34:35.225+0000] {processor.py:840} INFO - DAG(s) 'example_python_operator' retrieved from /usr/local/python/3.12.1/lib/python3.12/site-packages/airflow/example_dags/example_python_operator.py
[2026-04-25T09:34:35.239+0000] {logging_mixin.py:188} INFO - [2026-04-25T09:34:35.238+0000] {dag.py:3096} INFO - Sync 1 DAGs
[2026-04-25T09:34:35.247+0000] {logging_mixin.py:188} INFO - [2026-04-25T09:34:35.247+0000] {dag.py:3954} INFO - Setting next_dagrun for example_python_operator to None, run_after=None
[2026-04-25T09:34:35.264+0000] {processor.py:183} INFO - Processing /usr/local/python/3.12.1/lib/python3.12/site-packages/airflow/example_dags/example_python_operator.py took 0.053 seconds
[2026-04-25T09:35:32.394+0000] {processor.py:161} INFO - Started process (PID=24727) to work on /usr/local/python/3.12.1/lib/python3.12/site-packages/airflow/example_dags/example_python_operator.py
[2026-04-25T09:35:32.395+0000] {processor.py:830} INFO - Processing file /usr/local/python/3.12.1/lib/python3.12/site-packages/airflow/example_dags/example_python_operator.py for tasks to queue
[2026-04-25T09:35:32.396+0000] {logging_mixin.py:188} INFO - [2026-04-25T09:35:32.395+0000] {dagbag.py:540} INFO - Filling up the DagBag from /usr/local/python/3.12.1/lib/python3.12/site-packages/airflow/example_dags/example_python_operator.py
[2026-04-25T09:35:32.404+0000] {processor.py:840} INFO - DAG(s) 'example_python_operator' retrieved from /usr/local/python/3.12.1/lib/python3.12/site-packages/airflow/example_dags/example_python_operator.py
[2026-04-25T09:35:32.418+0000] {logging_mixin.py:188} INFO - [2026-04-25T09:35:32.417+0000] {dag.py:3096} INFO - Sync 1 DAGs
[2026-04-25T09:35:32.426+0000] {logging_mixin.py:188} INFO - [2026-04-25T09:35:32.426+0000] {dag.py:3954} INFO - Setting next_dagrun for example_python_operator to None, run_after=None
[2026-04-25T09:35:32.445+0000] {processor.py:183} INFO - Processing /usr/local/python/3.12.1/lib/python3.12/site-packages/airflow/example_dags/example_python_operator.py took 0.054 seconds
[2026-04-25T09:36:28.783+0000] {processor.py:161} INFO - Started process (PID=25174) to work on /usr/local/python/3.12.1/lib/python3.12/site-packages/airflow/example_dags/example_python_operator.py
[2026-04-25T09:36:28.783+0000] {processor.py:830} INFO - Processing file /usr/local/python/3.12.1/lib/python3.12/site-packages/airflow/example_dags/example_python_operator.py for tasks to queue
[2026-04-25T09:36:28.784+0000] {logging_mixin.py:188} INFO - [2026-04-25T09:36:28.784+0000] {dagbag.py:540} INFO - Filling up the DagBag from /usr/local/python/3.12.1/lib/python3.12/site-packages/airflow/example_dags/example_python_operator.py
[2026-04-25T09:36:28.792+0000] {processor.py:840} INFO - DAG(s) 'example_python_operator' retrieved from /usr/local/python/3.12.1/lib/python3.12/site-packages/airflow/example_dags/example_python_operator.py
[2026-04-25T09:36:28.806+0000] {logging_mixin.py:188} INFO - [2026-04-25T09:36:28.806+0000] {dag.py:3096} INFO - Sync 1 DAGs
[2026-04-25T09:36:28.815+0000] {logging_mixin.py:188} INFO - [2026-04-25T09:36:28.814+0000] {dag.py:3954} INFO - Setting next_dagrun for example_python_operator to None, run_after=None
[2026-04-25T09:36:28.831+0000] {processor.py:183} INFO - Processing /usr/local/python/3.12.1/lib/python3.12/site-packages/airflow/example_dags/example_python_operator.py took 0.053 seconds
[2026-04-25T09:37:14.971+0000] {processor.py:161} INFO - Started process (PID=25522) to work on /usr/local/python/3.12.1/lib/python3.12/site-packages/airflow/example_dags/example_python_operator.py
[2026-04-25T09:37:14.972+0000] {processor.py:830} INFO - Processing file /usr/local/python/3.12.1/lib/python3.12/site-packages/airflow/example_dags/example_python_operator.py for tasks to queue
[2026-04-25T09:37:14.973+0000] {logging_mixin.py:188} INFO - [2026-04-25T09:37:14.972+0000] {dagbag.py:540} INFO - Filling up the DagBag from /usr/local/python/3.12.1/lib/python3.12/site-packages/airflow/example_dags/example_python_operator.py
[2026-04-25T09:37:14.981+0000] {processor.py:840} INFO - DAG(s) 'example_python_operator' retrieved from /usr/local/python/3.12.1/lib/python3.12/site-packages/airflow/example_dags/example_python_operator.py
[2026-04-25T09:37:14.995+0000] {logging_mixin.py:188} INFO - [2026-04-25T09:37:14.995+0000] {dag.py:3096} INFO - Sync 1 DAGs
[2026-04-25T09:37:15.005+0000] {logging_mixin.py:188} INFO - [2026-04-25T09:37:15.005+0000] {dag.py:3954} INFO - Setting next_dagrun for example_python_operator to None, run_after=None
[2026-04-25T09:37:15.023+0000] {processor.py:183} INFO - Processing /usr/local/python/3.12.1/lib/python3.12/site-packages/airflow/example_dags/example_python_operator.py took 0.056 seconds
[2026-04-25T09:38:15.773+0000] {processor.py:161} INFO - Started process (PID=25988) to work on /usr/local/python/3.12.1/lib/python3.12/site-packages/airflow/example_dags/example_python_operator.py
[2026-04-25T09:38:15.774+0000] {processor.py:830} INFO - Processing file /usr/local/python/3.12.1/lib/python3.12/site-packages/airflow/example_dags/example_python_operator.py for tasks to queue
[2026-04-25T09:38:15.775+0000] {logging_mixin.py:188} INFO - [2026-04-25T09:38:15.774+0000] {dagbag.py:540} INFO - Filling up the DagBag from /usr/local/python/3.12.1/lib/python3.12/site-packages/airflow/example_dags/example_python_operator.py
[2026-04-25T09:38:15.783+0000] {processor.py:840} INFO - DAG(s) 'example_python_operator' retrieved from /usr/local/python/3.12.1/lib/python3.12/site-packages/airflow/example_dags/example_python_operator.py
[2026-04-25T09:38:15.801+0000] {logging_mixin.py:188} INFO - [2026-04-25T09:38:15.801+0000] {dag.py:3096} INFO - Sync 1 DAGs
[2026-04-25T09:38:15.810+0000] {logging_mixin.py:188} INFO - [2026-04-25T09:38:15.810+0000] {dag.py:3954} INFO - Setting next_dagrun for example_python_operator to None, run_after=None
[2026-04-25T09:38:15.826+0000] {processor.py:183} INFO - Processing /usr/local/python/3.12.1/lib/python3.12/site-packages/airflow/example_dags/example_python_operator.py took 0.057 seconds
[2026-04-25T09:39:16.458+0000] {processor.py:161} INFO - Started process (PID=26452) to work on /usr/local/python/3.12.1/lib/python3.12/site-packages/airflow/example_dags/example_python_operator.py
[2026-04-25T09:39:16.459+0000] {processor.py:830} INFO - Processing file /usr/local/python/3.12.1/lib/python3.12/site-packages/airflow/example_dags/example_python_operator.py for tasks to queue
[2026-04-25T09:39:16.459+0000] {logging_mixin.py:188} INFO - [2026-04-25T09:39:16.459+0000] {dagbag.py:540} INFO - Filling up the DagBag from /usr/local/python/3.12.1/lib/python3.12/site-packages/airflow/example_dags/example_python_operator.py
[2026-04-25T09:39:16.468+0000] {processor.py:840} INFO - DAG(s) 'example_python_operator' retrieved from /usr/local/python/3.12.1/lib/python3.12/site-packages/airflow/example_dags/example_python_operator.py
[2026-04-25T09:39:16.481+0000] {logging_mixin.py:188} INFO - [2026-04-25T09:39:16.481+0000] {dag.py:3096} INFO - Sync 1 DAGs
[2026-04-25T09:39:16.490+0000] {logging_mixin.py:188} INFO - [2026-04-25T09:39:16.490+0000] {dag.py:3954} INFO - Setting next_dagrun for example_python_operator to None, run_after=None
[2026-04-25T09:39:16.507+0000] {processor.py:183} INFO - Processing /usr/local/python/3.12.1/lib/python3.12/site-packages/airflow/example_dags/example_python_operator.py took 0.053 seconds
[2026-04-25T09:40:14.881+0000] {processor.py:161} INFO - Started process (PID=26917) to work on /usr/local/python/3.12.1/lib/python3.12/site-packages/airflow/example_dags/example_python_operator.py
[2026-04-25T09:40:14.882+0000] {processor.py:830} INFO - Processing file /usr/local/python/3.12.1/lib/python3.12/site-packages/airflow/example_dags/example_python_operator.py for tasks to queue
[2026-04-25T09:40:14.883+0000] {logging_mixin.py:188} INFO - [2026-04-25T09:40:14.882+0000] {dagbag.py:540} INFO - Filling up the DagBag from /usr/local/python/3.12.1/lib/python3.12/site-packages/airflow/example_dags/example_python_operator.py
[2026-04-25T09:40:14.891+0000] {processor.py:840} INFO - DAG(s) 'example_python_operator' retrieved from /usr/local/python/3.12.1/lib/python3.12/site-packages/airflow/example_dags/example_python_operator.py
[2026-04-25T09:40:14.906+0000] {logging_mixin.py:188} INFO - [2026-04-25T09:40:14.906+0000] {dag.py:3096} INFO - Sync 1 DAGs
[2026-04-25T09:40:14.916+0000] {logging_mixin.py:188} INFO - [2026-04-25T09:40:14.915+0000] {dag.py:3954} INFO - Setting next_dagrun for example_python_operator to None, run_after=None
[2026-04-25T09:40:14.932+0000] {processor.py:183} INFO - Processing /usr/local/python/3.12.1/lib/python3.12/site-packages/airflow/example_dags/example_python_operator.py took 0.056 seconds
[2026-04-25T09:41:12.763+0000] {processor.py:161} INFO - Started process (PID=27371) to work on /usr/local/python/3.12.1/lib/python3.12/site-packages/airflow/example_dags/example_python_operator.py
[2026-04-25T09:41:12.763+0000] {processor.py:830} INFO - Processing file /usr/local/python/3.12.1/lib/python3.12/site-packages/airflow/example_dags/example_python_operator.py for tasks to queue
[2026-04-25T09:41:12.764+0000] {logging_mixin.py:188} INFO - [2026-04-25T09:41:12.764+0000] {dagbag.py:540} INFO - Filling up the DagBag from /usr/local/python/3.12.1/lib/python3.12/site-packages/airflow/example_dags/example_python_operator.py
[2026-04-25T09:41:12.773+0000] {processor.py:840} INFO - DAG(s) 'example_python_operator' retrieved from /usr/local/python/3.12.1/lib/python3.12/site-packages/airflow/example_dags/example_python_operator.py
[2026-04-25T09:41:12.787+0000] {logging_mixin.py:188} INFO - [2026-04-25T09:41:12.787+0000] {dag.py:3096} INFO - Sync 1 DAGs
[2026-04-25T09:41:12.796+0000] {logging_mixin.py:188} INFO - [2026-04-25T09:41:12.796+0000] {dag.py:3954} INFO - Setting next_dagrun for example_python_operator to None, run_after=None
[2026-04-25T09:41:12.813+0000] {processor.py:183} INFO - Processing /usr/local/python/3.12.1/lib/python3.12/site-packages/airflow/example_dags/example_python_operator.py took 0.055 seconds
[2026-04-25T09:42:09.085+0000] {processor.py:161} INFO - Started process (PID=27800) to work on /usr/local/python/3.12.1/lib/python3.12/site-packages/airflow/example_dags/example_python_operator.py
[2026-04-25T09:42:09.086+0000] {processor.py:830} INFO - Processing file /usr/local/python/3.12.1/lib/python3.12/site-packages/airflow/example_dags/example_python_operator.py for tasks to queue
[2026-04-25T09:42:09.087+0000] {logging_mixin.py:188} INFO - [2026-04-25T09:42:09.087+0000] {dagbag.py:540} INFO - Filling up the DagBag from /usr/local/python/3.12.1/lib/python3.12/site-packages/airflow/example_dags/example_python_operator.py
[2026-04-25T09:42:09.096+0000] {processor.py:840} INFO - DAG(s) 'example_python_operator' retrieved from /usr/local/python/3.12.1/lib/python3.12/site-packages/airflow/example_dags/example_python_operator.py
[2026-04-25T09:42:09.110+0000] {logging_mixin.py:188} INFO - [2026-04-25T09:42:09.109+0000] {dag.py:3096} INFO - Sync 1 DAGs
[2026-04-25T09:42:09.118+0000] {logging_mixin.py:188} INFO - [2026-04-25T09:42:09.118+0000] {dag.py:3954} INFO - Setting next_dagrun for example_python_operator to None, run_after=None
[2026-04-25T09:42:09.135+0000] {processor.py:183} INFO - Processing /usr/local/python/3.12.1/lib/python3.12/site-packages/airflow/example_dags/example_python_operator.py took 0.055 seconds
[2026-04-25T09:43:08.255+0000] {processor.py:161} INFO - Started process (PID=28259) to work on /usr/local/python/3.12.1/lib/python3.12/site-packages/airflow/example_dags/example_python_operator.py
[2026-04-25T09:43:08.255+0000] {processor.py:830} INFO - Processing file /usr/local/python/3.12.1/lib/python3.12/site-packages/airflow/example_dags/example_python_operator.py for tasks to queue
[2026-04-25T09:43:08.256+0000] {logging_mixin.py:188} INFO - [2026-04-25T09:43:08.256+0000] {dagbag.py:540} INFO - Filling up the DagBag from /usr/local/python/3.12.1/lib/python3.12/site-packages/airflow/example_dags/example_python_operator.py
[2026-04-25T09:43:08.265+0000] {processor.py:840} INFO - DAG(s) 'example_python_operator' retrieved from /usr/local/python/3.12.1/lib/python3.12/site-packages/airflow/example_dags/example_python_operator.py
[2026-04-25T09:43:08.278+0000] {logging_mixin.py:188} INFO - [2026-04-25T09:43:08.278+0000] {dag.py:3096} INFO - Sync 1 DAGs
[2026-04-25T09:43:08.286+0000] {logging_mixin.py:188} INFO - [2026-04-25T09:43:08.286+0000] {dag.py:3954} INFO - Setting next_dagrun for example_python_operator to None, run_after=None
[2026-04-25T09:43:08.303+0000] {processor.py:183} INFO - Processing /usr/local/python/3.12.1/lib/python3.12/site-packages/airflow/example_dags/example_python_operator.py took 0.052 seconds
[2026-04-25T09:43:50.668+0000] {processor.py:161} INFO - Started process (PID=28581) to work on /usr/local/python/3.12.1/lib/python3.12/site-packages/airflow/example_dags/example_python_operator.py
[2026-04-25T09:43:50.669+0000] {processor.py:830} INFO - Processing file /usr/local/python/3.12.1/lib/python3.12/site-packages/airflow/example_dags/example_python_operator.py for tasks to queue
[2026-04-25T09:43:50.670+0000] {logging_mixin.py:188} INFO - [2026-04-25T09:43:50.669+0000] {dagbag.py:540} INFO - Filling up the DagBag from /usr/local/python/3.12.1/lib/python3.12/site-packages/airflow/example_dags/example_python_operator.py
[2026-04-25T09:43:50.678+0000] {processor.py:840} INFO - DAG(s) 'example_python_operator' retrieved from /usr/local/python/3.12.1/lib/python3.12/site-packages/airflow/example_dags/example_python_operator.py
[2026-04-25T09:43:50.692+0000] {logging_mixin.py:188} INFO - [2026-04-25T09:43:50.692+0000] {dag.py:3096} INFO - Sync 1 DAGs
[2026-04-25T09:43:50.701+0000] {logging_mixin.py:188} INFO - [2026-04-25T09:43:50.701+0000] {dag.py:3954} INFO - Setting next_dagrun for example_python_operator to None, run_after=None
[2026-04-25T09:43:50.719+0000] {processor.py:183} INFO - Processing /usr/local/python/3.12.1/lib/python3.12/site-packages/airflow/example_dags/example_python_operator.py took 0.055 seconds
[2026-04-25T09:44:50.650+0000] {processor.py:161} INFO - Started process (PID=29044) to work on /usr/local/python/3.12.1/lib/python3.12/site-packages/airflow/example_dags/example_python_operator.py
[2026-04-25T09:44:50.651+0000] {processor.py:830} INFO - Processing file /usr/local/python/3.12.1/lib/python3.12/site-packages/airflow/example_dags/example_python_operator.py for tasks to queue
[2026-04-25T09:44:50.651+0000] {logging_mixin.py:188} INFO - [2026-04-25T09:44:50.651+0000] {dagbag.py:540} INFO - Filling up the DagBag from /usr/local/python/3.12.1/lib/python3.12/site-packages/airflow/example_dags/example_python_operator.py
[2026-04-25T09:44:50.660+0000] {processor.py:840} INFO - DAG(s) 'example_python_operator' retrieved from /usr/local/python/3.12.1/lib/python3.12/site-packages/airflow/example_dags/example_python_operator.py
[2026-04-25T09:44:50.673+0000] {logging_mixin.py:188} INFO - [2026-04-25T09:44:50.673+0000] {dag.py:3096} INFO - Sync 1 DAGs
[2026-04-25T09:44:50.683+0000] {logging_mixin.py:188} INFO - [2026-04-25T09:44:50.683+0000] {dag.py:3954} INFO - Setting next_dagrun for example_python_operator to None, run_after=None
[2026-04-25T09:44:50.699+0000] {processor.py:183} INFO - Processing /usr/local/python/3.12.1/lib/python3.12/site-packages/airflow/example_dags/example_python_operator.py took 0.054 seconds
[2026-04-25T09:45:50.322+0000] {processor.py:161} INFO - Started process (PID=29512) to work on /usr/local/python/3.12.1/lib/python3.12/site-packages/airflow/example_dags/example_python_operator.py
[2026-04-25T09:45:50.323+0000] {processor.py:830} INFO - Processing file /usr/local/python/3.12.1/lib/python3.12/site-packages/airflow/example_dags/example_python_operator.py for tasks to queue
[2026-04-25T09:45:50.324+0000] {logging_mixin.py:188} INFO - [2026-04-25T09:45:50.323+0000] {dagbag.py:540} INFO - Filling up the DagBag from /usr/local/python/3.12.1/lib/python3.12/site-packages/airflow/example_dags/example_python_operator.py
[2026-04-25T09:45:50.332+0000] {processor.py:840} INFO - DAG(s) 'example_python_operator' retrieved from /usr/local/python/3.12.1/lib/python3.12/site-packages/airflow/example_dags/example_python_operator.py
[2026-04-25T09:45:50.347+0000] {logging_mixin.py:188} INFO - [2026-04-25T09:45:50.346+0000] {dag.py:3096} INFO - Sync 1 DAGs
[2026-04-25T09:45:50.355+0000] {logging_mixin.py:188} INFO - [2026-04-25T09:45:50.355+0000] {dag.py:3954} INFO - Setting next_dagrun for example_python_operator to None, run_after=None
[2026-04-25T09:45:50.372+0000] {processor.py:183} INFO - Processing /usr/local/python/3.12.1/lib/python3.12/site-packages/airflow/example_dags/example_python_operator.py took 0.054 seconds
