[2026-04-25T09:05:55.023+0000] {processor.py:161} INFO - Started process (PID=8211) to work on /usr/local/python/3.12.1/lib/python3.12/site-packages/airflow/example_dags/example_task_group_decorator.py
[2026-04-25T09:05:55.024+0000] {processor.py:830} INFO - Processing file /usr/local/python/3.12.1/lib/python3.12/site-packages/airflow/example_dags/example_task_group_decorator.py for tasks to queue
[2026-04-25T09:05:55.025+0000] {logging_mixin.py:188} INFO - [2026-04-25T09:05:55.024+0000] {dagbag.py:540} INFO - Filling up the DagBag from /usr/local/python/3.12.1/lib/python3.12/site-packages/airflow/example_dags/example_task_group_decorator.py
[2026-04-25T09:05:55.057+0000] {processor.py:840} INFO - DAG(s) 'example_task_group_decorator' retrieved from /usr/local/python/3.12.1/lib/python3.12/site-packages/airflow/example_dags/example_task_group_decorator.py
[2026-04-25T09:05:55.414+0000] {logging_mixin.py:188} INFO - [2026-04-25T09:05:55.413+0000] {override.py:1930} INFO - Created Permission View: can delete on DAG:example_task_group_decorator
[2026-04-25T09:05:55.423+0000] {logging_mixin.py:188} INFO - [2026-04-25T09:05:55.423+0000] {override.py:1930} INFO - Created Permission View: can edit on DAG:example_task_group_decorator
[2026-04-25T09:05:55.430+0000] {logging_mixin.py:188} INFO - [2026-04-25T09:05:55.429+0000] {override.py:1930} INFO - Created Permission View: can read on DAG:example_task_group_decorator
[2026-04-25T09:05:55.430+0000] {logging_mixin.py:188} INFO - [2026-04-25T09:05:55.430+0000] {dag.py:3096} INFO - Sync 1 DAGs
[2026-04-25T09:05:55.440+0000] {logging_mixin.py:188} INFO - [2026-04-25T09:05:55.439+0000] {dag.py:3118} INFO - Creating ORM DAG for example_task_group_decorator
[2026-04-25T09:05:55.450+0000] {logging_mixin.py:188} INFO - [2026-04-25T09:05:55.450+0000] {dag.py:3954} INFO - Setting next_dagrun for example_task_group_decorator to 2026-04-24 00:00:00+00:00, run_after=2026-04-25 00:00:00+00:00
[2026-04-25T09:05:55.467+0000] {processor.py:183} INFO - Processing /usr/local/python/3.12.1/lib/python3.12/site-packages/airflow/example_dags/example_task_group_decorator.py took 0.452 seconds
[2026-04-25T09:06:52.622+0000] {processor.py:161} INFO - Started process (PID=8915) to work on /usr/local/python/3.12.1/lib/python3.12/site-packages/airflow/example_dags/example_task_group_decorator.py
[2026-04-25T09:06:52.623+0000] {processor.py:830} INFO - Processing file /usr/local/python/3.12.1/lib/python3.12/site-packages/airflow/example_dags/example_task_group_decorator.py for tasks to queue
[2026-04-25T09:06:52.623+0000] {logging_mixin.py:188} INFO - [2026-04-25T09:06:52.623+0000] {dagbag.py:540} INFO - Filling up the DagBag from /usr/local/python/3.12.1/lib/python3.12/site-packages/airflow/example_dags/example_task_group_decorator.py
[2026-04-25T09:06:52.637+0000] {processor.py:840} INFO - DAG(s) 'example_task_group_decorator' retrieved from /usr/local/python/3.12.1/lib/python3.12/site-packages/airflow/example_dags/example_task_group_decorator.py
[2026-04-25T09:06:52.657+0000] {logging_mixin.py:188} INFO - [2026-04-25T09:06:52.657+0000] {dag.py:3096} INFO - Sync 1 DAGs
[2026-04-25T09:06:52.672+0000] {logging_mixin.py:188} INFO - [2026-04-25T09:06:52.672+0000] {dag.py:3954} INFO - Setting next_dagrun for example_task_group_decorator to 2026-04-24 00:00:00+00:00, run_after=2026-04-25 00:00:00+00:00
[2026-04-25T09:06:52.689+0000] {processor.py:183} INFO - Processing /usr/local/python/3.12.1/lib/python3.12/site-packages/airflow/example_dags/example_task_group_decorator.py took 0.070 seconds
[2026-04-25T09:07:40.229+0000] {processor.py:161} INFO - Started process (PID=9311) to work on /usr/local/python/3.12.1/lib/python3.12/site-packages/airflow/example_dags/example_task_group_decorator.py
[2026-04-25T09:07:40.230+0000] {processor.py:830} INFO - Processing file /usr/local/python/3.12.1/lib/python3.12/site-packages/airflow/example_dags/example_task_group_decorator.py for tasks to queue
[2026-04-25T09:07:40.230+0000] {logging_mixin.py:188} INFO - [2026-04-25T09:07:40.230+0000] {dagbag.py:540} INFO - Filling up the DagBag from /usr/local/python/3.12.1/lib/python3.12/site-packages/airflow/example_dags/example_task_group_decorator.py
[2026-04-25T09:07:40.248+0000] {processor.py:840} INFO - DAG(s) 'example_task_group_decorator' retrieved from /usr/local/python/3.12.1/lib/python3.12/site-packages/airflow/example_dags/example_task_group_decorator.py
[2026-04-25T09:07:40.265+0000] {logging_mixin.py:188} INFO - [2026-04-25T09:07:40.265+0000] {dag.py:3096} INFO - Sync 1 DAGs
[2026-04-25T09:07:40.281+0000] {logging_mixin.py:188} INFO - [2026-04-25T09:07:40.281+0000] {dag.py:3954} INFO - Setting next_dagrun for example_task_group_decorator to 2026-04-24 00:00:00+00:00, run_after=2026-04-25 00:00:00+00:00
[2026-04-25T09:07:40.298+0000] {processor.py:183} INFO - Processing /usr/local/python/3.12.1/lib/python3.12/site-packages/airflow/example_dags/example_task_group_decorator.py took 0.073 seconds
[2026-04-25T09:08:33.090+0000] {processor.py:161} INFO - Started process (PID=9843) to work on /usr/local/python/3.12.1/lib/python3.12/site-packages/airflow/example_dags/example_task_group_decorator.py
[2026-04-25T09:08:33.091+0000] {processor.py:830} INFO - Processing file /usr/local/python/3.12.1/lib/python3.12/site-packages/airflow/example_dags/example_task_group_decorator.py for tasks to queue
[2026-04-25T09:08:33.092+0000] {logging_mixin.py:188} INFO - [2026-04-25T09:08:33.092+0000] {dagbag.py:540} INFO - Filling up the DagBag from /usr/local/python/3.12.1/lib/python3.12/site-packages/airflow/example_dags/example_task_group_decorator.py
[2026-04-25T09:08:33.107+0000] {processor.py:840} INFO - DAG(s) 'example_task_group_decorator' retrieved from /usr/local/python/3.12.1/lib/python3.12/site-packages/airflow/example_dags/example_task_group_decorator.py
[2026-04-25T09:08:33.127+0000] {logging_mixin.py:188} INFO - [2026-04-25T09:08:33.126+0000] {dag.py:3096} INFO - Sync 1 DAGs
[2026-04-25T09:08:33.142+0000] {logging_mixin.py:188} INFO - [2026-04-25T09:08:33.142+0000] {dag.py:3954} INFO - Setting next_dagrun for example_task_group_decorator to 2026-04-24 00:00:00+00:00, run_after=2026-04-25 00:00:00+00:00
[2026-04-25T09:08:33.159+0000] {processor.py:183} INFO - Processing /usr/local/python/3.12.1/lib/python3.12/site-packages/airflow/example_dags/example_task_group_decorator.py took 0.074 seconds
[2026-04-25T09:09:12.631+0000] {processor.py:161} INFO - Started process (PID=10154) to work on /usr/local/python/3.12.1/lib/python3.12/site-packages/airflow/example_dags/example_task_group_decorator.py
[2026-04-25T09:09:12.632+0000] {processor.py:830} INFO - Processing file /usr/local/python/3.12.1/lib/python3.12/site-packages/airflow/example_dags/example_task_group_decorator.py for tasks to queue
[2026-04-25T09:09:12.632+0000] {logging_mixin.py:188} INFO - [2026-04-25T09:09:12.632+0000] {dagbag.py:540} INFO - Filling up the DagBag from /usr/local/python/3.12.1/lib/python3.12/site-packages/airflow/example_dags/example_task_group_decorator.py
[2026-04-25T09:09:12.643+0000] {processor.py:840} INFO - DAG(s) 'example_task_group_decorator' retrieved from /usr/local/python/3.12.1/lib/python3.12/site-packages/airflow/example_dags/example_task_group_decorator.py
[2026-04-25T09:09:12.659+0000] {logging_mixin.py:188} INFO - [2026-04-25T09:09:12.659+0000] {dag.py:3096} INFO - Sync 1 DAGs
[2026-04-25T09:09:12.674+0000] {logging_mixin.py:188} INFO - [2026-04-25T09:09:12.674+0000] {dag.py:3954} INFO - Setting next_dagrun for example_task_group_decorator to 2026-04-24 00:00:00+00:00, run_after=2026-04-25 00:00:00+00:00
[2026-04-25T09:09:12.694+0000] {processor.py:183} INFO - Processing /usr/local/python/3.12.1/lib/python3.12/site-packages/airflow/example_dags/example_task_group_decorator.py took 0.068 seconds
[2026-04-25T09:09:57.870+0000] {processor.py:161} INFO - Started process (PID=10934) to work on /usr/local/python/3.12.1/lib/python3.12/site-packages/airflow/example_dags/example_task_group_decorator.py
[2026-04-25T09:09:57.871+0000] {processor.py:830} INFO - Processing file /usr/local/python/3.12.1/lib/python3.12/site-packages/airflow/example_dags/example_task_group_decorator.py for tasks to queue
[2026-04-25T09:09:57.872+0000] {logging_mixin.py:188} INFO - [2026-04-25T09:09:57.871+0000] {dagbag.py:540} INFO - Filling up the DagBag from /usr/local/python/3.12.1/lib/python3.12/site-packages/airflow/example_dags/example_task_group_decorator.py
[2026-04-25T09:09:57.883+0000] {processor.py:840} INFO - DAG(s) 'example_task_group_decorator' retrieved from /usr/local/python/3.12.1/lib/python3.12/site-packages/airflow/example_dags/example_task_group_decorator.py
[2026-04-25T09:09:57.898+0000] {logging_mixin.py:188} INFO - [2026-04-25T09:09:57.898+0000] {dag.py:3096} INFO - Sync 1 DAGs
[2026-04-25T09:09:57.913+0000] {logging_mixin.py:188} INFO - [2026-04-25T09:09:57.913+0000] {dag.py:3954} INFO - Setting next_dagrun for example_task_group_decorator to 2026-04-24 00:00:00+00:00, run_after=2026-04-25 00:00:00+00:00
[2026-04-25T09:09:57.932+0000] {processor.py:183} INFO - Processing /usr/local/python/3.12.1/lib/python3.12/site-packages/airflow/example_dags/example_task_group_decorator.py took 0.067 seconds
[2026-04-25T09:10:36.691+0000] {processor.py:161} INFO - Started process (PID=11345) to work on /usr/local/python/3.12.1/lib/python3.12/site-packages/airflow/example_dags/example_task_group_decorator.py
[2026-04-25T09:10:36.692+0000] {processor.py:830} INFO - Processing file /usr/local/python/3.12.1/lib/python3.12/site-packages/airflow/example_dags/example_task_group_decorator.py for tasks to queue
[2026-04-25T09:10:36.693+0000] {logging_mixin.py:188} INFO - [2026-04-25T09:10:36.692+0000] {dagbag.py:540} INFO - Filling up the DagBag from /usr/local/python/3.12.1/lib/python3.12/site-packages/airflow/example_dags/example_task_group_decorator.py
[2026-04-25T09:10:36.704+0000] {processor.py:840} INFO - DAG(s) 'example_task_group_decorator' retrieved from /usr/local/python/3.12.1/lib/python3.12/site-packages/airflow/example_dags/example_task_group_decorator.py
[2026-04-25T09:10:36.719+0000] {logging_mixin.py:188} INFO - [2026-04-25T09:10:36.719+0000] {dag.py:3096} INFO - Sync 1 DAGs
[2026-04-25T09:10:36.734+0000] {logging_mixin.py:188} INFO - [2026-04-25T09:10:36.734+0000] {dag.py:3954} INFO - Setting next_dagrun for example_task_group_decorator to 2026-04-24 00:00:00+00:00, run_after=2026-04-25 00:00:00+00:00
[2026-04-25T09:10:36.751+0000] {processor.py:183} INFO - Processing /usr/local/python/3.12.1/lib/python3.12/site-packages/airflow/example_dags/example_task_group_decorator.py took 0.064 seconds
[2026-04-25T09:11:24.360+0000] {processor.py:161} INFO - Started process (PID=12229) to work on /usr/local/python/3.12.1/lib/python3.12/site-packages/airflow/example_dags/example_task_group_decorator.py
[2026-04-25T09:11:24.361+0000] {processor.py:830} INFO - Processing file /usr/local/python/3.12.1/lib/python3.12/site-packages/airflow/example_dags/example_task_group_decorator.py for tasks to queue
[2026-04-25T09:11:24.363+0000] {logging_mixin.py:188} INFO - [2026-04-25T09:11:24.363+0000] {dagbag.py:540} INFO - Filling up the DagBag from /usr/local/python/3.12.1/lib/python3.12/site-packages/airflow/example_dags/example_task_group_decorator.py
[2026-04-25T09:11:24.399+0000] {processor.py:840} INFO - DAG(s) 'example_task_group_decorator' retrieved from /usr/local/python/3.12.1/lib/python3.12/site-packages/airflow/example_dags/example_task_group_decorator.py
[2026-04-25T09:11:24.419+0000] {logging_mixin.py:188} INFO - [2026-04-25T09:11:24.416+0000] {dag.py:3096} INFO - Sync 1 DAGs
[2026-04-25T09:11:24.492+0000] {logging_mixin.py:188} INFO - [2026-04-25T09:11:24.491+0000] {dag.py:3954} INFO - Setting next_dagrun for example_task_group_decorator to 2026-04-24 00:00:00+00:00, run_after=2026-04-25 00:00:00+00:00
[2026-04-25T09:11:24.529+0000] {processor.py:183} INFO - Processing /usr/local/python/3.12.1/lib/python3.12/site-packages/airflow/example_dags/example_task_group_decorator.py took 0.181 seconds
[2026-04-25T09:11:40.319+0000] {processor.py:161} INFO - Started process (PID=12570) to work on /usr/local/python/3.12.1/lib/python3.12/site-packages/airflow/example_dags/example_task_group_decorator.py
[2026-04-25T09:11:40.319+0000] {processor.py:830} INFO - Processing file /usr/local/python/3.12.1/lib/python3.12/site-packages/airflow/example_dags/example_task_group_decorator.py for tasks to queue
[2026-04-25T09:11:40.320+0000] {logging_mixin.py:188} INFO - [2026-04-25T09:11:40.320+0000] {dagbag.py:540} INFO - Filling up the DagBag from /usr/local/python/3.12.1/lib/python3.12/site-packages/airflow/example_dags/example_task_group_decorator.py
[2026-04-25T09:11:40.342+0000] {processor.py:840} INFO - DAG(s) 'example_task_group_decorator' retrieved from /usr/local/python/3.12.1/lib/python3.12/site-packages/airflow/example_dags/example_task_group_decorator.py
[2026-04-25T09:11:40.350+0000] {logging_mixin.py:188} INFO - [2026-04-25T09:11:40.349+0000] {dag.py:3096} INFO - Sync 1 DAGs
[2026-04-25T09:11:40.372+0000] {logging_mixin.py:188} INFO - [2026-04-25T09:11:40.371+0000] {dag.py:3954} INFO - Setting next_dagrun for example_task_group_decorator to 2026-04-24 00:00:00+00:00, run_after=2026-04-25 00:00:00+00:00
[2026-04-25T09:11:40.390+0000] {processor.py:183} INFO - Processing /usr/local/python/3.12.1/lib/python3.12/site-packages/airflow/example_dags/example_task_group_decorator.py took 0.078 seconds
[2026-04-25T09:12:11.803+0000] {processor.py:161} INFO - Started process (PID=12863) to work on /usr/local/python/3.12.1/lib/python3.12/site-packages/airflow/example_dags/example_task_group_decorator.py
[2026-04-25T09:12:11.804+0000] {processor.py:830} INFO - Processing file /usr/local/python/3.12.1/lib/python3.12/site-packages/airflow/example_dags/example_task_group_decorator.py for tasks to queue
[2026-04-25T09:12:11.804+0000] {logging_mixin.py:188} INFO - [2026-04-25T09:12:11.804+0000] {dagbag.py:540} INFO - Filling up the DagBag from /usr/local/python/3.12.1/lib/python3.12/site-packages/airflow/example_dags/example_task_group_decorator.py
[2026-04-25T09:12:11.815+0000] {processor.py:840} INFO - DAG(s) 'example_task_group_decorator' retrieved from /usr/local/python/3.12.1/lib/python3.12/site-packages/airflow/example_dags/example_task_group_decorator.py
[2026-04-25T09:12:11.902+0000] {logging_mixin.py:188} INFO - [2026-04-25T09:12:11.902+0000] {dag.py:3096} INFO - Sync 1 DAGs
[2026-04-25T09:12:11.915+0000] {logging_mixin.py:188} INFO - [2026-04-25T09:12:11.915+0000] {dag.py:3954} INFO - Setting next_dagrun for example_task_group_decorator to 2026-04-24 00:00:00+00:00, run_after=2026-04-25 00:00:00+00:00
[2026-04-25T09:12:11.935+0000] {processor.py:183} INFO - Processing /usr/local/python/3.12.1/lib/python3.12/site-packages/airflow/example_dags/example_task_group_decorator.py took 0.137 seconds
[2026-04-25T09:12:31.620+0000] {processor.py:161} INFO - Started process (PID=13133) to work on /usr/local/python/3.12.1/lib/python3.12/site-packages/airflow/example_dags/example_task_group_decorator.py
[2026-04-25T09:12:31.621+0000] {processor.py:830} INFO - Processing file /usr/local/python/3.12.1/lib/python3.12/site-packages/airflow/example_dags/example_task_group_decorator.py for tasks to queue
[2026-04-25T09:12:31.622+0000] {logging_mixin.py:188} INFO - [2026-04-25T09:12:31.621+0000] {dagbag.py:540} INFO - Filling up the DagBag from /usr/local/python/3.12.1/lib/python3.12/site-packages/airflow/example_dags/example_task_group_decorator.py
[2026-04-25T09:12:31.633+0000] {processor.py:840} INFO - DAG(s) 'example_task_group_decorator' retrieved from /usr/local/python/3.12.1/lib/python3.12/site-packages/airflow/example_dags/example_task_group_decorator.py
[2026-04-25T09:12:31.638+0000] {logging_mixin.py:188} INFO - [2026-04-25T09:12:31.638+0000] {dag.py:3096} INFO - Sync 1 DAGs
[2026-04-25T09:12:31.654+0000] {logging_mixin.py:188} INFO - [2026-04-25T09:12:31.654+0000] {dag.py:3954} INFO - Setting next_dagrun for example_task_group_decorator to 2026-04-24 00:00:00+00:00, run_after=2026-04-25 00:00:00+00:00
[2026-04-25T09:12:31.674+0000] {processor.py:183} INFO - Processing /usr/local/python/3.12.1/lib/python3.12/site-packages/airflow/example_dags/example_task_group_decorator.py took 0.058 seconds
[2026-04-25T09:12:55.066+0000] {processor.py:161} INFO - Started process (PID=13449) to work on /usr/local/python/3.12.1/lib/python3.12/site-packages/airflow/example_dags/example_task_group_decorator.py
[2026-04-25T09:12:55.067+0000] {processor.py:830} INFO - Processing file /usr/local/python/3.12.1/lib/python3.12/site-packages/airflow/example_dags/example_task_group_decorator.py for tasks to queue
[2026-04-25T09:12:55.068+0000] {logging_mixin.py:188} INFO - [2026-04-25T09:12:55.067+0000] {dagbag.py:540} INFO - Filling up the DagBag from /usr/local/python/3.12.1/lib/python3.12/site-packages/airflow/example_dags/example_task_group_decorator.py
[2026-04-25T09:12:55.079+0000] {processor.py:840} INFO - DAG(s) 'example_task_group_decorator' retrieved from /usr/local/python/3.12.1/lib/python3.12/site-packages/airflow/example_dags/example_task_group_decorator.py
[2026-04-25T09:12:55.103+0000] {logging_mixin.py:188} INFO - [2026-04-25T09:12:55.102+0000] {dag.py:3096} INFO - Sync 1 DAGs
[2026-04-25T09:12:55.118+0000] {logging_mixin.py:188} INFO - [2026-04-25T09:12:55.118+0000] {dag.py:3954} INFO - Setting next_dagrun for example_task_group_decorator to 2026-04-24 00:00:00+00:00, run_after=2026-04-25 00:00:00+00:00
[2026-04-25T09:12:55.139+0000] {processor.py:183} INFO - Processing /usr/local/python/3.12.1/lib/python3.12/site-packages/airflow/example_dags/example_task_group_decorator.py took 0.077 seconds
[2026-04-25T09:13:23.225+0000] {processor.py:161} INFO - Started process (PID=13842) to work on /usr/local/python/3.12.1/lib/python3.12/site-packages/airflow/example_dags/example_task_group_decorator.py
[2026-04-25T09:13:23.226+0000] {processor.py:830} INFO - Processing file /usr/local/python/3.12.1/lib/python3.12/site-packages/airflow/example_dags/example_task_group_decorator.py for tasks to queue
[2026-04-25T09:13:23.227+0000] {logging_mixin.py:188} INFO - [2026-04-25T09:13:23.227+0000] {dagbag.py:540} INFO - Filling up the DagBag from /usr/local/python/3.12.1/lib/python3.12/site-packages/airflow/example_dags/example_task_group_decorator.py
[2026-04-25T09:13:23.248+0000] {processor.py:840} INFO - DAG(s) 'example_task_group_decorator' retrieved from /usr/local/python/3.12.1/lib/python3.12/site-packages/airflow/example_dags/example_task_group_decorator.py
[2026-04-25T09:13:23.286+0000] {logging_mixin.py:188} INFO - [2026-04-25T09:13:23.285+0000] {dag.py:3096} INFO - Sync 1 DAGs
[2026-04-25T09:13:23.325+0000] {logging_mixin.py:188} INFO - [2026-04-25T09:13:23.325+0000] {dag.py:3954} INFO - Setting next_dagrun for example_task_group_decorator to 2026-04-24 00:00:00+00:00, run_after=2026-04-25 00:00:00+00:00
[2026-04-25T09:13:23.407+0000] {processor.py:183} INFO - Processing /usr/local/python/3.12.1/lib/python3.12/site-packages/airflow/example_dags/example_task_group_decorator.py took 0.210 seconds
[2026-04-25T09:13:58.094+0000] {processor.py:161} INFO - Started process (PID=14434) to work on /usr/local/python/3.12.1/lib/python3.12/site-packages/airflow/example_dags/example_task_group_decorator.py
[2026-04-25T09:13:58.095+0000] {processor.py:830} INFO - Processing file /usr/local/python/3.12.1/lib/python3.12/site-packages/airflow/example_dags/example_task_group_decorator.py for tasks to queue
[2026-04-25T09:13:58.095+0000] {logging_mixin.py:188} INFO - [2026-04-25T09:13:58.095+0000] {dagbag.py:540} INFO - Filling up the DagBag from /usr/local/python/3.12.1/lib/python3.12/site-packages/airflow/example_dags/example_task_group_decorator.py
[2026-04-25T09:13:58.110+0000] {processor.py:840} INFO - DAG(s) 'example_task_group_decorator' retrieved from /usr/local/python/3.12.1/lib/python3.12/site-packages/airflow/example_dags/example_task_group_decorator.py
[2026-04-25T09:13:58.126+0000] {logging_mixin.py:188} INFO - [2026-04-25T09:13:58.126+0000] {dag.py:3096} INFO - Sync 1 DAGs
[2026-04-25T09:13:58.141+0000] {logging_mixin.py:188} INFO - [2026-04-25T09:13:58.140+0000] {dag.py:3954} INFO - Setting next_dagrun for example_task_group_decorator to 2026-04-24 00:00:00+00:00, run_after=2026-04-25 00:00:00+00:00
[2026-04-25T09:13:58.157+0000] {processor.py:183} INFO - Processing /usr/local/python/3.12.1/lib/python3.12/site-packages/airflow/example_dags/example_task_group_decorator.py took 0.067 seconds
[2026-04-25T09:14:44.972+0000] {processor.py:161} INFO - Started process (PID=14818) to work on /usr/local/python/3.12.1/lib/python3.12/site-packages/airflow/example_dags/example_task_group_decorator.py
[2026-04-25T09:14:44.973+0000] {processor.py:830} INFO - Processing file /usr/local/python/3.12.1/lib/python3.12/site-packages/airflow/example_dags/example_task_group_decorator.py for tasks to queue
[2026-04-25T09:14:44.974+0000] {logging_mixin.py:188} INFO - [2026-04-25T09:14:44.973+0000] {dagbag.py:540} INFO - Filling up the DagBag from /usr/local/python/3.12.1/lib/python3.12/site-packages/airflow/example_dags/example_task_group_decorator.py
[2026-04-25T09:14:44.986+0000] {processor.py:840} INFO - DAG(s) 'example_task_group_decorator' retrieved from /usr/local/python/3.12.1/lib/python3.12/site-packages/airflow/example_dags/example_task_group_decorator.py
[2026-04-25T09:14:45.011+0000] {logging_mixin.py:188} INFO - [2026-04-25T09:14:45.010+0000] {dag.py:3096} INFO - Sync 1 DAGs
[2026-04-25T09:14:45.027+0000] {logging_mixin.py:188} INFO - [2026-04-25T09:14:45.027+0000] {dag.py:3954} INFO - Setting next_dagrun for example_task_group_decorator to 2026-04-24 00:00:00+00:00, run_after=2026-04-25 00:00:00+00:00
[2026-04-25T09:14:45.047+0000] {processor.py:183} INFO - Processing /usr/local/python/3.12.1/lib/python3.12/site-packages/airflow/example_dags/example_task_group_decorator.py took 0.079 seconds
[2026-04-25T09:15:34.829+0000] {processor.py:161} INFO - Started process (PID=15250) to work on /usr/local/python/3.12.1/lib/python3.12/site-packages/airflow/example_dags/example_task_group_decorator.py
[2026-04-25T09:15:34.830+0000] {processor.py:830} INFO - Processing file /usr/local/python/3.12.1/lib/python3.12/site-packages/airflow/example_dags/example_task_group_decorator.py for tasks to queue
[2026-04-25T09:15:34.831+0000] {logging_mixin.py:188} INFO - [2026-04-25T09:15:34.831+0000] {dagbag.py:540} INFO - Filling up the DagBag from /usr/local/python/3.12.1/lib/python3.12/site-packages/airflow/example_dags/example_task_group_decorator.py
[2026-04-25T09:15:34.857+0000] {processor.py:840} INFO - DAG(s) 'example_task_group_decorator' retrieved from /usr/local/python/3.12.1/lib/python3.12/site-packages/airflow/example_dags/example_task_group_decorator.py
[2026-04-25T09:15:34.896+0000] {logging_mixin.py:188} INFO - [2026-04-25T09:15:34.896+0000] {dag.py:3096} INFO - Sync 1 DAGs
[2026-04-25T09:15:34.950+0000] {logging_mixin.py:188} INFO - [2026-04-25T09:15:34.947+0000] {dag.py:3954} INFO - Setting next_dagrun for example_task_group_decorator to 2026-04-24 00:00:00+00:00, run_after=2026-04-25 00:00:00+00:00
[2026-04-25T09:15:35.047+0000] {processor.py:183} INFO - Processing /usr/local/python/3.12.1/lib/python3.12/site-packages/airflow/example_dags/example_task_group_decorator.py took 0.230 seconds
[2026-04-25T09:16:12.217+0000] {processor.py:161} INFO - Started process (PID=15682) to work on /usr/local/python/3.12.1/lib/python3.12/site-packages/airflow/example_dags/example_task_group_decorator.py
[2026-04-25T09:16:12.218+0000] {processor.py:830} INFO - Processing file /usr/local/python/3.12.1/lib/python3.12/site-packages/airflow/example_dags/example_task_group_decorator.py for tasks to queue
[2026-04-25T09:16:12.219+0000] {logging_mixin.py:188} INFO - [2026-04-25T09:16:12.218+0000] {dagbag.py:540} INFO - Filling up the DagBag from /usr/local/python/3.12.1/lib/python3.12/site-packages/airflow/example_dags/example_task_group_decorator.py
[2026-04-25T09:16:12.230+0000] {processor.py:840} INFO - DAG(s) 'example_task_group_decorator' retrieved from /usr/local/python/3.12.1/lib/python3.12/site-packages/airflow/example_dags/example_task_group_decorator.py
[2026-04-25T09:16:12.245+0000] {logging_mixin.py:188} INFO - [2026-04-25T09:16:12.245+0000] {dag.py:3096} INFO - Sync 1 DAGs
[2026-04-25T09:16:12.260+0000] {logging_mixin.py:188} INFO - [2026-04-25T09:16:12.259+0000] {dag.py:3954} INFO - Setting next_dagrun for example_task_group_decorator to 2026-04-24 00:00:00+00:00, run_after=2026-04-25 00:00:00+00:00
[2026-04-25T09:16:12.276+0000] {processor.py:183} INFO - Processing /usr/local/python/3.12.1/lib/python3.12/site-packages/airflow/example_dags/example_task_group_decorator.py took 0.063 seconds
[2026-04-25T09:16:52.958+0000] {processor.py:161} INFO - Started process (PID=16020) to work on /usr/local/python/3.12.1/lib/python3.12/site-packages/airflow/example_dags/example_task_group_decorator.py
[2026-04-25T09:16:52.959+0000] {processor.py:830} INFO - Processing file /usr/local/python/3.12.1/lib/python3.12/site-packages/airflow/example_dags/example_task_group_decorator.py for tasks to queue
[2026-04-25T09:16:52.960+0000] {logging_mixin.py:188} INFO - [2026-04-25T09:16:52.959+0000] {dagbag.py:540} INFO - Filling up the DagBag from /usr/local/python/3.12.1/lib/python3.12/site-packages/airflow/example_dags/example_task_group_decorator.py
[2026-04-25T09:16:52.981+0000] {processor.py:840} INFO - DAG(s) 'example_task_group_decorator' retrieved from /usr/local/python/3.12.1/lib/python3.12/site-packages/airflow/example_dags/example_task_group_decorator.py
[2026-04-25T09:16:53.008+0000] {logging_mixin.py:188} INFO - [2026-04-25T09:16:53.007+0000] {dag.py:3096} INFO - Sync 1 DAGs
[2026-04-25T09:16:53.030+0000] {logging_mixin.py:188} INFO - [2026-04-25T09:16:53.030+0000] {dag.py:3954} INFO - Setting next_dagrun for example_task_group_decorator to 2026-04-24 00:00:00+00:00, run_after=2026-04-25 00:00:00+00:00
[2026-04-25T09:16:53.053+0000] {processor.py:183} INFO - Processing /usr/local/python/3.12.1/lib/python3.12/site-packages/airflow/example_dags/example_task_group_decorator.py took 0.101 seconds
[2026-04-25T09:17:39.065+0000] {processor.py:161} INFO - Started process (PID=16445) to work on /usr/local/python/3.12.1/lib/python3.12/site-packages/airflow/example_dags/example_task_group_decorator.py
[2026-04-25T09:17:39.065+0000] {processor.py:830} INFO - Processing file /usr/local/python/3.12.1/lib/python3.12/site-packages/airflow/example_dags/example_task_group_decorator.py for tasks to queue
[2026-04-25T09:17:39.066+0000] {logging_mixin.py:188} INFO - [2026-04-25T09:17:39.066+0000] {dagbag.py:540} INFO - Filling up the DagBag from /usr/local/python/3.12.1/lib/python3.12/site-packages/airflow/example_dags/example_task_group_decorator.py
[2026-04-25T09:17:39.077+0000] {processor.py:840} INFO - DAG(s) 'example_task_group_decorator' retrieved from /usr/local/python/3.12.1/lib/python3.12/site-packages/airflow/example_dags/example_task_group_decorator.py
[2026-04-25T09:17:39.189+0000] {logging_mixin.py:188} INFO - [2026-04-25T09:17:39.189+0000] {dag.py:3096} INFO - Sync 1 DAGs
[2026-04-25T09:17:39.217+0000] {logging_mixin.py:188} INFO - [2026-04-25T09:17:39.217+0000] {dag.py:3954} INFO - Setting next_dagrun for example_task_group_decorator to 2026-04-24 00:00:00+00:00, run_after=2026-04-25 00:00:00+00:00
[2026-04-25T09:17:39.236+0000] {processor.py:183} INFO - Processing /usr/local/python/3.12.1/lib/python3.12/site-packages/airflow/example_dags/example_task_group_decorator.py took 0.176 seconds
[2026-04-25T09:18:25.301+0000] {processor.py:161} INFO - Started process (PID=16803) to work on /usr/local/python/3.12.1/lib/python3.12/site-packages/airflow/example_dags/example_task_group_decorator.py
[2026-04-25T09:18:25.301+0000] {processor.py:830} INFO - Processing file /usr/local/python/3.12.1/lib/python3.12/site-packages/airflow/example_dags/example_task_group_decorator.py for tasks to queue
[2026-04-25T09:18:25.302+0000] {logging_mixin.py:188} INFO - [2026-04-25T09:18:25.302+0000] {dagbag.py:540} INFO - Filling up the DagBag from /usr/local/python/3.12.1/lib/python3.12/site-packages/airflow/example_dags/example_task_group_decorator.py
[2026-04-25T09:18:25.313+0000] {processor.py:840} INFO - DAG(s) 'example_task_group_decorator' retrieved from /usr/local/python/3.12.1/lib/python3.12/site-packages/airflow/example_dags/example_task_group_decorator.py
[2026-04-25T09:18:25.328+0000] {logging_mixin.py:188} INFO - [2026-04-25T09:18:25.328+0000] {dag.py:3096} INFO - Sync 1 DAGs
[2026-04-25T09:18:25.343+0000] {logging_mixin.py:188} INFO - [2026-04-25T09:18:25.343+0000] {dag.py:3954} INFO - Setting next_dagrun for example_task_group_decorator to 2026-04-24 00:00:00+00:00, run_after=2026-04-25 00:00:00+00:00
[2026-04-25T09:18:25.360+0000] {processor.py:183} INFO - Processing /usr/local/python/3.12.1/lib/python3.12/site-packages/airflow/example_dags/example_task_group_decorator.py took 0.064 seconds
[2026-04-25T09:19:04.161+0000] {processor.py:161} INFO - Started process (PID=17108) to work on /usr/local/python/3.12.1/lib/python3.12/site-packages/airflow/example_dags/example_task_group_decorator.py
[2026-04-25T09:19:04.162+0000] {processor.py:830} INFO - Processing file /usr/local/python/3.12.1/lib/python3.12/site-packages/airflow/example_dags/example_task_group_decorator.py for tasks to queue
[2026-04-25T09:19:04.163+0000] {logging_mixin.py:188} INFO - [2026-04-25T09:19:04.162+0000] {dagbag.py:540} INFO - Filling up the DagBag from /usr/local/python/3.12.1/lib/python3.12/site-packages/airflow/example_dags/example_task_group_decorator.py
[2026-04-25T09:19:04.174+0000] {processor.py:840} INFO - DAG(s) 'example_task_group_decorator' retrieved from /usr/local/python/3.12.1/lib/python3.12/site-packages/airflow/example_dags/example_task_group_decorator.py
[2026-04-25T09:19:04.190+0000] {logging_mixin.py:188} INFO - [2026-04-25T09:19:04.190+0000] {dag.py:3096} INFO - Sync 1 DAGs
[2026-04-25T09:19:04.204+0000] {logging_mixin.py:188} INFO - [2026-04-25T09:19:04.204+0000] {dag.py:3954} INFO - Setting next_dagrun for example_task_group_decorator to 2026-04-24 00:00:00+00:00, run_after=2026-04-25 00:00:00+00:00
[2026-04-25T09:19:04.221+0000] {processor.py:183} INFO - Processing /usr/local/python/3.12.1/lib/python3.12/site-packages/airflow/example_dags/example_task_group_decorator.py took 0.064 seconds
[2026-04-25T09:20:00.734+0000] {processor.py:161} INFO - Started process (PID=17551) to work on /usr/local/python/3.12.1/lib/python3.12/site-packages/airflow/example_dags/example_task_group_decorator.py
[2026-04-25T09:20:00.735+0000] {processor.py:830} INFO - Processing file /usr/local/python/3.12.1/lib/python3.12/site-packages/airflow/example_dags/example_task_group_decorator.py for tasks to queue
[2026-04-25T09:20:00.736+0000] {logging_mixin.py:188} INFO - [2026-04-25T09:20:00.735+0000] {dagbag.py:540} INFO - Filling up the DagBag from /usr/local/python/3.12.1/lib/python3.12/site-packages/airflow/example_dags/example_task_group_decorator.py
[2026-04-25T09:20:00.747+0000] {processor.py:840} INFO - DAG(s) 'example_task_group_decorator' retrieved from /usr/local/python/3.12.1/lib/python3.12/site-packages/airflow/example_dags/example_task_group_decorator.py
[2026-04-25T09:20:00.763+0000] {logging_mixin.py:188} INFO - [2026-04-25T09:20:00.763+0000] {dag.py:3096} INFO - Sync 1 DAGs
[2026-04-25T09:20:00.780+0000] {logging_mixin.py:188} INFO - [2026-04-25T09:20:00.780+0000] {dag.py:3954} INFO - Setting next_dagrun for example_task_group_decorator to 2026-04-24 00:00:00+00:00, run_after=2026-04-25 00:00:00+00:00
[2026-04-25T09:20:00.797+0000] {processor.py:183} INFO - Processing /usr/local/python/3.12.1/lib/python3.12/site-packages/airflow/example_dags/example_task_group_decorator.py took 0.067 seconds
[2026-04-25T09:20:55.499+0000] {processor.py:161} INFO - Started process (PID=17968) to work on /usr/local/python/3.12.1/lib/python3.12/site-packages/airflow/example_dags/example_task_group_decorator.py
[2026-04-25T09:20:55.500+0000] {processor.py:830} INFO - Processing file /usr/local/python/3.12.1/lib/python3.12/site-packages/airflow/example_dags/example_task_group_decorator.py for tasks to queue
[2026-04-25T09:20:55.501+0000] {logging_mixin.py:188} INFO - [2026-04-25T09:20:55.501+0000] {dagbag.py:540} INFO - Filling up the DagBag from /usr/local/python/3.12.1/lib/python3.12/site-packages/airflow/example_dags/example_task_group_decorator.py
[2026-04-25T09:20:55.512+0000] {processor.py:840} INFO - DAG(s) 'example_task_group_decorator' retrieved from /usr/local/python/3.12.1/lib/python3.12/site-packages/airflow/example_dags/example_task_group_decorator.py
[2026-04-25T09:20:55.527+0000] {logging_mixin.py:188} INFO - [2026-04-25T09:20:55.527+0000] {dag.py:3096} INFO - Sync 1 DAGs
[2026-04-25T09:20:55.541+0000] {logging_mixin.py:188} INFO - [2026-04-25T09:20:55.541+0000] {dag.py:3954} INFO - Setting next_dagrun for example_task_group_decorator to 2026-04-24 00:00:00+00:00, run_after=2026-04-25 00:00:00+00:00
[2026-04-25T09:20:55.557+0000] {processor.py:183} INFO - Processing /usr/local/python/3.12.1/lib/python3.12/site-packages/airflow/example_dags/example_task_group_decorator.py took 0.062 seconds
[2026-04-25T09:21:35.018+0000] {processor.py:161} INFO - Started process (PID=18269) to work on /usr/local/python/3.12.1/lib/python3.12/site-packages/airflow/example_dags/example_task_group_decorator.py
[2026-04-25T09:21:35.019+0000] {processor.py:830} INFO - Processing file /usr/local/python/3.12.1/lib/python3.12/site-packages/airflow/example_dags/example_task_group_decorator.py for tasks to queue
[2026-04-25T09:21:35.019+0000] {logging_mixin.py:188} INFO - [2026-04-25T09:21:35.019+0000] {dagbag.py:540} INFO - Filling up the DagBag from /usr/local/python/3.12.1/lib/python3.12/site-packages/airflow/example_dags/example_task_group_decorator.py
[2026-04-25T09:21:35.038+0000] {processor.py:840} INFO - DAG(s) 'example_task_group_decorator' retrieved from /usr/local/python/3.12.1/lib/python3.12/site-packages/airflow/example_dags/example_task_group_decorator.py
[2026-04-25T09:21:35.054+0000] {logging_mixin.py:188} INFO - [2026-04-25T09:21:35.054+0000] {dag.py:3096} INFO - Sync 1 DAGs
[2026-04-25T09:21:35.070+0000] {logging_mixin.py:188} INFO - [2026-04-25T09:21:35.070+0000] {dag.py:3954} INFO - Setting next_dagrun for example_task_group_decorator to 2026-04-24 00:00:00+00:00, run_after=2026-04-25 00:00:00+00:00
[2026-04-25T09:21:35.086+0000] {processor.py:183} INFO - Processing /usr/local/python/3.12.1/lib/python3.12/site-packages/airflow/example_dags/example_task_group_decorator.py took 0.072 seconds
[2026-04-25T09:22:15.821+0000] {processor.py:161} INFO - Started process (PID=18588) to work on /usr/local/python/3.12.1/lib/python3.12/site-packages/airflow/example_dags/example_task_group_decorator.py
[2026-04-25T09:22:15.821+0000] {processor.py:830} INFO - Processing file /usr/local/python/3.12.1/lib/python3.12/site-packages/airflow/example_dags/example_task_group_decorator.py for tasks to queue
[2026-04-25T09:22:15.822+0000] {logging_mixin.py:188} INFO - [2026-04-25T09:22:15.822+0000] {dagbag.py:540} INFO - Filling up the DagBag from /usr/local/python/3.12.1/lib/python3.12/site-packages/airflow/example_dags/example_task_group_decorator.py
[2026-04-25T09:22:15.833+0000] {processor.py:840} INFO - DAG(s) 'example_task_group_decorator' retrieved from /usr/local/python/3.12.1/lib/python3.12/site-packages/airflow/example_dags/example_task_group_decorator.py
[2026-04-25T09:22:15.848+0000] {logging_mixin.py:188} INFO - [2026-04-25T09:22:15.848+0000] {dag.py:3096} INFO - Sync 1 DAGs
[2026-04-25T09:22:15.863+0000] {logging_mixin.py:188} INFO - [2026-04-25T09:22:15.863+0000] {dag.py:3954} INFO - Setting next_dagrun for example_task_group_decorator to 2026-04-24 00:00:00+00:00, run_after=2026-04-25 00:00:00+00:00
[2026-04-25T09:22:15.880+0000] {processor.py:183} INFO - Processing /usr/local/python/3.12.1/lib/python3.12/site-packages/airflow/example_dags/example_task_group_decorator.py took 0.063 seconds
[2026-04-25T09:22:55.556+0000] {processor.py:161} INFO - Started process (PID=18897) to work on /usr/local/python/3.12.1/lib/python3.12/site-packages/airflow/example_dags/example_task_group_decorator.py
[2026-04-25T09:22:55.557+0000] {processor.py:830} INFO - Processing file /usr/local/python/3.12.1/lib/python3.12/site-packages/airflow/example_dags/example_task_group_decorator.py for tasks to queue
[2026-04-25T09:22:55.558+0000] {logging_mixin.py:188} INFO - [2026-04-25T09:22:55.557+0000] {dagbag.py:540} INFO - Filling up the DagBag from /usr/local/python/3.12.1/lib/python3.12/site-packages/airflow/example_dags/example_task_group_decorator.py
[2026-04-25T09:22:55.569+0000] {processor.py:840} INFO - DAG(s) 'example_task_group_decorator' retrieved from /usr/local/python/3.12.1/lib/python3.12/site-packages/airflow/example_dags/example_task_group_decorator.py
[2026-04-25T09:22:55.585+0000] {logging_mixin.py:188} INFO - [2026-04-25T09:22:55.584+0000] {dag.py:3096} INFO - Sync 1 DAGs
[2026-04-25T09:22:55.600+0000] {logging_mixin.py:188} INFO - [2026-04-25T09:22:55.599+0000] {dag.py:3954} INFO - Setting next_dagrun for example_task_group_decorator to 2026-04-24 00:00:00+00:00, run_after=2026-04-25 00:00:00+00:00
[2026-04-25T09:22:55.616+0000] {processor.py:183} INFO - Processing /usr/local/python/3.12.1/lib/python3.12/site-packages/airflow/example_dags/example_task_group_decorator.py took 0.064 seconds
[2026-04-25T09:23:50.356+0000] {processor.py:161} INFO - Started process (PID=19318) to work on /usr/local/python/3.12.1/lib/python3.12/site-packages/airflow/example_dags/example_task_group_decorator.py
[2026-04-25T09:23:50.357+0000] {processor.py:830} INFO - Processing file /usr/local/python/3.12.1/lib/python3.12/site-packages/airflow/example_dags/example_task_group_decorator.py for tasks to queue
[2026-04-25T09:23:50.357+0000] {logging_mixin.py:188} INFO - [2026-04-25T09:23:50.357+0000] {dagbag.py:540} INFO - Filling up the DagBag from /usr/local/python/3.12.1/lib/python3.12/site-packages/airflow/example_dags/example_task_group_decorator.py
[2026-04-25T09:23:50.368+0000] {processor.py:840} INFO - DAG(s) 'example_task_group_decorator' retrieved from /usr/local/python/3.12.1/lib/python3.12/site-packages/airflow/example_dags/example_task_group_decorator.py
[2026-04-25T09:23:50.384+0000] {logging_mixin.py:188} INFO - [2026-04-25T09:23:50.384+0000] {dag.py:3096} INFO - Sync 1 DAGs
[2026-04-25T09:23:50.399+0000] {logging_mixin.py:188} INFO - [2026-04-25T09:23:50.398+0000] {dag.py:3954} INFO - Setting next_dagrun for example_task_group_decorator to 2026-04-24 00:00:00+00:00, run_after=2026-04-25 00:00:00+00:00
[2026-04-25T09:23:50.415+0000] {processor.py:183} INFO - Processing /usr/local/python/3.12.1/lib/python3.12/site-packages/airflow/example_dags/example_task_group_decorator.py took 0.063 seconds
[2026-04-25T09:24:30.213+0000] {processor.py:161} INFO - Started process (PID=19623) to work on /usr/local/python/3.12.1/lib/python3.12/site-packages/airflow/example_dags/example_task_group_decorator.py
[2026-04-25T09:24:30.214+0000] {processor.py:830} INFO - Processing file /usr/local/python/3.12.1/lib/python3.12/site-packages/airflow/example_dags/example_task_group_decorator.py for tasks to queue
[2026-04-25T09:24:30.214+0000] {logging_mixin.py:188} INFO - [2026-04-25T09:24:30.214+0000] {dagbag.py:540} INFO - Filling up the DagBag from /usr/local/python/3.12.1/lib/python3.12/site-packages/airflow/example_dags/example_task_group_decorator.py
[2026-04-25T09:24:30.225+0000] {processor.py:840} INFO - DAG(s) 'example_task_group_decorator' retrieved from /usr/local/python/3.12.1/lib/python3.12/site-packages/airflow/example_dags/example_task_group_decorator.py
[2026-04-25T09:24:30.240+0000] {logging_mixin.py:188} INFO - [2026-04-25T09:24:30.240+0000] {dag.py:3096} INFO - Sync 1 DAGs
[2026-04-25T09:24:30.254+0000] {logging_mixin.py:188} INFO - [2026-04-25T09:24:30.253+0000] {dag.py:3954} INFO - Setting next_dagrun for example_task_group_decorator to 2026-04-24 00:00:00+00:00, run_after=2026-04-25 00:00:00+00:00
[2026-04-25T09:24:30.269+0000] {processor.py:183} INFO - Processing /usr/local/python/3.12.1/lib/python3.12/site-packages/airflow/example_dags/example_task_group_decorator.py took 0.061 seconds
[2026-04-25T09:25:11.317+0000] {processor.py:161} INFO - Started process (PID=19945) to work on /usr/local/python/3.12.1/lib/python3.12/site-packages/airflow/example_dags/example_task_group_decorator.py
[2026-04-25T09:25:11.318+0000] {processor.py:830} INFO - Processing file /usr/local/python/3.12.1/lib/python3.12/site-packages/airflow/example_dags/example_task_group_decorator.py for tasks to queue
[2026-04-25T09:25:11.319+0000] {logging_mixin.py:188} INFO - [2026-04-25T09:25:11.318+0000] {dagbag.py:540} INFO - Filling up the DagBag from /usr/local/python/3.12.1/lib/python3.12/site-packages/airflow/example_dags/example_task_group_decorator.py
[2026-04-25T09:25:11.330+0000] {processor.py:840} INFO - DAG(s) 'example_task_group_decorator' retrieved from /usr/local/python/3.12.1/lib/python3.12/site-packages/airflow/example_dags/example_task_group_decorator.py
[2026-04-25T09:25:11.345+0000] {logging_mixin.py:188} INFO - [2026-04-25T09:25:11.345+0000] {dag.py:3096} INFO - Sync 1 DAGs
[2026-04-25T09:25:11.360+0000] {logging_mixin.py:188} INFO - [2026-04-25T09:25:11.360+0000] {dag.py:3954} INFO - Setting next_dagrun for example_task_group_decorator to 2026-04-24 00:00:00+00:00, run_after=2026-04-25 00:00:00+00:00
[2026-04-25T09:25:11.376+0000] {processor.py:183} INFO - Processing /usr/local/python/3.12.1/lib/python3.12/site-packages/airflow/example_dags/example_task_group_decorator.py took 0.063 seconds
[2026-04-25T09:25:48.340+0000] {processor.py:161} INFO - Started process (PID=20244) to work on /usr/local/python/3.12.1/lib/python3.12/site-packages/airflow/example_dags/example_task_group_decorator.py
[2026-04-25T09:25:48.340+0000] {processor.py:830} INFO - Processing file /usr/local/python/3.12.1/lib/python3.12/site-packages/airflow/example_dags/example_task_group_decorator.py for tasks to queue
[2026-04-25T09:25:48.341+0000] {logging_mixin.py:188} INFO - [2026-04-25T09:25:48.341+0000] {dagbag.py:540} INFO - Filling up the DagBag from /usr/local/python/3.12.1/lib/python3.12/site-packages/airflow/example_dags/example_task_group_decorator.py
[2026-04-25T09:25:48.352+0000] {processor.py:840} INFO - DAG(s) 'example_task_group_decorator' retrieved from /usr/local/python/3.12.1/lib/python3.12/site-packages/airflow/example_dags/example_task_group_decorator.py
[2026-04-25T09:25:48.367+0000] {logging_mixin.py:188} INFO - [2026-04-25T09:25:48.367+0000] {dag.py:3096} INFO - Sync 1 DAGs
[2026-04-25T09:25:48.381+0000] {logging_mixin.py:188} INFO - [2026-04-25T09:25:48.381+0000] {dag.py:3954} INFO - Setting next_dagrun for example_task_group_decorator to 2026-04-24 00:00:00+00:00, run_after=2026-04-25 00:00:00+00:00
[2026-04-25T09:25:48.397+0000] {processor.py:183} INFO - Processing /usr/local/python/3.12.1/lib/python3.12/site-packages/airflow/example_dags/example_task_group_decorator.py took 0.061 seconds
[2026-04-25T09:26:27.238+0000] {processor.py:161} INFO - Started process (PID=20544) to work on /usr/local/python/3.12.1/lib/python3.12/site-packages/airflow/example_dags/example_task_group_decorator.py
[2026-04-25T09:26:27.238+0000] {processor.py:830} INFO - Processing file /usr/local/python/3.12.1/lib/python3.12/site-packages/airflow/example_dags/example_task_group_decorator.py for tasks to queue
[2026-04-25T09:26:27.239+0000] {logging_mixin.py:188} INFO - [2026-04-25T09:26:27.239+0000] {dagbag.py:540} INFO - Filling up the DagBag from /usr/local/python/3.12.1/lib/python3.12/site-packages/airflow/example_dags/example_task_group_decorator.py
[2026-04-25T09:26:27.250+0000] {processor.py:840} INFO - DAG(s) 'example_task_group_decorator' retrieved from /usr/local/python/3.12.1/lib/python3.12/site-packages/airflow/example_dags/example_task_group_decorator.py
[2026-04-25T09:26:27.265+0000] {logging_mixin.py:188} INFO - [2026-04-25T09:26:27.265+0000] {dag.py:3096} INFO - Sync 1 DAGs
[2026-04-25T09:26:27.280+0000] {logging_mixin.py:188} INFO - [2026-04-25T09:26:27.279+0000] {dag.py:3954} INFO - Setting next_dagrun for example_task_group_decorator to 2026-04-24 00:00:00+00:00, run_after=2026-04-25 00:00:00+00:00
[2026-04-25T09:26:27.296+0000] {processor.py:183} INFO - Processing /usr/local/python/3.12.1/lib/python3.12/site-packages/airflow/example_dags/example_task_group_decorator.py took 0.062 seconds
[2026-04-25T09:27:08.346+0000] {processor.py:161} INFO - Started process (PID=20863) to work on /usr/local/python/3.12.1/lib/python3.12/site-packages/airflow/example_dags/example_task_group_decorator.py
[2026-04-25T09:27:08.347+0000] {processor.py:830} INFO - Processing file /usr/local/python/3.12.1/lib/python3.12/site-packages/airflow/example_dags/example_task_group_decorator.py for tasks to queue
[2026-04-25T09:27:08.348+0000] {logging_mixin.py:188} INFO - [2026-04-25T09:27:08.347+0000] {dagbag.py:540} INFO - Filling up the DagBag from /usr/local/python/3.12.1/lib/python3.12/site-packages/airflow/example_dags/example_task_group_decorator.py
[2026-04-25T09:27:08.359+0000] {processor.py:840} INFO - DAG(s) 'example_task_group_decorator' retrieved from /usr/local/python/3.12.1/lib/python3.12/site-packages/airflow/example_dags/example_task_group_decorator.py
[2026-04-25T09:27:08.374+0000] {logging_mixin.py:188} INFO - [2026-04-25T09:27:08.374+0000] {dag.py:3096} INFO - Sync 1 DAGs
[2026-04-25T09:27:08.388+0000] {logging_mixin.py:188} INFO - [2026-04-25T09:27:08.388+0000] {dag.py:3954} INFO - Setting next_dagrun for example_task_group_decorator to 2026-04-24 00:00:00+00:00, run_after=2026-04-25 00:00:00+00:00
[2026-04-25T09:27:08.552+0000] {processor.py:183} INFO - Processing /usr/local/python/3.12.1/lib/python3.12/site-packages/airflow/example_dags/example_task_group_decorator.py took 0.210 seconds
[2026-04-25T09:27:48.341+0000] {processor.py:161} INFO - Started process (PID=21173) to work on /usr/local/python/3.12.1/lib/python3.12/site-packages/airflow/example_dags/example_task_group_decorator.py
[2026-04-25T09:27:48.342+0000] {processor.py:830} INFO - Processing file /usr/local/python/3.12.1/lib/python3.12/site-packages/airflow/example_dags/example_task_group_decorator.py for tasks to queue
[2026-04-25T09:27:48.342+0000] {logging_mixin.py:188} INFO - [2026-04-25T09:27:48.342+0000] {dagbag.py:540} INFO - Filling up the DagBag from /usr/local/python/3.12.1/lib/python3.12/site-packages/airflow/example_dags/example_task_group_decorator.py
[2026-04-25T09:27:48.353+0000] {processor.py:840} INFO - DAG(s) 'example_task_group_decorator' retrieved from /usr/local/python/3.12.1/lib/python3.12/site-packages/airflow/example_dags/example_task_group_decorator.py
[2026-04-25T09:27:48.368+0000] {logging_mixin.py:188} INFO - [2026-04-25T09:27:48.368+0000] {dag.py:3096} INFO - Sync 1 DAGs
[2026-04-25T09:27:48.383+0000] {logging_mixin.py:188} INFO - [2026-04-25T09:27:48.383+0000] {dag.py:3954} INFO - Setting next_dagrun for example_task_group_decorator to 2026-04-24 00:00:00+00:00, run_after=2026-04-25 00:00:00+00:00
[2026-04-25T09:27:48.400+0000] {processor.py:183} INFO - Processing /usr/local/python/3.12.1/lib/python3.12/site-packages/airflow/example_dags/example_task_group_decorator.py took 0.063 seconds
[2026-04-25T09:28:32.727+0000] {processor.py:161} INFO - Started process (PID=21503) to work on /usr/local/python/3.12.1/lib/python3.12/site-packages/airflow/example_dags/example_task_group_decorator.py
[2026-04-25T09:28:32.728+0000] {processor.py:830} INFO - Processing file /usr/local/python/3.12.1/lib/python3.12/site-packages/airflow/example_dags/example_task_group_decorator.py for tasks to queue
[2026-04-25T09:28:32.728+0000] {logging_mixin.py:188} INFO - [2026-04-25T09:28:32.728+0000] {dagbag.py:540} INFO - Filling up the DagBag from /usr/local/python/3.12.1/lib/python3.12/site-packages/airflow/example_dags/example_task_group_decorator.py
[2026-04-25T09:28:32.739+0000] {processor.py:840} INFO - DAG(s) 'example_task_group_decorator' retrieved from /usr/local/python/3.12.1/lib/python3.12/site-packages/airflow/example_dags/example_task_group_decorator.py
[2026-04-25T09:28:32.754+0000] {logging_mixin.py:188} INFO - [2026-04-25T09:28:32.754+0000] {dag.py:3096} INFO - Sync 1 DAGs
[2026-04-25T09:28:32.768+0000] {logging_mixin.py:188} INFO - [2026-04-25T09:28:32.768+0000] {dag.py:3954} INFO - Setting next_dagrun for example_task_group_decorator to 2026-04-24 00:00:00+00:00, run_after=2026-04-25 00:00:00+00:00
[2026-04-25T09:28:32.924+0000] {processor.py:183} INFO - Processing /usr/local/python/3.12.1/lib/python3.12/site-packages/airflow/example_dags/example_task_group_decorator.py took 0.201 seconds
[2026-04-25T09:29:13.836+0000] {processor.py:161} INFO - Started process (PID=21822) to work on /usr/local/python/3.12.1/lib/python3.12/site-packages/airflow/example_dags/example_task_group_decorator.py
[2026-04-25T09:29:13.837+0000] {processor.py:830} INFO - Processing file /usr/local/python/3.12.1/lib/python3.12/site-packages/airflow/example_dags/example_task_group_decorator.py for tasks to queue
[2026-04-25T09:29:13.838+0000] {logging_mixin.py:188} INFO - [2026-04-25T09:29:13.837+0000] {dagbag.py:540} INFO - Filling up the DagBag from /usr/local/python/3.12.1/lib/python3.12/site-packages/airflow/example_dags/example_task_group_decorator.py
[2026-04-25T09:29:13.849+0000] {processor.py:840} INFO - DAG(s) 'example_task_group_decorator' retrieved from /usr/local/python/3.12.1/lib/python3.12/site-packages/airflow/example_dags/example_task_group_decorator.py
[2026-04-25T09:29:13.868+0000] {logging_mixin.py:188} INFO - [2026-04-25T09:29:13.867+0000] {dag.py:3096} INFO - Sync 1 DAGs
[2026-04-25T09:29:13.893+0000] {logging_mixin.py:188} INFO - [2026-04-25T09:29:13.893+0000] {dag.py:3954} INFO - Setting next_dagrun for example_task_group_decorator to 2026-04-24 00:00:00+00:00, run_after=2026-04-25 00:00:00+00:00
[2026-04-25T09:29:13.914+0000] {processor.py:183} INFO - Processing /usr/local/python/3.12.1/lib/python3.12/site-packages/airflow/example_dags/example_task_group_decorator.py took 0.082 seconds
[2026-04-25T09:29:52.434+0000] {processor.py:161} INFO - Started process (PID=22123) to work on /usr/local/python/3.12.1/lib/python3.12/site-packages/airflow/example_dags/example_task_group_decorator.py
[2026-04-25T09:29:52.435+0000] {processor.py:830} INFO - Processing file /usr/local/python/3.12.1/lib/python3.12/site-packages/airflow/example_dags/example_task_group_decorator.py for tasks to queue
[2026-04-25T09:29:52.435+0000] {logging_mixin.py:188} INFO - [2026-04-25T09:29:52.435+0000] {dagbag.py:540} INFO - Filling up the DagBag from /usr/local/python/3.12.1/lib/python3.12/site-packages/airflow/example_dags/example_task_group_decorator.py
[2026-04-25T09:29:52.447+0000] {processor.py:840} INFO - DAG(s) 'example_task_group_decorator' retrieved from /usr/local/python/3.12.1/lib/python3.12/site-packages/airflow/example_dags/example_task_group_decorator.py
[2026-04-25T09:29:52.462+0000] {logging_mixin.py:188} INFO - [2026-04-25T09:29:52.462+0000] {dag.py:3096} INFO - Sync 1 DAGs
[2026-04-25T09:29:52.476+0000] {logging_mixin.py:188} INFO - [2026-04-25T09:29:52.476+0000] {dag.py:3954} INFO - Setting next_dagrun for example_task_group_decorator to 2026-04-24 00:00:00+00:00, run_after=2026-04-25 00:00:00+00:00
[2026-04-25T09:29:52.492+0000] {processor.py:183} INFO - Processing /usr/local/python/3.12.1/lib/python3.12/site-packages/airflow/example_dags/example_task_group_decorator.py took 0.062 seconds
[2026-04-25T09:30:30.836+0000] {processor.py:161} INFO - Started process (PID=22419) to work on /usr/local/python/3.12.1/lib/python3.12/site-packages/airflow/example_dags/example_task_group_decorator.py
[2026-04-25T09:30:30.837+0000] {processor.py:830} INFO - Processing file /usr/local/python/3.12.1/lib/python3.12/site-packages/airflow/example_dags/example_task_group_decorator.py for tasks to queue
[2026-04-25T09:30:30.838+0000] {logging_mixin.py:188} INFO - [2026-04-25T09:30:30.837+0000] {dagbag.py:540} INFO - Filling up the DagBag from /usr/local/python/3.12.1/lib/python3.12/site-packages/airflow/example_dags/example_task_group_decorator.py
[2026-04-25T09:30:30.849+0000] {processor.py:840} INFO - DAG(s) 'example_task_group_decorator' retrieved from /usr/local/python/3.12.1/lib/python3.12/site-packages/airflow/example_dags/example_task_group_decorator.py
[2026-04-25T09:30:30.864+0000] {logging_mixin.py:188} INFO - [2026-04-25T09:30:30.864+0000] {dag.py:3096} INFO - Sync 1 DAGs
[2026-04-25T09:30:30.878+0000] {logging_mixin.py:188} INFO - [2026-04-25T09:30:30.878+0000] {dag.py:3954} INFO - Setting next_dagrun for example_task_group_decorator to 2026-04-24 00:00:00+00:00, run_after=2026-04-25 00:00:00+00:00
[2026-04-25T09:30:30.895+0000] {processor.py:183} INFO - Processing /usr/local/python/3.12.1/lib/python3.12/site-packages/airflow/example_dags/example_task_group_decorator.py took 0.062 seconds
[2026-04-25T09:31:15.722+0000] {processor.py:161} INFO - Started process (PID=22763) to work on /usr/local/python/3.12.1/lib/python3.12/site-packages/airflow/example_dags/example_task_group_decorator.py
[2026-04-25T09:31:15.723+0000] {processor.py:830} INFO - Processing file /usr/local/python/3.12.1/lib/python3.12/site-packages/airflow/example_dags/example_task_group_decorator.py for tasks to queue
[2026-04-25T09:31:15.724+0000] {logging_mixin.py:188} INFO - [2026-04-25T09:31:15.724+0000] {dagbag.py:540} INFO - Filling up the DagBag from /usr/local/python/3.12.1/lib/python3.12/site-packages/airflow/example_dags/example_task_group_decorator.py
[2026-04-25T09:31:15.735+0000] {processor.py:840} INFO - DAG(s) 'example_task_group_decorator' retrieved from /usr/local/python/3.12.1/lib/python3.12/site-packages/airflow/example_dags/example_task_group_decorator.py
[2026-04-25T09:31:15.751+0000] {logging_mixin.py:188} INFO - [2026-04-25T09:31:15.750+0000] {dag.py:3096} INFO - Sync 1 DAGs
[2026-04-25T09:31:15.765+0000] {logging_mixin.py:188} INFO - [2026-04-25T09:31:15.765+0000] {dag.py:3954} INFO - Setting next_dagrun for example_task_group_decorator to 2026-04-24 00:00:00+00:00, run_after=2026-04-25 00:00:00+00:00
[2026-04-25T09:31:15.782+0000] {processor.py:183} INFO - Processing /usr/local/python/3.12.1/lib/python3.12/site-packages/airflow/example_dags/example_task_group_decorator.py took 0.064 seconds
[2026-04-25T09:31:57.958+0000] {processor.py:161} INFO - Started process (PID=23080) to work on /usr/local/python/3.12.1/lib/python3.12/site-packages/airflow/example_dags/example_task_group_decorator.py
[2026-04-25T09:31:57.959+0000] {processor.py:830} INFO - Processing file /usr/local/python/3.12.1/lib/python3.12/site-packages/airflow/example_dags/example_task_group_decorator.py for tasks to queue
[2026-04-25T09:31:57.959+0000] {logging_mixin.py:188} INFO - [2026-04-25T09:31:57.959+0000] {dagbag.py:540} INFO - Filling up the DagBag from /usr/local/python/3.12.1/lib/python3.12/site-packages/airflow/example_dags/example_task_group_decorator.py
[2026-04-25T09:31:57.970+0000] {processor.py:840} INFO - DAG(s) 'example_task_group_decorator' retrieved from /usr/local/python/3.12.1/lib/python3.12/site-packages/airflow/example_dags/example_task_group_decorator.py
[2026-04-25T09:31:57.986+0000] {logging_mixin.py:188} INFO - [2026-04-25T09:31:57.986+0000] {dag.py:3096} INFO - Sync 1 DAGs
[2026-04-25T09:31:58.150+0000] {logging_mixin.py:188} INFO - [2026-04-25T09:31:58.149+0000] {dag.py:3954} INFO - Setting next_dagrun for example_task_group_decorator to 2026-04-24 00:00:00+00:00, run_after=2026-04-25 00:00:00+00:00
[2026-04-25T09:31:58.165+0000] {processor.py:183} INFO - Processing /usr/local/python/3.12.1/lib/python3.12/site-packages/airflow/example_dags/example_task_group_decorator.py took 0.212 seconds
[2026-04-25T09:32:41.597+0000] {processor.py:161} INFO - Started process (PID=23423) to work on /usr/local/python/3.12.1/lib/python3.12/site-packages/airflow/example_dags/example_task_group_decorator.py
[2026-04-25T09:32:41.598+0000] {processor.py:830} INFO - Processing file /usr/local/python/3.12.1/lib/python3.12/site-packages/airflow/example_dags/example_task_group_decorator.py for tasks to queue
[2026-04-25T09:32:41.598+0000] {logging_mixin.py:188} INFO - [2026-04-25T09:32:41.598+0000] {dagbag.py:540} INFO - Filling up the DagBag from /usr/local/python/3.12.1/lib/python3.12/site-packages/airflow/example_dags/example_task_group_decorator.py
[2026-04-25T09:32:41.610+0000] {processor.py:840} INFO - DAG(s) 'example_task_group_decorator' retrieved from /usr/local/python/3.12.1/lib/python3.12/site-packages/airflow/example_dags/example_task_group_decorator.py
[2026-04-25T09:32:41.625+0000] {logging_mixin.py:188} INFO - [2026-04-25T09:32:41.625+0000] {dag.py:3096} INFO - Sync 1 DAGs
[2026-04-25T09:32:41.640+0000] {logging_mixin.py:188} INFO - [2026-04-25T09:32:41.639+0000] {dag.py:3954} INFO - Setting next_dagrun for example_task_group_decorator to 2026-04-24 00:00:00+00:00, run_after=2026-04-25 00:00:00+00:00
[2026-04-25T09:32:41.656+0000] {processor.py:183} INFO - Processing /usr/local/python/3.12.1/lib/python3.12/site-packages/airflow/example_dags/example_task_group_decorator.py took 0.063 seconds
[2026-04-25T09:33:26.147+0000] {processor.py:161} INFO - Started process (PID=23760) to work on /usr/local/python/3.12.1/lib/python3.12/site-packages/airflow/example_dags/example_task_group_decorator.py
[2026-04-25T09:33:26.148+0000] {processor.py:830} INFO - Processing file /usr/local/python/3.12.1/lib/python3.12/site-packages/airflow/example_dags/example_task_group_decorator.py for tasks to queue
[2026-04-25T09:33:26.148+0000] {logging_mixin.py:188} INFO - [2026-04-25T09:33:26.148+0000] {dagbag.py:540} INFO - Filling up the DagBag from /usr/local/python/3.12.1/lib/python3.12/site-packages/airflow/example_dags/example_task_group_decorator.py
[2026-04-25T09:33:26.159+0000] {processor.py:840} INFO - DAG(s) 'example_task_group_decorator' retrieved from /usr/local/python/3.12.1/lib/python3.12/site-packages/airflow/example_dags/example_task_group_decorator.py
[2026-04-25T09:33:26.316+0000] {logging_mixin.py:188} INFO - [2026-04-25T09:33:26.316+0000] {dag.py:3096} INFO - Sync 1 DAGs
[2026-04-25T09:33:26.328+0000] {logging_mixin.py:188} INFO - [2026-04-25T09:33:26.328+0000] {dag.py:3954} INFO - Setting next_dagrun for example_task_group_decorator to 2026-04-24 00:00:00+00:00, run_after=2026-04-25 00:00:00+00:00
[2026-04-25T09:33:26.343+0000] {processor.py:183} INFO - Processing /usr/local/python/3.12.1/lib/python3.12/site-packages/airflow/example_dags/example_task_group_decorator.py took 0.200 seconds
[2026-04-25T09:34:13.705+0000] {processor.py:161} INFO - Started process (PID=24134) to work on /usr/local/python/3.12.1/lib/python3.12/site-packages/airflow/example_dags/example_task_group_decorator.py
[2026-04-25T09:34:13.705+0000] {processor.py:830} INFO - Processing file /usr/local/python/3.12.1/lib/python3.12/site-packages/airflow/example_dags/example_task_group_decorator.py for tasks to queue
[2026-04-25T09:34:13.706+0000] {logging_mixin.py:188} INFO - [2026-04-25T09:34:13.706+0000] {dagbag.py:540} INFO - Filling up the DagBag from /usr/local/python/3.12.1/lib/python3.12/site-packages/airflow/example_dags/example_task_group_decorator.py
[2026-04-25T09:34:13.717+0000] {processor.py:840} INFO - DAG(s) 'example_task_group_decorator' retrieved from /usr/local/python/3.12.1/lib/python3.12/site-packages/airflow/example_dags/example_task_group_decorator.py
[2026-04-25T09:34:13.732+0000] {logging_mixin.py:188} INFO - [2026-04-25T09:34:13.732+0000] {dag.py:3096} INFO - Sync 1 DAGs
[2026-04-25T09:34:13.747+0000] {logging_mixin.py:188} INFO - [2026-04-25T09:34:13.747+0000] {dag.py:3954} INFO - Setting next_dagrun for example_task_group_decorator to 2026-04-24 00:00:00+00:00, run_after=2026-04-25 00:00:00+00:00
[2026-04-25T09:34:13.763+0000] {processor.py:183} INFO - Processing /usr/local/python/3.12.1/lib/python3.12/site-packages/airflow/example_dags/example_task_group_decorator.py took 0.063 seconds
[2026-04-25T09:35:07.826+0000] {processor.py:161} INFO - Started process (PID=24546) to work on /usr/local/python/3.12.1/lib/python3.12/site-packages/airflow/example_dags/example_task_group_decorator.py
[2026-04-25T09:35:07.827+0000] {processor.py:830} INFO - Processing file /usr/local/python/3.12.1/lib/python3.12/site-packages/airflow/example_dags/example_task_group_decorator.py for tasks to queue
[2026-04-25T09:35:07.828+0000] {logging_mixin.py:188} INFO - [2026-04-25T09:35:07.827+0000] {dagbag.py:540} INFO - Filling up the DagBag from /usr/local/python/3.12.1/lib/python3.12/site-packages/airflow/example_dags/example_task_group_decorator.py
[2026-04-25T09:35:07.839+0000] {processor.py:840} INFO - DAG(s) 'example_task_group_decorator' retrieved from /usr/local/python/3.12.1/lib/python3.12/site-packages/airflow/example_dags/example_task_group_decorator.py
[2026-04-25T09:35:07.855+0000] {logging_mixin.py:188} INFO - [2026-04-25T09:35:07.855+0000] {dag.py:3096} INFO - Sync 1 DAGs
[2026-04-25T09:35:07.870+0000] {logging_mixin.py:188} INFO - [2026-04-25T09:35:07.870+0000] {dag.py:3954} INFO - Setting next_dagrun for example_task_group_decorator to 2026-04-24 00:00:00+00:00, run_after=2026-04-25 00:00:00+00:00
[2026-04-25T09:35:07.886+0000] {processor.py:183} INFO - Processing /usr/local/python/3.12.1/lib/python3.12/site-packages/airflow/example_dags/example_task_group_decorator.py took 0.064 seconds
[2026-04-25T09:35:47.386+0000] {processor.py:161} INFO - Started process (PID=24853) to work on /usr/local/python/3.12.1/lib/python3.12/site-packages/airflow/example_dags/example_task_group_decorator.py
[2026-04-25T09:35:47.387+0000] {processor.py:830} INFO - Processing file /usr/local/python/3.12.1/lib/python3.12/site-packages/airflow/example_dags/example_task_group_decorator.py for tasks to queue
[2026-04-25T09:35:47.388+0000] {logging_mixin.py:188} INFO - [2026-04-25T09:35:47.387+0000] {dagbag.py:540} INFO - Filling up the DagBag from /usr/local/python/3.12.1/lib/python3.12/site-packages/airflow/example_dags/example_task_group_decorator.py
[2026-04-25T09:35:47.399+0000] {processor.py:840} INFO - DAG(s) 'example_task_group_decorator' retrieved from /usr/local/python/3.12.1/lib/python3.12/site-packages/airflow/example_dags/example_task_group_decorator.py
[2026-04-25T09:35:47.415+0000] {logging_mixin.py:188} INFO - [2026-04-25T09:35:47.414+0000] {dag.py:3096} INFO - Sync 1 DAGs
[2026-04-25T09:35:47.429+0000] {logging_mixin.py:188} INFO - [2026-04-25T09:35:47.429+0000] {dag.py:3954} INFO - Setting next_dagrun for example_task_group_decorator to 2026-04-24 00:00:00+00:00, run_after=2026-04-25 00:00:00+00:00
[2026-04-25T09:35:47.446+0000] {processor.py:183} INFO - Processing /usr/local/python/3.12.1/lib/python3.12/site-packages/airflow/example_dags/example_task_group_decorator.py took 0.065 seconds
[2026-04-25T09:36:24.896+0000] {processor.py:161} INFO - Started process (PID=25131) to work on /usr/local/python/3.12.1/lib/python3.12/site-packages/airflow/example_dags/example_task_group_decorator.py
[2026-04-25T09:36:24.896+0000] {processor.py:830} INFO - Processing file /usr/local/python/3.12.1/lib/python3.12/site-packages/airflow/example_dags/example_task_group_decorator.py for tasks to queue
[2026-04-25T09:36:24.897+0000] {logging_mixin.py:188} INFO - [2026-04-25T09:36:24.897+0000] {dagbag.py:540} INFO - Filling up the DagBag from /usr/local/python/3.12.1/lib/python3.12/site-packages/airflow/example_dags/example_task_group_decorator.py
[2026-04-25T09:36:24.908+0000] {processor.py:840} INFO - DAG(s) 'example_task_group_decorator' retrieved from /usr/local/python/3.12.1/lib/python3.12/site-packages/airflow/example_dags/example_task_group_decorator.py
[2026-04-25T09:36:24.923+0000] {logging_mixin.py:188} INFO - [2026-04-25T09:36:24.923+0000] {dag.py:3096} INFO - Sync 1 DAGs
[2026-04-25T09:36:24.939+0000] {logging_mixin.py:188} INFO - [2026-04-25T09:36:24.939+0000] {dag.py:3954} INFO - Setting next_dagrun for example_task_group_decorator to 2026-04-24 00:00:00+00:00, run_after=2026-04-25 00:00:00+00:00
[2026-04-25T09:36:24.959+0000] {processor.py:183} INFO - Processing /usr/local/python/3.12.1/lib/python3.12/site-packages/airflow/example_dags/example_task_group_decorator.py took 0.068 seconds
[2026-04-25T09:37:07.053+0000] {processor.py:161} INFO - Started process (PID=25476) to work on /usr/local/python/3.12.1/lib/python3.12/site-packages/airflow/example_dags/example_task_group_decorator.py
[2026-04-25T09:37:07.054+0000] {processor.py:830} INFO - Processing file /usr/local/python/3.12.1/lib/python3.12/site-packages/airflow/example_dags/example_task_group_decorator.py for tasks to queue
[2026-04-25T09:37:07.055+0000] {logging_mixin.py:188} INFO - [2026-04-25T09:37:07.055+0000] {dagbag.py:540} INFO - Filling up the DagBag from /usr/local/python/3.12.1/lib/python3.12/site-packages/airflow/example_dags/example_task_group_decorator.py
[2026-04-25T09:37:07.067+0000] {processor.py:840} INFO - DAG(s) 'example_task_group_decorator' retrieved from /usr/local/python/3.12.1/lib/python3.12/site-packages/airflow/example_dags/example_task_group_decorator.py
[2026-04-25T09:37:07.082+0000] {logging_mixin.py:188} INFO - [2026-04-25T09:37:07.082+0000] {dag.py:3096} INFO - Sync 1 DAGs
[2026-04-25T09:37:07.097+0000] {logging_mixin.py:188} INFO - [2026-04-25T09:37:07.096+0000] {dag.py:3954} INFO - Setting next_dagrun for example_task_group_decorator to 2026-04-24 00:00:00+00:00, run_after=2026-04-25 00:00:00+00:00
[2026-04-25T09:37:07.114+0000] {processor.py:183} INFO - Processing /usr/local/python/3.12.1/lib/python3.12/site-packages/airflow/example_dags/example_task_group_decorator.py took 0.065 seconds
[2026-04-25T09:37:47.659+0000] {processor.py:161} INFO - Started process (PID=25783) to work on /usr/local/python/3.12.1/lib/python3.12/site-packages/airflow/example_dags/example_task_group_decorator.py
[2026-04-25T09:37:47.660+0000] {processor.py:830} INFO - Processing file /usr/local/python/3.12.1/lib/python3.12/site-packages/airflow/example_dags/example_task_group_decorator.py for tasks to queue
[2026-04-25T09:37:47.660+0000] {logging_mixin.py:188} INFO - [2026-04-25T09:37:47.660+0000] {dagbag.py:540} INFO - Filling up the DagBag from /usr/local/python/3.12.1/lib/python3.12/site-packages/airflow/example_dags/example_task_group_decorator.py
[2026-04-25T09:37:47.672+0000] {processor.py:840} INFO - DAG(s) 'example_task_group_decorator' retrieved from /usr/local/python/3.12.1/lib/python3.12/site-packages/airflow/example_dags/example_task_group_decorator.py
[2026-04-25T09:37:47.687+0000] {logging_mixin.py:188} INFO - [2026-04-25T09:37:47.687+0000] {dag.py:3096} INFO - Sync 1 DAGs
[2026-04-25T09:37:47.701+0000] {logging_mixin.py:188} INFO - [2026-04-25T09:37:47.701+0000] {dag.py:3954} INFO - Setting next_dagrun for example_task_group_decorator to 2026-04-24 00:00:00+00:00, run_after=2026-04-25 00:00:00+00:00
[2026-04-25T09:37:47.718+0000] {processor.py:183} INFO - Processing /usr/local/python/3.12.1/lib/python3.12/site-packages/airflow/example_dags/example_task_group_decorator.py took 0.064 seconds
[2026-04-25T09:38:28.670+0000] {processor.py:161} INFO - Started process (PID=26103) to work on /usr/local/python/3.12.1/lib/python3.12/site-packages/airflow/example_dags/example_task_group_decorator.py
[2026-04-25T09:38:28.671+0000] {processor.py:830} INFO - Processing file /usr/local/python/3.12.1/lib/python3.12/site-packages/airflow/example_dags/example_task_group_decorator.py for tasks to queue
[2026-04-25T09:38:28.671+0000] {logging_mixin.py:188} INFO - [2026-04-25T09:38:28.671+0000] {dagbag.py:540} INFO - Filling up the DagBag from /usr/local/python/3.12.1/lib/python3.12/site-packages/airflow/example_dags/example_task_group_decorator.py
[2026-04-25T09:38:28.683+0000] {processor.py:840} INFO - DAG(s) 'example_task_group_decorator' retrieved from /usr/local/python/3.12.1/lib/python3.12/site-packages/airflow/example_dags/example_task_group_decorator.py
[2026-04-25T09:38:28.697+0000] {logging_mixin.py:188} INFO - [2026-04-25T09:38:28.697+0000] {dag.py:3096} INFO - Sync 1 DAGs
[2026-04-25T09:38:28.712+0000] {logging_mixin.py:188} INFO - [2026-04-25T09:38:28.712+0000] {dag.py:3954} INFO - Setting next_dagrun for example_task_group_decorator to 2026-04-24 00:00:00+00:00, run_after=2026-04-25 00:00:00+00:00
[2026-04-25T09:38:28.728+0000] {processor.py:183} INFO - Processing /usr/local/python/3.12.1/lib/python3.12/site-packages/airflow/example_dags/example_task_group_decorator.py took 0.063 seconds
[2026-04-25T09:39:11.461+0000] {processor.py:161} INFO - Started process (PID=26423) to work on /usr/local/python/3.12.1/lib/python3.12/site-packages/airflow/example_dags/example_task_group_decorator.py
[2026-04-25T09:39:11.462+0000] {processor.py:830} INFO - Processing file /usr/local/python/3.12.1/lib/python3.12/site-packages/airflow/example_dags/example_task_group_decorator.py for tasks to queue
[2026-04-25T09:39:11.463+0000] {logging_mixin.py:188} INFO - [2026-04-25T09:39:11.462+0000] {dagbag.py:540} INFO - Filling up the DagBag from /usr/local/python/3.12.1/lib/python3.12/site-packages/airflow/example_dags/example_task_group_decorator.py
[2026-04-25T09:39:11.474+0000] {processor.py:840} INFO - DAG(s) 'example_task_group_decorator' retrieved from /usr/local/python/3.12.1/lib/python3.12/site-packages/airflow/example_dags/example_task_group_decorator.py
[2026-04-25T09:39:11.489+0000] {logging_mixin.py:188} INFO - [2026-04-25T09:39:11.489+0000] {dag.py:3096} INFO - Sync 1 DAGs
[2026-04-25T09:39:11.505+0000] {logging_mixin.py:188} INFO - [2026-04-25T09:39:11.505+0000] {dag.py:3954} INFO - Setting next_dagrun for example_task_group_decorator to 2026-04-24 00:00:00+00:00, run_after=2026-04-25 00:00:00+00:00
[2026-04-25T09:39:11.522+0000] {processor.py:183} INFO - Processing /usr/local/python/3.12.1/lib/python3.12/site-packages/airflow/example_dags/example_task_group_decorator.py took 0.065 seconds
[2026-04-25T09:39:49.264+0000] {processor.py:161} INFO - Started process (PID=26722) to work on /usr/local/python/3.12.1/lib/python3.12/site-packages/airflow/example_dags/example_task_group_decorator.py
[2026-04-25T09:39:49.264+0000] {processor.py:830} INFO - Processing file /usr/local/python/3.12.1/lib/python3.12/site-packages/airflow/example_dags/example_task_group_decorator.py for tasks to queue
[2026-04-25T09:39:49.265+0000] {logging_mixin.py:188} INFO - [2026-04-25T09:39:49.265+0000] {dagbag.py:540} INFO - Filling up the DagBag from /usr/local/python/3.12.1/lib/python3.12/site-packages/airflow/example_dags/example_task_group_decorator.py
[2026-04-25T09:39:49.276+0000] {processor.py:840} INFO - DAG(s) 'example_task_group_decorator' retrieved from /usr/local/python/3.12.1/lib/python3.12/site-packages/airflow/example_dags/example_task_group_decorator.py
[2026-04-25T09:39:49.292+0000] {logging_mixin.py:188} INFO - [2026-04-25T09:39:49.292+0000] {dag.py:3096} INFO - Sync 1 DAGs
[2026-04-25T09:39:49.307+0000] {logging_mixin.py:188} INFO - [2026-04-25T09:39:49.307+0000] {dag.py:3954} INFO - Setting next_dagrun for example_task_group_decorator to 2026-04-24 00:00:00+00:00, run_after=2026-04-25 00:00:00+00:00
[2026-04-25T09:39:49.324+0000] {processor.py:183} INFO - Processing /usr/local/python/3.12.1/lib/python3.12/site-packages/airflow/example_dags/example_task_group_decorator.py took 0.065 seconds
[2026-04-25T09:40:28.423+0000] {processor.py:161} INFO - Started process (PID=27015) to work on /usr/local/python/3.12.1/lib/python3.12/site-packages/airflow/example_dags/example_task_group_decorator.py
[2026-04-25T09:40:28.424+0000] {processor.py:830} INFO - Processing file /usr/local/python/3.12.1/lib/python3.12/site-packages/airflow/example_dags/example_task_group_decorator.py for tasks to queue
[2026-04-25T09:40:28.425+0000] {logging_mixin.py:188} INFO - [2026-04-25T09:40:28.424+0000] {dagbag.py:540} INFO - Filling up the DagBag from /usr/local/python/3.12.1/lib/python3.12/site-packages/airflow/example_dags/example_task_group_decorator.py
[2026-04-25T09:40:28.436+0000] {processor.py:840} INFO - DAG(s) 'example_task_group_decorator' retrieved from /usr/local/python/3.12.1/lib/python3.12/site-packages/airflow/example_dags/example_task_group_decorator.py
[2026-04-25T09:40:28.453+0000] {logging_mixin.py:188} INFO - [2026-04-25T09:40:28.453+0000] {dag.py:3096} INFO - Sync 1 DAGs
[2026-04-25T09:40:28.469+0000] {logging_mixin.py:188} INFO - [2026-04-25T09:40:28.469+0000] {dag.py:3954} INFO - Setting next_dagrun for example_task_group_decorator to 2026-04-24 00:00:00+00:00, run_after=2026-04-25 00:00:00+00:00
[2026-04-25T09:40:28.485+0000] {processor.py:183} INFO - Processing /usr/local/python/3.12.1/lib/python3.12/site-packages/airflow/example_dags/example_task_group_decorator.py took 0.066 seconds
[2026-04-25T09:41:05.887+0000] {processor.py:161} INFO - Started process (PID=27302) to work on /usr/local/python/3.12.1/lib/python3.12/site-packages/airflow/example_dags/example_task_group_decorator.py
[2026-04-25T09:41:05.889+0000] {processor.py:830} INFO - Processing file /usr/local/python/3.12.1/lib/python3.12/site-packages/airflow/example_dags/example_task_group_decorator.py for tasks to queue
[2026-04-25T09:41:05.890+0000] {logging_mixin.py:188} INFO - [2026-04-25T09:41:05.889+0000] {dagbag.py:540} INFO - Filling up the DagBag from /usr/local/python/3.12.1/lib/python3.12/site-packages/airflow/example_dags/example_task_group_decorator.py
[2026-04-25T09:41:05.908+0000] {processor.py:840} INFO - DAG(s) 'example_task_group_decorator' retrieved from /usr/local/python/3.12.1/lib/python3.12/site-packages/airflow/example_dags/example_task_group_decorator.py
[2026-04-25T09:41:05.940+0000] {logging_mixin.py:188} INFO - [2026-04-25T09:41:05.940+0000] {dag.py:3096} INFO - Sync 1 DAGs
[2026-04-25T09:41:05.960+0000] {logging_mixin.py:188} INFO - [2026-04-25T09:41:05.960+0000] {dag.py:3954} INFO - Setting next_dagrun for example_task_group_decorator to 2026-04-24 00:00:00+00:00, run_after=2026-04-25 00:00:00+00:00
[2026-04-25T09:41:05.978+0000] {processor.py:183} INFO - Processing /usr/local/python/3.12.1/lib/python3.12/site-packages/airflow/example_dags/example_task_group_decorator.py took 0.097 seconds
[2026-04-25T09:41:45.337+0000] {processor.py:161} INFO - Started process (PID=27618) to work on /usr/local/python/3.12.1/lib/python3.12/site-packages/airflow/example_dags/example_task_group_decorator.py
[2026-04-25T09:41:45.337+0000] {processor.py:830} INFO - Processing file /usr/local/python/3.12.1/lib/python3.12/site-packages/airflow/example_dags/example_task_group_decorator.py for tasks to queue
[2026-04-25T09:41:45.338+0000] {logging_mixin.py:188} INFO - [2026-04-25T09:41:45.338+0000] {dagbag.py:540} INFO - Filling up the DagBag from /usr/local/python/3.12.1/lib/python3.12/site-packages/airflow/example_dags/example_task_group_decorator.py
[2026-04-25T09:41:45.349+0000] {processor.py:840} INFO - DAG(s) 'example_task_group_decorator' retrieved from /usr/local/python/3.12.1/lib/python3.12/site-packages/airflow/example_dags/example_task_group_decorator.py
[2026-04-25T09:41:45.365+0000] {logging_mixin.py:188} INFO - [2026-04-25T09:41:45.364+0000] {dag.py:3096} INFO - Sync 1 DAGs
[2026-04-25T09:41:45.379+0000] {logging_mixin.py:188} INFO - [2026-04-25T09:41:45.379+0000] {dag.py:3954} INFO - Setting next_dagrun for example_task_group_decorator to 2026-04-24 00:00:00+00:00, run_after=2026-04-25 00:00:00+00:00
[2026-04-25T09:41:45.395+0000] {processor.py:183} INFO - Processing /usr/local/python/3.12.1/lib/python3.12/site-packages/airflow/example_dags/example_task_group_decorator.py took 0.062 seconds
[2026-04-25T09:42:39.927+0000] {processor.py:161} INFO - Started process (PID=28041) to work on /usr/local/python/3.12.1/lib/python3.12/site-packages/airflow/example_dags/example_task_group_decorator.py
[2026-04-25T09:42:39.927+0000] {processor.py:830} INFO - Processing file /usr/local/python/3.12.1/lib/python3.12/site-packages/airflow/example_dags/example_task_group_decorator.py for tasks to queue
[2026-04-25T09:42:39.928+0000] {logging_mixin.py:188} INFO - [2026-04-25T09:42:39.928+0000] {dagbag.py:540} INFO - Filling up the DagBag from /usr/local/python/3.12.1/lib/python3.12/site-packages/airflow/example_dags/example_task_group_decorator.py
[2026-04-25T09:42:39.939+0000] {processor.py:840} INFO - DAG(s) 'example_task_group_decorator' retrieved from /usr/local/python/3.12.1/lib/python3.12/site-packages/airflow/example_dags/example_task_group_decorator.py
[2026-04-25T09:42:39.955+0000] {logging_mixin.py:188} INFO - [2026-04-25T09:42:39.955+0000] {dag.py:3096} INFO - Sync 1 DAGs
[2026-04-25T09:42:39.970+0000] {logging_mixin.py:188} INFO - [2026-04-25T09:42:39.970+0000] {dag.py:3954} INFO - Setting next_dagrun for example_task_group_decorator to 2026-04-24 00:00:00+00:00, run_after=2026-04-25 00:00:00+00:00
[2026-04-25T09:42:39.986+0000] {processor.py:183} INFO - Processing /usr/local/python/3.12.1/lib/python3.12/site-packages/airflow/example_dags/example_task_group_decorator.py took 0.064 seconds
[2026-04-25T09:43:23.212+0000] {processor.py:161} INFO - Started process (PID=28384) to work on /usr/local/python/3.12.1/lib/python3.12/site-packages/airflow/example_dags/example_task_group_decorator.py
[2026-04-25T09:43:23.213+0000] {processor.py:830} INFO - Processing file /usr/local/python/3.12.1/lib/python3.12/site-packages/airflow/example_dags/example_task_group_decorator.py for tasks to queue
[2026-04-25T09:43:23.213+0000] {logging_mixin.py:188} INFO - [2026-04-25T09:43:23.213+0000] {dagbag.py:540} INFO - Filling up the DagBag from /usr/local/python/3.12.1/lib/python3.12/site-packages/airflow/example_dags/example_task_group_decorator.py
[2026-04-25T09:43:23.224+0000] {processor.py:840} INFO - DAG(s) 'example_task_group_decorator' retrieved from /usr/local/python/3.12.1/lib/python3.12/site-packages/airflow/example_dags/example_task_group_decorator.py
[2026-04-25T09:43:23.239+0000] {logging_mixin.py:188} INFO - [2026-04-25T09:43:23.239+0000] {dag.py:3096} INFO - Sync 1 DAGs
[2026-04-25T09:43:23.255+0000] {logging_mixin.py:188} INFO - [2026-04-25T09:43:23.255+0000] {dag.py:3954} INFO - Setting next_dagrun for example_task_group_decorator to 2026-04-24 00:00:00+00:00, run_after=2026-04-25 00:00:00+00:00
[2026-04-25T09:43:23.274+0000] {processor.py:183} INFO - Processing /usr/local/python/3.12.1/lib/python3.12/site-packages/airflow/example_dags/example_task_group_decorator.py took 0.067 seconds
[2026-04-25T09:44:05.540+0000] {processor.py:161} INFO - Started process (PID=28705) to work on /usr/local/python/3.12.1/lib/python3.12/site-packages/airflow/example_dags/example_task_group_decorator.py
[2026-04-25T09:44:05.540+0000] {processor.py:830} INFO - Processing file /usr/local/python/3.12.1/lib/python3.12/site-packages/airflow/example_dags/example_task_group_decorator.py for tasks to queue
[2026-04-25T09:44:05.541+0000] {logging_mixin.py:188} INFO - [2026-04-25T09:44:05.541+0000] {dagbag.py:540} INFO - Filling up the DagBag from /usr/local/python/3.12.1/lib/python3.12/site-packages/airflow/example_dags/example_task_group_decorator.py
[2026-04-25T09:44:05.552+0000] {processor.py:840} INFO - DAG(s) 'example_task_group_decorator' retrieved from /usr/local/python/3.12.1/lib/python3.12/site-packages/airflow/example_dags/example_task_group_decorator.py
[2026-04-25T09:44:05.568+0000] {logging_mixin.py:188} INFO - [2026-04-25T09:44:05.568+0000] {dag.py:3096} INFO - Sync 1 DAGs
[2026-04-25T09:44:05.583+0000] {logging_mixin.py:188} INFO - [2026-04-25T09:44:05.583+0000] {dag.py:3954} INFO - Setting next_dagrun for example_task_group_decorator to 2026-04-24 00:00:00+00:00, run_after=2026-04-25 00:00:00+00:00
[2026-04-25T09:44:05.600+0000] {processor.py:183} INFO - Processing /usr/local/python/3.12.1/lib/python3.12/site-packages/airflow/example_dags/example_task_group_decorator.py took 0.064 seconds
[2026-04-25T09:44:45.329+0000] {processor.py:161} INFO - Started process (PID=29008) to work on /usr/local/python/3.12.1/lib/python3.12/site-packages/airflow/example_dags/example_task_group_decorator.py
[2026-04-25T09:44:45.330+0000] {processor.py:830} INFO - Processing file /usr/local/python/3.12.1/lib/python3.12/site-packages/airflow/example_dags/example_task_group_decorator.py for tasks to queue
[2026-04-25T09:44:45.330+0000] {logging_mixin.py:188} INFO - [2026-04-25T09:44:45.330+0000] {dagbag.py:540} INFO - Filling up the DagBag from /usr/local/python/3.12.1/lib/python3.12/site-packages/airflow/example_dags/example_task_group_decorator.py
[2026-04-25T09:44:45.342+0000] {processor.py:840} INFO - DAG(s) 'example_task_group_decorator' retrieved from /usr/local/python/3.12.1/lib/python3.12/site-packages/airflow/example_dags/example_task_group_decorator.py
[2026-04-25T09:44:45.357+0000] {logging_mixin.py:188} INFO - [2026-04-25T09:44:45.357+0000] {dag.py:3096} INFO - Sync 1 DAGs
[2026-04-25T09:44:45.372+0000] {logging_mixin.py:188} INFO - [2026-04-25T09:44:45.372+0000] {dag.py:3954} INFO - Setting next_dagrun for example_task_group_decorator to 2026-04-24 00:00:00+00:00, run_after=2026-04-25 00:00:00+00:00
[2026-04-25T09:44:45.389+0000] {processor.py:183} INFO - Processing /usr/local/python/3.12.1/lib/python3.12/site-packages/airflow/example_dags/example_task_group_decorator.py took 0.064 seconds
[2026-04-25T09:45:22.932+0000] {processor.py:161} INFO - Started process (PID=29296) to work on /usr/local/python/3.12.1/lib/python3.12/site-packages/airflow/example_dags/example_task_group_decorator.py
[2026-04-25T09:45:22.932+0000] {processor.py:830} INFO - Processing file /usr/local/python/3.12.1/lib/python3.12/site-packages/airflow/example_dags/example_task_group_decorator.py for tasks to queue
[2026-04-25T09:45:22.933+0000] {logging_mixin.py:188} INFO - [2026-04-25T09:45:22.933+0000] {dagbag.py:540} INFO - Filling up the DagBag from /usr/local/python/3.12.1/lib/python3.12/site-packages/airflow/example_dags/example_task_group_decorator.py
[2026-04-25T09:45:22.944+0000] {processor.py:840} INFO - DAG(s) 'example_task_group_decorator' retrieved from /usr/local/python/3.12.1/lib/python3.12/site-packages/airflow/example_dags/example_task_group_decorator.py
[2026-04-25T09:45:22.959+0000] {logging_mixin.py:188} INFO - [2026-04-25T09:45:22.959+0000] {dag.py:3096} INFO - Sync 1 DAGs
[2026-04-25T09:45:22.973+0000] {logging_mixin.py:188} INFO - [2026-04-25T09:45:22.973+0000] {dag.py:3954} INFO - Setting next_dagrun for example_task_group_decorator to 2026-04-24 00:00:00+00:00, run_after=2026-04-25 00:00:00+00:00
[2026-04-25T09:45:22.990+0000] {processor.py:183} INFO - Processing /usr/local/python/3.12.1/lib/python3.12/site-packages/airflow/example_dags/example_task_group_decorator.py took 0.062 seconds
[2026-04-25T09:46:05.189+0000] {processor.py:161} INFO - Started process (PID=29630) to work on /usr/local/python/3.12.1/lib/python3.12/site-packages/airflow/example_dags/example_task_group_decorator.py
[2026-04-25T09:46:05.190+0000] {processor.py:830} INFO - Processing file /usr/local/python/3.12.1/lib/python3.12/site-packages/airflow/example_dags/example_task_group_decorator.py for tasks to queue
[2026-04-25T09:46:05.192+0000] {logging_mixin.py:188} INFO - [2026-04-25T09:46:05.191+0000] {dagbag.py:540} INFO - Filling up the DagBag from /usr/local/python/3.12.1/lib/python3.12/site-packages/airflow/example_dags/example_task_group_decorator.py
[2026-04-25T09:46:05.211+0000] {processor.py:840} INFO - DAG(s) 'example_task_group_decorator' retrieved from /usr/local/python/3.12.1/lib/python3.12/site-packages/airflow/example_dags/example_task_group_decorator.py
[2026-04-25T09:46:05.237+0000] {logging_mixin.py:188} INFO - [2026-04-25T09:46:05.237+0000] {dag.py:3096} INFO - Sync 1 DAGs
[2026-04-25T09:46:05.252+0000] {logging_mixin.py:188} INFO - [2026-04-25T09:46:05.252+0000] {dag.py:3954} INFO - Setting next_dagrun for example_task_group_decorator to 2026-04-24 00:00:00+00:00, run_after=2026-04-25 00:00:00+00:00
[2026-04-25T09:46:05.270+0000] {processor.py:183} INFO - Processing /usr/local/python/3.12.1/lib/python3.12/site-packages/airflow/example_dags/example_task_group_decorator.py took 0.087 seconds
[2026-04-25T09:46:46.859+0000] {processor.py:161} INFO - Started process (PID=29955) to work on /usr/local/python/3.12.1/lib/python3.12/site-packages/airflow/example_dags/example_task_group_decorator.py
[2026-04-25T09:46:46.859+0000] {processor.py:830} INFO - Processing file /usr/local/python/3.12.1/lib/python3.12/site-packages/airflow/example_dags/example_task_group_decorator.py for tasks to queue
[2026-04-25T09:46:46.860+0000] {logging_mixin.py:188} INFO - [2026-04-25T09:46:46.860+0000] {dagbag.py:540} INFO - Filling up the DagBag from /usr/local/python/3.12.1/lib/python3.12/site-packages/airflow/example_dags/example_task_group_decorator.py
[2026-04-25T09:46:46.871+0000] {processor.py:840} INFO - DAG(s) 'example_task_group_decorator' retrieved from /usr/local/python/3.12.1/lib/python3.12/site-packages/airflow/example_dags/example_task_group_decorator.py
[2026-04-25T09:46:46.886+0000] {logging_mixin.py:188} INFO - [2026-04-25T09:46:46.886+0000] {dag.py:3096} INFO - Sync 1 DAGs
[2026-04-25T09:46:46.901+0000] {logging_mixin.py:188} INFO - [2026-04-25T09:46:46.901+0000] {dag.py:3954} INFO - Setting next_dagrun for example_task_group_decorator to 2026-04-24 00:00:00+00:00, run_after=2026-04-25 00:00:00+00:00
[2026-04-25T09:46:46.918+0000] {processor.py:183} INFO - Processing /usr/local/python/3.12.1/lib/python3.12/site-packages/airflow/example_dags/example_task_group_decorator.py took 0.064 seconds
