[2026-04-25T09:06:34.103+0000] {processor.py:161} INFO - Started process (PID=8760) to work on /usr/local/python/3.12.1/lib/python3.12/site-packages/airflow/example_dags/example_branch_labels.py
[2026-04-25T09:06:34.104+0000] {processor.py:830} INFO - Processing file /usr/local/python/3.12.1/lib/python3.12/site-packages/airflow/example_dags/example_branch_labels.py for tasks to queue
[2026-04-25T09:06:34.104+0000] {logging_mixin.py:188} INFO - [2026-04-25T09:06:34.104+0000] {dagbag.py:540} INFO - Filling up the DagBag from /usr/local/python/3.12.1/lib/python3.12/site-packages/airflow/example_dags/example_branch_labels.py
[2026-04-25T09:06:34.111+0000] {processor.py:840} INFO - DAG(s) 'example_branch_labels' retrieved from /usr/local/python/3.12.1/lib/python3.12/site-packages/airflow/example_dags/example_branch_labels.py
[2026-04-25T09:06:34.209+0000] {logging_mixin.py:188} INFO - [2026-04-25T09:06:34.208+0000] {override.py:1930} INFO - Created Permission View: can delete on DAG:example_branch_labels
[2026-04-25T09:06:34.220+0000] {logging_mixin.py:188} INFO - [2026-04-25T09:06:34.220+0000] {override.py:1930} INFO - Created Permission View: can edit on DAG:example_branch_labels
[2026-04-25T09:06:34.249+0000] {logging_mixin.py:188} INFO - [2026-04-25T09:06:34.248+0000] {override.py:1930} INFO - Created Permission View: can read on DAG:example_branch_labels
[2026-04-25T09:06:34.249+0000] {logging_mixin.py:188} INFO - [2026-04-25T09:06:34.249+0000] {dag.py:3096} INFO - Sync 1 DAGs
[2026-04-25T09:06:34.260+0000] {logging_mixin.py:188} INFO - [2026-04-25T09:06:34.260+0000] {dag.py:3118} INFO - Creating ORM DAG for example_branch_labels
[2026-04-25T09:06:34.269+0000] {logging_mixin.py:188} INFO - [2026-04-25T09:06:34.269+0000] {dag.py:3954} INFO - Setting next_dagrun for example_branch_labels to 2026-04-24 00:00:00+00:00, run_after=2026-04-25 00:00:00+00:00
[2026-04-25T09:06:34.287+0000] {processor.py:183} INFO - Processing /usr/local/python/3.12.1/lib/python3.12/site-packages/airflow/example_dags/example_branch_labels.py took 0.188 seconds
[2026-04-25T09:07:43.456+0000] {processor.py:161} INFO - Started process (PID=9341) to work on /usr/local/python/3.12.1/lib/python3.12/site-packages/airflow/example_dags/example_branch_labels.py
[2026-04-25T09:07:43.457+0000] {processor.py:830} INFO - Processing file /usr/local/python/3.12.1/lib/python3.12/site-packages/airflow/example_dags/example_branch_labels.py for tasks to queue
[2026-04-25T09:07:43.457+0000] {logging_mixin.py:188} INFO - [2026-04-25T09:07:43.457+0000] {dagbag.py:540} INFO - Filling up the DagBag from /usr/local/python/3.12.1/lib/python3.12/site-packages/airflow/example_dags/example_branch_labels.py
[2026-04-25T09:07:43.464+0000] {processor.py:840} INFO - DAG(s) 'example_branch_labels' retrieved from /usr/local/python/3.12.1/lib/python3.12/site-packages/airflow/example_dags/example_branch_labels.py
[2026-04-25T09:07:43.477+0000] {logging_mixin.py:188} INFO - [2026-04-25T09:07:43.477+0000] {dag.py:3096} INFO - Sync 1 DAGs
[2026-04-25T09:07:43.493+0000] {logging_mixin.py:188} INFO - [2026-04-25T09:07:43.492+0000] {dag.py:3954} INFO - Setting next_dagrun for example_branch_labels to 2026-04-24 00:00:00+00:00, run_after=2026-04-25 00:00:00+00:00
[2026-04-25T09:07:43.511+0000] {processor.py:183} INFO - Processing /usr/local/python/3.12.1/lib/python3.12/site-packages/airflow/example_dags/example_branch_labels.py took 0.059 seconds
[2026-04-25T09:08:48.899+0000] {processor.py:161} INFO - Started process (PID=9978) to work on /usr/local/python/3.12.1/lib/python3.12/site-packages/airflow/example_dags/example_branch_labels.py
[2026-04-25T09:08:48.899+0000] {processor.py:830} INFO - Processing file /usr/local/python/3.12.1/lib/python3.12/site-packages/airflow/example_dags/example_branch_labels.py for tasks to queue
[2026-04-25T09:08:48.900+0000] {logging_mixin.py:188} INFO - [2026-04-25T09:08:48.900+0000] {dagbag.py:540} INFO - Filling up the DagBag from /usr/local/python/3.12.1/lib/python3.12/site-packages/airflow/example_dags/example_branch_labels.py
[2026-04-25T09:08:48.907+0000] {processor.py:840} INFO - DAG(s) 'example_branch_labels' retrieved from /usr/local/python/3.12.1/lib/python3.12/site-packages/airflow/example_dags/example_branch_labels.py
[2026-04-25T09:08:48.923+0000] {logging_mixin.py:188} INFO - [2026-04-25T09:08:48.923+0000] {dag.py:3096} INFO - Sync 1 DAGs
[2026-04-25T09:08:48.944+0000] {logging_mixin.py:188} INFO - [2026-04-25T09:08:48.944+0000] {dag.py:3954} INFO - Setting next_dagrun for example_branch_labels to 2026-04-24 00:00:00+00:00, run_after=2026-04-25 00:00:00+00:00
[2026-04-25T09:08:48.981+0000] {processor.py:183} INFO - Processing /usr/local/python/3.12.1/lib/python3.12/site-packages/airflow/example_dags/example_branch_labels.py took 0.087 seconds
[2026-04-25T09:09:53.166+0000] {processor.py:161} INFO - Started process (PID=10889) to work on /usr/local/python/3.12.1/lib/python3.12/site-packages/airflow/example_dags/example_branch_labels.py
[2026-04-25T09:09:53.166+0000] {processor.py:830} INFO - Processing file /usr/local/python/3.12.1/lib/python3.12/site-packages/airflow/example_dags/example_branch_labels.py for tasks to queue
[2026-04-25T09:09:53.167+0000] {logging_mixin.py:188} INFO - [2026-04-25T09:09:53.167+0000] {dagbag.py:540} INFO - Filling up the DagBag from /usr/local/python/3.12.1/lib/python3.12/site-packages/airflow/example_dags/example_branch_labels.py
[2026-04-25T09:09:53.174+0000] {processor.py:840} INFO - DAG(s) 'example_branch_labels' retrieved from /usr/local/python/3.12.1/lib/python3.12/site-packages/airflow/example_dags/example_branch_labels.py
[2026-04-25T09:09:53.186+0000] {logging_mixin.py:188} INFO - [2026-04-25T09:09:53.186+0000] {dag.py:3096} INFO - Sync 1 DAGs
[2026-04-25T09:09:53.203+0000] {logging_mixin.py:188} INFO - [2026-04-25T09:09:53.202+0000] {dag.py:3954} INFO - Setting next_dagrun for example_branch_labels to 2026-04-24 00:00:00+00:00, run_after=2026-04-25 00:00:00+00:00
[2026-04-25T09:09:53.220+0000] {processor.py:183} INFO - Processing /usr/local/python/3.12.1/lib/python3.12/site-packages/airflow/example_dags/example_branch_labels.py took 0.058 seconds
[2026-04-25T09:10:50.625+0000] {processor.py:161} INFO - Started process (PID=11485) to work on /usr/local/python/3.12.1/lib/python3.12/site-packages/airflow/example_dags/example_branch_labels.py
[2026-04-25T09:10:50.625+0000] {processor.py:830} INFO - Processing file /usr/local/python/3.12.1/lib/python3.12/site-packages/airflow/example_dags/example_branch_labels.py for tasks to queue
[2026-04-25T09:10:50.626+0000] {logging_mixin.py:188} INFO - [2026-04-25T09:10:50.626+0000] {dagbag.py:540} INFO - Filling up the DagBag from /usr/local/python/3.12.1/lib/python3.12/site-packages/airflow/example_dags/example_branch_labels.py
[2026-04-25T09:10:50.632+0000] {processor.py:840} INFO - DAG(s) 'example_branch_labels' retrieved from /usr/local/python/3.12.1/lib/python3.12/site-packages/airflow/example_dags/example_branch_labels.py
[2026-04-25T09:10:50.645+0000] {logging_mixin.py:188} INFO - [2026-04-25T09:10:50.645+0000] {dag.py:3096} INFO - Sync 1 DAGs
[2026-04-25T09:10:50.661+0000] {logging_mixin.py:188} INFO - [2026-04-25T09:10:50.660+0000] {dag.py:3954} INFO - Setting next_dagrun for example_branch_labels to 2026-04-24 00:00:00+00:00, run_after=2026-04-25 00:00:00+00:00
[2026-04-25T09:10:50.676+0000] {processor.py:183} INFO - Processing /usr/local/python/3.12.1/lib/python3.12/site-packages/airflow/example_dags/example_branch_labels.py took 0.056 seconds
[2026-04-25T09:12:01.784+0000] {processor.py:161} INFO - Started process (PID=12773) to work on /usr/local/python/3.12.1/lib/python3.12/site-packages/airflow/example_dags/example_branch_labels.py
[2026-04-25T09:12:01.784+0000] {processor.py:830} INFO - Processing file /usr/local/python/3.12.1/lib/python3.12/site-packages/airflow/example_dags/example_branch_labels.py for tasks to queue
[2026-04-25T09:12:01.785+0000] {logging_mixin.py:188} INFO - [2026-04-25T09:12:01.785+0000] {dagbag.py:540} INFO - Filling up the DagBag from /usr/local/python/3.12.1/lib/python3.12/site-packages/airflow/example_dags/example_branch_labels.py
[2026-04-25T09:12:01.793+0000] {processor.py:840} INFO - DAG(s) 'example_branch_labels' retrieved from /usr/local/python/3.12.1/lib/python3.12/site-packages/airflow/example_dags/example_branch_labels.py
[2026-04-25T09:12:01.900+0000] {logging_mixin.py:188} INFO - [2026-04-25T09:12:01.899+0000] {dag.py:3096} INFO - Sync 1 DAGs
[2026-04-25T09:12:01.923+0000] {logging_mixin.py:188} INFO - [2026-04-25T09:12:01.922+0000] {dag.py:3954} INFO - Setting next_dagrun for example_branch_labels to 2026-04-24 00:00:00+00:00, run_after=2026-04-25 00:00:00+00:00
[2026-04-25T09:12:01.955+0000] {processor.py:183} INFO - Processing /usr/local/python/3.12.1/lib/python3.12/site-packages/airflow/example_dags/example_branch_labels.py took 0.175 seconds
[2026-04-25T09:12:15.870+0000] {processor.py:161} INFO - Started process (PID=12892) to work on /usr/local/python/3.12.1/lib/python3.12/site-packages/airflow/example_dags/example_branch_labels.py
[2026-04-25T09:12:15.871+0000] {processor.py:830} INFO - Processing file /usr/local/python/3.12.1/lib/python3.12/site-packages/airflow/example_dags/example_branch_labels.py for tasks to queue
[2026-04-25T09:12:15.871+0000] {logging_mixin.py:188} INFO - [2026-04-25T09:12:15.871+0000] {dagbag.py:540} INFO - Filling up the DagBag from /usr/local/python/3.12.1/lib/python3.12/site-packages/airflow/example_dags/example_branch_labels.py
[2026-04-25T09:12:15.878+0000] {processor.py:840} INFO - DAG(s) 'example_branch_labels' retrieved from /usr/local/python/3.12.1/lib/python3.12/site-packages/airflow/example_dags/example_branch_labels.py
[2026-04-25T09:12:15.884+0000] {logging_mixin.py:188} INFO - [2026-04-25T09:12:15.884+0000] {dag.py:3096} INFO - Sync 1 DAGs
[2026-04-25T09:12:15.902+0000] {logging_mixin.py:188} INFO - [2026-04-25T09:12:15.902+0000] {dag.py:3954} INFO - Setting next_dagrun for example_branch_labels to 2026-04-24 00:00:00+00:00, run_after=2026-04-25 00:00:00+00:00
[2026-04-25T09:12:15.920+0000] {processor.py:183} INFO - Processing /usr/local/python/3.12.1/lib/python3.12/site-packages/airflow/example_dags/example_branch_labels.py took 0.054 seconds
[2026-04-25T09:13:05.201+0000] {processor.py:161} INFO - Started process (PID=13548) to work on /usr/local/python/3.12.1/lib/python3.12/site-packages/airflow/example_dags/example_branch_labels.py
[2026-04-25T09:13:05.202+0000] {processor.py:830} INFO - Processing file /usr/local/python/3.12.1/lib/python3.12/site-packages/airflow/example_dags/example_branch_labels.py for tasks to queue
[2026-04-25T09:13:05.203+0000] {logging_mixin.py:188} INFO - [2026-04-25T09:13:05.202+0000] {dagbag.py:540} INFO - Filling up the DagBag from /usr/local/python/3.12.1/lib/python3.12/site-packages/airflow/example_dags/example_branch_labels.py
[2026-04-25T09:13:05.209+0000] {processor.py:840} INFO - DAG(s) 'example_branch_labels' retrieved from /usr/local/python/3.12.1/lib/python3.12/site-packages/airflow/example_dags/example_branch_labels.py
[2026-04-25T09:13:05.224+0000] {logging_mixin.py:188} INFO - [2026-04-25T09:13:05.223+0000] {dag.py:3096} INFO - Sync 1 DAGs
[2026-04-25T09:13:05.240+0000] {logging_mixin.py:188} INFO - [2026-04-25T09:13:05.239+0000] {dag.py:3954} INFO - Setting next_dagrun for example_branch_labels to 2026-04-24 00:00:00+00:00, run_after=2026-04-25 00:00:00+00:00
[2026-04-25T09:13:05.255+0000] {processor.py:183} INFO - Processing /usr/local/python/3.12.1/lib/python3.12/site-packages/airflow/example_dags/example_branch_labels.py took 0.058 seconds
[2026-04-25T09:13:16.701+0000] {processor.py:161} INFO - Started process (PID=13653) to work on /usr/local/python/3.12.1/lib/python3.12/site-packages/airflow/example_dags/example_branch_labels.py
[2026-04-25T09:13:16.701+0000] {processor.py:830} INFO - Processing file /usr/local/python/3.12.1/lib/python3.12/site-packages/airflow/example_dags/example_branch_labels.py for tasks to queue
[2026-04-25T09:13:16.702+0000] {logging_mixin.py:188} INFO - [2026-04-25T09:13:16.702+0000] {dagbag.py:540} INFO - Filling up the DagBag from /usr/local/python/3.12.1/lib/python3.12/site-packages/airflow/example_dags/example_branch_labels.py
[2026-04-25T09:13:16.708+0000] {processor.py:840} INFO - DAG(s) 'example_branch_labels' retrieved from /usr/local/python/3.12.1/lib/python3.12/site-packages/airflow/example_dags/example_branch_labels.py
[2026-04-25T09:13:16.721+0000] {logging_mixin.py:188} INFO - [2026-04-25T09:13:16.721+0000] {dag.py:3096} INFO - Sync 1 DAGs
[2026-04-25T09:13:16.738+0000] {logging_mixin.py:188} INFO - [2026-04-25T09:13:16.738+0000] {dag.py:3954} INFO - Setting next_dagrun for example_branch_labels to 2026-04-24 00:00:00+00:00, run_after=2026-04-25 00:00:00+00:00
[2026-04-25T09:13:16.754+0000] {processor.py:183} INFO - Processing /usr/local/python/3.12.1/lib/python3.12/site-packages/airflow/example_dags/example_branch_labels.py took 0.058 seconds
[2026-04-25T09:14:28.661+0000] {processor.py:161} INFO - Started process (PID=14687) to work on /usr/local/python/3.12.1/lib/python3.12/site-packages/airflow/example_dags/example_branch_labels.py
[2026-04-25T09:14:28.661+0000] {processor.py:830} INFO - Processing file /usr/local/python/3.12.1/lib/python3.12/site-packages/airflow/example_dags/example_branch_labels.py for tasks to queue
[2026-04-25T09:14:28.662+0000] {logging_mixin.py:188} INFO - [2026-04-25T09:14:28.662+0000] {dagbag.py:540} INFO - Filling up the DagBag from /usr/local/python/3.12.1/lib/python3.12/site-packages/airflow/example_dags/example_branch_labels.py
[2026-04-25T09:14:28.668+0000] {processor.py:840} INFO - DAG(s) 'example_branch_labels' retrieved from /usr/local/python/3.12.1/lib/python3.12/site-packages/airflow/example_dags/example_branch_labels.py
[2026-04-25T09:14:28.681+0000] {logging_mixin.py:188} INFO - [2026-04-25T09:14:28.681+0000] {dag.py:3096} INFO - Sync 1 DAGs
[2026-04-25T09:14:28.696+0000] {logging_mixin.py:188} INFO - [2026-04-25T09:14:28.696+0000] {dag.py:3954} INFO - Setting next_dagrun for example_branch_labels to 2026-04-24 00:00:00+00:00, run_after=2026-04-25 00:00:00+00:00
[2026-04-25T09:14:28.713+0000] {processor.py:183} INFO - Processing /usr/local/python/3.12.1/lib/python3.12/site-packages/airflow/example_dags/example_branch_labels.py took 0.056 seconds
[2026-04-25T09:15:25.783+0000] {processor.py:161} INFO - Started process (PID=15132) to work on /usr/local/python/3.12.1/lib/python3.12/site-packages/airflow/example_dags/example_branch_labels.py
[2026-04-25T09:15:25.783+0000] {processor.py:830} INFO - Processing file /usr/local/python/3.12.1/lib/python3.12/site-packages/airflow/example_dags/example_branch_labels.py for tasks to queue
[2026-04-25T09:15:25.784+0000] {logging_mixin.py:188} INFO - [2026-04-25T09:15:25.784+0000] {dagbag.py:540} INFO - Filling up the DagBag from /usr/local/python/3.12.1/lib/python3.12/site-packages/airflow/example_dags/example_branch_labels.py
[2026-04-25T09:15:25.790+0000] {processor.py:840} INFO - DAG(s) 'example_branch_labels' retrieved from /usr/local/python/3.12.1/lib/python3.12/site-packages/airflow/example_dags/example_branch_labels.py
[2026-04-25T09:15:25.803+0000] {logging_mixin.py:188} INFO - [2026-04-25T09:15:25.803+0000] {dag.py:3096} INFO - Sync 1 DAGs
[2026-04-25T09:15:25.819+0000] {logging_mixin.py:188} INFO - [2026-04-25T09:15:25.818+0000] {dag.py:3954} INFO - Setting next_dagrun for example_branch_labels to 2026-04-24 00:00:00+00:00, run_after=2026-04-25 00:00:00+00:00
[2026-04-25T09:15:25.837+0000] {processor.py:183} INFO - Processing /usr/local/python/3.12.1/lib/python3.12/site-packages/airflow/example_dags/example_branch_labels.py took 0.058 seconds
[2026-04-25T09:16:22.114+0000] {processor.py:161} INFO - Started process (PID=15766) to work on /usr/local/python/3.12.1/lib/python3.12/site-packages/airflow/example_dags/example_branch_labels.py
[2026-04-25T09:16:22.114+0000] {processor.py:830} INFO - Processing file /usr/local/python/3.12.1/lib/python3.12/site-packages/airflow/example_dags/example_branch_labels.py for tasks to queue
[2026-04-25T09:16:22.115+0000] {logging_mixin.py:188} INFO - [2026-04-25T09:16:22.115+0000] {dagbag.py:540} INFO - Filling up the DagBag from /usr/local/python/3.12.1/lib/python3.12/site-packages/airflow/example_dags/example_branch_labels.py
[2026-04-25T09:16:22.121+0000] {processor.py:840} INFO - DAG(s) 'example_branch_labels' retrieved from /usr/local/python/3.12.1/lib/python3.12/site-packages/airflow/example_dags/example_branch_labels.py
[2026-04-25T09:16:22.134+0000] {logging_mixin.py:188} INFO - [2026-04-25T09:16:22.134+0000] {dag.py:3096} INFO - Sync 1 DAGs
[2026-04-25T09:16:22.150+0000] {logging_mixin.py:188} INFO - [2026-04-25T09:16:22.149+0000] {dag.py:3954} INFO - Setting next_dagrun for example_branch_labels to 2026-04-24 00:00:00+00:00, run_after=2026-04-25 00:00:00+00:00
[2026-04-25T09:16:22.166+0000] {processor.py:183} INFO - Processing /usr/local/python/3.12.1/lib/python3.12/site-packages/airflow/example_dags/example_branch_labels.py took 0.056 seconds
[2026-04-25T09:17:27.601+0000] {processor.py:161} INFO - Started process (PID=16365) to work on /usr/local/python/3.12.1/lib/python3.12/site-packages/airflow/example_dags/example_branch_labels.py
[2026-04-25T09:17:27.602+0000] {processor.py:830} INFO - Processing file /usr/local/python/3.12.1/lib/python3.12/site-packages/airflow/example_dags/example_branch_labels.py for tasks to queue
[2026-04-25T09:17:27.603+0000] {logging_mixin.py:188} INFO - [2026-04-25T09:17:27.602+0000] {dagbag.py:540} INFO - Filling up the DagBag from /usr/local/python/3.12.1/lib/python3.12/site-packages/airflow/example_dags/example_branch_labels.py
[2026-04-25T09:17:27.609+0000] {processor.py:840} INFO - DAG(s) 'example_branch_labels' retrieved from /usr/local/python/3.12.1/lib/python3.12/site-packages/airflow/example_dags/example_branch_labels.py
[2026-04-25T09:17:27.687+0000] {logging_mixin.py:188} INFO - [2026-04-25T09:17:27.687+0000] {dag.py:3096} INFO - Sync 1 DAGs
[2026-04-25T09:17:27.700+0000] {logging_mixin.py:188} INFO - [2026-04-25T09:17:27.700+0000] {dag.py:3954} INFO - Setting next_dagrun for example_branch_labels to 2026-04-24 00:00:00+00:00, run_after=2026-04-25 00:00:00+00:00
[2026-04-25T09:17:27.716+0000] {processor.py:183} INFO - Processing /usr/local/python/3.12.1/lib/python3.12/site-packages/airflow/example_dags/example_branch_labels.py took 0.119 seconds
[2026-04-25T09:18:36.927+0000] {processor.py:161} INFO - Started process (PID=16907) to work on /usr/local/python/3.12.1/lib/python3.12/site-packages/airflow/example_dags/example_branch_labels.py
[2026-04-25T09:18:36.928+0000] {processor.py:830} INFO - Processing file /usr/local/python/3.12.1/lib/python3.12/site-packages/airflow/example_dags/example_branch_labels.py for tasks to queue
[2026-04-25T09:18:36.928+0000] {logging_mixin.py:188} INFO - [2026-04-25T09:18:36.928+0000] {dagbag.py:540} INFO - Filling up the DagBag from /usr/local/python/3.12.1/lib/python3.12/site-packages/airflow/example_dags/example_branch_labels.py
[2026-04-25T09:18:36.935+0000] {processor.py:840} INFO - DAG(s) 'example_branch_labels' retrieved from /usr/local/python/3.12.1/lib/python3.12/site-packages/airflow/example_dags/example_branch_labels.py
[2026-04-25T09:18:36.947+0000] {logging_mixin.py:188} INFO - [2026-04-25T09:18:36.947+0000] {dag.py:3096} INFO - Sync 1 DAGs
[2026-04-25T09:18:36.962+0000] {logging_mixin.py:188} INFO - [2026-04-25T09:18:36.962+0000] {dag.py:3954} INFO - Setting next_dagrun for example_branch_labels to 2026-04-24 00:00:00+00:00, run_after=2026-04-25 00:00:00+00:00
[2026-04-25T09:18:36.979+0000] {processor.py:183} INFO - Processing /usr/local/python/3.12.1/lib/python3.12/site-packages/airflow/example_dags/example_branch_labels.py took 0.057 seconds
[2026-04-25T09:19:31.037+0000] {processor.py:161} INFO - Started process (PID=17320) to work on /usr/local/python/3.12.1/lib/python3.12/site-packages/airflow/example_dags/example_branch_labels.py
[2026-04-25T09:19:31.038+0000] {processor.py:830} INFO - Processing file /usr/local/python/3.12.1/lib/python3.12/site-packages/airflow/example_dags/example_branch_labels.py for tasks to queue
[2026-04-25T09:19:31.039+0000] {logging_mixin.py:188} INFO - [2026-04-25T09:19:31.038+0000] {dagbag.py:540} INFO - Filling up the DagBag from /usr/local/python/3.12.1/lib/python3.12/site-packages/airflow/example_dags/example_branch_labels.py
[2026-04-25T09:19:31.046+0000] {processor.py:840} INFO - DAG(s) 'example_branch_labels' retrieved from /usr/local/python/3.12.1/lib/python3.12/site-packages/airflow/example_dags/example_branch_labels.py
[2026-04-25T09:19:31.059+0000] {logging_mixin.py:188} INFO - [2026-04-25T09:19:31.059+0000] {dag.py:3096} INFO - Sync 1 DAGs
[2026-04-25T09:19:31.075+0000] {logging_mixin.py:188} INFO - [2026-04-25T09:19:31.075+0000] {dag.py:3954} INFO - Setting next_dagrun for example_branch_labels to 2026-04-24 00:00:00+00:00, run_after=2026-04-25 00:00:00+00:00
[2026-04-25T09:19:31.091+0000] {processor.py:183} INFO - Processing /usr/local/python/3.12.1/lib/python3.12/site-packages/airflow/example_dags/example_branch_labels.py took 0.059 seconds
[2026-04-25T09:20:28.574+0000] {processor.py:161} INFO - Started process (PID=17749) to work on /usr/local/python/3.12.1/lib/python3.12/site-packages/airflow/example_dags/example_branch_labels.py
[2026-04-25T09:20:28.575+0000] {processor.py:830} INFO - Processing file /usr/local/python/3.12.1/lib/python3.12/site-packages/airflow/example_dags/example_branch_labels.py for tasks to queue
[2026-04-25T09:20:28.577+0000] {logging_mixin.py:188} INFO - [2026-04-25T09:20:28.576+0000] {dagbag.py:540} INFO - Filling up the DagBag from /usr/local/python/3.12.1/lib/python3.12/site-packages/airflow/example_dags/example_branch_labels.py
[2026-04-25T09:20:28.586+0000] {processor.py:840} INFO - DAG(s) 'example_branch_labels' retrieved from /usr/local/python/3.12.1/lib/python3.12/site-packages/airflow/example_dags/example_branch_labels.py
[2026-04-25T09:20:28.613+0000] {logging_mixin.py:188} INFO - [2026-04-25T09:20:28.612+0000] {dag.py:3096} INFO - Sync 1 DAGs
[2026-04-25T09:20:28.641+0000] {logging_mixin.py:188} INFO - [2026-04-25T09:20:28.641+0000] {dag.py:3954} INFO - Setting next_dagrun for example_branch_labels to 2026-04-24 00:00:00+00:00, run_after=2026-04-25 00:00:00+00:00
[2026-04-25T09:20:28.670+0000] {processor.py:183} INFO - Processing /usr/local/python/3.12.1/lib/python3.12/site-packages/airflow/example_dags/example_branch_labels.py took 0.103 seconds
[2026-04-25T09:21:24.210+0000] {processor.py:161} INFO - Started process (PID=18189) to work on /usr/local/python/3.12.1/lib/python3.12/site-packages/airflow/example_dags/example_branch_labels.py
[2026-04-25T09:21:24.211+0000] {processor.py:830} INFO - Processing file /usr/local/python/3.12.1/lib/python3.12/site-packages/airflow/example_dags/example_branch_labels.py for tasks to queue
[2026-04-25T09:21:24.212+0000] {logging_mixin.py:188} INFO - [2026-04-25T09:21:24.211+0000] {dagbag.py:540} INFO - Filling up the DagBag from /usr/local/python/3.12.1/lib/python3.12/site-packages/airflow/example_dags/example_branch_labels.py
[2026-04-25T09:21:24.218+0000] {processor.py:840} INFO - DAG(s) 'example_branch_labels' retrieved from /usr/local/python/3.12.1/lib/python3.12/site-packages/airflow/example_dags/example_branch_labels.py
[2026-04-25T09:21:24.231+0000] {logging_mixin.py:188} INFO - [2026-04-25T09:21:24.231+0000] {dag.py:3096} INFO - Sync 1 DAGs
[2026-04-25T09:21:24.246+0000] {logging_mixin.py:188} INFO - [2026-04-25T09:21:24.246+0000] {dag.py:3954} INFO - Setting next_dagrun for example_branch_labels to 2026-04-24 00:00:00+00:00, run_after=2026-04-25 00:00:00+00:00
[2026-04-25T09:21:24.263+0000] {processor.py:183} INFO - Processing /usr/local/python/3.12.1/lib/python3.12/site-packages/airflow/example_dags/example_branch_labels.py took 0.057 seconds
[2026-04-25T09:22:23.813+0000] {processor.py:161} INFO - Started process (PID=18653) to work on /usr/local/python/3.12.1/lib/python3.12/site-packages/airflow/example_dags/example_branch_labels.py
[2026-04-25T09:22:23.814+0000] {processor.py:830} INFO - Processing file /usr/local/python/3.12.1/lib/python3.12/site-packages/airflow/example_dags/example_branch_labels.py for tasks to queue
[2026-04-25T09:22:23.814+0000] {logging_mixin.py:188} INFO - [2026-04-25T09:22:23.814+0000] {dagbag.py:540} INFO - Filling up the DagBag from /usr/local/python/3.12.1/lib/python3.12/site-packages/airflow/example_dags/example_branch_labels.py
[2026-04-25T09:22:23.820+0000] {processor.py:840} INFO - DAG(s) 'example_branch_labels' retrieved from /usr/local/python/3.12.1/lib/python3.12/site-packages/airflow/example_dags/example_branch_labels.py
[2026-04-25T09:22:23.833+0000] {logging_mixin.py:188} INFO - [2026-04-25T09:22:23.832+0000] {dag.py:3096} INFO - Sync 1 DAGs
[2026-04-25T09:22:23.847+0000] {logging_mixin.py:188} INFO - [2026-04-25T09:22:23.847+0000] {dag.py:3954} INFO - Setting next_dagrun for example_branch_labels to 2026-04-24 00:00:00+00:00, run_after=2026-04-25 00:00:00+00:00
[2026-04-25T09:22:23.864+0000] {processor.py:183} INFO - Processing /usr/local/python/3.12.1/lib/python3.12/site-packages/airflow/example_dags/example_branch_labels.py took 0.055 seconds
[2026-04-25T09:23:21.458+0000] {processor.py:161} INFO - Started process (PID=19092) to work on /usr/local/python/3.12.1/lib/python3.12/site-packages/airflow/example_dags/example_branch_labels.py
[2026-04-25T09:23:21.458+0000] {processor.py:830} INFO - Processing file /usr/local/python/3.12.1/lib/python3.12/site-packages/airflow/example_dags/example_branch_labels.py for tasks to queue
[2026-04-25T09:23:21.459+0000] {logging_mixin.py:188} INFO - [2026-04-25T09:23:21.459+0000] {dagbag.py:540} INFO - Filling up the DagBag from /usr/local/python/3.12.1/lib/python3.12/site-packages/airflow/example_dags/example_branch_labels.py
[2026-04-25T09:23:21.465+0000] {processor.py:840} INFO - DAG(s) 'example_branch_labels' retrieved from /usr/local/python/3.12.1/lib/python3.12/site-packages/airflow/example_dags/example_branch_labels.py
[2026-04-25T09:23:21.478+0000] {logging_mixin.py:188} INFO - [2026-04-25T09:23:21.478+0000] {dag.py:3096} INFO - Sync 1 DAGs
[2026-04-25T09:23:21.494+0000] {logging_mixin.py:188} INFO - [2026-04-25T09:23:21.493+0000] {dag.py:3954} INFO - Setting next_dagrun for example_branch_labels to 2026-04-24 00:00:00+00:00, run_after=2026-04-25 00:00:00+00:00
[2026-04-25T09:23:21.509+0000] {processor.py:183} INFO - Processing /usr/local/python/3.12.1/lib/python3.12/site-packages/airflow/example_dags/example_branch_labels.py took 0.056 seconds
[2026-04-25T09:24:19.431+0000] {processor.py:161} INFO - Started process (PID=19543) to work on /usr/local/python/3.12.1/lib/python3.12/site-packages/airflow/example_dags/example_branch_labels.py
[2026-04-25T09:24:19.432+0000] {processor.py:830} INFO - Processing file /usr/local/python/3.12.1/lib/python3.12/site-packages/airflow/example_dags/example_branch_labels.py for tasks to queue
[2026-04-25T09:24:19.433+0000] {logging_mixin.py:188} INFO - [2026-04-25T09:24:19.432+0000] {dagbag.py:540} INFO - Filling up the DagBag from /usr/local/python/3.12.1/lib/python3.12/site-packages/airflow/example_dags/example_branch_labels.py
[2026-04-25T09:24:19.439+0000] {processor.py:840} INFO - DAG(s) 'example_branch_labels' retrieved from /usr/local/python/3.12.1/lib/python3.12/site-packages/airflow/example_dags/example_branch_labels.py
[2026-04-25T09:24:19.452+0000] {logging_mixin.py:188} INFO - [2026-04-25T09:24:19.451+0000] {dag.py:3096} INFO - Sync 1 DAGs
[2026-04-25T09:24:19.467+0000] {logging_mixin.py:188} INFO - [2026-04-25T09:24:19.467+0000] {dag.py:3954} INFO - Setting next_dagrun for example_branch_labels to 2026-04-24 00:00:00+00:00, run_after=2026-04-25 00:00:00+00:00
[2026-04-25T09:24:19.482+0000] {processor.py:183} INFO - Processing /usr/local/python/3.12.1/lib/python3.12/site-packages/airflow/example_dags/example_branch_labels.py took 0.055 seconds
[2026-04-25T09:25:19.968+0000] {processor.py:161} INFO - Started process (PID=20018) to work on /usr/local/python/3.12.1/lib/python3.12/site-packages/airflow/example_dags/example_branch_labels.py
[2026-04-25T09:25:19.969+0000] {processor.py:830} INFO - Processing file /usr/local/python/3.12.1/lib/python3.12/site-packages/airflow/example_dags/example_branch_labels.py for tasks to queue
[2026-04-25T09:25:19.969+0000] {logging_mixin.py:188} INFO - [2026-04-25T09:25:19.969+0000] {dagbag.py:540} INFO - Filling up the DagBag from /usr/local/python/3.12.1/lib/python3.12/site-packages/airflow/example_dags/example_branch_labels.py
[2026-04-25T09:25:19.976+0000] {processor.py:840} INFO - DAG(s) 'example_branch_labels' retrieved from /usr/local/python/3.12.1/lib/python3.12/site-packages/airflow/example_dags/example_branch_labels.py
[2026-04-25T09:25:19.988+0000] {logging_mixin.py:188} INFO - [2026-04-25T09:25:19.988+0000] {dag.py:3096} INFO - Sync 1 DAGs
[2026-04-25T09:25:20.011+0000] {logging_mixin.py:188} INFO - [2026-04-25T09:25:20.011+0000] {dag.py:3954} INFO - Setting next_dagrun for example_branch_labels to 2026-04-24 00:00:00+00:00, run_after=2026-04-25 00:00:00+00:00
[2026-04-25T09:25:20.037+0000] {processor.py:183} INFO - Processing /usr/local/python/3.12.1/lib/python3.12/site-packages/airflow/example_dags/example_branch_labels.py took 0.073 seconds
[2026-04-25T09:26:15.917+0000] {processor.py:161} INFO - Started process (PID=20456) to work on /usr/local/python/3.12.1/lib/python3.12/site-packages/airflow/example_dags/example_branch_labels.py
[2026-04-25T09:26:15.918+0000] {processor.py:830} INFO - Processing file /usr/local/python/3.12.1/lib/python3.12/site-packages/airflow/example_dags/example_branch_labels.py for tasks to queue
[2026-04-25T09:26:15.918+0000] {logging_mixin.py:188} INFO - [2026-04-25T09:26:15.918+0000] {dagbag.py:540} INFO - Filling up the DagBag from /usr/local/python/3.12.1/lib/python3.12/site-packages/airflow/example_dags/example_branch_labels.py
[2026-04-25T09:26:15.924+0000] {processor.py:840} INFO - DAG(s) 'example_branch_labels' retrieved from /usr/local/python/3.12.1/lib/python3.12/site-packages/airflow/example_dags/example_branch_labels.py
[2026-04-25T09:26:15.937+0000] {logging_mixin.py:188} INFO - [2026-04-25T09:26:15.937+0000] {dag.py:3096} INFO - Sync 1 DAGs
[2026-04-25T09:26:15.953+0000] {logging_mixin.py:188} INFO - [2026-04-25T09:26:15.953+0000] {dag.py:3954} INFO - Setting next_dagrun for example_branch_labels to 2026-04-24 00:00:00+00:00, run_after=2026-04-25 00:00:00+00:00
[2026-04-25T09:26:15.969+0000] {processor.py:183} INFO - Processing /usr/local/python/3.12.1/lib/python3.12/site-packages/airflow/example_dags/example_branch_labels.py took 0.056 seconds
[2026-04-25T09:27:16.354+0000] {processor.py:161} INFO - Started process (PID=20927) to work on /usr/local/python/3.12.1/lib/python3.12/site-packages/airflow/example_dags/example_branch_labels.py
[2026-04-25T09:27:16.354+0000] {processor.py:830} INFO - Processing file /usr/local/python/3.12.1/lib/python3.12/site-packages/airflow/example_dags/example_branch_labels.py for tasks to queue
[2026-04-25T09:27:16.355+0000] {logging_mixin.py:188} INFO - [2026-04-25T09:27:16.355+0000] {dagbag.py:540} INFO - Filling up the DagBag from /usr/local/python/3.12.1/lib/python3.12/site-packages/airflow/example_dags/example_branch_labels.py
[2026-04-25T09:27:16.361+0000] {processor.py:840} INFO - DAG(s) 'example_branch_labels' retrieved from /usr/local/python/3.12.1/lib/python3.12/site-packages/airflow/example_dags/example_branch_labels.py
[2026-04-25T09:27:16.374+0000] {logging_mixin.py:188} INFO - [2026-04-25T09:27:16.374+0000] {dag.py:3096} INFO - Sync 1 DAGs
[2026-04-25T09:27:16.389+0000] {logging_mixin.py:188} INFO - [2026-04-25T09:27:16.389+0000] {dag.py:3954} INFO - Setting next_dagrun for example_branch_labels to 2026-04-24 00:00:00+00:00, run_after=2026-04-25 00:00:00+00:00
[2026-04-25T09:27:16.406+0000] {processor.py:183} INFO - Processing /usr/local/python/3.12.1/lib/python3.12/site-packages/airflow/example_dags/example_branch_labels.py took 0.056 seconds
[2026-04-25T09:28:21.381+0000] {processor.py:161} INFO - Started process (PID=21420) to work on /usr/local/python/3.12.1/lib/python3.12/site-packages/airflow/example_dags/example_branch_labels.py
[2026-04-25T09:28:21.382+0000] {processor.py:830} INFO - Processing file /usr/local/python/3.12.1/lib/python3.12/site-packages/airflow/example_dags/example_branch_labels.py for tasks to queue
[2026-04-25T09:28:21.382+0000] {logging_mixin.py:188} INFO - [2026-04-25T09:28:21.382+0000] {dagbag.py:540} INFO - Filling up the DagBag from /usr/local/python/3.12.1/lib/python3.12/site-packages/airflow/example_dags/example_branch_labels.py
[2026-04-25T09:28:21.388+0000] {processor.py:840} INFO - DAG(s) 'example_branch_labels' retrieved from /usr/local/python/3.12.1/lib/python3.12/site-packages/airflow/example_dags/example_branch_labels.py
[2026-04-25T09:28:21.406+0000] {logging_mixin.py:188} INFO - [2026-04-25T09:28:21.405+0000] {dag.py:3096} INFO - Sync 1 DAGs
[2026-04-25T09:28:21.422+0000] {logging_mixin.py:188} INFO - [2026-04-25T09:28:21.421+0000] {dag.py:3954} INFO - Setting next_dagrun for example_branch_labels to 2026-04-24 00:00:00+00:00, run_after=2026-04-25 00:00:00+00:00
[2026-04-25T09:28:21.437+0000] {processor.py:183} INFO - Processing /usr/local/python/3.12.1/lib/python3.12/site-packages/airflow/example_dags/example_branch_labels.py took 0.060 seconds
[2026-04-25T09:29:22.166+0000] {processor.py:161} INFO - Started process (PID=21891) to work on /usr/local/python/3.12.1/lib/python3.12/site-packages/airflow/example_dags/example_branch_labels.py
[2026-04-25T09:29:22.166+0000] {processor.py:830} INFO - Processing file /usr/local/python/3.12.1/lib/python3.12/site-packages/airflow/example_dags/example_branch_labels.py for tasks to queue
[2026-04-25T09:29:22.167+0000] {logging_mixin.py:188} INFO - [2026-04-25T09:29:22.167+0000] {dagbag.py:540} INFO - Filling up the DagBag from /usr/local/python/3.12.1/lib/python3.12/site-packages/airflow/example_dags/example_branch_labels.py
[2026-04-25T09:29:22.173+0000] {processor.py:840} INFO - DAG(s) 'example_branch_labels' retrieved from /usr/local/python/3.12.1/lib/python3.12/site-packages/airflow/example_dags/example_branch_labels.py
[2026-04-25T09:29:22.186+0000] {logging_mixin.py:188} INFO - [2026-04-25T09:29:22.185+0000] {dag.py:3096} INFO - Sync 1 DAGs
[2026-04-25T09:29:22.200+0000] {logging_mixin.py:188} INFO - [2026-04-25T09:29:22.200+0000] {dag.py:3954} INFO - Setting next_dagrun for example_branch_labels to 2026-04-24 00:00:00+00:00, run_after=2026-04-25 00:00:00+00:00
[2026-04-25T09:29:22.216+0000] {processor.py:183} INFO - Processing /usr/local/python/3.12.1/lib/python3.12/site-packages/airflow/example_dags/example_branch_labels.py took 0.054 seconds
[2026-04-25T09:30:19.574+0000] {processor.py:161} INFO - Started process (PID=22338) to work on /usr/local/python/3.12.1/lib/python3.12/site-packages/airflow/example_dags/example_branch_labels.py
[2026-04-25T09:30:19.574+0000] {processor.py:830} INFO - Processing file /usr/local/python/3.12.1/lib/python3.12/site-packages/airflow/example_dags/example_branch_labels.py for tasks to queue
[2026-04-25T09:30:19.575+0000] {logging_mixin.py:188} INFO - [2026-04-25T09:30:19.575+0000] {dagbag.py:540} INFO - Filling up the DagBag from /usr/local/python/3.12.1/lib/python3.12/site-packages/airflow/example_dags/example_branch_labels.py
[2026-04-25T09:30:19.581+0000] {processor.py:840} INFO - DAG(s) 'example_branch_labels' retrieved from /usr/local/python/3.12.1/lib/python3.12/site-packages/airflow/example_dags/example_branch_labels.py
[2026-04-25T09:30:19.594+0000] {logging_mixin.py:188} INFO - [2026-04-25T09:30:19.594+0000] {dag.py:3096} INFO - Sync 1 DAGs
[2026-04-25T09:30:19.609+0000] {logging_mixin.py:188} INFO - [2026-04-25T09:30:19.609+0000] {dag.py:3954} INFO - Setting next_dagrun for example_branch_labels to 2026-04-24 00:00:00+00:00, run_after=2026-04-25 00:00:00+00:00
[2026-04-25T09:30:19.629+0000] {processor.py:183} INFO - Processing /usr/local/python/3.12.1/lib/python3.12/site-packages/airflow/example_dags/example_branch_labels.py took 0.060 seconds
[2026-04-25T09:31:28.261+0000] {processor.py:161} INFO - Started process (PID=22855) to work on /usr/local/python/3.12.1/lib/python3.12/site-packages/airflow/example_dags/example_branch_labels.py
[2026-04-25T09:31:28.262+0000] {processor.py:830} INFO - Processing file /usr/local/python/3.12.1/lib/python3.12/site-packages/airflow/example_dags/example_branch_labels.py for tasks to queue
[2026-04-25T09:31:28.262+0000] {logging_mixin.py:188} INFO - [2026-04-25T09:31:28.262+0000] {dagbag.py:540} INFO - Filling up the DagBag from /usr/local/python/3.12.1/lib/python3.12/site-packages/airflow/example_dags/example_branch_labels.py
[2026-04-25T09:31:28.268+0000] {processor.py:840} INFO - DAG(s) 'example_branch_labels' retrieved from /usr/local/python/3.12.1/lib/python3.12/site-packages/airflow/example_dags/example_branch_labels.py
[2026-04-25T09:31:28.289+0000] {logging_mixin.py:188} INFO - [2026-04-25T09:31:28.288+0000] {dag.py:3096} INFO - Sync 1 DAGs
[2026-04-25T09:31:28.314+0000] {logging_mixin.py:188} INFO - [2026-04-25T09:31:28.313+0000] {dag.py:3954} INFO - Setting next_dagrun for example_branch_labels to 2026-04-24 00:00:00+00:00, run_after=2026-04-25 00:00:00+00:00
[2026-04-25T09:31:28.337+0000] {processor.py:183} INFO - Processing /usr/local/python/3.12.1/lib/python3.12/site-packages/airflow/example_dags/example_branch_labels.py took 0.080 seconds
[2026-04-25T09:32:31.226+0000] {processor.py:161} INFO - Started process (PID=23330) to work on /usr/local/python/3.12.1/lib/python3.12/site-packages/airflow/example_dags/example_branch_labels.py
[2026-04-25T09:32:31.227+0000] {processor.py:830} INFO - Processing file /usr/local/python/3.12.1/lib/python3.12/site-packages/airflow/example_dags/example_branch_labels.py for tasks to queue
[2026-04-25T09:32:31.228+0000] {logging_mixin.py:188} INFO - [2026-04-25T09:32:31.228+0000] {dagbag.py:540} INFO - Filling up the DagBag from /usr/local/python/3.12.1/lib/python3.12/site-packages/airflow/example_dags/example_branch_labels.py
[2026-04-25T09:32:31.238+0000] {processor.py:840} INFO - DAG(s) 'example_branch_labels' retrieved from /usr/local/python/3.12.1/lib/python3.12/site-packages/airflow/example_dags/example_branch_labels.py
[2026-04-25T09:32:31.260+0000] {logging_mixin.py:188} INFO - [2026-04-25T09:32:31.260+0000] {dag.py:3096} INFO - Sync 1 DAGs
[2026-04-25T09:32:31.288+0000] {logging_mixin.py:188} INFO - [2026-04-25T09:32:31.288+0000] {dag.py:3954} INFO - Setting next_dagrun for example_branch_labels to 2026-04-24 00:00:00+00:00, run_after=2026-04-25 00:00:00+00:00
[2026-04-25T09:32:31.320+0000] {processor.py:183} INFO - Processing /usr/local/python/3.12.1/lib/python3.12/site-packages/airflow/example_dags/example_branch_labels.py took 0.103 seconds
[2026-04-25T09:33:40.157+0000] {processor.py:161} INFO - Started process (PID=23865) to work on /usr/local/python/3.12.1/lib/python3.12/site-packages/airflow/example_dags/example_branch_labels.py
[2026-04-25T09:33:40.158+0000] {processor.py:830} INFO - Processing file /usr/local/python/3.12.1/lib/python3.12/site-packages/airflow/example_dags/example_branch_labels.py for tasks to queue
[2026-04-25T09:33:40.159+0000] {logging_mixin.py:188} INFO - [2026-04-25T09:33:40.158+0000] {dagbag.py:540} INFO - Filling up the DagBag from /usr/local/python/3.12.1/lib/python3.12/site-packages/airflow/example_dags/example_branch_labels.py
[2026-04-25T09:33:40.168+0000] {processor.py:840} INFO - DAG(s) 'example_branch_labels' retrieved from /usr/local/python/3.12.1/lib/python3.12/site-packages/airflow/example_dags/example_branch_labels.py
[2026-04-25T09:33:40.187+0000] {logging_mixin.py:188} INFO - [2026-04-25T09:33:40.187+0000] {dag.py:3096} INFO - Sync 1 DAGs
[2026-04-25T09:33:40.210+0000] {logging_mixin.py:188} INFO - [2026-04-25T09:33:40.210+0000] {dag.py:3954} INFO - Setting next_dagrun for example_branch_labels to 2026-04-24 00:00:00+00:00, run_after=2026-04-25 00:00:00+00:00
[2026-04-25T09:33:40.236+0000] {processor.py:183} INFO - Processing /usr/local/python/3.12.1/lib/python3.12/site-packages/airflow/example_dags/example_branch_labels.py took 0.087 seconds
[2026-04-25T09:34:40.696+0000] {processor.py:161} INFO - Started process (PID=24333) to work on /usr/local/python/3.12.1/lib/python3.12/site-packages/airflow/example_dags/example_branch_labels.py
[2026-04-25T09:34:40.697+0000] {processor.py:830} INFO - Processing file /usr/local/python/3.12.1/lib/python3.12/site-packages/airflow/example_dags/example_branch_labels.py for tasks to queue
[2026-04-25T09:34:40.697+0000] {logging_mixin.py:188} INFO - [2026-04-25T09:34:40.697+0000] {dagbag.py:540} INFO - Filling up the DagBag from /usr/local/python/3.12.1/lib/python3.12/site-packages/airflow/example_dags/example_branch_labels.py
[2026-04-25T09:34:40.704+0000] {processor.py:840} INFO - DAG(s) 'example_branch_labels' retrieved from /usr/local/python/3.12.1/lib/python3.12/site-packages/airflow/example_dags/example_branch_labels.py
[2026-04-25T09:34:40.717+0000] {logging_mixin.py:188} INFO - [2026-04-25T09:34:40.716+0000] {dag.py:3096} INFO - Sync 1 DAGs
[2026-04-25T09:34:40.732+0000] {logging_mixin.py:188} INFO - [2026-04-25T09:34:40.732+0000] {dag.py:3954} INFO - Setting next_dagrun for example_branch_labels to 2026-04-24 00:00:00+00:00, run_after=2026-04-25 00:00:00+00:00
[2026-04-25T09:34:40.749+0000] {processor.py:183} INFO - Processing /usr/local/python/3.12.1/lib/python3.12/site-packages/airflow/example_dags/example_branch_labels.py took 0.057 seconds
[2026-04-25T09:35:38.687+0000] {processor.py:161} INFO - Started process (PID=24788) to work on /usr/local/python/3.12.1/lib/python3.12/site-packages/airflow/example_dags/example_branch_labels.py
[2026-04-25T09:35:38.688+0000] {processor.py:830} INFO - Processing file /usr/local/python/3.12.1/lib/python3.12/site-packages/airflow/example_dags/example_branch_labels.py for tasks to queue
[2026-04-25T09:35:38.689+0000] {logging_mixin.py:188} INFO - [2026-04-25T09:35:38.688+0000] {dagbag.py:540} INFO - Filling up the DagBag from /usr/local/python/3.12.1/lib/python3.12/site-packages/airflow/example_dags/example_branch_labels.py
[2026-04-25T09:35:38.695+0000] {processor.py:840} INFO - DAG(s) 'example_branch_labels' retrieved from /usr/local/python/3.12.1/lib/python3.12/site-packages/airflow/example_dags/example_branch_labels.py
[2026-04-25T09:35:38.708+0000] {logging_mixin.py:188} INFO - [2026-04-25T09:35:38.708+0000] {dag.py:3096} INFO - Sync 1 DAGs
[2026-04-25T09:35:38.724+0000] {logging_mixin.py:188} INFO - [2026-04-25T09:35:38.723+0000] {dag.py:3954} INFO - Setting next_dagrun for example_branch_labels to 2026-04-24 00:00:00+00:00, run_after=2026-04-25 00:00:00+00:00
[2026-04-25T09:35:38.740+0000] {processor.py:183} INFO - Processing /usr/local/python/3.12.1/lib/python3.12/site-packages/airflow/example_dags/example_branch_labels.py took 0.057 seconds
[2026-04-25T09:36:36.190+0000] {processor.py:161} INFO - Started process (PID=25236) to work on /usr/local/python/3.12.1/lib/python3.12/site-packages/airflow/example_dags/example_branch_labels.py
[2026-04-25T09:36:36.191+0000] {processor.py:830} INFO - Processing file /usr/local/python/3.12.1/lib/python3.12/site-packages/airflow/example_dags/example_branch_labels.py for tasks to queue
[2026-04-25T09:36:36.192+0000] {logging_mixin.py:188} INFO - [2026-04-25T09:36:36.191+0000] {dagbag.py:540} INFO - Filling up the DagBag from /usr/local/python/3.12.1/lib/python3.12/site-packages/airflow/example_dags/example_branch_labels.py
[2026-04-25T09:36:36.198+0000] {processor.py:840} INFO - DAG(s) 'example_branch_labels' retrieved from /usr/local/python/3.12.1/lib/python3.12/site-packages/airflow/example_dags/example_branch_labels.py
[2026-04-25T09:36:36.211+0000] {logging_mixin.py:188} INFO - [2026-04-25T09:36:36.211+0000] {dag.py:3096} INFO - Sync 1 DAGs
[2026-04-25T09:36:36.227+0000] {logging_mixin.py:188} INFO - [2026-04-25T09:36:36.227+0000] {dag.py:3954} INFO - Setting next_dagrun for example_branch_labels to 2026-04-24 00:00:00+00:00, run_after=2026-04-25 00:00:00+00:00
[2026-04-25T09:36:36.243+0000] {processor.py:183} INFO - Processing /usr/local/python/3.12.1/lib/python3.12/site-packages/airflow/example_dags/example_branch_labels.py took 0.057 seconds
[2026-04-25T09:37:38.940+0000] {processor.py:161} INFO - Started process (PID=25717) to work on /usr/local/python/3.12.1/lib/python3.12/site-packages/airflow/example_dags/example_branch_labels.py
[2026-04-25T09:37:38.941+0000] {processor.py:830} INFO - Processing file /usr/local/python/3.12.1/lib/python3.12/site-packages/airflow/example_dags/example_branch_labels.py for tasks to queue
[2026-04-25T09:37:38.942+0000] {logging_mixin.py:188} INFO - [2026-04-25T09:37:38.941+0000] {dagbag.py:540} INFO - Filling up the DagBag from /usr/local/python/3.12.1/lib/python3.12/site-packages/airflow/example_dags/example_branch_labels.py
[2026-04-25T09:37:38.948+0000] {processor.py:840} INFO - DAG(s) 'example_branch_labels' retrieved from /usr/local/python/3.12.1/lib/python3.12/site-packages/airflow/example_dags/example_branch_labels.py
[2026-04-25T09:37:38.961+0000] {logging_mixin.py:188} INFO - [2026-04-25T09:37:38.961+0000] {dag.py:3096} INFO - Sync 1 DAGs
[2026-04-25T09:37:38.977+0000] {logging_mixin.py:188} INFO - [2026-04-25T09:37:38.977+0000] {dag.py:3954} INFO - Setting next_dagrun for example_branch_labels to 2026-04-24 00:00:00+00:00, run_after=2026-04-25 00:00:00+00:00
[2026-04-25T09:37:38.993+0000] {processor.py:183} INFO - Processing /usr/local/python/3.12.1/lib/python3.12/site-packages/airflow/example_dags/example_branch_labels.py took 0.057 seconds
[2026-04-25T09:38:41.715+0000] {processor.py:161} INFO - Started process (PID=26196) to work on /usr/local/python/3.12.1/lib/python3.12/site-packages/airflow/example_dags/example_branch_labels.py
[2026-04-25T09:38:41.717+0000] {processor.py:830} INFO - Processing file /usr/local/python/3.12.1/lib/python3.12/site-packages/airflow/example_dags/example_branch_labels.py for tasks to queue
[2026-04-25T09:38:41.720+0000] {logging_mixin.py:188} INFO - [2026-04-25T09:38:41.720+0000] {dagbag.py:540} INFO - Filling up the DagBag from /usr/local/python/3.12.1/lib/python3.12/site-packages/airflow/example_dags/example_branch_labels.py
[2026-04-25T09:38:41.731+0000] {processor.py:840} INFO - DAG(s) 'example_branch_labels' retrieved from /usr/local/python/3.12.1/lib/python3.12/site-packages/airflow/example_dags/example_branch_labels.py
[2026-04-25T09:38:41.747+0000] {logging_mixin.py:188} INFO - [2026-04-25T09:38:41.747+0000] {dag.py:3096} INFO - Sync 1 DAGs
[2026-04-25T09:38:41.763+0000] {logging_mixin.py:188} INFO - [2026-04-25T09:38:41.763+0000] {dag.py:3954} INFO - Setting next_dagrun for example_branch_labels to 2026-04-24 00:00:00+00:00, run_after=2026-04-25 00:00:00+00:00
[2026-04-25T09:38:41.781+0000] {processor.py:183} INFO - Processing /usr/local/python/3.12.1/lib/python3.12/site-packages/airflow/example_dags/example_branch_labels.py took 0.074 seconds
[2026-04-25T09:39:40.123+0000] {processor.py:161} INFO - Started process (PID=26656) to work on /usr/local/python/3.12.1/lib/python3.12/site-packages/airflow/example_dags/example_branch_labels.py
[2026-04-25T09:39:40.124+0000] {processor.py:830} INFO - Processing file /usr/local/python/3.12.1/lib/python3.12/site-packages/airflow/example_dags/example_branch_labels.py for tasks to queue
[2026-04-25T09:39:40.124+0000] {logging_mixin.py:188} INFO - [2026-04-25T09:39:40.124+0000] {dagbag.py:540} INFO - Filling up the DagBag from /usr/local/python/3.12.1/lib/python3.12/site-packages/airflow/example_dags/example_branch_labels.py
[2026-04-25T09:39:40.131+0000] {processor.py:840} INFO - DAG(s) 'example_branch_labels' retrieved from /usr/local/python/3.12.1/lib/python3.12/site-packages/airflow/example_dags/example_branch_labels.py
[2026-04-25T09:39:40.144+0000] {logging_mixin.py:188} INFO - [2026-04-25T09:39:40.144+0000] {dag.py:3096} INFO - Sync 1 DAGs
[2026-04-25T09:39:40.160+0000] {logging_mixin.py:188} INFO - [2026-04-25T09:39:40.160+0000] {dag.py:3954} INFO - Setting next_dagrun for example_branch_labels to 2026-04-24 00:00:00+00:00, run_after=2026-04-25 00:00:00+00:00
[2026-04-25T09:39:40.176+0000] {processor.py:183} INFO - Processing /usr/local/python/3.12.1/lib/python3.12/site-packages/airflow/example_dags/example_branch_labels.py took 0.057 seconds
[2026-04-25T09:40:36.285+0000] {processor.py:161} INFO - Started process (PID=27080) to work on /usr/local/python/3.12.1/lib/python3.12/site-packages/airflow/example_dags/example_branch_labels.py
[2026-04-25T09:40:36.285+0000] {processor.py:830} INFO - Processing file /usr/local/python/3.12.1/lib/python3.12/site-packages/airflow/example_dags/example_branch_labels.py for tasks to queue
[2026-04-25T09:40:36.286+0000] {logging_mixin.py:188} INFO - [2026-04-25T09:40:36.286+0000] {dagbag.py:540} INFO - Filling up the DagBag from /usr/local/python/3.12.1/lib/python3.12/site-packages/airflow/example_dags/example_branch_labels.py
[2026-04-25T09:40:36.292+0000] {processor.py:840} INFO - DAG(s) 'example_branch_labels' retrieved from /usr/local/python/3.12.1/lib/python3.12/site-packages/airflow/example_dags/example_branch_labels.py
[2026-04-25T09:40:36.307+0000] {logging_mixin.py:188} INFO - [2026-04-25T09:40:36.307+0000] {dag.py:3096} INFO - Sync 1 DAGs
[2026-04-25T09:40:36.322+0000] {logging_mixin.py:188} INFO - [2026-04-25T09:40:36.322+0000] {dag.py:3954} INFO - Setting next_dagrun for example_branch_labels to 2026-04-24 00:00:00+00:00, run_after=2026-04-25 00:00:00+00:00
[2026-04-25T09:40:36.338+0000] {processor.py:183} INFO - Processing /usr/local/python/3.12.1/lib/python3.12/site-packages/airflow/example_dags/example_branch_labels.py took 0.058 seconds
[2026-04-25T09:41:36.624+0000] {processor.py:161} INFO - Started process (PID=27545) to work on /usr/local/python/3.12.1/lib/python3.12/site-packages/airflow/example_dags/example_branch_labels.py
[2026-04-25T09:41:36.624+0000] {processor.py:830} INFO - Processing file /usr/local/python/3.12.1/lib/python3.12/site-packages/airflow/example_dags/example_branch_labels.py for tasks to queue
[2026-04-25T09:41:36.625+0000] {logging_mixin.py:188} INFO - [2026-04-25T09:41:36.625+0000] {dagbag.py:540} INFO - Filling up the DagBag from /usr/local/python/3.12.1/lib/python3.12/site-packages/airflow/example_dags/example_branch_labels.py
[2026-04-25T09:41:36.631+0000] {processor.py:840} INFO - DAG(s) 'example_branch_labels' retrieved from /usr/local/python/3.12.1/lib/python3.12/site-packages/airflow/example_dags/example_branch_labels.py
[2026-04-25T09:41:36.647+0000] {logging_mixin.py:188} INFO - [2026-04-25T09:41:36.647+0000] {dag.py:3096} INFO - Sync 1 DAGs
[2026-04-25T09:41:36.663+0000] {logging_mixin.py:188} INFO - [2026-04-25T09:41:36.663+0000] {dag.py:3954} INFO - Setting next_dagrun for example_branch_labels to 2026-04-24 00:00:00+00:00, run_after=2026-04-25 00:00:00+00:00
[2026-04-25T09:41:36.680+0000] {processor.py:183} INFO - Processing /usr/local/python/3.12.1/lib/python3.12/site-packages/airflow/example_dags/example_branch_labels.py took 0.061 seconds
[2026-04-25T09:42:29.650+0000] {processor.py:161} INFO - Started process (PID=27961) to work on /usr/local/python/3.12.1/lib/python3.12/site-packages/airflow/example_dags/example_branch_labels.py
[2026-04-25T09:42:29.650+0000] {processor.py:830} INFO - Processing file /usr/local/python/3.12.1/lib/python3.12/site-packages/airflow/example_dags/example_branch_labels.py for tasks to queue
[2026-04-25T09:42:29.651+0000] {logging_mixin.py:188} INFO - [2026-04-25T09:42:29.651+0000] {dagbag.py:540} INFO - Filling up the DagBag from /usr/local/python/3.12.1/lib/python3.12/site-packages/airflow/example_dags/example_branch_labels.py
[2026-04-25T09:42:29.658+0000] {processor.py:840} INFO - DAG(s) 'example_branch_labels' retrieved from /usr/local/python/3.12.1/lib/python3.12/site-packages/airflow/example_dags/example_branch_labels.py
[2026-04-25T09:42:29.670+0000] {logging_mixin.py:188} INFO - [2026-04-25T09:42:29.670+0000] {dag.py:3096} INFO - Sync 1 DAGs
[2026-04-25T09:42:29.687+0000] {logging_mixin.py:188} INFO - [2026-04-25T09:42:29.686+0000] {dag.py:3954} INFO - Setting next_dagrun for example_branch_labels to 2026-04-24 00:00:00+00:00, run_after=2026-04-25 00:00:00+00:00
[2026-04-25T09:42:29.705+0000] {processor.py:183} INFO - Processing /usr/local/python/3.12.1/lib/python3.12/site-packages/airflow/example_dags/example_branch_labels.py took 0.059 seconds
[2026-04-25T09:43:35.325+0000] {processor.py:161} INFO - Started process (PID=28479) to work on /usr/local/python/3.12.1/lib/python3.12/site-packages/airflow/example_dags/example_branch_labels.py
[2026-04-25T09:43:35.326+0000] {processor.py:830} INFO - Processing file /usr/local/python/3.12.1/lib/python3.12/site-packages/airflow/example_dags/example_branch_labels.py for tasks to queue
[2026-04-25T09:43:35.327+0000] {logging_mixin.py:188} INFO - [2026-04-25T09:43:35.327+0000] {dagbag.py:540} INFO - Filling up the DagBag from /usr/local/python/3.12.1/lib/python3.12/site-packages/airflow/example_dags/example_branch_labels.py
[2026-04-25T09:43:35.333+0000] {processor.py:840} INFO - DAG(s) 'example_branch_labels' retrieved from /usr/local/python/3.12.1/lib/python3.12/site-packages/airflow/example_dags/example_branch_labels.py
[2026-04-25T09:43:35.346+0000] {logging_mixin.py:188} INFO - [2026-04-25T09:43:35.346+0000] {dag.py:3096} INFO - Sync 1 DAGs
[2026-04-25T09:43:35.363+0000] {logging_mixin.py:188} INFO - [2026-04-25T09:43:35.363+0000] {dag.py:3954} INFO - Setting next_dagrun for example_branch_labels to 2026-04-24 00:00:00+00:00, run_after=2026-04-25 00:00:00+00:00
[2026-04-25T09:43:35.379+0000] {processor.py:183} INFO - Processing /usr/local/python/3.12.1/lib/python3.12/site-packages/airflow/example_dags/example_branch_labels.py took 0.058 seconds
[2026-04-25T09:44:36.198+0000] {processor.py:161} INFO - Started process (PID=28942) to work on /usr/local/python/3.12.1/lib/python3.12/site-packages/airflow/example_dags/example_branch_labels.py
[2026-04-25T09:44:36.199+0000] {processor.py:830} INFO - Processing file /usr/local/python/3.12.1/lib/python3.12/site-packages/airflow/example_dags/example_branch_labels.py for tasks to queue
[2026-04-25T09:44:36.200+0000] {logging_mixin.py:188} INFO - [2026-04-25T09:44:36.200+0000] {dagbag.py:540} INFO - Filling up the DagBag from /usr/local/python/3.12.1/lib/python3.12/site-packages/airflow/example_dags/example_branch_labels.py
[2026-04-25T09:44:36.211+0000] {processor.py:840} INFO - DAG(s) 'example_branch_labels' retrieved from /usr/local/python/3.12.1/lib/python3.12/site-packages/airflow/example_dags/example_branch_labels.py
[2026-04-25T09:44:36.232+0000] {logging_mixin.py:188} INFO - [2026-04-25T09:44:36.232+0000] {dag.py:3096} INFO - Sync 1 DAGs
[2026-04-25T09:44:36.248+0000] {logging_mixin.py:188} INFO - [2026-04-25T09:44:36.248+0000] {dag.py:3954} INFO - Setting next_dagrun for example_branch_labels to 2026-04-24 00:00:00+00:00, run_after=2026-04-25 00:00:00+00:00
[2026-04-25T09:44:36.265+0000] {processor.py:183} INFO - Processing /usr/local/python/3.12.1/lib/python3.12/site-packages/airflow/example_dags/example_branch_labels.py took 0.074 seconds
[2026-04-25T09:45:33.209+0000] {processor.py:161} INFO - Started process (PID=29376) to work on /usr/local/python/3.12.1/lib/python3.12/site-packages/airflow/example_dags/example_branch_labels.py
[2026-04-25T09:45:33.210+0000] {processor.py:830} INFO - Processing file /usr/local/python/3.12.1/lib/python3.12/site-packages/airflow/example_dags/example_branch_labels.py for tasks to queue
[2026-04-25T09:45:33.211+0000] {logging_mixin.py:188} INFO - [2026-04-25T09:45:33.210+0000] {dagbag.py:540} INFO - Filling up the DagBag from /usr/local/python/3.12.1/lib/python3.12/site-packages/airflow/example_dags/example_branch_labels.py
[2026-04-25T09:45:33.217+0000] {processor.py:840} INFO - DAG(s) 'example_branch_labels' retrieved from /usr/local/python/3.12.1/lib/python3.12/site-packages/airflow/example_dags/example_branch_labels.py
[2026-04-25T09:45:33.230+0000] {logging_mixin.py:188} INFO - [2026-04-25T09:45:33.230+0000] {dag.py:3096} INFO - Sync 1 DAGs
[2026-04-25T09:45:33.246+0000] {logging_mixin.py:188} INFO - [2026-04-25T09:45:33.246+0000] {dag.py:3954} INFO - Setting next_dagrun for example_branch_labels to 2026-04-24 00:00:00+00:00, run_after=2026-04-25 00:00:00+00:00
[2026-04-25T09:45:33.262+0000] {processor.py:183} INFO - Processing /usr/local/python/3.12.1/lib/python3.12/site-packages/airflow/example_dags/example_branch_labels.py took 0.057 seconds
[2026-04-25T09:46:37.277+0000] {processor.py:161} INFO - Started process (PID=29882) to work on /usr/local/python/3.12.1/lib/python3.12/site-packages/airflow/example_dags/example_branch_labels.py
[2026-04-25T09:46:37.278+0000] {processor.py:830} INFO - Processing file /usr/local/python/3.12.1/lib/python3.12/site-packages/airflow/example_dags/example_branch_labels.py for tasks to queue
[2026-04-25T09:46:37.279+0000] {logging_mixin.py:188} INFO - [2026-04-25T09:46:37.278+0000] {dagbag.py:540} INFO - Filling up the DagBag from /usr/local/python/3.12.1/lib/python3.12/site-packages/airflow/example_dags/example_branch_labels.py
[2026-04-25T09:46:37.285+0000] {processor.py:840} INFO - DAG(s) 'example_branch_labels' retrieved from /usr/local/python/3.12.1/lib/python3.12/site-packages/airflow/example_dags/example_branch_labels.py
[2026-04-25T09:46:37.298+0000] {logging_mixin.py:188} INFO - [2026-04-25T09:46:37.298+0000] {dag.py:3096} INFO - Sync 1 DAGs
[2026-04-25T09:46:37.314+0000] {logging_mixin.py:188} INFO - [2026-04-25T09:46:37.314+0000] {dag.py:3954} INFO - Setting next_dagrun for example_branch_labels to 2026-04-24 00:00:00+00:00, run_after=2026-04-25 00:00:00+00:00
[2026-04-25T09:46:37.330+0000] {processor.py:183} INFO - Processing /usr/local/python/3.12.1/lib/python3.12/site-packages/airflow/example_dags/example_branch_labels.py took 0.057 seconds
