[2026-04-25T09:05:46.708+0000] {processor.py:161} INFO - Started process (PID=8041) to work on /usr/local/python/3.12.1/lib/python3.12/site-packages/airflow/example_dags/example_xcomargs.py
[2026-04-25T09:05:46.710+0000] {processor.py:830} INFO - Processing file /usr/local/python/3.12.1/lib/python3.12/site-packages/airflow/example_dags/example_xcomargs.py for tasks to queue
[2026-04-25T09:05:46.711+0000] {logging_mixin.py:188} INFO - [2026-04-25T09:05:46.710+0000] {dagbag.py:540} INFO - Filling up the DagBag from /usr/local/python/3.12.1/lib/python3.12/site-packages/airflow/example_dags/example_xcomargs.py
[2026-04-25T09:05:46.724+0000] {processor.py:840} INFO - DAG(s) 'example_xcom_args', 'example_xcom_args_with_operators' retrieved from /usr/local/python/3.12.1/lib/python3.12/site-packages/airflow/example_dags/example_xcomargs.py
[2026-04-25T09:05:46.993+0000] {logging_mixin.py:188} INFO - [2026-04-25T09:05:46.992+0000] {override.py:1930} INFO - Created Permission View: can delete on DAG:example_xcom_args
[2026-04-25T09:05:47.012+0000] {logging_mixin.py:188} INFO - [2026-04-25T09:05:47.011+0000] {override.py:1930} INFO - Created Permission View: can edit on DAG:example_xcom_args
[2026-04-25T09:05:47.022+0000] {logging_mixin.py:188} INFO - [2026-04-25T09:05:47.021+0000] {override.py:1930} INFO - Created Permission View: can read on DAG:example_xcom_args
[2026-04-25T09:05:47.043+0000] {logging_mixin.py:188} INFO - [2026-04-25T09:05:47.043+0000] {override.py:1930} INFO - Created Permission View: can delete on DAG:example_xcom_args_with_operators
[2026-04-25T09:05:47.052+0000] {logging_mixin.py:188} INFO - [2026-04-25T09:05:47.051+0000] {override.py:1930} INFO - Created Permission View: can edit on DAG:example_xcom_args_with_operators
[2026-04-25T09:05:47.061+0000] {logging_mixin.py:188} INFO - [2026-04-25T09:05:47.061+0000] {override.py:1930} INFO - Created Permission View: can read on DAG:example_xcom_args_with_operators
[2026-04-25T09:05:47.062+0000] {logging_mixin.py:188} INFO - [2026-04-25T09:05:47.062+0000] {dag.py:3096} INFO - Sync 2 DAGs
[2026-04-25T09:05:47.080+0000] {logging_mixin.py:188} INFO - [2026-04-25T09:05:47.078+0000] {dag.py:3118} INFO - Creating ORM DAG for example_xcom_args_with_operators
[2026-04-25T09:05:47.082+0000] {logging_mixin.py:188} INFO - [2026-04-25T09:05:47.081+0000] {dag.py:3118} INFO - Creating ORM DAG for example_xcom_args
[2026-04-25T09:05:47.084+0000] {logging_mixin.py:188} INFO - [2026-04-25T09:05:47.084+0000] {dag.py:3954} INFO - Setting next_dagrun for example_xcom_args to None, run_after=None
[2026-04-25T09:05:47.085+0000] {logging_mixin.py:188} INFO - [2026-04-25T09:05:47.085+0000] {dag.py:3954} INFO - Setting next_dagrun for example_xcom_args_with_operators to None, run_after=None
[2026-04-25T09:05:47.121+0000] {processor.py:183} INFO - Processing /usr/local/python/3.12.1/lib/python3.12/site-packages/airflow/example_dags/example_xcomargs.py took 0.420 seconds
[2026-04-25T09:06:45.664+0000] {processor.py:161} INFO - Started process (PID=8852) to work on /usr/local/python/3.12.1/lib/python3.12/site-packages/airflow/example_dags/example_xcomargs.py
[2026-04-25T09:06:45.666+0000] {processor.py:830} INFO - Processing file /usr/local/python/3.12.1/lib/python3.12/site-packages/airflow/example_dags/example_xcomargs.py for tasks to queue
[2026-04-25T09:06:45.667+0000] {logging_mixin.py:188} INFO - [2026-04-25T09:06:45.667+0000] {dagbag.py:540} INFO - Filling up the DagBag from /usr/local/python/3.12.1/lib/python3.12/site-packages/airflow/example_dags/example_xcomargs.py
[2026-04-25T09:06:45.677+0000] {processor.py:840} INFO - DAG(s) 'example_xcom_args_with_operators', 'example_xcom_args' retrieved from /usr/local/python/3.12.1/lib/python3.12/site-packages/airflow/example_dags/example_xcomargs.py
[2026-04-25T09:06:45.694+0000] {logging_mixin.py:188} INFO - [2026-04-25T09:06:45.694+0000] {dag.py:3096} INFO - Sync 2 DAGs
[2026-04-25T09:06:45.703+0000] {logging_mixin.py:188} INFO - [2026-04-25T09:06:45.703+0000] {dag.py:3954} INFO - Setting next_dagrun for example_xcom_args to None, run_after=None
[2026-04-25T09:06:45.706+0000] {logging_mixin.py:188} INFO - [2026-04-25T09:06:45.706+0000] {dag.py:3954} INFO - Setting next_dagrun for example_xcom_args_with_operators to None, run_after=None
[2026-04-25T09:06:45.721+0000] {processor.py:183} INFO - Processing /usr/local/python/3.12.1/lib/python3.12/site-packages/airflow/example_dags/example_xcomargs.py took 0.069 seconds
[2026-04-25T09:07:34.511+0000] {processor.py:161} INFO - Started process (PID=9270) to work on /usr/local/python/3.12.1/lib/python3.12/site-packages/airflow/example_dags/example_xcomargs.py
[2026-04-25T09:07:34.512+0000] {processor.py:830} INFO - Processing file /usr/local/python/3.12.1/lib/python3.12/site-packages/airflow/example_dags/example_xcomargs.py for tasks to queue
[2026-04-25T09:07:34.513+0000] {logging_mixin.py:188} INFO - [2026-04-25T09:07:34.513+0000] {dagbag.py:540} INFO - Filling up the DagBag from /usr/local/python/3.12.1/lib/python3.12/site-packages/airflow/example_dags/example_xcomargs.py
[2026-04-25T09:07:34.546+0000] {processor.py:840} INFO - DAG(s) 'example_xcom_args', 'example_xcom_args_with_operators' retrieved from /usr/local/python/3.12.1/lib/python3.12/site-packages/airflow/example_dags/example_xcomargs.py
[2026-04-25T09:07:34.599+0000] {logging_mixin.py:188} INFO - [2026-04-25T09:07:34.599+0000] {dag.py:3096} INFO - Sync 2 DAGs
[2026-04-25T09:07:34.633+0000] {logging_mixin.py:188} INFO - [2026-04-25T09:07:34.633+0000] {dag.py:3954} INFO - Setting next_dagrun for example_xcom_args to None, run_after=None
[2026-04-25T09:07:34.641+0000] {logging_mixin.py:188} INFO - [2026-04-25T09:07:34.641+0000] {dag.py:3954} INFO - Setting next_dagrun for example_xcom_args_with_operators to None, run_after=None
[2026-04-25T09:07:34.724+0000] {processor.py:183} INFO - Processing /usr/local/python/3.12.1/lib/python3.12/site-packages/airflow/example_dags/example_xcomargs.py took 0.220 seconds
[2026-04-25T09:08:17.280+0000] {processor.py:161} INFO - Started process (PID=9728) to work on /usr/local/python/3.12.1/lib/python3.12/site-packages/airflow/example_dags/example_xcomargs.py
[2026-04-25T09:08:17.281+0000] {processor.py:830} INFO - Processing file /usr/local/python/3.12.1/lib/python3.12/site-packages/airflow/example_dags/example_xcomargs.py for tasks to queue
[2026-04-25T09:08:17.282+0000] {logging_mixin.py:188} INFO - [2026-04-25T09:08:17.281+0000] {dagbag.py:540} INFO - Filling up the DagBag from /usr/local/python/3.12.1/lib/python3.12/site-packages/airflow/example_dags/example_xcomargs.py
[2026-04-25T09:08:17.288+0000] {processor.py:840} INFO - DAG(s) 'example_xcom_args', 'example_xcom_args_with_operators' retrieved from /usr/local/python/3.12.1/lib/python3.12/site-packages/airflow/example_dags/example_xcomargs.py
[2026-04-25T09:08:17.302+0000] {logging_mixin.py:188} INFO - [2026-04-25T09:08:17.302+0000] {dag.py:3096} INFO - Sync 2 DAGs
[2026-04-25T09:08:17.312+0000] {logging_mixin.py:188} INFO - [2026-04-25T09:08:17.311+0000] {dag.py:3954} INFO - Setting next_dagrun for example_xcom_args to None, run_after=None
[2026-04-25T09:08:17.314+0000] {logging_mixin.py:188} INFO - [2026-04-25T09:08:17.314+0000] {dag.py:3954} INFO - Setting next_dagrun for example_xcom_args_with_operators to None, run_after=None
[2026-04-25T09:08:17.329+0000] {processor.py:183} INFO - Processing /usr/local/python/3.12.1/lib/python3.12/site-packages/airflow/example_dags/example_xcomargs.py took 0.053 seconds
[2026-04-25T09:08:59.182+0000] {processor.py:161} INFO - Started process (PID=10058) to work on /usr/local/python/3.12.1/lib/python3.12/site-packages/airflow/example_dags/example_xcomargs.py
[2026-04-25T09:08:59.183+0000] {processor.py:830} INFO - Processing file /usr/local/python/3.12.1/lib/python3.12/site-packages/airflow/example_dags/example_xcomargs.py for tasks to queue
[2026-04-25T09:08:59.184+0000] {logging_mixin.py:188} INFO - [2026-04-25T09:08:59.184+0000] {dagbag.py:540} INFO - Filling up the DagBag from /usr/local/python/3.12.1/lib/python3.12/site-packages/airflow/example_dags/example_xcomargs.py
[2026-04-25T09:08:59.194+0000] {processor.py:840} INFO - DAG(s) 'example_xcom_args_with_operators', 'example_xcom_args' retrieved from /usr/local/python/3.12.1/lib/python3.12/site-packages/airflow/example_dags/example_xcomargs.py
[2026-04-25T09:08:59.209+0000] {logging_mixin.py:188} INFO - [2026-04-25T09:08:59.209+0000] {dag.py:3096} INFO - Sync 2 DAGs
[2026-04-25T09:08:59.219+0000] {logging_mixin.py:188} INFO - [2026-04-25T09:08:59.218+0000] {dag.py:3954} INFO - Setting next_dagrun for example_xcom_args to None, run_after=None
[2026-04-25T09:08:59.221+0000] {logging_mixin.py:188} INFO - [2026-04-25T09:08:59.221+0000] {dag.py:3954} INFO - Setting next_dagrun for example_xcom_args_with_operators to None, run_after=None
[2026-04-25T09:08:59.240+0000] {processor.py:183} INFO - Processing /usr/local/python/3.12.1/lib/python3.12/site-packages/airflow/example_dags/example_xcomargs.py took 0.063 seconds
[2026-04-25T09:09:40.766+0000] {processor.py:161} INFO - Started process (PID=10790) to work on /usr/local/python/3.12.1/lib/python3.12/site-packages/airflow/example_dags/example_xcomargs.py
[2026-04-25T09:09:40.767+0000] {processor.py:830} INFO - Processing file /usr/local/python/3.12.1/lib/python3.12/site-packages/airflow/example_dags/example_xcomargs.py for tasks to queue
[2026-04-25T09:09:40.767+0000] {logging_mixin.py:188} INFO - [2026-04-25T09:09:40.767+0000] {dagbag.py:540} INFO - Filling up the DagBag from /usr/local/python/3.12.1/lib/python3.12/site-packages/airflow/example_dags/example_xcomargs.py
[2026-04-25T09:09:40.774+0000] {processor.py:840} INFO - DAG(s) 'example_xcom_args_with_operators', 'example_xcom_args' retrieved from /usr/local/python/3.12.1/lib/python3.12/site-packages/airflow/example_dags/example_xcomargs.py
[2026-04-25T09:09:40.788+0000] {logging_mixin.py:188} INFO - [2026-04-25T09:09:40.788+0000] {dag.py:3096} INFO - Sync 2 DAGs
[2026-04-25T09:09:40.797+0000] {logging_mixin.py:188} INFO - [2026-04-25T09:09:40.797+0000] {dag.py:3954} INFO - Setting next_dagrun for example_xcom_args to None, run_after=None
[2026-04-25T09:09:40.800+0000] {logging_mixin.py:188} INFO - [2026-04-25T09:09:40.800+0000] {dag.py:3954} INFO - Setting next_dagrun for example_xcom_args_with_operators to None, run_after=None
[2026-04-25T09:09:40.816+0000] {processor.py:183} INFO - Processing /usr/local/python/3.12.1/lib/python3.12/site-packages/airflow/example_dags/example_xcomargs.py took 0.054 seconds
[2026-04-25T09:10:23.671+0000] {processor.py:161} INFO - Started process (PID=11124) to work on /usr/local/python/3.12.1/lib/python3.12/site-packages/airflow/example_dags/example_xcomargs.py
[2026-04-25T09:10:23.672+0000] {processor.py:830} INFO - Processing file /usr/local/python/3.12.1/lib/python3.12/site-packages/airflow/example_dags/example_xcomargs.py for tasks to queue
[2026-04-25T09:10:23.673+0000] {logging_mixin.py:188} INFO - [2026-04-25T09:10:23.672+0000] {dagbag.py:540} INFO - Filling up the DagBag from /usr/local/python/3.12.1/lib/python3.12/site-packages/airflow/example_dags/example_xcomargs.py
[2026-04-25T09:10:23.679+0000] {processor.py:840} INFO - DAG(s) 'example_xcom_args', 'example_xcom_args_with_operators' retrieved from /usr/local/python/3.12.1/lib/python3.12/site-packages/airflow/example_dags/example_xcomargs.py
[2026-04-25T09:10:23.694+0000] {logging_mixin.py:188} INFO - [2026-04-25T09:10:23.693+0000] {dag.py:3096} INFO - Sync 2 DAGs
[2026-04-25T09:10:23.702+0000] {logging_mixin.py:188} INFO - [2026-04-25T09:10:23.702+0000] {dag.py:3954} INFO - Setting next_dagrun for example_xcom_args to None, run_after=None
[2026-04-25T09:10:23.705+0000] {logging_mixin.py:188} INFO - [2026-04-25T09:10:23.705+0000] {dag.py:3954} INFO - Setting next_dagrun for example_xcom_args_with_operators to None, run_after=None
[2026-04-25T09:10:23.720+0000] {processor.py:183} INFO - Processing /usr/local/python/3.12.1/lib/python3.12/site-packages/airflow/example_dags/example_xcomargs.py took 0.053 seconds
[2026-04-25T09:11:15.381+0000] {processor.py:161} INFO - Started process (PID=12032) to work on /usr/local/python/3.12.1/lib/python3.12/site-packages/airflow/example_dags/example_xcomargs.py
[2026-04-25T09:11:15.382+0000] {processor.py:830} INFO - Processing file /usr/local/python/3.12.1/lib/python3.12/site-packages/airflow/example_dags/example_xcomargs.py for tasks to queue
[2026-04-25T09:11:15.383+0000] {logging_mixin.py:188} INFO - [2026-04-25T09:11:15.383+0000] {dagbag.py:540} INFO - Filling up the DagBag from /usr/local/python/3.12.1/lib/python3.12/site-packages/airflow/example_dags/example_xcomargs.py
[2026-04-25T09:11:15.404+0000] {processor.py:840} INFO - DAG(s) 'example_xcom_args', 'example_xcom_args_with_operators' retrieved from /usr/local/python/3.12.1/lib/python3.12/site-packages/airflow/example_dags/example_xcomargs.py
[2026-04-25T09:11:15.451+0000] {logging_mixin.py:188} INFO - [2026-04-25T09:11:15.448+0000] {dag.py:3096} INFO - Sync 2 DAGs
[2026-04-25T09:11:15.511+0000] {logging_mixin.py:188} INFO - [2026-04-25T09:11:15.510+0000] {dag.py:3954} INFO - Setting next_dagrun for example_xcom_args to None, run_after=None
[2026-04-25T09:11:15.520+0000] {logging_mixin.py:188} INFO - [2026-04-25T09:11:15.519+0000] {dag.py:3954} INFO - Setting next_dagrun for example_xcom_args_with_operators to None, run_after=None
[2026-04-25T09:11:15.583+0000] {processor.py:183} INFO - Processing /usr/local/python/3.12.1/lib/python3.12/site-packages/airflow/example_dags/example_xcomargs.py took 0.214 seconds
[2026-04-25T09:11:34.977+0000] {processor.py:161} INFO - Started process (PID=12454) to work on /usr/local/python/3.12.1/lib/python3.12/site-packages/airflow/example_dags/example_xcomargs.py
[2026-04-25T09:11:34.978+0000] {processor.py:830} INFO - Processing file /usr/local/python/3.12.1/lib/python3.12/site-packages/airflow/example_dags/example_xcomargs.py for tasks to queue
[2026-04-25T09:11:34.979+0000] {logging_mixin.py:188} INFO - [2026-04-25T09:11:34.978+0000] {dagbag.py:540} INFO - Filling up the DagBag from /usr/local/python/3.12.1/lib/python3.12/site-packages/airflow/example_dags/example_xcomargs.py
[2026-04-25T09:11:34.987+0000] {processor.py:840} INFO - DAG(s) 'example_xcom_args_with_operators', 'example_xcom_args' retrieved from /usr/local/python/3.12.1/lib/python3.12/site-packages/airflow/example_dags/example_xcomargs.py
[2026-04-25T09:11:34.993+0000] {logging_mixin.py:188} INFO - [2026-04-25T09:11:34.993+0000] {dag.py:3096} INFO - Sync 2 DAGs
[2026-04-25T09:11:35.005+0000] {logging_mixin.py:188} INFO - [2026-04-25T09:11:35.004+0000] {dag.py:3954} INFO - Setting next_dagrun for example_xcom_args to None, run_after=None
[2026-04-25T09:11:35.007+0000] {logging_mixin.py:188} INFO - [2026-04-25T09:11:35.007+0000] {dag.py:3954} INFO - Setting next_dagrun for example_xcom_args_with_operators to None, run_after=None
[2026-04-25T09:11:35.022+0000] {processor.py:183} INFO - Processing /usr/local/python/3.12.1/lib/python3.12/site-packages/airflow/example_dags/example_xcomargs.py took 0.048 seconds
[2026-04-25T09:12:04.554+0000] {processor.py:161} INFO - Started process (PID=12800) to work on /usr/local/python/3.12.1/lib/python3.12/site-packages/airflow/example_dags/example_xcomargs.py
[2026-04-25T09:12:04.554+0000] {processor.py:830} INFO - Processing file /usr/local/python/3.12.1/lib/python3.12/site-packages/airflow/example_dags/example_xcomargs.py for tasks to queue
[2026-04-25T09:12:04.555+0000] {logging_mixin.py:188} INFO - [2026-04-25T09:12:04.555+0000] {dagbag.py:540} INFO - Filling up the DagBag from /usr/local/python/3.12.1/lib/python3.12/site-packages/airflow/example_dags/example_xcomargs.py
[2026-04-25T09:12:04.561+0000] {processor.py:840} INFO - DAG(s) 'example_xcom_args', 'example_xcom_args_with_operators' retrieved from /usr/local/python/3.12.1/lib/python3.12/site-packages/airflow/example_dags/example_xcomargs.py
[2026-04-25T09:12:04.674+0000] {logging_mixin.py:188} INFO - [2026-04-25T09:12:04.674+0000] {dag.py:3096} INFO - Sync 2 DAGs
[2026-04-25T09:12:04.682+0000] {logging_mixin.py:188} INFO - [2026-04-25T09:12:04.682+0000] {dag.py:3954} INFO - Setting next_dagrun for example_xcom_args to None, run_after=None
[2026-04-25T09:12:04.685+0000] {logging_mixin.py:188} INFO - [2026-04-25T09:12:04.684+0000] {dag.py:3954} INFO - Setting next_dagrun for example_xcom_args_with_operators to None, run_after=None
[2026-04-25T09:12:04.701+0000] {processor.py:183} INFO - Processing /usr/local/python/3.12.1/lib/python3.12/site-packages/airflow/example_dags/example_xcomargs.py took 0.151 seconds
[2026-04-25T09:12:25.685+0000] {processor.py:161} INFO - Started process (PID=12982) to work on /usr/local/python/3.12.1/lib/python3.12/site-packages/airflow/example_dags/example_xcomargs.py
[2026-04-25T09:12:25.685+0000] {processor.py:830} INFO - Processing file /usr/local/python/3.12.1/lib/python3.12/site-packages/airflow/example_dags/example_xcomargs.py for tasks to queue
[2026-04-25T09:12:25.686+0000] {logging_mixin.py:188} INFO - [2026-04-25T09:12:25.686+0000] {dagbag.py:540} INFO - Filling up the DagBag from /usr/local/python/3.12.1/lib/python3.12/site-packages/airflow/example_dags/example_xcomargs.py
[2026-04-25T09:12:25.692+0000] {processor.py:840} INFO - DAG(s) 'example_xcom_args', 'example_xcom_args_with_operators' retrieved from /usr/local/python/3.12.1/lib/python3.12/site-packages/airflow/example_dags/example_xcomargs.py
[2026-04-25T09:12:25.698+0000] {logging_mixin.py:188} INFO - [2026-04-25T09:12:25.698+0000] {dag.py:3096} INFO - Sync 2 DAGs
[2026-04-25T09:12:25.709+0000] {logging_mixin.py:188} INFO - [2026-04-25T09:12:25.709+0000] {dag.py:3954} INFO - Setting next_dagrun for example_xcom_args to None, run_after=None
[2026-04-25T09:12:25.712+0000] {logging_mixin.py:188} INFO - [2026-04-25T09:12:25.711+0000] {dag.py:3954} INFO - Setting next_dagrun for example_xcom_args_with_operators to None, run_after=None
[2026-04-25T09:12:25.728+0000] {processor.py:183} INFO - Processing /usr/local/python/3.12.1/lib/python3.12/site-packages/airflow/example_dags/example_xcomargs.py took 0.047 seconds
[2026-04-25T09:12:48.333+0000] {processor.py:161} INFO - Started process (PID=13376) to work on /usr/local/python/3.12.1/lib/python3.12/site-packages/airflow/example_dags/example_xcomargs.py
[2026-04-25T09:12:48.333+0000] {processor.py:830} INFO - Processing file /usr/local/python/3.12.1/lib/python3.12/site-packages/airflow/example_dags/example_xcomargs.py for tasks to queue
[2026-04-25T09:12:48.334+0000] {logging_mixin.py:188} INFO - [2026-04-25T09:12:48.334+0000] {dagbag.py:540} INFO - Filling up the DagBag from /usr/local/python/3.12.1/lib/python3.12/site-packages/airflow/example_dags/example_xcomargs.py
[2026-04-25T09:12:48.345+0000] {processor.py:840} INFO - DAG(s) 'example_xcom_args', 'example_xcom_args_with_operators' retrieved from /usr/local/python/3.12.1/lib/python3.12/site-packages/airflow/example_dags/example_xcomargs.py
[2026-04-25T09:12:48.373+0000] {logging_mixin.py:188} INFO - [2026-04-25T09:12:48.372+0000] {dag.py:3096} INFO - Sync 2 DAGs
[2026-04-25T09:12:48.389+0000] {logging_mixin.py:188} INFO - [2026-04-25T09:12:48.389+0000] {dag.py:3954} INFO - Setting next_dagrun for example_xcom_args to None, run_after=None
[2026-04-25T09:12:48.399+0000] {logging_mixin.py:188} INFO - [2026-04-25T09:12:48.397+0000] {dag.py:3954} INFO - Setting next_dagrun for example_xcom_args_with_operators to None, run_after=None
[2026-04-25T09:12:48.485+0000] {processor.py:183} INFO - Processing /usr/local/python/3.12.1/lib/python3.12/site-packages/airflow/example_dags/example_xcomargs.py took 0.157 seconds
[2026-04-25T09:13:06.561+0000] {processor.py:161} INFO - Started process (PID=13558) to work on /usr/local/python/3.12.1/lib/python3.12/site-packages/airflow/example_dags/example_xcomargs.py
[2026-04-25T09:13:06.561+0000] {processor.py:830} INFO - Processing file /usr/local/python/3.12.1/lib/python3.12/site-packages/airflow/example_dags/example_xcomargs.py for tasks to queue
[2026-04-25T09:13:06.562+0000] {logging_mixin.py:188} INFO - [2026-04-25T09:13:06.562+0000] {dagbag.py:540} INFO - Filling up the DagBag from /usr/local/python/3.12.1/lib/python3.12/site-packages/airflow/example_dags/example_xcomargs.py
[2026-04-25T09:13:06.568+0000] {processor.py:840} INFO - DAG(s) 'example_xcom_args_with_operators', 'example_xcom_args' retrieved from /usr/local/python/3.12.1/lib/python3.12/site-packages/airflow/example_dags/example_xcomargs.py
[2026-04-25T09:13:06.583+0000] {logging_mixin.py:188} INFO - [2026-04-25T09:13:06.583+0000] {dag.py:3096} INFO - Sync 2 DAGs
[2026-04-25T09:13:06.593+0000] {logging_mixin.py:188} INFO - [2026-04-25T09:13:06.593+0000] {dag.py:3954} INFO - Setting next_dagrun for example_xcom_args to None, run_after=None
[2026-04-25T09:13:06.597+0000] {logging_mixin.py:188} INFO - [2026-04-25T09:13:06.597+0000] {dag.py:3954} INFO - Setting next_dagrun for example_xcom_args_with_operators to None, run_after=None
[2026-04-25T09:13:06.615+0000] {processor.py:183} INFO - Processing /usr/local/python/3.12.1/lib/python3.12/site-packages/airflow/example_dags/example_xcomargs.py took 0.059 seconds
[2026-04-25T09:13:52.010+0000] {processor.py:161} INFO - Started process (PID=14398) to work on /usr/local/python/3.12.1/lib/python3.12/site-packages/airflow/example_dags/example_xcomargs.py
[2026-04-25T09:13:52.011+0000] {processor.py:830} INFO - Processing file /usr/local/python/3.12.1/lib/python3.12/site-packages/airflow/example_dags/example_xcomargs.py for tasks to queue
[2026-04-25T09:13:52.011+0000] {logging_mixin.py:188} INFO - [2026-04-25T09:13:52.011+0000] {dagbag.py:540} INFO - Filling up the DagBag from /usr/local/python/3.12.1/lib/python3.12/site-packages/airflow/example_dags/example_xcomargs.py
[2026-04-25T09:13:52.020+0000] {processor.py:840} INFO - DAG(s) 'example_xcom_args_with_operators', 'example_xcom_args' retrieved from /usr/local/python/3.12.1/lib/python3.12/site-packages/airflow/example_dags/example_xcomargs.py
[2026-04-25T09:13:52.042+0000] {logging_mixin.py:188} INFO - [2026-04-25T09:13:52.042+0000] {dag.py:3096} INFO - Sync 2 DAGs
[2026-04-25T09:13:52.051+0000] {logging_mixin.py:188} INFO - [2026-04-25T09:13:52.051+0000] {dag.py:3954} INFO - Setting next_dagrun for example_xcom_args to None, run_after=None
[2026-04-25T09:13:52.054+0000] {logging_mixin.py:188} INFO - [2026-04-25T09:13:52.053+0000] {dag.py:3954} INFO - Setting next_dagrun for example_xcom_args_with_operators to None, run_after=None
[2026-04-25T09:13:52.069+0000] {processor.py:183} INFO - Processing /usr/local/python/3.12.1/lib/python3.12/site-packages/airflow/example_dags/example_xcomargs.py took 0.063 seconds
[2026-04-25T09:14:39.837+0000] {processor.py:161} INFO - Started process (PID=14770) to work on /usr/local/python/3.12.1/lib/python3.12/site-packages/airflow/example_dags/example_xcomargs.py
[2026-04-25T09:14:39.838+0000] {processor.py:830} INFO - Processing file /usr/local/python/3.12.1/lib/python3.12/site-packages/airflow/example_dags/example_xcomargs.py for tasks to queue
[2026-04-25T09:14:39.839+0000] {logging_mixin.py:188} INFO - [2026-04-25T09:14:39.839+0000] {dagbag.py:540} INFO - Filling up the DagBag from /usr/local/python/3.12.1/lib/python3.12/site-packages/airflow/example_dags/example_xcomargs.py
[2026-04-25T09:14:39.848+0000] {processor.py:840} INFO - DAG(s) 'example_xcom_args_with_operators', 'example_xcom_args' retrieved from /usr/local/python/3.12.1/lib/python3.12/site-packages/airflow/example_dags/example_xcomargs.py
[2026-04-25T09:14:39.869+0000] {logging_mixin.py:188} INFO - [2026-04-25T09:14:39.869+0000] {dag.py:3096} INFO - Sync 2 DAGs
[2026-04-25T09:14:39.879+0000] {logging_mixin.py:188} INFO - [2026-04-25T09:14:39.879+0000] {dag.py:3954} INFO - Setting next_dagrun for example_xcom_args to None, run_after=None
[2026-04-25T09:14:39.882+0000] {logging_mixin.py:188} INFO - [2026-04-25T09:14:39.882+0000] {dag.py:3954} INFO - Setting next_dagrun for example_xcom_args_with_operators to None, run_after=None
[2026-04-25T09:14:39.898+0000] {processor.py:183} INFO - Processing /usr/local/python/3.12.1/lib/python3.12/site-packages/airflow/example_dags/example_xcomargs.py took 0.067 seconds
[2026-04-25T09:15:16.936+0000] {processor.py:161} INFO - Started process (PID=15056) to work on /usr/local/python/3.12.1/lib/python3.12/site-packages/airflow/example_dags/example_xcomargs.py
[2026-04-25T09:15:16.936+0000] {processor.py:830} INFO - Processing file /usr/local/python/3.12.1/lib/python3.12/site-packages/airflow/example_dags/example_xcomargs.py for tasks to queue
[2026-04-25T09:15:16.937+0000] {logging_mixin.py:188} INFO - [2026-04-25T09:15:16.937+0000] {dagbag.py:540} INFO - Filling up the DagBag from /usr/local/python/3.12.1/lib/python3.12/site-packages/airflow/example_dags/example_xcomargs.py
[2026-04-25T09:15:16.943+0000] {processor.py:840} INFO - DAG(s) 'example_xcom_args_with_operators', 'example_xcom_args' retrieved from /usr/local/python/3.12.1/lib/python3.12/site-packages/airflow/example_dags/example_xcomargs.py
[2026-04-25T09:15:16.957+0000] {logging_mixin.py:188} INFO - [2026-04-25T09:15:16.957+0000] {dag.py:3096} INFO - Sync 2 DAGs
[2026-04-25T09:15:16.966+0000] {logging_mixin.py:188} INFO - [2026-04-25T09:15:16.966+0000] {dag.py:3954} INFO - Setting next_dagrun for example_xcom_args to None, run_after=None
[2026-04-25T09:15:16.969+0000] {logging_mixin.py:188} INFO - [2026-04-25T09:15:16.969+0000] {dag.py:3954} INFO - Setting next_dagrun for example_xcom_args_with_operators to None, run_after=None
[2026-04-25T09:15:16.983+0000] {processor.py:183} INFO - Processing /usr/local/python/3.12.1/lib/python3.12/site-packages/airflow/example_dags/example_xcomargs.py took 0.052 seconds
[2026-04-25T09:16:05.345+0000] {processor.py:161} INFO - Started process (PID=15629) to work on /usr/local/python/3.12.1/lib/python3.12/site-packages/airflow/example_dags/example_xcomargs.py
[2026-04-25T09:16:05.346+0000] {processor.py:830} INFO - Processing file /usr/local/python/3.12.1/lib/python3.12/site-packages/airflow/example_dags/example_xcomargs.py for tasks to queue
[2026-04-25T09:16:05.347+0000] {logging_mixin.py:188} INFO - [2026-04-25T09:16:05.347+0000] {dagbag.py:540} INFO - Filling up the DagBag from /usr/local/python/3.12.1/lib/python3.12/site-packages/airflow/example_dags/example_xcomargs.py
[2026-04-25T09:16:05.360+0000] {processor.py:840} INFO - DAG(s) 'example_xcom_args', 'example_xcom_args_with_operators' retrieved from /usr/local/python/3.12.1/lib/python3.12/site-packages/airflow/example_dags/example_xcomargs.py
[2026-04-25T09:16:05.388+0000] {logging_mixin.py:188} INFO - [2026-04-25T09:16:05.388+0000] {dag.py:3096} INFO - Sync 2 DAGs
[2026-04-25T09:16:05.400+0000] {logging_mixin.py:188} INFO - [2026-04-25T09:16:05.399+0000] {dag.py:3954} INFO - Setting next_dagrun for example_xcom_args to None, run_after=None
[2026-04-25T09:16:05.403+0000] {logging_mixin.py:188} INFO - [2026-04-25T09:16:05.403+0000] {dag.py:3954} INFO - Setting next_dagrun for example_xcom_args_with_operators to None, run_after=None
[2026-04-25T09:16:05.420+0000] {processor.py:183} INFO - Processing /usr/local/python/3.12.1/lib/python3.12/site-packages/airflow/example_dags/example_xcomargs.py took 0.083 seconds
[2026-04-25T09:16:44.769+0000] {processor.py:161} INFO - Started process (PID=15952) to work on /usr/local/python/3.12.1/lib/python3.12/site-packages/airflow/example_dags/example_xcomargs.py
[2026-04-25T09:16:44.770+0000] {processor.py:830} INFO - Processing file /usr/local/python/3.12.1/lib/python3.12/site-packages/airflow/example_dags/example_xcomargs.py for tasks to queue
[2026-04-25T09:16:44.770+0000] {logging_mixin.py:188} INFO - [2026-04-25T09:16:44.770+0000] {dagbag.py:540} INFO - Filling up the DagBag from /usr/local/python/3.12.1/lib/python3.12/site-packages/airflow/example_dags/example_xcomargs.py
[2026-04-25T09:16:44.776+0000] {processor.py:840} INFO - DAG(s) 'example_xcom_args_with_operators', 'example_xcom_args' retrieved from /usr/local/python/3.12.1/lib/python3.12/site-packages/airflow/example_dags/example_xcomargs.py
[2026-04-25T09:16:44.796+0000] {logging_mixin.py:188} INFO - [2026-04-25T09:16:44.796+0000] {dag.py:3096} INFO - Sync 2 DAGs
[2026-04-25T09:16:44.805+0000] {logging_mixin.py:188} INFO - [2026-04-25T09:16:44.805+0000] {dag.py:3954} INFO - Setting next_dagrun for example_xcom_args to None, run_after=None
[2026-04-25T09:16:44.808+0000] {logging_mixin.py:188} INFO - [2026-04-25T09:16:44.808+0000] {dag.py:3954} INFO - Setting next_dagrun for example_xcom_args_with_operators to None, run_after=None
[2026-04-25T09:16:44.824+0000] {processor.py:183} INFO - Processing /usr/local/python/3.12.1/lib/python3.12/site-packages/airflow/example_dags/example_xcomargs.py took 0.059 seconds
[2026-04-25T09:17:31.470+0000] {processor.py:161} INFO - Started process (PID=16389) to work on /usr/local/python/3.12.1/lib/python3.12/site-packages/airflow/example_dags/example_xcomargs.py
[2026-04-25T09:17:31.470+0000] {processor.py:830} INFO - Processing file /usr/local/python/3.12.1/lib/python3.12/site-packages/airflow/example_dags/example_xcomargs.py for tasks to queue
[2026-04-25T09:17:31.471+0000] {logging_mixin.py:188} INFO - [2026-04-25T09:17:31.471+0000] {dagbag.py:540} INFO - Filling up the DagBag from /usr/local/python/3.12.1/lib/python3.12/site-packages/airflow/example_dags/example_xcomargs.py
[2026-04-25T09:17:31.477+0000] {processor.py:840} INFO - DAG(s) 'example_xcom_args', 'example_xcom_args_with_operators' retrieved from /usr/local/python/3.12.1/lib/python3.12/site-packages/airflow/example_dags/example_xcomargs.py
[2026-04-25T09:17:31.570+0000] {logging_mixin.py:188} INFO - [2026-04-25T09:17:31.569+0000] {dag.py:3096} INFO - Sync 2 DAGs
[2026-04-25T09:17:31.577+0000] {logging_mixin.py:188} INFO - [2026-04-25T09:17:31.577+0000] {dag.py:3954} INFO - Setting next_dagrun for example_xcom_args to None, run_after=None
[2026-04-25T09:17:31.580+0000] {logging_mixin.py:188} INFO - [2026-04-25T09:17:31.579+0000] {dag.py:3954} INFO - Setting next_dagrun for example_xcom_args_with_operators to None, run_after=None
[2026-04-25T09:17:31.595+0000] {processor.py:183} INFO - Processing /usr/local/python/3.12.1/lib/python3.12/site-packages/airflow/example_dags/example_xcomargs.py took 0.129 seconds
[2026-04-25T09:18:17.336+0000] {processor.py:161} INFO - Started process (PID=16747) to work on /usr/local/python/3.12.1/lib/python3.12/site-packages/airflow/example_dags/example_xcomargs.py
[2026-04-25T09:18:17.336+0000] {processor.py:830} INFO - Processing file /usr/local/python/3.12.1/lib/python3.12/site-packages/airflow/example_dags/example_xcomargs.py for tasks to queue
[2026-04-25T09:18:17.337+0000] {logging_mixin.py:188} INFO - [2026-04-25T09:18:17.337+0000] {dagbag.py:540} INFO - Filling up the DagBag from /usr/local/python/3.12.1/lib/python3.12/site-packages/airflow/example_dags/example_xcomargs.py
[2026-04-25T09:18:17.343+0000] {processor.py:840} INFO - DAG(s) 'example_xcom_args_with_operators', 'example_xcom_args' retrieved from /usr/local/python/3.12.1/lib/python3.12/site-packages/airflow/example_dags/example_xcomargs.py
[2026-04-25T09:18:17.357+0000] {logging_mixin.py:188} INFO - [2026-04-25T09:18:17.357+0000] {dag.py:3096} INFO - Sync 2 DAGs
[2026-04-25T09:18:17.366+0000] {logging_mixin.py:188} INFO - [2026-04-25T09:18:17.366+0000] {dag.py:3954} INFO - Setting next_dagrun for example_xcom_args to None, run_after=None
[2026-04-25T09:18:17.369+0000] {logging_mixin.py:188} INFO - [2026-04-25T09:18:17.369+0000] {dag.py:3954} INFO - Setting next_dagrun for example_xcom_args_with_operators to None, run_after=None
[2026-04-25T09:18:17.384+0000] {processor.py:183} INFO - Processing /usr/local/python/3.12.1/lib/python3.12/site-packages/airflow/example_dags/example_xcomargs.py took 0.052 seconds
[2026-04-25T09:18:57.887+0000] {processor.py:161} INFO - Started process (PID=17071) to work on /usr/local/python/3.12.1/lib/python3.12/site-packages/airflow/example_dags/example_xcomargs.py
[2026-04-25T09:18:57.888+0000] {processor.py:830} INFO - Processing file /usr/local/python/3.12.1/lib/python3.12/site-packages/airflow/example_dags/example_xcomargs.py for tasks to queue
[2026-04-25T09:18:57.888+0000] {logging_mixin.py:188} INFO - [2026-04-25T09:18:57.888+0000] {dagbag.py:540} INFO - Filling up the DagBag from /usr/local/python/3.12.1/lib/python3.12/site-packages/airflow/example_dags/example_xcomargs.py
[2026-04-25T09:18:57.895+0000] {processor.py:840} INFO - DAG(s) 'example_xcom_args_with_operators', 'example_xcom_args' retrieved from /usr/local/python/3.12.1/lib/python3.12/site-packages/airflow/example_dags/example_xcomargs.py
[2026-04-25T09:18:57.909+0000] {logging_mixin.py:188} INFO - [2026-04-25T09:18:57.909+0000] {dag.py:3096} INFO - Sync 2 DAGs
[2026-04-25T09:18:57.918+0000] {logging_mixin.py:188} INFO - [2026-04-25T09:18:57.918+0000] {dag.py:3954} INFO - Setting next_dagrun for example_xcom_args to None, run_after=None
[2026-04-25T09:18:57.921+0000] {logging_mixin.py:188} INFO - [2026-04-25T09:18:57.921+0000] {dag.py:3954} INFO - Setting next_dagrun for example_xcom_args_with_operators to None, run_after=None
[2026-04-25T09:18:57.936+0000] {processor.py:183} INFO - Processing /usr/local/python/3.12.1/lib/python3.12/site-packages/airflow/example_dags/example_xcomargs.py took 0.053 seconds
[2026-04-25T09:19:33.906+0000] {processor.py:161} INFO - Started process (PID=17338) to work on /usr/local/python/3.12.1/lib/python3.12/site-packages/airflow/example_dags/example_xcomargs.py
[2026-04-25T09:19:33.907+0000] {processor.py:830} INFO - Processing file /usr/local/python/3.12.1/lib/python3.12/site-packages/airflow/example_dags/example_xcomargs.py for tasks to queue
[2026-04-25T09:19:33.909+0000] {logging_mixin.py:188} INFO - [2026-04-25T09:19:33.908+0000] {dagbag.py:540} INFO - Filling up the DagBag from /usr/local/python/3.12.1/lib/python3.12/site-packages/airflow/example_dags/example_xcomargs.py
[2026-04-25T09:19:33.920+0000] {processor.py:840} INFO - DAG(s) 'example_xcom_args_with_operators', 'example_xcom_args' retrieved from /usr/local/python/3.12.1/lib/python3.12/site-packages/airflow/example_dags/example_xcomargs.py
[2026-04-25T09:19:33.941+0000] {logging_mixin.py:188} INFO - [2026-04-25T09:19:33.941+0000] {dag.py:3096} INFO - Sync 2 DAGs
[2026-04-25T09:19:33.955+0000] {logging_mixin.py:188} INFO - [2026-04-25T09:19:33.954+0000] {dag.py:3954} INFO - Setting next_dagrun for example_xcom_args to None, run_after=None
[2026-04-25T09:19:33.958+0000] {logging_mixin.py:188} INFO - [2026-04-25T09:19:33.958+0000] {dag.py:3954} INFO - Setting next_dagrun for example_xcom_args_with_operators to None, run_after=None
[2026-04-25T09:19:33.982+0000] {processor.py:183} INFO - Processing /usr/local/python/3.12.1/lib/python3.12/site-packages/airflow/example_dags/example_xcomargs.py took 0.082 seconds
[2026-04-25T09:20:12.062+0000] {processor.py:161} INFO - Started process (PID=17634) to work on /usr/local/python/3.12.1/lib/python3.12/site-packages/airflow/example_dags/example_xcomargs.py
[2026-04-25T09:20:12.062+0000] {processor.py:830} INFO - Processing file /usr/local/python/3.12.1/lib/python3.12/site-packages/airflow/example_dags/example_xcomargs.py for tasks to queue
[2026-04-25T09:20:12.063+0000] {logging_mixin.py:188} INFO - [2026-04-25T09:20:12.063+0000] {dagbag.py:540} INFO - Filling up the DagBag from /usr/local/python/3.12.1/lib/python3.12/site-packages/airflow/example_dags/example_xcomargs.py
[2026-04-25T09:20:12.070+0000] {processor.py:840} INFO - DAG(s) 'example_xcom_args_with_operators', 'example_xcom_args' retrieved from /usr/local/python/3.12.1/lib/python3.12/site-packages/airflow/example_dags/example_xcomargs.py
[2026-04-25T09:20:12.084+0000] {logging_mixin.py:188} INFO - [2026-04-25T09:20:12.084+0000] {dag.py:3096} INFO - Sync 2 DAGs
[2026-04-25T09:20:12.093+0000] {logging_mixin.py:188} INFO - [2026-04-25T09:20:12.093+0000] {dag.py:3954} INFO - Setting next_dagrun for example_xcom_args to None, run_after=None
[2026-04-25T09:20:12.096+0000] {logging_mixin.py:188} INFO - [2026-04-25T09:20:12.096+0000] {dag.py:3954} INFO - Setting next_dagrun for example_xcom_args_with_operators to None, run_after=None
[2026-04-25T09:20:12.112+0000] {processor.py:183} INFO - Processing /usr/local/python/3.12.1/lib/python3.12/site-packages/airflow/example_dags/example_xcomargs.py took 0.054 seconds
[2026-04-25T09:20:48.540+0000] {processor.py:161} INFO - Started process (PID=17913) to work on /usr/local/python/3.12.1/lib/python3.12/site-packages/airflow/example_dags/example_xcomargs.py
[2026-04-25T09:20:48.540+0000] {processor.py:830} INFO - Processing file /usr/local/python/3.12.1/lib/python3.12/site-packages/airflow/example_dags/example_xcomargs.py for tasks to queue
[2026-04-25T09:20:48.541+0000] {logging_mixin.py:188} INFO - [2026-04-25T09:20:48.541+0000] {dagbag.py:540} INFO - Filling up the DagBag from /usr/local/python/3.12.1/lib/python3.12/site-packages/airflow/example_dags/example_xcomargs.py
[2026-04-25T09:20:48.547+0000] {processor.py:840} INFO - DAG(s) 'example_xcom_args_with_operators', 'example_xcom_args' retrieved from /usr/local/python/3.12.1/lib/python3.12/site-packages/airflow/example_dags/example_xcomargs.py
[2026-04-25T09:20:48.562+0000] {logging_mixin.py:188} INFO - [2026-04-25T09:20:48.562+0000] {dag.py:3096} INFO - Sync 2 DAGs
[2026-04-25T09:20:48.571+0000] {logging_mixin.py:188} INFO - [2026-04-25T09:20:48.571+0000] {dag.py:3954} INFO - Setting next_dagrun for example_xcom_args to None, run_after=None
[2026-04-25T09:20:48.574+0000] {logging_mixin.py:188} INFO - [2026-04-25T09:20:48.574+0000] {dag.py:3954} INFO - Setting next_dagrun for example_xcom_args_with_operators to None, run_after=None
[2026-04-25T09:20:48.590+0000] {processor.py:183} INFO - Processing /usr/local/python/3.12.1/lib/python3.12/site-packages/airflow/example_dags/example_xcomargs.py took 0.055 seconds
[2026-04-25T09:21:28.218+0000] {processor.py:161} INFO - Started process (PID=18214) to work on /usr/local/python/3.12.1/lib/python3.12/site-packages/airflow/example_dags/example_xcomargs.py
[2026-04-25T09:21:28.219+0000] {processor.py:830} INFO - Processing file /usr/local/python/3.12.1/lib/python3.12/site-packages/airflow/example_dags/example_xcomargs.py for tasks to queue
[2026-04-25T09:21:28.220+0000] {logging_mixin.py:188} INFO - [2026-04-25T09:21:28.219+0000] {dagbag.py:540} INFO - Filling up the DagBag from /usr/local/python/3.12.1/lib/python3.12/site-packages/airflow/example_dags/example_xcomargs.py
[2026-04-25T09:21:28.226+0000] {processor.py:840} INFO - DAG(s) 'example_xcom_args_with_operators', 'example_xcom_args' retrieved from /usr/local/python/3.12.1/lib/python3.12/site-packages/airflow/example_dags/example_xcomargs.py
[2026-04-25T09:21:28.240+0000] {logging_mixin.py:188} INFO - [2026-04-25T09:21:28.240+0000] {dag.py:3096} INFO - Sync 2 DAGs
[2026-04-25T09:21:28.248+0000] {logging_mixin.py:188} INFO - [2026-04-25T09:21:28.248+0000] {dag.py:3954} INFO - Setting next_dagrun for example_xcom_args to None, run_after=None
[2026-04-25T09:21:28.251+0000] {logging_mixin.py:188} INFO - [2026-04-25T09:21:28.251+0000] {dag.py:3954} INFO - Setting next_dagrun for example_xcom_args_with_operators to None, run_after=None
[2026-04-25T09:21:28.267+0000] {processor.py:183} INFO - Processing /usr/local/python/3.12.1/lib/python3.12/site-packages/airflow/example_dags/example_xcomargs.py took 0.053 seconds
[2026-04-25T09:22:08.391+0000] {processor.py:161} INFO - Started process (PID=18525) to work on /usr/local/python/3.12.1/lib/python3.12/site-packages/airflow/example_dags/example_xcomargs.py
[2026-04-25T09:22:08.392+0000] {processor.py:830} INFO - Processing file /usr/local/python/3.12.1/lib/python3.12/site-packages/airflow/example_dags/example_xcomargs.py for tasks to queue
[2026-04-25T09:22:08.393+0000] {logging_mixin.py:188} INFO - [2026-04-25T09:22:08.392+0000] {dagbag.py:540} INFO - Filling up the DagBag from /usr/local/python/3.12.1/lib/python3.12/site-packages/airflow/example_dags/example_xcomargs.py
[2026-04-25T09:22:08.401+0000] {processor.py:840} INFO - DAG(s) 'example_xcom_args', 'example_xcom_args_with_operators' retrieved from /usr/local/python/3.12.1/lib/python3.12/site-packages/airflow/example_dags/example_xcomargs.py
[2026-04-25T09:22:08.416+0000] {logging_mixin.py:188} INFO - [2026-04-25T09:22:08.416+0000] {dag.py:3096} INFO - Sync 2 DAGs
[2026-04-25T09:22:08.425+0000] {logging_mixin.py:188} INFO - [2026-04-25T09:22:08.425+0000] {dag.py:3954} INFO - Setting next_dagrun for example_xcom_args to None, run_after=None
[2026-04-25T09:22:08.428+0000] {logging_mixin.py:188} INFO - [2026-04-25T09:22:08.428+0000] {dag.py:3954} INFO - Setting next_dagrun for example_xcom_args_with_operators to None, run_after=None
[2026-04-25T09:22:08.442+0000] {processor.py:183} INFO - Processing /usr/local/python/3.12.1/lib/python3.12/site-packages/airflow/example_dags/example_xcomargs.py took 0.058 seconds
[2026-04-25T09:22:48.647+0000] {processor.py:161} INFO - Started process (PID=18842) to work on /usr/local/python/3.12.1/lib/python3.12/site-packages/airflow/example_dags/example_xcomargs.py
[2026-04-25T09:22:48.647+0000] {processor.py:830} INFO - Processing file /usr/local/python/3.12.1/lib/python3.12/site-packages/airflow/example_dags/example_xcomargs.py for tasks to queue
[2026-04-25T09:22:48.648+0000] {logging_mixin.py:188} INFO - [2026-04-25T09:22:48.648+0000] {dagbag.py:540} INFO - Filling up the DagBag from /usr/local/python/3.12.1/lib/python3.12/site-packages/airflow/example_dags/example_xcomargs.py
[2026-04-25T09:22:48.654+0000] {processor.py:840} INFO - DAG(s) 'example_xcom_args_with_operators', 'example_xcom_args' retrieved from /usr/local/python/3.12.1/lib/python3.12/site-packages/airflow/example_dags/example_xcomargs.py
[2026-04-25T09:22:48.668+0000] {logging_mixin.py:188} INFO - [2026-04-25T09:22:48.668+0000] {dag.py:3096} INFO - Sync 2 DAGs
[2026-04-25T09:22:48.677+0000] {logging_mixin.py:188} INFO - [2026-04-25T09:22:48.677+0000] {dag.py:3954} INFO - Setting next_dagrun for example_xcom_args to None, run_after=None
[2026-04-25T09:22:48.680+0000] {logging_mixin.py:188} INFO - [2026-04-25T09:22:48.680+0000] {dag.py:3954} INFO - Setting next_dagrun for example_xcom_args_with_operators to None, run_after=None
[2026-04-25T09:22:48.694+0000] {processor.py:183} INFO - Processing /usr/local/python/3.12.1/lib/python3.12/site-packages/airflow/example_dags/example_xcomargs.py took 0.052 seconds
[2026-04-25T09:23:25.215+0000] {processor.py:161} INFO - Started process (PID=19135) to work on /usr/local/python/3.12.1/lib/python3.12/site-packages/airflow/example_dags/example_xcomargs.py
[2026-04-25T09:23:25.216+0000] {processor.py:830} INFO - Processing file /usr/local/python/3.12.1/lib/python3.12/site-packages/airflow/example_dags/example_xcomargs.py for tasks to queue
[2026-04-25T09:23:25.216+0000] {logging_mixin.py:188} INFO - [2026-04-25T09:23:25.216+0000] {dagbag.py:540} INFO - Filling up the DagBag from /usr/local/python/3.12.1/lib/python3.12/site-packages/airflow/example_dags/example_xcomargs.py
[2026-04-25T09:23:25.223+0000] {processor.py:840} INFO - DAG(s) 'example_xcom_args_with_operators', 'example_xcom_args' retrieved from /usr/local/python/3.12.1/lib/python3.12/site-packages/airflow/example_dags/example_xcomargs.py
[2026-04-25T09:23:25.237+0000] {logging_mixin.py:188} INFO - [2026-04-25T09:23:25.237+0000] {dag.py:3096} INFO - Sync 2 DAGs
[2026-04-25T09:23:25.246+0000] {logging_mixin.py:188} INFO - [2026-04-25T09:23:25.246+0000] {dag.py:3954} INFO - Setting next_dagrun for example_xcom_args to None, run_after=None
[2026-04-25T09:23:25.249+0000] {logging_mixin.py:188} INFO - [2026-04-25T09:23:25.248+0000] {dag.py:3954} INFO - Setting next_dagrun for example_xcom_args_with_operators to None, run_after=None
[2026-04-25T09:23:25.263+0000] {processor.py:183} INFO - Processing /usr/local/python/3.12.1/lib/python3.12/site-packages/airflow/example_dags/example_xcomargs.py took 0.052 seconds
[2026-04-25T09:24:03.149+0000] {processor.py:161} INFO - Started process (PID=19428) to work on /usr/local/python/3.12.1/lib/python3.12/site-packages/airflow/example_dags/example_xcomargs.py
[2026-04-25T09:24:03.150+0000] {processor.py:830} INFO - Processing file /usr/local/python/3.12.1/lib/python3.12/site-packages/airflow/example_dags/example_xcomargs.py for tasks to queue
[2026-04-25T09:24:03.151+0000] {logging_mixin.py:188} INFO - [2026-04-25T09:24:03.151+0000] {dagbag.py:540} INFO - Filling up the DagBag from /usr/local/python/3.12.1/lib/python3.12/site-packages/airflow/example_dags/example_xcomargs.py
[2026-04-25T09:24:03.157+0000] {processor.py:840} INFO - DAG(s) 'example_xcom_args_with_operators', 'example_xcom_args' retrieved from /usr/local/python/3.12.1/lib/python3.12/site-packages/airflow/example_dags/example_xcomargs.py
[2026-04-25T09:24:03.177+0000] {logging_mixin.py:188} INFO - [2026-04-25T09:24:03.177+0000] {dag.py:3096} INFO - Sync 2 DAGs
[2026-04-25T09:24:03.190+0000] {logging_mixin.py:188} INFO - [2026-04-25T09:24:03.189+0000] {dag.py:3954} INFO - Setting next_dagrun for example_xcom_args to None, run_after=None
[2026-04-25T09:24:03.194+0000] {logging_mixin.py:188} INFO - [2026-04-25T09:24:03.194+0000] {dag.py:3954} INFO - Setting next_dagrun for example_xcom_args_with_operators to None, run_after=None
[2026-04-25T09:24:03.220+0000] {processor.py:183} INFO - Processing /usr/local/python/3.12.1/lib/python3.12/site-packages/airflow/example_dags/example_xcomargs.py took 0.075 seconds
[2026-04-25T09:24:44.810+0000] {processor.py:161} INFO - Started process (PID=19750) to work on /usr/local/python/3.12.1/lib/python3.12/site-packages/airflow/example_dags/example_xcomargs.py
[2026-04-25T09:24:44.810+0000] {processor.py:830} INFO - Processing file /usr/local/python/3.12.1/lib/python3.12/site-packages/airflow/example_dags/example_xcomargs.py for tasks to queue
[2026-04-25T09:24:44.811+0000] {logging_mixin.py:188} INFO - [2026-04-25T09:24:44.811+0000] {dagbag.py:540} INFO - Filling up the DagBag from /usr/local/python/3.12.1/lib/python3.12/site-packages/airflow/example_dags/example_xcomargs.py
[2026-04-25T09:24:44.817+0000] {processor.py:840} INFO - DAG(s) 'example_xcom_args_with_operators', 'example_xcom_args' retrieved from /usr/local/python/3.12.1/lib/python3.12/site-packages/airflow/example_dags/example_xcomargs.py
[2026-04-25T09:24:44.833+0000] {logging_mixin.py:188} INFO - [2026-04-25T09:24:44.833+0000] {dag.py:3096} INFO - Sync 2 DAGs
[2026-04-25T09:24:44.843+0000] {logging_mixin.py:188} INFO - [2026-04-25T09:24:44.843+0000] {dag.py:3954} INFO - Setting next_dagrun for example_xcom_args to None, run_after=None
[2026-04-25T09:24:44.846+0000] {logging_mixin.py:188} INFO - [2026-04-25T09:24:44.846+0000] {dag.py:3954} INFO - Setting next_dagrun for example_xcom_args_with_operators to None, run_after=None
[2026-04-25T09:24:44.860+0000] {processor.py:183} INFO - Processing /usr/local/python/3.12.1/lib/python3.12/site-packages/airflow/example_dags/example_xcomargs.py took 0.055 seconds
[2026-04-25T09:25:23.333+0000] {processor.py:161} INFO - Started process (PID=20037) to work on /usr/local/python/3.12.1/lib/python3.12/site-packages/airflow/example_dags/example_xcomargs.py
[2026-04-25T09:25:23.334+0000] {processor.py:830} INFO - Processing file /usr/local/python/3.12.1/lib/python3.12/site-packages/airflow/example_dags/example_xcomargs.py for tasks to queue
[2026-04-25T09:25:23.335+0000] {logging_mixin.py:188} INFO - [2026-04-25T09:25:23.334+0000] {dagbag.py:540} INFO - Filling up the DagBag from /usr/local/python/3.12.1/lib/python3.12/site-packages/airflow/example_dags/example_xcomargs.py
[2026-04-25T09:25:23.341+0000] {processor.py:840} INFO - DAG(s) 'example_xcom_args_with_operators', 'example_xcom_args' retrieved from /usr/local/python/3.12.1/lib/python3.12/site-packages/airflow/example_dags/example_xcomargs.py
[2026-04-25T09:25:23.355+0000] {logging_mixin.py:188} INFO - [2026-04-25T09:25:23.354+0000] {dag.py:3096} INFO - Sync 2 DAGs
[2026-04-25T09:25:23.364+0000] {logging_mixin.py:188} INFO - [2026-04-25T09:25:23.363+0000] {dag.py:3954} INFO - Setting next_dagrun for example_xcom_args to None, run_after=None
[2026-04-25T09:25:23.366+0000] {logging_mixin.py:188} INFO - [2026-04-25T09:25:23.366+0000] {dag.py:3954} INFO - Setting next_dagrun for example_xcom_args_with_operators to None, run_after=None
[2026-04-25T09:25:23.381+0000] {processor.py:183} INFO - Processing /usr/local/python/3.12.1/lib/python3.12/site-packages/airflow/example_dags/example_xcomargs.py took 0.052 seconds
[2026-04-25T09:26:00.469+0000] {processor.py:161} INFO - Started process (PID=20332) to work on /usr/local/python/3.12.1/lib/python3.12/site-packages/airflow/example_dags/example_xcomargs.py
[2026-04-25T09:26:00.469+0000] {processor.py:830} INFO - Processing file /usr/local/python/3.12.1/lib/python3.12/site-packages/airflow/example_dags/example_xcomargs.py for tasks to queue
[2026-04-25T09:26:00.470+0000] {logging_mixin.py:188} INFO - [2026-04-25T09:26:00.470+0000] {dagbag.py:540} INFO - Filling up the DagBag from /usr/local/python/3.12.1/lib/python3.12/site-packages/airflow/example_dags/example_xcomargs.py
[2026-04-25T09:26:00.476+0000] {processor.py:840} INFO - DAG(s) 'example_xcom_args_with_operators', 'example_xcom_args' retrieved from /usr/local/python/3.12.1/lib/python3.12/site-packages/airflow/example_dags/example_xcomargs.py
[2026-04-25T09:26:00.490+0000] {logging_mixin.py:188} INFO - [2026-04-25T09:26:00.490+0000] {dag.py:3096} INFO - Sync 2 DAGs
[2026-04-25T09:26:00.499+0000] {logging_mixin.py:188} INFO - [2026-04-25T09:26:00.499+0000] {dag.py:3954} INFO - Setting next_dagrun for example_xcom_args to None, run_after=None
[2026-04-25T09:26:00.502+0000] {logging_mixin.py:188} INFO - [2026-04-25T09:26:00.502+0000] {dag.py:3954} INFO - Setting next_dagrun for example_xcom_args_with_operators to None, run_after=None
[2026-04-25T09:26:00.516+0000] {processor.py:183} INFO - Processing /usr/local/python/3.12.1/lib/python3.12/site-packages/airflow/example_dags/example_xcomargs.py took 0.052 seconds
[2026-04-25T09:26:42.615+0000] {processor.py:161} INFO - Started process (PID=20654) to work on /usr/local/python/3.12.1/lib/python3.12/site-packages/airflow/example_dags/example_xcomargs.py
[2026-04-25T09:26:42.616+0000] {processor.py:830} INFO - Processing file /usr/local/python/3.12.1/lib/python3.12/site-packages/airflow/example_dags/example_xcomargs.py for tasks to queue
[2026-04-25T09:26:42.617+0000] {logging_mixin.py:188} INFO - [2026-04-25T09:26:42.617+0000] {dagbag.py:540} INFO - Filling up the DagBag from /usr/local/python/3.12.1/lib/python3.12/site-packages/airflow/example_dags/example_xcomargs.py
[2026-04-25T09:26:42.623+0000] {processor.py:840} INFO - DAG(s) 'example_xcom_args_with_operators', 'example_xcom_args' retrieved from /usr/local/python/3.12.1/lib/python3.12/site-packages/airflow/example_dags/example_xcomargs.py
[2026-04-25T09:26:42.637+0000] {logging_mixin.py:188} INFO - [2026-04-25T09:26:42.637+0000] {dag.py:3096} INFO - Sync 2 DAGs
[2026-04-25T09:26:42.646+0000] {logging_mixin.py:188} INFO - [2026-04-25T09:26:42.646+0000] {dag.py:3954} INFO - Setting next_dagrun for example_xcom_args to None, run_after=None
[2026-04-25T09:26:42.649+0000] {logging_mixin.py:188} INFO - [2026-04-25T09:26:42.648+0000] {dag.py:3954} INFO - Setting next_dagrun for example_xcom_args_with_operators to None, run_after=None
[2026-04-25T09:26:42.663+0000] {processor.py:183} INFO - Processing /usr/local/python/3.12.1/lib/python3.12/site-packages/airflow/example_dags/example_xcomargs.py took 0.052 seconds
[2026-04-25T09:27:20.859+0000] {processor.py:161} INFO - Started process (PID=20956) to work on /usr/local/python/3.12.1/lib/python3.12/site-packages/airflow/example_dags/example_xcomargs.py
[2026-04-25T09:27:20.860+0000] {processor.py:830} INFO - Processing file /usr/local/python/3.12.1/lib/python3.12/site-packages/airflow/example_dags/example_xcomargs.py for tasks to queue
[2026-04-25T09:27:20.861+0000] {logging_mixin.py:188} INFO - [2026-04-25T09:27:20.861+0000] {dagbag.py:540} INFO - Filling up the DagBag from /usr/local/python/3.12.1/lib/python3.12/site-packages/airflow/example_dags/example_xcomargs.py
[2026-04-25T09:27:20.871+0000] {processor.py:840} INFO - DAG(s) 'example_xcom_args_with_operators', 'example_xcom_args' retrieved from /usr/local/python/3.12.1/lib/python3.12/site-packages/airflow/example_dags/example_xcomargs.py
[2026-04-25T09:27:20.886+0000] {logging_mixin.py:188} INFO - [2026-04-25T09:27:20.886+0000] {dag.py:3096} INFO - Sync 2 DAGs
[2026-04-25T09:27:20.895+0000] {logging_mixin.py:188} INFO - [2026-04-25T09:27:20.895+0000] {dag.py:3954} INFO - Setting next_dagrun for example_xcom_args to None, run_after=None
[2026-04-25T09:27:20.898+0000] {logging_mixin.py:188} INFO - [2026-04-25T09:27:20.898+0000] {dag.py:3954} INFO - Setting next_dagrun for example_xcom_args_with_operators to None, run_after=None
[2026-04-25T09:27:20.914+0000] {processor.py:183} INFO - Processing /usr/local/python/3.12.1/lib/python3.12/site-packages/airflow/example_dags/example_xcomargs.py took 0.065 seconds
[2026-04-25T09:28:03.716+0000] {processor.py:161} INFO - Started process (PID=21274) to work on /usr/local/python/3.12.1/lib/python3.12/site-packages/airflow/example_dags/example_xcomargs.py
[2026-04-25T09:28:03.717+0000] {processor.py:830} INFO - Processing file /usr/local/python/3.12.1/lib/python3.12/site-packages/airflow/example_dags/example_xcomargs.py for tasks to queue
[2026-04-25T09:28:03.718+0000] {logging_mixin.py:188} INFO - [2026-04-25T09:28:03.717+0000] {dagbag.py:540} INFO - Filling up the DagBag from /usr/local/python/3.12.1/lib/python3.12/site-packages/airflow/example_dags/example_xcomargs.py
[2026-04-25T09:28:03.725+0000] {processor.py:840} INFO - DAG(s) 'example_xcom_args', 'example_xcom_args_with_operators' retrieved from /usr/local/python/3.12.1/lib/python3.12/site-packages/airflow/example_dags/example_xcomargs.py
[2026-04-25T09:28:03.739+0000] {logging_mixin.py:188} INFO - [2026-04-25T09:28:03.739+0000] {dag.py:3096} INFO - Sync 2 DAGs
[2026-04-25T09:28:03.748+0000] {logging_mixin.py:188} INFO - [2026-04-25T09:28:03.748+0000] {dag.py:3954} INFO - Setting next_dagrun for example_xcom_args to None, run_after=None
[2026-04-25T09:28:03.750+0000] {logging_mixin.py:188} INFO - [2026-04-25T09:28:03.750+0000] {dag.py:3954} INFO - Setting next_dagrun for example_xcom_args_with_operators to None, run_after=None
[2026-04-25T09:28:03.765+0000] {processor.py:183} INFO - Processing /usr/local/python/3.12.1/lib/python3.12/site-packages/airflow/example_dags/example_xcomargs.py took 0.055 seconds
[2026-04-25T09:28:45.343+0000] {processor.py:161} INFO - Started process (PID=21596) to work on /usr/local/python/3.12.1/lib/python3.12/site-packages/airflow/example_dags/example_xcomargs.py
[2026-04-25T09:28:45.344+0000] {processor.py:830} INFO - Processing file /usr/local/python/3.12.1/lib/python3.12/site-packages/airflow/example_dags/example_xcomargs.py for tasks to queue
[2026-04-25T09:28:45.344+0000] {logging_mixin.py:188} INFO - [2026-04-25T09:28:45.344+0000] {dagbag.py:540} INFO - Filling up the DagBag from /usr/local/python/3.12.1/lib/python3.12/site-packages/airflow/example_dags/example_xcomargs.py
[2026-04-25T09:28:45.351+0000] {processor.py:840} INFO - DAG(s) 'example_xcom_args_with_operators', 'example_xcom_args' retrieved from /usr/local/python/3.12.1/lib/python3.12/site-packages/airflow/example_dags/example_xcomargs.py
[2026-04-25T09:28:45.369+0000] {logging_mixin.py:188} INFO - [2026-04-25T09:28:45.369+0000] {dag.py:3096} INFO - Sync 2 DAGs
[2026-04-25T09:28:45.378+0000] {logging_mixin.py:188} INFO - [2026-04-25T09:28:45.378+0000] {dag.py:3954} INFO - Setting next_dagrun for example_xcom_args to None, run_after=None
[2026-04-25T09:28:45.381+0000] {logging_mixin.py:188} INFO - [2026-04-25T09:28:45.381+0000] {dag.py:3954} INFO - Setting next_dagrun for example_xcom_args_with_operators to None, run_after=None
[2026-04-25T09:28:45.395+0000] {processor.py:183} INFO - Processing /usr/local/python/3.12.1/lib/python3.12/site-packages/airflow/example_dags/example_xcomargs.py took 0.056 seconds
[2026-04-25T09:29:25.850+0000] {processor.py:161} INFO - Started process (PID=21911) to work on /usr/local/python/3.12.1/lib/python3.12/site-packages/airflow/example_dags/example_xcomargs.py
[2026-04-25T09:29:25.851+0000] {processor.py:830} INFO - Processing file /usr/local/python/3.12.1/lib/python3.12/site-packages/airflow/example_dags/example_xcomargs.py for tasks to queue
[2026-04-25T09:29:25.852+0000] {logging_mixin.py:188} INFO - [2026-04-25T09:29:25.852+0000] {dagbag.py:540} INFO - Filling up the DagBag from /usr/local/python/3.12.1/lib/python3.12/site-packages/airflow/example_dags/example_xcomargs.py
[2026-04-25T09:29:25.858+0000] {processor.py:840} INFO - DAG(s) 'example_xcom_args', 'example_xcom_args_with_operators' retrieved from /usr/local/python/3.12.1/lib/python3.12/site-packages/airflow/example_dags/example_xcomargs.py
[2026-04-25T09:29:25.871+0000] {logging_mixin.py:188} INFO - [2026-04-25T09:29:25.871+0000] {dag.py:3096} INFO - Sync 2 DAGs
[2026-04-25T09:29:25.880+0000] {logging_mixin.py:188} INFO - [2026-04-25T09:29:25.880+0000] {dag.py:3954} INFO - Setting next_dagrun for example_xcom_args to None, run_after=None
[2026-04-25T09:29:25.882+0000] {logging_mixin.py:188} INFO - [2026-04-25T09:29:25.882+0000] {dag.py:3954} INFO - Setting next_dagrun for example_xcom_args_with_operators to None, run_after=None
[2026-04-25T09:29:25.896+0000] {processor.py:183} INFO - Processing /usr/local/python/3.12.1/lib/python3.12/site-packages/airflow/example_dags/example_xcomargs.py took 0.050 seconds
[2026-04-25T09:30:05.430+0000] {processor.py:161} INFO - Started process (PID=22219) to work on /usr/local/python/3.12.1/lib/python3.12/site-packages/airflow/example_dags/example_xcomargs.py
[2026-04-25T09:30:05.431+0000] {processor.py:830} INFO - Processing file /usr/local/python/3.12.1/lib/python3.12/site-packages/airflow/example_dags/example_xcomargs.py for tasks to queue
[2026-04-25T09:30:05.432+0000] {logging_mixin.py:188} INFO - [2026-04-25T09:30:05.431+0000] {dagbag.py:540} INFO - Filling up the DagBag from /usr/local/python/3.12.1/lib/python3.12/site-packages/airflow/example_dags/example_xcomargs.py
[2026-04-25T09:30:05.438+0000] {processor.py:840} INFO - DAG(s) 'example_xcom_args_with_operators', 'example_xcom_args' retrieved from /usr/local/python/3.12.1/lib/python3.12/site-packages/airflow/example_dags/example_xcomargs.py
[2026-04-25T09:30:05.452+0000] {logging_mixin.py:188} INFO - [2026-04-25T09:30:05.452+0000] {dag.py:3096} INFO - Sync 2 DAGs
[2026-04-25T09:30:05.461+0000] {logging_mixin.py:188} INFO - [2026-04-25T09:30:05.461+0000] {dag.py:3954} INFO - Setting next_dagrun for example_xcom_args to None, run_after=None
[2026-04-25T09:30:05.463+0000] {logging_mixin.py:188} INFO - [2026-04-25T09:30:05.463+0000] {dag.py:3954} INFO - Setting next_dagrun for example_xcom_args_with_operators to None, run_after=None
[2026-04-25T09:30:05.482+0000] {processor.py:183} INFO - Processing /usr/local/python/3.12.1/lib/python3.12/site-packages/airflow/example_dags/example_xcomargs.py took 0.058 seconds
[2026-04-25T09:30:45.605+0000] {processor.py:161} INFO - Started process (PID=22526) to work on /usr/local/python/3.12.1/lib/python3.12/site-packages/airflow/example_dags/example_xcomargs.py
[2026-04-25T09:30:45.605+0000] {processor.py:830} INFO - Processing file /usr/local/python/3.12.1/lib/python3.12/site-packages/airflow/example_dags/example_xcomargs.py for tasks to queue
[2026-04-25T09:30:45.606+0000] {logging_mixin.py:188} INFO - [2026-04-25T09:30:45.606+0000] {dagbag.py:540} INFO - Filling up the DagBag from /usr/local/python/3.12.1/lib/python3.12/site-packages/airflow/example_dags/example_xcomargs.py
[2026-04-25T09:30:45.612+0000] {processor.py:840} INFO - DAG(s) 'example_xcom_args', 'example_xcom_args_with_operators' retrieved from /usr/local/python/3.12.1/lib/python3.12/site-packages/airflow/example_dags/example_xcomargs.py
[2026-04-25T09:30:45.627+0000] {logging_mixin.py:188} INFO - [2026-04-25T09:30:45.626+0000] {dag.py:3096} INFO - Sync 2 DAGs
[2026-04-25T09:30:45.636+0000] {logging_mixin.py:188} INFO - [2026-04-25T09:30:45.635+0000] {dag.py:3954} INFO - Setting next_dagrun for example_xcom_args to None, run_after=None
[2026-04-25T09:30:45.638+0000] {logging_mixin.py:188} INFO - [2026-04-25T09:30:45.638+0000] {dag.py:3954} INFO - Setting next_dagrun for example_xcom_args_with_operators to None, run_after=None
[2026-04-25T09:30:45.654+0000] {processor.py:183} INFO - Processing /usr/local/python/3.12.1/lib/python3.12/site-packages/airflow/example_dags/example_xcomargs.py took 0.053 seconds
[2026-04-25T09:31:31.145+0000] {processor.py:161} INFO - Started process (PID=22885) to work on /usr/local/python/3.12.1/lib/python3.12/site-packages/airflow/example_dags/example_xcomargs.py
[2026-04-25T09:31:31.145+0000] {processor.py:830} INFO - Processing file /usr/local/python/3.12.1/lib/python3.12/site-packages/airflow/example_dags/example_xcomargs.py for tasks to queue
[2026-04-25T09:31:31.146+0000] {logging_mixin.py:188} INFO - [2026-04-25T09:31:31.146+0000] {dagbag.py:540} INFO - Filling up the DagBag from /usr/local/python/3.12.1/lib/python3.12/site-packages/airflow/example_dags/example_xcomargs.py
[2026-04-25T09:31:31.152+0000] {processor.py:840} INFO - DAG(s) 'example_xcom_args_with_operators', 'example_xcom_args' retrieved from /usr/local/python/3.12.1/lib/python3.12/site-packages/airflow/example_dags/example_xcomargs.py
[2026-04-25T09:31:31.166+0000] {logging_mixin.py:188} INFO - [2026-04-25T09:31:31.166+0000] {dag.py:3096} INFO - Sync 2 DAGs
[2026-04-25T09:31:31.175+0000] {logging_mixin.py:188} INFO - [2026-04-25T09:31:31.175+0000] {dag.py:3954} INFO - Setting next_dagrun for example_xcom_args to None, run_after=None
[2026-04-25T09:31:31.178+0000] {logging_mixin.py:188} INFO - [2026-04-25T09:31:31.178+0000] {dag.py:3954} INFO - Setting next_dagrun for example_xcom_args_with_operators to None, run_after=None
[2026-04-25T09:31:31.193+0000] {processor.py:183} INFO - Processing /usr/local/python/3.12.1/lib/python3.12/site-packages/airflow/example_dags/example_xcomargs.py took 0.052 seconds
[2026-04-25T09:32:11.711+0000] {processor.py:161} INFO - Started process (PID=23200) to work on /usr/local/python/3.12.1/lib/python3.12/site-packages/airflow/example_dags/example_xcomargs.py
[2026-04-25T09:32:11.712+0000] {processor.py:830} INFO - Processing file /usr/local/python/3.12.1/lib/python3.12/site-packages/airflow/example_dags/example_xcomargs.py for tasks to queue
[2026-04-25T09:32:11.712+0000] {logging_mixin.py:188} INFO - [2026-04-25T09:32:11.712+0000] {dagbag.py:540} INFO - Filling up the DagBag from /usr/local/python/3.12.1/lib/python3.12/site-packages/airflow/example_dags/example_xcomargs.py
[2026-04-25T09:32:11.718+0000] {processor.py:840} INFO - DAG(s) 'example_xcom_args_with_operators', 'example_xcom_args' retrieved from /usr/local/python/3.12.1/lib/python3.12/site-packages/airflow/example_dags/example_xcomargs.py
[2026-04-25T09:32:11.878+0000] {logging_mixin.py:188} INFO - [2026-04-25T09:32:11.878+0000] {dag.py:3096} INFO - Sync 2 DAGs
[2026-04-25T09:32:11.886+0000] {logging_mixin.py:188} INFO - [2026-04-25T09:32:11.885+0000] {dag.py:3954} INFO - Setting next_dagrun for example_xcom_args to None, run_after=None
[2026-04-25T09:32:11.888+0000] {logging_mixin.py:188} INFO - [2026-04-25T09:32:11.888+0000] {dag.py:3954} INFO - Setting next_dagrun for example_xcom_args_with_operators to None, run_after=None
[2026-04-25T09:32:11.902+0000] {processor.py:183} INFO - Processing /usr/local/python/3.12.1/lib/python3.12/site-packages/airflow/example_dags/example_xcomargs.py took 0.195 seconds
[2026-04-25T09:32:58.151+0000] {processor.py:161} INFO - Started process (PID=23540) to work on /usr/local/python/3.12.1/lib/python3.12/site-packages/airflow/example_dags/example_xcomargs.py
[2026-04-25T09:32:58.152+0000] {processor.py:830} INFO - Processing file /usr/local/python/3.12.1/lib/python3.12/site-packages/airflow/example_dags/example_xcomargs.py for tasks to queue
[2026-04-25T09:32:58.153+0000] {logging_mixin.py:188} INFO - [2026-04-25T09:32:58.152+0000] {dagbag.py:540} INFO - Filling up the DagBag from /usr/local/python/3.12.1/lib/python3.12/site-packages/airflow/example_dags/example_xcomargs.py
[2026-04-25T09:32:58.159+0000] {processor.py:840} INFO - DAG(s) 'example_xcom_args', 'example_xcom_args_with_operators' retrieved from /usr/local/python/3.12.1/lib/python3.12/site-packages/airflow/example_dags/example_xcomargs.py
[2026-04-25T09:32:58.173+0000] {logging_mixin.py:188} INFO - [2026-04-25T09:32:58.172+0000] {dag.py:3096} INFO - Sync 2 DAGs
[2026-04-25T09:32:58.181+0000] {logging_mixin.py:188} INFO - [2026-04-25T09:32:58.181+0000] {dag.py:3954} INFO - Setting next_dagrun for example_xcom_args to None, run_after=None
[2026-04-25T09:32:58.184+0000] {logging_mixin.py:188} INFO - [2026-04-25T09:32:58.184+0000] {dag.py:3954} INFO - Setting next_dagrun for example_xcom_args_with_operators to None, run_after=None
[2026-04-25T09:32:58.198+0000] {processor.py:183} INFO - Processing /usr/local/python/3.12.1/lib/python3.12/site-packages/airflow/example_dags/example_xcomargs.py took 0.051 seconds
[2026-04-25T09:33:43.855+0000] {processor.py:161} INFO - Started process (PID=23903) to work on /usr/local/python/3.12.1/lib/python3.12/site-packages/airflow/example_dags/example_xcomargs.py
[2026-04-25T09:33:43.856+0000] {processor.py:830} INFO - Processing file /usr/local/python/3.12.1/lib/python3.12/site-packages/airflow/example_dags/example_xcomargs.py for tasks to queue
[2026-04-25T09:33:43.857+0000] {logging_mixin.py:188} INFO - [2026-04-25T09:33:43.857+0000] {dagbag.py:540} INFO - Filling up the DagBag from /usr/local/python/3.12.1/lib/python3.12/site-packages/airflow/example_dags/example_xcomargs.py
[2026-04-25T09:33:43.863+0000] {processor.py:840} INFO - DAG(s) 'example_xcom_args', 'example_xcom_args_with_operators' retrieved from /usr/local/python/3.12.1/lib/python3.12/site-packages/airflow/example_dags/example_xcomargs.py
[2026-04-25T09:33:43.878+0000] {logging_mixin.py:188} INFO - [2026-04-25T09:33:43.878+0000] {dag.py:3096} INFO - Sync 2 DAGs
[2026-04-25T09:33:43.887+0000] {logging_mixin.py:188} INFO - [2026-04-25T09:33:43.886+0000] {dag.py:3954} INFO - Setting next_dagrun for example_xcom_args to None, run_after=None
[2026-04-25T09:33:43.889+0000] {logging_mixin.py:188} INFO - [2026-04-25T09:33:43.889+0000] {dag.py:3954} INFO - Setting next_dagrun for example_xcom_args_with_operators to None, run_after=None
[2026-04-25T09:33:43.904+0000] {processor.py:183} INFO - Processing /usr/local/python/3.12.1/lib/python3.12/site-packages/airflow/example_dags/example_xcomargs.py took 0.054 seconds
[2026-04-25T09:34:25.564+0000] {processor.py:161} INFO - Started process (PID=24225) to work on /usr/local/python/3.12.1/lib/python3.12/site-packages/airflow/example_dags/example_xcomargs.py
[2026-04-25T09:34:25.565+0000] {processor.py:830} INFO - Processing file /usr/local/python/3.12.1/lib/python3.12/site-packages/airflow/example_dags/example_xcomargs.py for tasks to queue
[2026-04-25T09:34:25.566+0000] {logging_mixin.py:188} INFO - [2026-04-25T09:34:25.565+0000] {dagbag.py:540} INFO - Filling up the DagBag from /usr/local/python/3.12.1/lib/python3.12/site-packages/airflow/example_dags/example_xcomargs.py
[2026-04-25T09:34:25.572+0000] {processor.py:840} INFO - DAG(s) 'example_xcom_args', 'example_xcom_args_with_operators' retrieved from /usr/local/python/3.12.1/lib/python3.12/site-packages/airflow/example_dags/example_xcomargs.py
[2026-04-25T09:34:25.586+0000] {logging_mixin.py:188} INFO - [2026-04-25T09:34:25.585+0000] {dag.py:3096} INFO - Sync 2 DAGs
[2026-04-25T09:34:25.594+0000] {logging_mixin.py:188} INFO - [2026-04-25T09:34:25.594+0000] {dag.py:3954} INFO - Setting next_dagrun for example_xcom_args to None, run_after=None
[2026-04-25T09:34:25.597+0000] {logging_mixin.py:188} INFO - [2026-04-25T09:34:25.597+0000] {dag.py:3954} INFO - Setting next_dagrun for example_xcom_args_with_operators to None, run_after=None
[2026-04-25T09:34:25.615+0000] {processor.py:183} INFO - Processing /usr/local/python/3.12.1/lib/python3.12/site-packages/airflow/example_dags/example_xcomargs.py took 0.055 seconds
[2026-04-25T09:35:01.538+0000] {processor.py:161} INFO - Started process (PID=24495) to work on /usr/local/python/3.12.1/lib/python3.12/site-packages/airflow/example_dags/example_xcomargs.py
[2026-04-25T09:35:01.538+0000] {processor.py:830} INFO - Processing file /usr/local/python/3.12.1/lib/python3.12/site-packages/airflow/example_dags/example_xcomargs.py for tasks to queue
[2026-04-25T09:35:01.539+0000] {logging_mixin.py:188} INFO - [2026-04-25T09:35:01.539+0000] {dagbag.py:540} INFO - Filling up the DagBag from /usr/local/python/3.12.1/lib/python3.12/site-packages/airflow/example_dags/example_xcomargs.py
[2026-04-25T09:35:01.545+0000] {processor.py:840} INFO - DAG(s) 'example_xcom_args_with_operators', 'example_xcom_args' retrieved from /usr/local/python/3.12.1/lib/python3.12/site-packages/airflow/example_dags/example_xcomargs.py
[2026-04-25T09:35:01.562+0000] {logging_mixin.py:188} INFO - [2026-04-25T09:35:01.562+0000] {dag.py:3096} INFO - Sync 2 DAGs
[2026-04-25T09:35:01.574+0000] {logging_mixin.py:188} INFO - [2026-04-25T09:35:01.574+0000] {dag.py:3954} INFO - Setting next_dagrun for example_xcom_args to None, run_after=None
[2026-04-25T09:35:01.577+0000] {logging_mixin.py:188} INFO - [2026-04-25T09:35:01.577+0000] {dag.py:3954} INFO - Setting next_dagrun for example_xcom_args_with_operators to None, run_after=None
[2026-04-25T09:35:01.594+0000] {processor.py:183} INFO - Processing /usr/local/python/3.12.1/lib/python3.12/site-packages/airflow/example_dags/example_xcomargs.py took 0.061 seconds
[2026-04-25T09:35:42.360+0000] {processor.py:161} INFO - Started process (PID=24808) to work on /usr/local/python/3.12.1/lib/python3.12/site-packages/airflow/example_dags/example_xcomargs.py
[2026-04-25T09:35:42.361+0000] {processor.py:830} INFO - Processing file /usr/local/python/3.12.1/lib/python3.12/site-packages/airflow/example_dags/example_xcomargs.py for tasks to queue
[2026-04-25T09:35:42.362+0000] {logging_mixin.py:188} INFO - [2026-04-25T09:35:42.361+0000] {dagbag.py:540} INFO - Filling up the DagBag from /usr/local/python/3.12.1/lib/python3.12/site-packages/airflow/example_dags/example_xcomargs.py
[2026-04-25T09:35:42.368+0000] {processor.py:840} INFO - DAG(s) 'example_xcom_args', 'example_xcom_args_with_operators' retrieved from /usr/local/python/3.12.1/lib/python3.12/site-packages/airflow/example_dags/example_xcomargs.py
[2026-04-25T09:35:42.382+0000] {logging_mixin.py:188} INFO - [2026-04-25T09:35:42.382+0000] {dag.py:3096} INFO - Sync 2 DAGs
[2026-04-25T09:35:42.391+0000] {logging_mixin.py:188} INFO - [2026-04-25T09:35:42.391+0000] {dag.py:3954} INFO - Setting next_dagrun for example_xcom_args to None, run_after=None
[2026-04-25T09:35:42.394+0000] {logging_mixin.py:188} INFO - [2026-04-25T09:35:42.393+0000] {dag.py:3954} INFO - Setting next_dagrun for example_xcom_args_with_operators to None, run_after=None
[2026-04-25T09:35:42.408+0000] {processor.py:183} INFO - Processing /usr/local/python/3.12.1/lib/python3.12/site-packages/airflow/example_dags/example_xcomargs.py took 0.052 seconds
[2026-04-25T09:36:18.620+0000] {processor.py:161} INFO - Started process (PID=25095) to work on /usr/local/python/3.12.1/lib/python3.12/site-packages/airflow/example_dags/example_xcomargs.py
[2026-04-25T09:36:18.621+0000] {processor.py:830} INFO - Processing file /usr/local/python/3.12.1/lib/python3.12/site-packages/airflow/example_dags/example_xcomargs.py for tasks to queue
[2026-04-25T09:36:18.621+0000] {logging_mixin.py:188} INFO - [2026-04-25T09:36:18.621+0000] {dagbag.py:540} INFO - Filling up the DagBag from /usr/local/python/3.12.1/lib/python3.12/site-packages/airflow/example_dags/example_xcomargs.py
[2026-04-25T09:36:18.628+0000] {processor.py:840} INFO - DAG(s) 'example_xcom_args', 'example_xcom_args_with_operators' retrieved from /usr/local/python/3.12.1/lib/python3.12/site-packages/airflow/example_dags/example_xcomargs.py
[2026-04-25T09:36:18.642+0000] {logging_mixin.py:188} INFO - [2026-04-25T09:36:18.641+0000] {dag.py:3096} INFO - Sync 2 DAGs
[2026-04-25T09:36:18.651+0000] {logging_mixin.py:188} INFO - [2026-04-25T09:36:18.650+0000] {dag.py:3954} INFO - Setting next_dagrun for example_xcom_args to None, run_after=None
[2026-04-25T09:36:18.653+0000] {logging_mixin.py:188} INFO - [2026-04-25T09:36:18.653+0000] {dag.py:3954} INFO - Setting next_dagrun for example_xcom_args_with_operators to None, run_after=None
[2026-04-25T09:36:18.670+0000] {processor.py:183} INFO - Processing /usr/local/python/3.12.1/lib/python3.12/site-packages/airflow/example_dags/example_xcomargs.py took 0.054 seconds
[2026-04-25T09:37:00.775+0000] {processor.py:161} INFO - Started process (PID=25422) to work on /usr/local/python/3.12.1/lib/python3.12/site-packages/airflow/example_dags/example_xcomargs.py
[2026-04-25T09:37:00.776+0000] {processor.py:830} INFO - Processing file /usr/local/python/3.12.1/lib/python3.12/site-packages/airflow/example_dags/example_xcomargs.py for tasks to queue
[2026-04-25T09:37:00.777+0000] {logging_mixin.py:188} INFO - [2026-04-25T09:37:00.777+0000] {dagbag.py:540} INFO - Filling up the DagBag from /usr/local/python/3.12.1/lib/python3.12/site-packages/airflow/example_dags/example_xcomargs.py
[2026-04-25T09:37:00.786+0000] {processor.py:840} INFO - DAG(s) 'example_xcom_args', 'example_xcom_args_with_operators' retrieved from /usr/local/python/3.12.1/lib/python3.12/site-packages/airflow/example_dags/example_xcomargs.py
[2026-04-25T09:37:00.805+0000] {logging_mixin.py:188} INFO - [2026-04-25T09:37:00.805+0000] {dag.py:3096} INFO - Sync 2 DAGs
[2026-04-25T09:37:00.819+0000] {logging_mixin.py:188} INFO - [2026-04-25T09:37:00.818+0000] {dag.py:3954} INFO - Setting next_dagrun for example_xcom_args to None, run_after=None
[2026-04-25T09:37:00.822+0000] {logging_mixin.py:188} INFO - [2026-04-25T09:37:00.822+0000] {dag.py:3954} INFO - Setting next_dagrun for example_xcom_args_with_operators to None, run_after=None
[2026-04-25T09:37:00.837+0000] {processor.py:183} INFO - Processing /usr/local/python/3.12.1/lib/python3.12/site-packages/airflow/example_dags/example_xcomargs.py took 0.067 seconds
[2026-04-25T09:37:42.211+0000] {processor.py:161} INFO - Started process (PID=25736) to work on /usr/local/python/3.12.1/lib/python3.12/site-packages/airflow/example_dags/example_xcomargs.py
[2026-04-25T09:37:42.211+0000] {processor.py:830} INFO - Processing file /usr/local/python/3.12.1/lib/python3.12/site-packages/airflow/example_dags/example_xcomargs.py for tasks to queue
[2026-04-25T09:37:42.212+0000] {logging_mixin.py:188} INFO - [2026-04-25T09:37:42.212+0000] {dagbag.py:540} INFO - Filling up the DagBag from /usr/local/python/3.12.1/lib/python3.12/site-packages/airflow/example_dags/example_xcomargs.py
[2026-04-25T09:37:42.218+0000] {processor.py:840} INFO - DAG(s) 'example_xcom_args_with_operators', 'example_xcom_args' retrieved from /usr/local/python/3.12.1/lib/python3.12/site-packages/airflow/example_dags/example_xcomargs.py
[2026-04-25T09:37:42.238+0000] {logging_mixin.py:188} INFO - [2026-04-25T09:37:42.238+0000] {dag.py:3096} INFO - Sync 2 DAGs
[2026-04-25T09:37:42.248+0000] {logging_mixin.py:188} INFO - [2026-04-25T09:37:42.248+0000] {dag.py:3954} INFO - Setting next_dagrun for example_xcom_args to None, run_after=None
[2026-04-25T09:37:42.251+0000] {logging_mixin.py:188} INFO - [2026-04-25T09:37:42.250+0000] {dag.py:3954} INFO - Setting next_dagrun for example_xcom_args_with_operators to None, run_after=None
[2026-04-25T09:37:42.266+0000] {processor.py:183} INFO - Processing /usr/local/python/3.12.1/lib/python3.12/site-packages/airflow/example_dags/example_xcomargs.py took 0.059 seconds
[2026-04-25T09:38:23.019+0000] {processor.py:161} INFO - Started process (PID=26049) to work on /usr/local/python/3.12.1/lib/python3.12/site-packages/airflow/example_dags/example_xcomargs.py
[2026-04-25T09:38:23.019+0000] {processor.py:830} INFO - Processing file /usr/local/python/3.12.1/lib/python3.12/site-packages/airflow/example_dags/example_xcomargs.py for tasks to queue
[2026-04-25T09:38:23.020+0000] {logging_mixin.py:188} INFO - [2026-04-25T09:38:23.020+0000] {dagbag.py:540} INFO - Filling up the DagBag from /usr/local/python/3.12.1/lib/python3.12/site-packages/airflow/example_dags/example_xcomargs.py
[2026-04-25T09:38:23.028+0000] {processor.py:840} INFO - DAG(s) 'example_xcom_args', 'example_xcom_args_with_operators' retrieved from /usr/local/python/3.12.1/lib/python3.12/site-packages/airflow/example_dags/example_xcomargs.py
[2026-04-25T09:38:23.066+0000] {logging_mixin.py:188} INFO - [2026-04-25T09:38:23.066+0000] {dag.py:3096} INFO - Sync 2 DAGs
[2026-04-25T09:38:23.081+0000] {logging_mixin.py:188} INFO - [2026-04-25T09:38:23.080+0000] {dag.py:3954} INFO - Setting next_dagrun for example_xcom_args to None, run_after=None
[2026-04-25T09:38:23.084+0000] {logging_mixin.py:188} INFO - [2026-04-25T09:38:23.084+0000] {dag.py:3954} INFO - Setting next_dagrun for example_xcom_args_with_operators to None, run_after=None
[2026-04-25T09:38:23.111+0000] {processor.py:183} INFO - Processing /usr/local/python/3.12.1/lib/python3.12/site-packages/airflow/example_dags/example_xcomargs.py took 0.097 seconds
[2026-04-25T09:39:05.191+0000] {processor.py:161} INFO - Started process (PID=26370) to work on /usr/local/python/3.12.1/lib/python3.12/site-packages/airflow/example_dags/example_xcomargs.py
[2026-04-25T09:39:05.192+0000] {processor.py:830} INFO - Processing file /usr/local/python/3.12.1/lib/python3.12/site-packages/airflow/example_dags/example_xcomargs.py for tasks to queue
[2026-04-25T09:39:05.193+0000] {logging_mixin.py:188} INFO - [2026-04-25T09:39:05.192+0000] {dagbag.py:540} INFO - Filling up the DagBag from /usr/local/python/3.12.1/lib/python3.12/site-packages/airflow/example_dags/example_xcomargs.py
[2026-04-25T09:39:05.199+0000] {processor.py:840} INFO - DAG(s) 'example_xcom_args', 'example_xcom_args_with_operators' retrieved from /usr/local/python/3.12.1/lib/python3.12/site-packages/airflow/example_dags/example_xcomargs.py
[2026-04-25T09:39:05.213+0000] {logging_mixin.py:188} INFO - [2026-04-25T09:39:05.213+0000] {dag.py:3096} INFO - Sync 2 DAGs
[2026-04-25T09:39:05.222+0000] {logging_mixin.py:188} INFO - [2026-04-25T09:39:05.222+0000] {dag.py:3954} INFO - Setting next_dagrun for example_xcom_args to None, run_after=None
[2026-04-25T09:39:05.225+0000] {logging_mixin.py:188} INFO - [2026-04-25T09:39:05.225+0000] {dag.py:3954} INFO - Setting next_dagrun for example_xcom_args_with_operators to None, run_after=None
[2026-04-25T09:39:05.240+0000] {processor.py:183} INFO - Processing /usr/local/python/3.12.1/lib/python3.12/site-packages/airflow/example_dags/example_xcomargs.py took 0.052 seconds
[2026-04-25T09:39:44.123+0000] {processor.py:161} INFO - Started process (PID=26676) to work on /usr/local/python/3.12.1/lib/python3.12/site-packages/airflow/example_dags/example_xcomargs.py
[2026-04-25T09:39:44.124+0000] {processor.py:830} INFO - Processing file /usr/local/python/3.12.1/lib/python3.12/site-packages/airflow/example_dags/example_xcomargs.py for tasks to queue
[2026-04-25T09:39:44.125+0000] {logging_mixin.py:188} INFO - [2026-04-25T09:39:44.124+0000] {dagbag.py:540} INFO - Filling up the DagBag from /usr/local/python/3.12.1/lib/python3.12/site-packages/airflow/example_dags/example_xcomargs.py
[2026-04-25T09:39:44.131+0000] {processor.py:840} INFO - DAG(s) 'example_xcom_args_with_operators', 'example_xcom_args' retrieved from /usr/local/python/3.12.1/lib/python3.12/site-packages/airflow/example_dags/example_xcomargs.py
[2026-04-25T09:39:44.145+0000] {logging_mixin.py:188} INFO - [2026-04-25T09:39:44.145+0000] {dag.py:3096} INFO - Sync 2 DAGs
[2026-04-25T09:39:44.154+0000] {logging_mixin.py:188} INFO - [2026-04-25T09:39:44.154+0000] {dag.py:3954} INFO - Setting next_dagrun for example_xcom_args to None, run_after=None
[2026-04-25T09:39:44.157+0000] {logging_mixin.py:188} INFO - [2026-04-25T09:39:44.156+0000] {dag.py:3954} INFO - Setting next_dagrun for example_xcom_args_with_operators to None, run_after=None
[2026-04-25T09:39:44.171+0000] {processor.py:183} INFO - Processing /usr/local/python/3.12.1/lib/python3.12/site-packages/airflow/example_dags/example_xcomargs.py took 0.052 seconds
[2026-04-25T09:40:22.289+0000] {processor.py:161} INFO - Started process (PID=26973) to work on /usr/local/python/3.12.1/lib/python3.12/site-packages/airflow/example_dags/example_xcomargs.py
[2026-04-25T09:40:22.290+0000] {processor.py:830} INFO - Processing file /usr/local/python/3.12.1/lib/python3.12/site-packages/airflow/example_dags/example_xcomargs.py for tasks to queue
[2026-04-25T09:40:22.291+0000] {logging_mixin.py:188} INFO - [2026-04-25T09:40:22.290+0000] {dagbag.py:540} INFO - Filling up the DagBag from /usr/local/python/3.12.1/lib/python3.12/site-packages/airflow/example_dags/example_xcomargs.py
[2026-04-25T09:40:22.297+0000] {processor.py:840} INFO - DAG(s) 'example_xcom_args', 'example_xcom_args_with_operators' retrieved from /usr/local/python/3.12.1/lib/python3.12/site-packages/airflow/example_dags/example_xcomargs.py
[2026-04-25T09:40:22.311+0000] {logging_mixin.py:188} INFO - [2026-04-25T09:40:22.311+0000] {dag.py:3096} INFO - Sync 2 DAGs
[2026-04-25T09:40:22.320+0000] {logging_mixin.py:188} INFO - [2026-04-25T09:40:22.320+0000] {dag.py:3954} INFO - Setting next_dagrun for example_xcom_args to None, run_after=None
[2026-04-25T09:40:22.323+0000] {logging_mixin.py:188} INFO - [2026-04-25T09:40:22.323+0000] {dag.py:3954} INFO - Setting next_dagrun for example_xcom_args_with_operators to None, run_after=None
[2026-04-25T09:40:22.338+0000] {processor.py:183} INFO - Processing /usr/local/python/3.12.1/lib/python3.12/site-packages/airflow/example_dags/example_xcomargs.py took 0.053 seconds
[2026-04-25T09:40:59.952+0000] {processor.py:161} INFO - Started process (PID=27267) to work on /usr/local/python/3.12.1/lib/python3.12/site-packages/airflow/example_dags/example_xcomargs.py
[2026-04-25T09:40:59.953+0000] {processor.py:830} INFO - Processing file /usr/local/python/3.12.1/lib/python3.12/site-packages/airflow/example_dags/example_xcomargs.py for tasks to queue
[2026-04-25T09:40:59.954+0000] {logging_mixin.py:188} INFO - [2026-04-25T09:40:59.953+0000] {dagbag.py:540} INFO - Filling up the DagBag from /usr/local/python/3.12.1/lib/python3.12/site-packages/airflow/example_dags/example_xcomargs.py
[2026-04-25T09:40:59.960+0000] {processor.py:840} INFO - DAG(s) 'example_xcom_args_with_operators', 'example_xcom_args' retrieved from /usr/local/python/3.12.1/lib/python3.12/site-packages/airflow/example_dags/example_xcomargs.py
[2026-04-25T09:40:59.974+0000] {logging_mixin.py:188} INFO - [2026-04-25T09:40:59.974+0000] {dag.py:3096} INFO - Sync 2 DAGs
[2026-04-25T09:40:59.983+0000] {logging_mixin.py:188} INFO - [2026-04-25T09:40:59.983+0000] {dag.py:3954} INFO - Setting next_dagrun for example_xcom_args to None, run_after=None
[2026-04-25T09:40:59.986+0000] {logging_mixin.py:188} INFO - [2026-04-25T09:40:59.986+0000] {dag.py:3954} INFO - Setting next_dagrun for example_xcom_args_with_operators to None, run_after=None
[2026-04-25T09:41:00.001+0000] {processor.py:183} INFO - Processing /usr/local/python/3.12.1/lib/python3.12/site-packages/airflow/example_dags/example_xcomargs.py took 0.053 seconds
[2026-04-25T09:41:39.493+0000] {processor.py:161} INFO - Started process (PID=27561) to work on /usr/local/python/3.12.1/lib/python3.12/site-packages/airflow/example_dags/example_xcomargs.py
[2026-04-25T09:41:39.494+0000] {processor.py:830} INFO - Processing file /usr/local/python/3.12.1/lib/python3.12/site-packages/airflow/example_dags/example_xcomargs.py for tasks to queue
[2026-04-25T09:41:39.495+0000] {logging_mixin.py:188} INFO - [2026-04-25T09:41:39.494+0000] {dagbag.py:540} INFO - Filling up the DagBag from /usr/local/python/3.12.1/lib/python3.12/site-packages/airflow/example_dags/example_xcomargs.py
[2026-04-25T09:41:39.505+0000] {processor.py:840} INFO - DAG(s) 'example_xcom_args', 'example_xcom_args_with_operators' retrieved from /usr/local/python/3.12.1/lib/python3.12/site-packages/airflow/example_dags/example_xcomargs.py
[2026-04-25T09:41:39.533+0000] {logging_mixin.py:188} INFO - [2026-04-25T09:41:39.533+0000] {dag.py:3096} INFO - Sync 2 DAGs
[2026-04-25T09:41:39.551+0000] {logging_mixin.py:188} INFO - [2026-04-25T09:41:39.551+0000] {dag.py:3954} INFO - Setting next_dagrun for example_xcom_args to None, run_after=None
[2026-04-25T09:41:39.556+0000] {logging_mixin.py:188} INFO - [2026-04-25T09:41:39.556+0000] {dag.py:3954} INFO - Setting next_dagrun for example_xcom_args_with_operators to None, run_after=None
[2026-04-25T09:41:39.579+0000] {processor.py:183} INFO - Processing /usr/local/python/3.12.1/lib/python3.12/site-packages/airflow/example_dags/example_xcomargs.py took 0.093 seconds
[2026-04-25T09:42:15.676+0000] {processor.py:161} INFO - Started process (PID=27856) to work on /usr/local/python/3.12.1/lib/python3.12/site-packages/airflow/example_dags/example_xcomargs.py
[2026-04-25T09:42:15.677+0000] {processor.py:830} INFO - Processing file /usr/local/python/3.12.1/lib/python3.12/site-packages/airflow/example_dags/example_xcomargs.py for tasks to queue
[2026-04-25T09:42:15.678+0000] {logging_mixin.py:188} INFO - [2026-04-25T09:42:15.678+0000] {dagbag.py:540} INFO - Filling up the DagBag from /usr/local/python/3.12.1/lib/python3.12/site-packages/airflow/example_dags/example_xcomargs.py
[2026-04-25T09:42:15.684+0000] {processor.py:840} INFO - DAG(s) 'example_xcom_args_with_operators', 'example_xcom_args' retrieved from /usr/local/python/3.12.1/lib/python3.12/site-packages/airflow/example_dags/example_xcomargs.py
[2026-04-25T09:42:15.698+0000] {logging_mixin.py:188} INFO - [2026-04-25T09:42:15.698+0000] {dag.py:3096} INFO - Sync 2 DAGs
[2026-04-25T09:42:15.707+0000] {logging_mixin.py:188} INFO - [2026-04-25T09:42:15.707+0000] {dag.py:3954} INFO - Setting next_dagrun for example_xcom_args to None, run_after=None
[2026-04-25T09:42:15.710+0000] {logging_mixin.py:188} INFO - [2026-04-25T09:42:15.710+0000] {dag.py:3954} INFO - Setting next_dagrun for example_xcom_args_with_operators to None, run_after=None
[2026-04-25T09:42:15.725+0000] {processor.py:183} INFO - Processing /usr/local/python/3.12.1/lib/python3.12/site-packages/airflow/example_dags/example_xcomargs.py took 0.053 seconds
[2026-04-25T09:42:55.346+0000] {processor.py:161} INFO - Started process (PID=28161) to work on /usr/local/python/3.12.1/lib/python3.12/site-packages/airflow/example_dags/example_xcomargs.py
[2026-04-25T09:42:55.346+0000] {processor.py:830} INFO - Processing file /usr/local/python/3.12.1/lib/python3.12/site-packages/airflow/example_dags/example_xcomargs.py for tasks to queue
[2026-04-25T09:42:55.347+0000] {logging_mixin.py:188} INFO - [2026-04-25T09:42:55.347+0000] {dagbag.py:540} INFO - Filling up the DagBag from /usr/local/python/3.12.1/lib/python3.12/site-packages/airflow/example_dags/example_xcomargs.py
[2026-04-25T09:42:55.353+0000] {processor.py:840} INFO - DAG(s) 'example_xcom_args_with_operators', 'example_xcom_args' retrieved from /usr/local/python/3.12.1/lib/python3.12/site-packages/airflow/example_dags/example_xcomargs.py
[2026-04-25T09:42:55.367+0000] {logging_mixin.py:188} INFO - [2026-04-25T09:42:55.367+0000] {dag.py:3096} INFO - Sync 2 DAGs
[2026-04-25T09:42:55.376+0000] {logging_mixin.py:188} INFO - [2026-04-25T09:42:55.376+0000] {dag.py:3954} INFO - Setting next_dagrun for example_xcom_args to None, run_after=None
[2026-04-25T09:42:55.379+0000] {logging_mixin.py:188} INFO - [2026-04-25T09:42:55.379+0000] {dag.py:3954} INFO - Setting next_dagrun for example_xcom_args_with_operators to None, run_after=None
[2026-04-25T09:42:55.394+0000] {processor.py:183} INFO - Processing /usr/local/python/3.12.1/lib/python3.12/site-packages/airflow/example_dags/example_xcomargs.py took 0.052 seconds
[2026-04-25T09:43:39.701+0000] {processor.py:161} INFO - Started process (PID=28499) to work on /usr/local/python/3.12.1/lib/python3.12/site-packages/airflow/example_dags/example_xcomargs.py
[2026-04-25T09:43:39.702+0000] {processor.py:830} INFO - Processing file /usr/local/python/3.12.1/lib/python3.12/site-packages/airflow/example_dags/example_xcomargs.py for tasks to queue
[2026-04-25T09:43:39.703+0000] {logging_mixin.py:188} INFO - [2026-04-25T09:43:39.702+0000] {dagbag.py:540} INFO - Filling up the DagBag from /usr/local/python/3.12.1/lib/python3.12/site-packages/airflow/example_dags/example_xcomargs.py
[2026-04-25T09:43:39.709+0000] {processor.py:840} INFO - DAG(s) 'example_xcom_args', 'example_xcom_args_with_operators' retrieved from /usr/local/python/3.12.1/lib/python3.12/site-packages/airflow/example_dags/example_xcomargs.py
[2026-04-25T09:43:39.723+0000] {logging_mixin.py:188} INFO - [2026-04-25T09:43:39.722+0000] {dag.py:3096} INFO - Sync 2 DAGs
[2026-04-25T09:43:39.732+0000] {logging_mixin.py:188} INFO - [2026-04-25T09:43:39.732+0000] {dag.py:3954} INFO - Setting next_dagrun for example_xcom_args to None, run_after=None
[2026-04-25T09:43:39.735+0000] {logging_mixin.py:188} INFO - [2026-04-25T09:43:39.734+0000] {dag.py:3954} INFO - Setting next_dagrun for example_xcom_args_with_operators to None, run_after=None
[2026-04-25T09:43:39.749+0000] {processor.py:183} INFO - Processing /usr/local/python/3.12.1/lib/python3.12/site-packages/airflow/example_dags/example_xcomargs.py took 0.051 seconds
[2026-04-25T09:44:19.114+0000] {processor.py:161} INFO - Started process (PID=28808) to work on /usr/local/python/3.12.1/lib/python3.12/site-packages/airflow/example_dags/example_xcomargs.py
[2026-04-25T09:44:19.115+0000] {processor.py:830} INFO - Processing file /usr/local/python/3.12.1/lib/python3.12/site-packages/airflow/example_dags/example_xcomargs.py for tasks to queue
[2026-04-25T09:44:19.115+0000] {logging_mixin.py:188} INFO - [2026-04-25T09:44:19.115+0000] {dagbag.py:540} INFO - Filling up the DagBag from /usr/local/python/3.12.1/lib/python3.12/site-packages/airflow/example_dags/example_xcomargs.py
[2026-04-25T09:44:19.122+0000] {processor.py:840} INFO - DAG(s) 'example_xcom_args', 'example_xcom_args_with_operators' retrieved from /usr/local/python/3.12.1/lib/python3.12/site-packages/airflow/example_dags/example_xcomargs.py
[2026-04-25T09:44:19.136+0000] {logging_mixin.py:188} INFO - [2026-04-25T09:44:19.136+0000] {dag.py:3096} INFO - Sync 2 DAGs
[2026-04-25T09:44:19.145+0000] {logging_mixin.py:188} INFO - [2026-04-25T09:44:19.145+0000] {dag.py:3954} INFO - Setting next_dagrun for example_xcom_args to None, run_after=None
[2026-04-25T09:44:19.148+0000] {logging_mixin.py:188} INFO - [2026-04-25T09:44:19.148+0000] {dag.py:3954} INFO - Setting next_dagrun for example_xcom_args_with_operators to None, run_after=None
[2026-04-25T09:44:19.162+0000] {processor.py:183} INFO - Processing /usr/local/python/3.12.1/lib/python3.12/site-packages/airflow/example_dags/example_xcomargs.py took 0.052 seconds
[2026-04-25T09:44:59.504+0000] {processor.py:161} INFO - Started process (PID=29114) to work on /usr/local/python/3.12.1/lib/python3.12/site-packages/airflow/example_dags/example_xcomargs.py
[2026-04-25T09:44:59.505+0000] {processor.py:830} INFO - Processing file /usr/local/python/3.12.1/lib/python3.12/site-packages/airflow/example_dags/example_xcomargs.py for tasks to queue
[2026-04-25T09:44:59.506+0000] {logging_mixin.py:188} INFO - [2026-04-25T09:44:59.506+0000] {dagbag.py:540} INFO - Filling up the DagBag from /usr/local/python/3.12.1/lib/python3.12/site-packages/airflow/example_dags/example_xcomargs.py
[2026-04-25T09:44:59.512+0000] {processor.py:840} INFO - DAG(s) 'example_xcom_args', 'example_xcom_args_with_operators' retrieved from /usr/local/python/3.12.1/lib/python3.12/site-packages/airflow/example_dags/example_xcomargs.py
[2026-04-25T09:44:59.527+0000] {logging_mixin.py:188} INFO - [2026-04-25T09:44:59.526+0000] {dag.py:3096} INFO - Sync 2 DAGs
[2026-04-25T09:44:59.536+0000] {logging_mixin.py:188} INFO - [2026-04-25T09:44:59.535+0000] {dag.py:3954} INFO - Setting next_dagrun for example_xcom_args to None, run_after=None
[2026-04-25T09:44:59.538+0000] {logging_mixin.py:188} INFO - [2026-04-25T09:44:59.538+0000] {dag.py:3954} INFO - Setting next_dagrun for example_xcom_args_with_operators to None, run_after=None
[2026-04-25T09:44:59.553+0000] {processor.py:183} INFO - Processing /usr/local/python/3.12.1/lib/python3.12/site-packages/airflow/example_dags/example_xcomargs.py took 0.054 seconds
[2026-04-25T09:45:37.867+0000] {processor.py:161} INFO - Started process (PID=29421) to work on /usr/local/python/3.12.1/lib/python3.12/site-packages/airflow/example_dags/example_xcomargs.py
[2026-04-25T09:45:37.868+0000] {processor.py:830} INFO - Processing file /usr/local/python/3.12.1/lib/python3.12/site-packages/airflow/example_dags/example_xcomargs.py for tasks to queue
[2026-04-25T09:45:37.869+0000] {logging_mixin.py:188} INFO - [2026-04-25T09:45:37.869+0000] {dagbag.py:540} INFO - Filling up the DagBag from /usr/local/python/3.12.1/lib/python3.12/site-packages/airflow/example_dags/example_xcomargs.py
[2026-04-25T09:45:37.875+0000] {processor.py:840} INFO - DAG(s) 'example_xcom_args', 'example_xcom_args_with_operators' retrieved from /usr/local/python/3.12.1/lib/python3.12/site-packages/airflow/example_dags/example_xcomargs.py
[2026-04-25T09:45:37.889+0000] {logging_mixin.py:188} INFO - [2026-04-25T09:45:37.889+0000] {dag.py:3096} INFO - Sync 2 DAGs
[2026-04-25T09:45:37.898+0000] {logging_mixin.py:188} INFO - [2026-04-25T09:45:37.898+0000] {dag.py:3954} INFO - Setting next_dagrun for example_xcom_args to None, run_after=None
[2026-04-25T09:45:37.901+0000] {logging_mixin.py:188} INFO - [2026-04-25T09:45:37.901+0000] {dag.py:3954} INFO - Setting next_dagrun for example_xcom_args_with_operators to None, run_after=None
[2026-04-25T09:45:37.916+0000] {processor.py:183} INFO - Processing /usr/local/python/3.12.1/lib/python3.12/site-packages/airflow/example_dags/example_xcomargs.py took 0.053 seconds
[2026-04-25T09:46:20.621+0000] {processor.py:161} INFO - Started process (PID=29744) to work on /usr/local/python/3.12.1/lib/python3.12/site-packages/airflow/example_dags/example_xcomargs.py
[2026-04-25T09:46:20.622+0000] {processor.py:830} INFO - Processing file /usr/local/python/3.12.1/lib/python3.12/site-packages/airflow/example_dags/example_xcomargs.py for tasks to queue
[2026-04-25T09:46:20.622+0000] {logging_mixin.py:188} INFO - [2026-04-25T09:46:20.622+0000] {dagbag.py:540} INFO - Filling up the DagBag from /usr/local/python/3.12.1/lib/python3.12/site-packages/airflow/example_dags/example_xcomargs.py
[2026-04-25T09:46:20.629+0000] {processor.py:840} INFO - DAG(s) 'example_xcom_args', 'example_xcom_args_with_operators' retrieved from /usr/local/python/3.12.1/lib/python3.12/site-packages/airflow/example_dags/example_xcomargs.py
[2026-04-25T09:46:20.646+0000] {logging_mixin.py:188} INFO - [2026-04-25T09:46:20.645+0000] {dag.py:3096} INFO - Sync 2 DAGs
[2026-04-25T09:46:20.676+0000] {logging_mixin.py:188} INFO - [2026-04-25T09:46:20.676+0000] {dag.py:3954} INFO - Setting next_dagrun for example_xcom_args to None, run_after=None
[2026-04-25T09:46:20.683+0000] {logging_mixin.py:188} INFO - [2026-04-25T09:46:20.683+0000] {dag.py:3954} INFO - Setting next_dagrun for example_xcom_args_with_operators to None, run_after=None
[2026-04-25T09:46:20.711+0000] {processor.py:183} INFO - Processing /usr/local/python/3.12.1/lib/python3.12/site-packages/airflow/example_dags/example_xcomargs.py took 0.095 seconds
