[2026-04-25T09:05:53.648+0000] {processor.py:161} INFO - Started process (PID=8191) to work on /usr/local/python/3.12.1/lib/python3.12/site-packages/airflow/example_dags/example_time_delta_sensor_async.py
[2026-04-25T09:05:53.649+0000] {processor.py:830} INFO - Processing file /usr/local/python/3.12.1/lib/python3.12/site-packages/airflow/example_dags/example_time_delta_sensor_async.py for tasks to queue
[2026-04-25T09:05:53.650+0000] {logging_mixin.py:188} INFO - [2026-04-25T09:05:53.649+0000] {dagbag.py:540} INFO - Filling up the DagBag from /usr/local/python/3.12.1/lib/python3.12/site-packages/airflow/example_dags/example_time_delta_sensor_async.py
[2026-04-25T09:05:53.655+0000] {processor.py:840} INFO - DAG(s) 'example_time_delta_sensor_async' retrieved from /usr/local/python/3.12.1/lib/python3.12/site-packages/airflow/example_dags/example_time_delta_sensor_async.py
[2026-04-25T09:05:53.844+0000] {logging_mixin.py:188} INFO - [2026-04-25T09:05:53.843+0000] {override.py:1930} INFO - Created Permission View: can delete on DAG:example_time_delta_sensor_async
[2026-04-25T09:05:53.860+0000] {logging_mixin.py:188} INFO - [2026-04-25T09:05:53.860+0000] {override.py:1930} INFO - Created Permission View: can edit on DAG:example_time_delta_sensor_async
[2026-04-25T09:05:53.871+0000] {logging_mixin.py:188} INFO - [2026-04-25T09:05:53.870+0000] {override.py:1930} INFO - Created Permission View: can read on DAG:example_time_delta_sensor_async
[2026-04-25T09:05:53.872+0000] {logging_mixin.py:188} INFO - [2026-04-25T09:05:53.871+0000] {dag.py:3096} INFO - Sync 1 DAGs
[2026-04-25T09:05:53.882+0000] {logging_mixin.py:188} INFO - [2026-04-25T09:05:53.882+0000] {dag.py:3118} INFO - Creating ORM DAG for example_time_delta_sensor_async
[2026-04-25T09:05:53.882+0000] {logging_mixin.py:188} INFO - [2026-04-25T09:05:53.882+0000] {dag.py:3954} INFO - Setting next_dagrun for example_time_delta_sensor_async to None, run_after=None
[2026-04-25T09:05:53.897+0000] {processor.py:183} INFO - Processing /usr/local/python/3.12.1/lib/python3.12/site-packages/airflow/example_dags/example_time_delta_sensor_async.py took 0.253 seconds
[2026-04-25T09:06:51.824+0000] {processor.py:161} INFO - Started process (PID=8896) to work on /usr/local/python/3.12.1/lib/python3.12/site-packages/airflow/example_dags/example_time_delta_sensor_async.py
[2026-04-25T09:06:51.825+0000] {processor.py:830} INFO - Processing file /usr/local/python/3.12.1/lib/python3.12/site-packages/airflow/example_dags/example_time_delta_sensor_async.py for tasks to queue
[2026-04-25T09:06:51.826+0000] {logging_mixin.py:188} INFO - [2026-04-25T09:06:51.826+0000] {dagbag.py:540} INFO - Filling up the DagBag from /usr/local/python/3.12.1/lib/python3.12/site-packages/airflow/example_dags/example_time_delta_sensor_async.py
[2026-04-25T09:06:51.830+0000] {processor.py:840} INFO - DAG(s) 'example_time_delta_sensor_async' retrieved from /usr/local/python/3.12.1/lib/python3.12/site-packages/airflow/example_dags/example_time_delta_sensor_async.py
[2026-04-25T09:06:51.845+0000] {logging_mixin.py:188} INFO - [2026-04-25T09:06:51.845+0000] {dag.py:3096} INFO - Sync 1 DAGs
[2026-04-25T09:06:51.856+0000] {logging_mixin.py:188} INFO - [2026-04-25T09:06:51.856+0000] {dag.py:3954} INFO - Setting next_dagrun for example_time_delta_sensor_async to None, run_after=None
[2026-04-25T09:06:51.876+0000] {processor.py:183} INFO - Processing /usr/local/python/3.12.1/lib/python3.12/site-packages/airflow/example_dags/example_time_delta_sensor_async.py took 0.055 seconds
[2026-04-25T09:07:39.075+0000] {processor.py:161} INFO - Started process (PID=9292) to work on /usr/local/python/3.12.1/lib/python3.12/site-packages/airflow/example_dags/example_time_delta_sensor_async.py
[2026-04-25T09:07:39.076+0000] {processor.py:830} INFO - Processing file /usr/local/python/3.12.1/lib/python3.12/site-packages/airflow/example_dags/example_time_delta_sensor_async.py for tasks to queue
[2026-04-25T09:07:39.076+0000] {logging_mixin.py:188} INFO - [2026-04-25T09:07:39.076+0000] {dagbag.py:540} INFO - Filling up the DagBag from /usr/local/python/3.12.1/lib/python3.12/site-packages/airflow/example_dags/example_time_delta_sensor_async.py
[2026-04-25T09:07:39.080+0000] {processor.py:840} INFO - DAG(s) 'example_time_delta_sensor_async' retrieved from /usr/local/python/3.12.1/lib/python3.12/site-packages/airflow/example_dags/example_time_delta_sensor_async.py
[2026-04-25T09:07:39.092+0000] {logging_mixin.py:188} INFO - [2026-04-25T09:07:39.092+0000] {dag.py:3096} INFO - Sync 1 DAGs
[2026-04-25T09:07:39.101+0000] {logging_mixin.py:188} INFO - [2026-04-25T09:07:39.101+0000] {dag.py:3954} INFO - Setting next_dagrun for example_time_delta_sensor_async to None, run_after=None
[2026-04-25T09:07:39.118+0000] {processor.py:183} INFO - Processing /usr/local/python/3.12.1/lib/python3.12/site-packages/airflow/example_dags/example_time_delta_sensor_async.py took 0.049 seconds
[2026-04-25T09:08:31.956+0000] {processor.py:161} INFO - Started process (PID=9841) to work on /usr/local/python/3.12.1/lib/python3.12/site-packages/airflow/example_dags/example_time_delta_sensor_async.py
[2026-04-25T09:08:31.956+0000] {processor.py:830} INFO - Processing file /usr/local/python/3.12.1/lib/python3.12/site-packages/airflow/example_dags/example_time_delta_sensor_async.py for tasks to queue
[2026-04-25T09:08:31.957+0000] {logging_mixin.py:188} INFO - [2026-04-25T09:08:31.957+0000] {dagbag.py:540} INFO - Filling up the DagBag from /usr/local/python/3.12.1/lib/python3.12/site-packages/airflow/example_dags/example_time_delta_sensor_async.py
[2026-04-25T09:08:31.961+0000] {processor.py:840} INFO - DAG(s) 'example_time_delta_sensor_async' retrieved from /usr/local/python/3.12.1/lib/python3.12/site-packages/airflow/example_dags/example_time_delta_sensor_async.py
[2026-04-25T09:08:31.973+0000] {logging_mixin.py:188} INFO - [2026-04-25T09:08:31.973+0000] {dag.py:3096} INFO - Sync 1 DAGs
[2026-04-25T09:08:31.983+0000] {logging_mixin.py:188} INFO - [2026-04-25T09:08:31.982+0000] {dag.py:3954} INFO - Setting next_dagrun for example_time_delta_sensor_async to None, run_after=None
[2026-04-25T09:08:31.999+0000] {processor.py:183} INFO - Processing /usr/local/python/3.12.1/lib/python3.12/site-packages/airflow/example_dags/example_time_delta_sensor_async.py took 0.050 seconds
[2026-04-25T09:09:11.500+0000] {processor.py:161} INFO - Started process (PID=10152) to work on /usr/local/python/3.12.1/lib/python3.12/site-packages/airflow/example_dags/example_time_delta_sensor_async.py
[2026-04-25T09:09:11.501+0000] {processor.py:830} INFO - Processing file /usr/local/python/3.12.1/lib/python3.12/site-packages/airflow/example_dags/example_time_delta_sensor_async.py for tasks to queue
[2026-04-25T09:09:11.501+0000] {logging_mixin.py:188} INFO - [2026-04-25T09:09:11.501+0000] {dagbag.py:540} INFO - Filling up the DagBag from /usr/local/python/3.12.1/lib/python3.12/site-packages/airflow/example_dags/example_time_delta_sensor_async.py
[2026-04-25T09:09:11.505+0000] {processor.py:840} INFO - DAG(s) 'example_time_delta_sensor_async' retrieved from /usr/local/python/3.12.1/lib/python3.12/site-packages/airflow/example_dags/example_time_delta_sensor_async.py
[2026-04-25T09:09:11.517+0000] {logging_mixin.py:188} INFO - [2026-04-25T09:09:11.517+0000] {dag.py:3096} INFO - Sync 1 DAGs
[2026-04-25T09:09:11.526+0000] {logging_mixin.py:188} INFO - [2026-04-25T09:09:11.526+0000] {dag.py:3954} INFO - Setting next_dagrun for example_time_delta_sensor_async to None, run_after=None
[2026-04-25T09:09:11.542+0000] {processor.py:183} INFO - Processing /usr/local/python/3.12.1/lib/python3.12/site-packages/airflow/example_dags/example_time_delta_sensor_async.py took 0.046 seconds
[2026-04-25T09:09:56.742+0000] {processor.py:161} INFO - Started process (PID=10922) to work on /usr/local/python/3.12.1/lib/python3.12/site-packages/airflow/example_dags/example_time_delta_sensor_async.py
[2026-04-25T09:09:56.743+0000] {processor.py:830} INFO - Processing file /usr/local/python/3.12.1/lib/python3.12/site-packages/airflow/example_dags/example_time_delta_sensor_async.py for tasks to queue
[2026-04-25T09:09:56.744+0000] {logging_mixin.py:188} INFO - [2026-04-25T09:09:56.743+0000] {dagbag.py:540} INFO - Filling up the DagBag from /usr/local/python/3.12.1/lib/python3.12/site-packages/airflow/example_dags/example_time_delta_sensor_async.py
[2026-04-25T09:09:56.754+0000] {processor.py:840} INFO - DAG(s) 'example_time_delta_sensor_async' retrieved from /usr/local/python/3.12.1/lib/python3.12/site-packages/airflow/example_dags/example_time_delta_sensor_async.py
[2026-04-25T09:09:56.772+0000] {logging_mixin.py:188} INFO - [2026-04-25T09:09:56.772+0000] {dag.py:3096} INFO - Sync 1 DAGs
[2026-04-25T09:09:56.781+0000] {logging_mixin.py:188} INFO - [2026-04-25T09:09:56.781+0000] {dag.py:3954} INFO - Setting next_dagrun for example_time_delta_sensor_async to None, run_after=None
[2026-04-25T09:09:56.797+0000] {processor.py:183} INFO - Processing /usr/local/python/3.12.1/lib/python3.12/site-packages/airflow/example_dags/example_time_delta_sensor_async.py took 0.061 seconds
[2026-04-25T09:10:36.550+0000] {processor.py:161} INFO - Started process (PID=11344) to work on /usr/local/python/3.12.1/lib/python3.12/site-packages/airflow/example_dags/example_time_delta_sensor_async.py
[2026-04-25T09:10:36.551+0000] {processor.py:830} INFO - Processing file /usr/local/python/3.12.1/lib/python3.12/site-packages/airflow/example_dags/example_time_delta_sensor_async.py for tasks to queue
[2026-04-25T09:10:36.552+0000] {logging_mixin.py:188} INFO - [2026-04-25T09:10:36.551+0000] {dagbag.py:540} INFO - Filling up the DagBag from /usr/local/python/3.12.1/lib/python3.12/site-packages/airflow/example_dags/example_time_delta_sensor_async.py
[2026-04-25T09:10:36.556+0000] {processor.py:840} INFO - DAG(s) 'example_time_delta_sensor_async' retrieved from /usr/local/python/3.12.1/lib/python3.12/site-packages/airflow/example_dags/example_time_delta_sensor_async.py
[2026-04-25T09:10:36.568+0000] {logging_mixin.py:188} INFO - [2026-04-25T09:10:36.568+0000] {dag.py:3096} INFO - Sync 1 DAGs
[2026-04-25T09:10:36.578+0000] {logging_mixin.py:188} INFO - [2026-04-25T09:10:36.578+0000] {dag.py:3954} INFO - Setting next_dagrun for example_time_delta_sensor_async to None, run_after=None
[2026-04-25T09:10:36.594+0000] {processor.py:183} INFO - Processing /usr/local/python/3.12.1/lib/python3.12/site-packages/airflow/example_dags/example_time_delta_sensor_async.py took 0.053 seconds
[2026-04-25T09:11:23.060+0000] {processor.py:161} INFO - Started process (PID=12218) to work on /usr/local/python/3.12.1/lib/python3.12/site-packages/airflow/example_dags/example_time_delta_sensor_async.py
[2026-04-25T09:11:23.065+0000] {processor.py:830} INFO - Processing file /usr/local/python/3.12.1/lib/python3.12/site-packages/airflow/example_dags/example_time_delta_sensor_async.py for tasks to queue
[2026-04-25T09:11:23.066+0000] {logging_mixin.py:188} INFO - [2026-04-25T09:11:23.065+0000] {dagbag.py:540} INFO - Filling up the DagBag from /usr/local/python/3.12.1/lib/python3.12/site-packages/airflow/example_dags/example_time_delta_sensor_async.py
[2026-04-25T09:11:23.076+0000] {processor.py:840} INFO - DAG(s) 'example_time_delta_sensor_async' retrieved from /usr/local/python/3.12.1/lib/python3.12/site-packages/airflow/example_dags/example_time_delta_sensor_async.py
[2026-04-25T09:11:23.093+0000] {logging_mixin.py:188} INFO - [2026-04-25T09:11:23.092+0000] {dag.py:3096} INFO - Sync 1 DAGs
[2026-04-25T09:11:23.128+0000] {logging_mixin.py:188} INFO - [2026-04-25T09:11:23.127+0000] {dag.py:3954} INFO - Setting next_dagrun for example_time_delta_sensor_async to None, run_after=None
[2026-04-25T09:11:23.177+0000] {processor.py:183} INFO - Processing /usr/local/python/3.12.1/lib/python3.12/site-packages/airflow/example_dags/example_time_delta_sensor_async.py took 0.127 seconds
[2026-04-25T09:11:40.172+0000] {processor.py:161} INFO - Started process (PID=12569) to work on /usr/local/python/3.12.1/lib/python3.12/site-packages/airflow/example_dags/example_time_delta_sensor_async.py
[2026-04-25T09:11:40.173+0000] {processor.py:830} INFO - Processing file /usr/local/python/3.12.1/lib/python3.12/site-packages/airflow/example_dags/example_time_delta_sensor_async.py for tasks to queue
[2026-04-25T09:11:40.173+0000] {logging_mixin.py:188} INFO - [2026-04-25T09:11:40.173+0000] {dagbag.py:540} INFO - Filling up the DagBag from /usr/local/python/3.12.1/lib/python3.12/site-packages/airflow/example_dags/example_time_delta_sensor_async.py
[2026-04-25T09:11:40.178+0000] {processor.py:840} INFO - DAG(s) 'example_time_delta_sensor_async' retrieved from /usr/local/python/3.12.1/lib/python3.12/site-packages/airflow/example_dags/example_time_delta_sensor_async.py
[2026-04-25T09:11:40.187+0000] {logging_mixin.py:188} INFO - [2026-04-25T09:11:40.186+0000] {dag.py:3096} INFO - Sync 1 DAGs
[2026-04-25T09:11:40.197+0000] {logging_mixin.py:188} INFO - [2026-04-25T09:11:40.196+0000] {dag.py:3954} INFO - Setting next_dagrun for example_time_delta_sensor_async to None, run_after=None
[2026-04-25T09:11:40.213+0000] {processor.py:183} INFO - Processing /usr/local/python/3.12.1/lib/python3.12/site-packages/airflow/example_dags/example_time_delta_sensor_async.py took 0.045 seconds
[2026-04-25T09:12:10.566+0000] {processor.py:161} INFO - Started process (PID=12854) to work on /usr/local/python/3.12.1/lib/python3.12/site-packages/airflow/example_dags/example_time_delta_sensor_async.py
[2026-04-25T09:12:10.567+0000] {processor.py:830} INFO - Processing file /usr/local/python/3.12.1/lib/python3.12/site-packages/airflow/example_dags/example_time_delta_sensor_async.py for tasks to queue
[2026-04-25T09:12:10.568+0000] {logging_mixin.py:188} INFO - [2026-04-25T09:12:10.568+0000] {dagbag.py:540} INFO - Filling up the DagBag from /usr/local/python/3.12.1/lib/python3.12/site-packages/airflow/example_dags/example_time_delta_sensor_async.py
[2026-04-25T09:12:10.573+0000] {processor.py:840} INFO - DAG(s) 'example_time_delta_sensor_async' retrieved from /usr/local/python/3.12.1/lib/python3.12/site-packages/airflow/example_dags/example_time_delta_sensor_async.py
[2026-04-25T09:12:10.662+0000] {logging_mixin.py:188} INFO - [2026-04-25T09:12:10.662+0000] {dag.py:3096} INFO - Sync 1 DAGs
[2026-04-25T09:12:10.670+0000] {logging_mixin.py:188} INFO - [2026-04-25T09:12:10.670+0000] {dag.py:3954} INFO - Setting next_dagrun for example_time_delta_sensor_async to None, run_after=None
[2026-04-25T09:12:10.687+0000] {processor.py:183} INFO - Processing /usr/local/python/3.12.1/lib/python3.12/site-packages/airflow/example_dags/example_time_delta_sensor_async.py took 0.126 seconds
[2026-04-25T09:12:31.085+0000] {processor.py:161} INFO - Started process (PID=13125) to work on /usr/local/python/3.12.1/lib/python3.12/site-packages/airflow/example_dags/example_time_delta_sensor_async.py
[2026-04-25T09:12:31.086+0000] {processor.py:830} INFO - Processing file /usr/local/python/3.12.1/lib/python3.12/site-packages/airflow/example_dags/example_time_delta_sensor_async.py for tasks to queue
[2026-04-25T09:12:31.086+0000] {logging_mixin.py:188} INFO - [2026-04-25T09:12:31.086+0000] {dagbag.py:540} INFO - Filling up the DagBag from /usr/local/python/3.12.1/lib/python3.12/site-packages/airflow/example_dags/example_time_delta_sensor_async.py
[2026-04-25T09:12:31.090+0000] {processor.py:840} INFO - DAG(s) 'example_time_delta_sensor_async' retrieved from /usr/local/python/3.12.1/lib/python3.12/site-packages/airflow/example_dags/example_time_delta_sensor_async.py
[2026-04-25T09:12:31.096+0000] {logging_mixin.py:188} INFO - [2026-04-25T09:12:31.096+0000] {dag.py:3096} INFO - Sync 1 DAGs
[2026-04-25T09:12:31.106+0000] {logging_mixin.py:188} INFO - [2026-04-25T09:12:31.106+0000] {dag.py:3954} INFO - Setting next_dagrun for example_time_delta_sensor_async to None, run_after=None
[2026-04-25T09:12:31.123+0000] {processor.py:183} INFO - Processing /usr/local/python/3.12.1/lib/python3.12/site-packages/airflow/example_dags/example_time_delta_sensor_async.py took 0.044 seconds
[2026-04-25T09:12:54.613+0000] {processor.py:161} INFO - Started process (PID=13442) to work on /usr/local/python/3.12.1/lib/python3.12/site-packages/airflow/example_dags/example_time_delta_sensor_async.py
[2026-04-25T09:12:54.614+0000] {processor.py:830} INFO - Processing file /usr/local/python/3.12.1/lib/python3.12/site-packages/airflow/example_dags/example_time_delta_sensor_async.py for tasks to queue
[2026-04-25T09:12:54.614+0000] {logging_mixin.py:188} INFO - [2026-04-25T09:12:54.614+0000] {dagbag.py:540} INFO - Filling up the DagBag from /usr/local/python/3.12.1/lib/python3.12/site-packages/airflow/example_dags/example_time_delta_sensor_async.py
[2026-04-25T09:12:54.618+0000] {processor.py:840} INFO - DAG(s) 'example_time_delta_sensor_async' retrieved from /usr/local/python/3.12.1/lib/python3.12/site-packages/airflow/example_dags/example_time_delta_sensor_async.py
[2026-04-25T09:12:54.630+0000] {logging_mixin.py:188} INFO - [2026-04-25T09:12:54.630+0000] {dag.py:3096} INFO - Sync 1 DAGs
[2026-04-25T09:12:54.639+0000] {logging_mixin.py:188} INFO - [2026-04-25T09:12:54.638+0000] {dag.py:3954} INFO - Setting next_dagrun for example_time_delta_sensor_async to None, run_after=None
[2026-04-25T09:12:54.656+0000] {processor.py:183} INFO - Processing /usr/local/python/3.12.1/lib/python3.12/site-packages/airflow/example_dags/example_time_delta_sensor_async.py took 0.047 seconds
[2026-04-25T09:13:22.652+0000] {processor.py:161} INFO - Started process (PID=13802) to work on /usr/local/python/3.12.1/lib/python3.12/site-packages/airflow/example_dags/example_time_delta_sensor_async.py
[2026-04-25T09:13:22.653+0000] {processor.py:830} INFO - Processing file /usr/local/python/3.12.1/lib/python3.12/site-packages/airflow/example_dags/example_time_delta_sensor_async.py for tasks to queue
[2026-04-25T09:13:22.653+0000] {logging_mixin.py:188} INFO - [2026-04-25T09:13:22.653+0000] {dagbag.py:540} INFO - Filling up the DagBag from /usr/local/python/3.12.1/lib/python3.12/site-packages/airflow/example_dags/example_time_delta_sensor_async.py
[2026-04-25T09:13:22.657+0000] {processor.py:840} INFO - DAG(s) 'example_time_delta_sensor_async' retrieved from /usr/local/python/3.12.1/lib/python3.12/site-packages/airflow/example_dags/example_time_delta_sensor_async.py
[2026-04-25T09:13:22.670+0000] {logging_mixin.py:188} INFO - [2026-04-25T09:13:22.670+0000] {dag.py:3096} INFO - Sync 1 DAGs
[2026-04-25T09:13:22.680+0000] {logging_mixin.py:188} INFO - [2026-04-25T09:13:22.679+0000] {dag.py:3954} INFO - Setting next_dagrun for example_time_delta_sensor_async to None, run_after=None
[2026-04-25T09:13:22.699+0000] {processor.py:183} INFO - Processing /usr/local/python/3.12.1/lib/python3.12/site-packages/airflow/example_dags/example_time_delta_sensor_async.py took 0.051 seconds
[2026-04-25T09:13:56.962+0000] {processor.py:161} INFO - Started process (PID=14432) to work on /usr/local/python/3.12.1/lib/python3.12/site-packages/airflow/example_dags/example_time_delta_sensor_async.py
[2026-04-25T09:13:56.963+0000] {processor.py:830} INFO - Processing file /usr/local/python/3.12.1/lib/python3.12/site-packages/airflow/example_dags/example_time_delta_sensor_async.py for tasks to queue
[2026-04-25T09:13:56.964+0000] {logging_mixin.py:188} INFO - [2026-04-25T09:13:56.963+0000] {dagbag.py:540} INFO - Filling up the DagBag from /usr/local/python/3.12.1/lib/python3.12/site-packages/airflow/example_dags/example_time_delta_sensor_async.py
[2026-04-25T09:13:56.969+0000] {processor.py:840} INFO - DAG(s) 'example_time_delta_sensor_async' retrieved from /usr/local/python/3.12.1/lib/python3.12/site-packages/airflow/example_dags/example_time_delta_sensor_async.py
[2026-04-25T09:13:56.984+0000] {logging_mixin.py:188} INFO - [2026-04-25T09:13:56.984+0000] {dag.py:3096} INFO - Sync 1 DAGs
[2026-04-25T09:13:56.994+0000] {logging_mixin.py:188} INFO - [2026-04-25T09:13:56.994+0000] {dag.py:3954} INFO - Setting next_dagrun for example_time_delta_sensor_async to None, run_after=None
[2026-04-25T09:13:57.011+0000] {processor.py:183} INFO - Processing /usr/local/python/3.12.1/lib/python3.12/site-packages/airflow/example_dags/example_time_delta_sensor_async.py took 0.053 seconds
[2026-04-25T09:14:44.104+0000] {processor.py:161} INFO - Started process (PID=14811) to work on /usr/local/python/3.12.1/lib/python3.12/site-packages/airflow/example_dags/example_time_delta_sensor_async.py
[2026-04-25T09:14:44.105+0000] {processor.py:830} INFO - Processing file /usr/local/python/3.12.1/lib/python3.12/site-packages/airflow/example_dags/example_time_delta_sensor_async.py for tasks to queue
[2026-04-25T09:14:44.106+0000] {logging_mixin.py:188} INFO - [2026-04-25T09:14:44.106+0000] {dagbag.py:540} INFO - Filling up the DagBag from /usr/local/python/3.12.1/lib/python3.12/site-packages/airflow/example_dags/example_time_delta_sensor_async.py
[2026-04-25T09:14:44.110+0000] {processor.py:840} INFO - DAG(s) 'example_time_delta_sensor_async' retrieved from /usr/local/python/3.12.1/lib/python3.12/site-packages/airflow/example_dags/example_time_delta_sensor_async.py
[2026-04-25T09:14:44.122+0000] {logging_mixin.py:188} INFO - [2026-04-25T09:14:44.122+0000] {dag.py:3096} INFO - Sync 1 DAGs
[2026-04-25T09:14:44.130+0000] {logging_mixin.py:188} INFO - [2026-04-25T09:14:44.130+0000] {dag.py:3954} INFO - Setting next_dagrun for example_time_delta_sensor_async to None, run_after=None
[2026-04-25T09:14:44.147+0000] {processor.py:183} INFO - Processing /usr/local/python/3.12.1/lib/python3.12/site-packages/airflow/example_dags/example_time_delta_sensor_async.py took 0.047 seconds
[2026-04-25T09:15:33.503+0000] {processor.py:161} INFO - Started process (PID=15220) to work on /usr/local/python/3.12.1/lib/python3.12/site-packages/airflow/example_dags/example_time_delta_sensor_async.py
[2026-04-25T09:15:33.505+0000] {processor.py:830} INFO - Processing file /usr/local/python/3.12.1/lib/python3.12/site-packages/airflow/example_dags/example_time_delta_sensor_async.py for tasks to queue
[2026-04-25T09:15:33.506+0000] {logging_mixin.py:188} INFO - [2026-04-25T09:15:33.505+0000] {dagbag.py:540} INFO - Filling up the DagBag from /usr/local/python/3.12.1/lib/python3.12/site-packages/airflow/example_dags/example_time_delta_sensor_async.py
[2026-04-25T09:15:33.524+0000] {processor.py:840} INFO - DAG(s) 'example_time_delta_sensor_async' retrieved from /usr/local/python/3.12.1/lib/python3.12/site-packages/airflow/example_dags/example_time_delta_sensor_async.py
[2026-04-25T09:15:33.594+0000] {logging_mixin.py:188} INFO - [2026-04-25T09:15:33.594+0000] {dag.py:3096} INFO - Sync 1 DAGs
[2026-04-25T09:15:33.658+0000] {logging_mixin.py:188} INFO - [2026-04-25T09:15:33.658+0000] {dag.py:3954} INFO - Setting next_dagrun for example_time_delta_sensor_async to None, run_after=None
[2026-04-25T09:15:33.737+0000] {processor.py:183} INFO - Processing /usr/local/python/3.12.1/lib/python3.12/site-packages/airflow/example_dags/example_time_delta_sensor_async.py took 0.241 seconds
[2026-04-25T09:16:11.598+0000] {processor.py:161} INFO - Started process (PID=15669) to work on /usr/local/python/3.12.1/lib/python3.12/site-packages/airflow/example_dags/example_time_delta_sensor_async.py
[2026-04-25T09:16:11.598+0000] {processor.py:830} INFO - Processing file /usr/local/python/3.12.1/lib/python3.12/site-packages/airflow/example_dags/example_time_delta_sensor_async.py for tasks to queue
[2026-04-25T09:16:11.599+0000] {logging_mixin.py:188} INFO - [2026-04-25T09:16:11.599+0000] {dagbag.py:540} INFO - Filling up the DagBag from /usr/local/python/3.12.1/lib/python3.12/site-packages/airflow/example_dags/example_time_delta_sensor_async.py
[2026-04-25T09:16:11.602+0000] {processor.py:840} INFO - DAG(s) 'example_time_delta_sensor_async' retrieved from /usr/local/python/3.12.1/lib/python3.12/site-packages/airflow/example_dags/example_time_delta_sensor_async.py
[2026-04-25T09:16:11.614+0000] {logging_mixin.py:188} INFO - [2026-04-25T09:16:11.613+0000] {dag.py:3096} INFO - Sync 1 DAGs
[2026-04-25T09:16:11.622+0000] {logging_mixin.py:188} INFO - [2026-04-25T09:16:11.622+0000] {dag.py:3954} INFO - Setting next_dagrun for example_time_delta_sensor_async to None, run_after=None
[2026-04-25T09:16:11.638+0000] {processor.py:183} INFO - Processing /usr/local/python/3.12.1/lib/python3.12/site-packages/airflow/example_dags/example_time_delta_sensor_async.py took 0.044 seconds
[2026-04-25T09:16:51.609+0000] {processor.py:161} INFO - Started process (PID=16008) to work on /usr/local/python/3.12.1/lib/python3.12/site-packages/airflow/example_dags/example_time_delta_sensor_async.py
[2026-04-25T09:16:51.612+0000] {processor.py:830} INFO - Processing file /usr/local/python/3.12.1/lib/python3.12/site-packages/airflow/example_dags/example_time_delta_sensor_async.py for tasks to queue
[2026-04-25T09:16:51.613+0000] {logging_mixin.py:188} INFO - [2026-04-25T09:16:51.613+0000] {dagbag.py:540} INFO - Filling up the DagBag from /usr/local/python/3.12.1/lib/python3.12/site-packages/airflow/example_dags/example_time_delta_sensor_async.py
[2026-04-25T09:16:51.623+0000] {processor.py:840} INFO - DAG(s) 'example_time_delta_sensor_async' retrieved from /usr/local/python/3.12.1/lib/python3.12/site-packages/airflow/example_dags/example_time_delta_sensor_async.py
[2026-04-25T09:16:51.698+0000] {logging_mixin.py:188} INFO - [2026-04-25T09:16:51.696+0000] {dag.py:3096} INFO - Sync 1 DAGs
[2026-04-25T09:16:51.736+0000] {logging_mixin.py:188} INFO - [2026-04-25T09:16:51.736+0000] {dag.py:3954} INFO - Setting next_dagrun for example_time_delta_sensor_async to None, run_after=None
[2026-04-25T09:16:51.803+0000] {processor.py:183} INFO - Processing /usr/local/python/3.12.1/lib/python3.12/site-packages/airflow/example_dags/example_time_delta_sensor_async.py took 0.207 seconds
[2026-04-25T09:17:37.834+0000] {processor.py:161} INFO - Started process (PID=16443) to work on /usr/local/python/3.12.1/lib/python3.12/site-packages/airflow/example_dags/example_time_delta_sensor_async.py
[2026-04-25T09:17:37.835+0000] {processor.py:830} INFO - Processing file /usr/local/python/3.12.1/lib/python3.12/site-packages/airflow/example_dags/example_time_delta_sensor_async.py for tasks to queue
[2026-04-25T09:17:37.835+0000] {logging_mixin.py:188} INFO - [2026-04-25T09:17:37.835+0000] {dagbag.py:540} INFO - Filling up the DagBag from /usr/local/python/3.12.1/lib/python3.12/site-packages/airflow/example_dags/example_time_delta_sensor_async.py
[2026-04-25T09:17:37.839+0000] {processor.py:840} INFO - DAG(s) 'example_time_delta_sensor_async' retrieved from /usr/local/python/3.12.1/lib/python3.12/site-packages/airflow/example_dags/example_time_delta_sensor_async.py
[2026-04-25T09:17:37.918+0000] {logging_mixin.py:188} INFO - [2026-04-25T09:17:37.918+0000] {dag.py:3096} INFO - Sync 1 DAGs
[2026-04-25T09:17:37.925+0000] {logging_mixin.py:188} INFO - [2026-04-25T09:17:37.925+0000] {dag.py:3954} INFO - Setting next_dagrun for example_time_delta_sensor_async to None, run_after=None
[2026-04-25T09:17:37.941+0000] {processor.py:183} INFO - Processing /usr/local/python/3.12.1/lib/python3.12/site-packages/airflow/example_dags/example_time_delta_sensor_async.py took 0.112 seconds
[2026-04-25T09:18:24.167+0000] {processor.py:161} INFO - Started process (PID=16795) to work on /usr/local/python/3.12.1/lib/python3.12/site-packages/airflow/example_dags/example_time_delta_sensor_async.py
[2026-04-25T09:18:24.168+0000] {processor.py:830} INFO - Processing file /usr/local/python/3.12.1/lib/python3.12/site-packages/airflow/example_dags/example_time_delta_sensor_async.py for tasks to queue
[2026-04-25T09:18:24.168+0000] {logging_mixin.py:188} INFO - [2026-04-25T09:18:24.168+0000] {dagbag.py:540} INFO - Filling up the DagBag from /usr/local/python/3.12.1/lib/python3.12/site-packages/airflow/example_dags/example_time_delta_sensor_async.py
[2026-04-25T09:18:24.174+0000] {processor.py:840} INFO - DAG(s) 'example_time_delta_sensor_async' retrieved from /usr/local/python/3.12.1/lib/python3.12/site-packages/airflow/example_dags/example_time_delta_sensor_async.py
[2026-04-25T09:18:24.190+0000] {logging_mixin.py:188} INFO - [2026-04-25T09:18:24.189+0000] {dag.py:3096} INFO - Sync 1 DAGs
[2026-04-25T09:18:24.200+0000] {logging_mixin.py:188} INFO - [2026-04-25T09:18:24.200+0000] {dag.py:3954} INFO - Setting next_dagrun for example_time_delta_sensor_async to None, run_after=None
[2026-04-25T09:18:24.220+0000] {processor.py:183} INFO - Processing /usr/local/python/3.12.1/lib/python3.12/site-packages/airflow/example_dags/example_time_delta_sensor_async.py took 0.058 seconds
[2026-04-25T09:19:03.024+0000] {processor.py:161} INFO - Started process (PID=17106) to work on /usr/local/python/3.12.1/lib/python3.12/site-packages/airflow/example_dags/example_time_delta_sensor_async.py
[2026-04-25T09:19:03.025+0000] {processor.py:830} INFO - Processing file /usr/local/python/3.12.1/lib/python3.12/site-packages/airflow/example_dags/example_time_delta_sensor_async.py for tasks to queue
[2026-04-25T09:19:03.026+0000] {logging_mixin.py:188} INFO - [2026-04-25T09:19:03.025+0000] {dagbag.py:540} INFO - Filling up the DagBag from /usr/local/python/3.12.1/lib/python3.12/site-packages/airflow/example_dags/example_time_delta_sensor_async.py
[2026-04-25T09:19:03.029+0000] {processor.py:840} INFO - DAG(s) 'example_time_delta_sensor_async' retrieved from /usr/local/python/3.12.1/lib/python3.12/site-packages/airflow/example_dags/example_time_delta_sensor_async.py
[2026-04-25T09:19:03.041+0000] {logging_mixin.py:188} INFO - [2026-04-25T09:19:03.041+0000] {dag.py:3096} INFO - Sync 1 DAGs
[2026-04-25T09:19:03.049+0000] {logging_mixin.py:188} INFO - [2026-04-25T09:19:03.049+0000] {dag.py:3954} INFO - Setting next_dagrun for example_time_delta_sensor_async to None, run_after=None
[2026-04-25T09:19:03.065+0000] {processor.py:183} INFO - Processing /usr/local/python/3.12.1/lib/python3.12/site-packages/airflow/example_dags/example_time_delta_sensor_async.py took 0.045 seconds
[2026-04-25T09:19:40.181+0000] {processor.py:161} INFO - Started process (PID=17391) to work on /usr/local/python/3.12.1/lib/python3.12/site-packages/airflow/example_dags/example_time_delta_sensor_async.py
[2026-04-25T09:19:40.182+0000] {processor.py:830} INFO - Processing file /usr/local/python/3.12.1/lib/python3.12/site-packages/airflow/example_dags/example_time_delta_sensor_async.py for tasks to queue
[2026-04-25T09:19:40.182+0000] {logging_mixin.py:188} INFO - [2026-04-25T09:19:40.182+0000] {dagbag.py:540} INFO - Filling up the DagBag from /usr/local/python/3.12.1/lib/python3.12/site-packages/airflow/example_dags/example_time_delta_sensor_async.py
[2026-04-25T09:19:40.186+0000] {processor.py:840} INFO - DAG(s) 'example_time_delta_sensor_async' retrieved from /usr/local/python/3.12.1/lib/python3.12/site-packages/airflow/example_dags/example_time_delta_sensor_async.py
[2026-04-25T09:19:40.198+0000] {logging_mixin.py:188} INFO - [2026-04-25T09:19:40.198+0000] {dag.py:3096} INFO - Sync 1 DAGs
[2026-04-25T09:19:40.206+0000] {logging_mixin.py:188} INFO - [2026-04-25T09:19:40.206+0000] {dag.py:3954} INFO - Setting next_dagrun for example_time_delta_sensor_async to None, run_after=None
[2026-04-25T09:19:40.223+0000] {processor.py:183} INFO - Processing /usr/local/python/3.12.1/lib/python3.12/site-packages/airflow/example_dags/example_time_delta_sensor_async.py took 0.046 seconds
[2026-04-25T09:20:18.269+0000] {processor.py:161} INFO - Started process (PID=17670) to work on /usr/local/python/3.12.1/lib/python3.12/site-packages/airflow/example_dags/example_time_delta_sensor_async.py
[2026-04-25T09:20:18.270+0000] {processor.py:830} INFO - Processing file /usr/local/python/3.12.1/lib/python3.12/site-packages/airflow/example_dags/example_time_delta_sensor_async.py for tasks to queue
[2026-04-25T09:20:18.271+0000] {logging_mixin.py:188} INFO - [2026-04-25T09:20:18.270+0000] {dagbag.py:540} INFO - Filling up the DagBag from /usr/local/python/3.12.1/lib/python3.12/site-packages/airflow/example_dags/example_time_delta_sensor_async.py
[2026-04-25T09:20:18.274+0000] {processor.py:840} INFO - DAG(s) 'example_time_delta_sensor_async' retrieved from /usr/local/python/3.12.1/lib/python3.12/site-packages/airflow/example_dags/example_time_delta_sensor_async.py
[2026-04-25T09:20:18.286+0000] {logging_mixin.py:188} INFO - [2026-04-25T09:20:18.286+0000] {dag.py:3096} INFO - Sync 1 DAGs
[2026-04-25T09:20:18.295+0000] {logging_mixin.py:188} INFO - [2026-04-25T09:20:18.295+0000] {dag.py:3954} INFO - Setting next_dagrun for example_time_delta_sensor_async to None, run_after=None
[2026-04-25T09:20:18.311+0000] {processor.py:183} INFO - Processing /usr/local/python/3.12.1/lib/python3.12/site-packages/airflow/example_dags/example_time_delta_sensor_async.py took 0.046 seconds
[2026-04-25T09:20:54.369+0000] {processor.py:161} INFO - Started process (PID=17966) to work on /usr/local/python/3.12.1/lib/python3.12/site-packages/airflow/example_dags/example_time_delta_sensor_async.py
[2026-04-25T09:20:54.369+0000] {processor.py:830} INFO - Processing file /usr/local/python/3.12.1/lib/python3.12/site-packages/airflow/example_dags/example_time_delta_sensor_async.py for tasks to queue
[2026-04-25T09:20:54.370+0000] {logging_mixin.py:188} INFO - [2026-04-25T09:20:54.370+0000] {dagbag.py:540} INFO - Filling up the DagBag from /usr/local/python/3.12.1/lib/python3.12/site-packages/airflow/example_dags/example_time_delta_sensor_async.py
[2026-04-25T09:20:54.374+0000] {processor.py:840} INFO - DAG(s) 'example_time_delta_sensor_async' retrieved from /usr/local/python/3.12.1/lib/python3.12/site-packages/airflow/example_dags/example_time_delta_sensor_async.py
[2026-04-25T09:20:54.386+0000] {logging_mixin.py:188} INFO - [2026-04-25T09:20:54.385+0000] {dag.py:3096} INFO - Sync 1 DAGs
[2026-04-25T09:20:54.394+0000] {logging_mixin.py:188} INFO - [2026-04-25T09:20:54.394+0000] {dag.py:3954} INFO - Setting next_dagrun for example_time_delta_sensor_async to None, run_after=None
[2026-04-25T09:20:54.411+0000] {processor.py:183} INFO - Processing /usr/local/python/3.12.1/lib/python3.12/site-packages/airflow/example_dags/example_time_delta_sensor_async.py took 0.046 seconds
[2026-04-25T09:21:33.887+0000] {processor.py:161} INFO - Started process (PID=18267) to work on /usr/local/python/3.12.1/lib/python3.12/site-packages/airflow/example_dags/example_time_delta_sensor_async.py
[2026-04-25T09:21:33.888+0000] {processor.py:830} INFO - Processing file /usr/local/python/3.12.1/lib/python3.12/site-packages/airflow/example_dags/example_time_delta_sensor_async.py for tasks to queue
[2026-04-25T09:21:33.889+0000] {logging_mixin.py:188} INFO - [2026-04-25T09:21:33.889+0000] {dagbag.py:540} INFO - Filling up the DagBag from /usr/local/python/3.12.1/lib/python3.12/site-packages/airflow/example_dags/example_time_delta_sensor_async.py
[2026-04-25T09:21:33.892+0000] {processor.py:840} INFO - DAG(s) 'example_time_delta_sensor_async' retrieved from /usr/local/python/3.12.1/lib/python3.12/site-packages/airflow/example_dags/example_time_delta_sensor_async.py
[2026-04-25T09:21:33.906+0000] {logging_mixin.py:188} INFO - [2026-04-25T09:21:33.906+0000] {dag.py:3096} INFO - Sync 1 DAGs
[2026-04-25T09:21:33.915+0000] {logging_mixin.py:188} INFO - [2026-04-25T09:21:33.915+0000] {dag.py:3954} INFO - Setting next_dagrun for example_time_delta_sensor_async to None, run_after=None
[2026-04-25T09:21:33.933+0000] {processor.py:183} INFO - Processing /usr/local/python/3.12.1/lib/python3.12/site-packages/airflow/example_dags/example_time_delta_sensor_async.py took 0.049 seconds
[2026-04-25T09:22:14.674+0000] {processor.py:161} INFO - Started process (PID=18580) to work on /usr/local/python/3.12.1/lib/python3.12/site-packages/airflow/example_dags/example_time_delta_sensor_async.py
[2026-04-25T09:22:14.675+0000] {processor.py:830} INFO - Processing file /usr/local/python/3.12.1/lib/python3.12/site-packages/airflow/example_dags/example_time_delta_sensor_async.py for tasks to queue
[2026-04-25T09:22:14.675+0000] {logging_mixin.py:188} INFO - [2026-04-25T09:22:14.675+0000] {dagbag.py:540} INFO - Filling up the DagBag from /usr/local/python/3.12.1/lib/python3.12/site-packages/airflow/example_dags/example_time_delta_sensor_async.py
[2026-04-25T09:22:14.679+0000] {processor.py:840} INFO - DAG(s) 'example_time_delta_sensor_async' retrieved from /usr/local/python/3.12.1/lib/python3.12/site-packages/airflow/example_dags/example_time_delta_sensor_async.py
[2026-04-25T09:22:14.691+0000] {logging_mixin.py:188} INFO - [2026-04-25T09:22:14.691+0000] {dag.py:3096} INFO - Sync 1 DAGs
[2026-04-25T09:22:14.700+0000] {logging_mixin.py:188} INFO - [2026-04-25T09:22:14.700+0000] {dag.py:3954} INFO - Setting next_dagrun for example_time_delta_sensor_async to None, run_after=None
[2026-04-25T09:22:14.716+0000] {processor.py:183} INFO - Processing /usr/local/python/3.12.1/lib/python3.12/site-packages/airflow/example_dags/example_time_delta_sensor_async.py took 0.046 seconds
[2026-04-25T09:22:54.418+0000] {processor.py:161} INFO - Started process (PID=18895) to work on /usr/local/python/3.12.1/lib/python3.12/site-packages/airflow/example_dags/example_time_delta_sensor_async.py
[2026-04-25T09:22:54.419+0000] {processor.py:830} INFO - Processing file /usr/local/python/3.12.1/lib/python3.12/site-packages/airflow/example_dags/example_time_delta_sensor_async.py for tasks to queue
[2026-04-25T09:22:54.420+0000] {logging_mixin.py:188} INFO - [2026-04-25T09:22:54.419+0000] {dagbag.py:540} INFO - Filling up the DagBag from /usr/local/python/3.12.1/lib/python3.12/site-packages/airflow/example_dags/example_time_delta_sensor_async.py
[2026-04-25T09:22:54.423+0000] {processor.py:840} INFO - DAG(s) 'example_time_delta_sensor_async' retrieved from /usr/local/python/3.12.1/lib/python3.12/site-packages/airflow/example_dags/example_time_delta_sensor_async.py
[2026-04-25T09:22:54.435+0000] {logging_mixin.py:188} INFO - [2026-04-25T09:22:54.435+0000] {dag.py:3096} INFO - Sync 1 DAGs
[2026-04-25T09:22:54.444+0000] {logging_mixin.py:188} INFO - [2026-04-25T09:22:54.444+0000] {dag.py:3954} INFO - Setting next_dagrun for example_time_delta_sensor_async to None, run_after=None
[2026-04-25T09:22:54.463+0000] {processor.py:183} INFO - Processing /usr/local/python/3.12.1/lib/python3.12/site-packages/airflow/example_dags/example_time_delta_sensor_async.py took 0.049 seconds
[2026-04-25T09:23:31.597+0000] {processor.py:161} INFO - Started process (PID=19172) to work on /usr/local/python/3.12.1/lib/python3.12/site-packages/airflow/example_dags/example_time_delta_sensor_async.py
[2026-04-25T09:23:31.597+0000] {processor.py:830} INFO - Processing file /usr/local/python/3.12.1/lib/python3.12/site-packages/airflow/example_dags/example_time_delta_sensor_async.py for tasks to queue
[2026-04-25T09:23:31.598+0000] {logging_mixin.py:188} INFO - [2026-04-25T09:23:31.598+0000] {dagbag.py:540} INFO - Filling up the DagBag from /usr/local/python/3.12.1/lib/python3.12/site-packages/airflow/example_dags/example_time_delta_sensor_async.py
[2026-04-25T09:23:31.601+0000] {processor.py:840} INFO - DAG(s) 'example_time_delta_sensor_async' retrieved from /usr/local/python/3.12.1/lib/python3.12/site-packages/airflow/example_dags/example_time_delta_sensor_async.py
[2026-04-25T09:23:31.613+0000] {logging_mixin.py:188} INFO - [2026-04-25T09:23:31.613+0000] {dag.py:3096} INFO - Sync 1 DAGs
[2026-04-25T09:23:31.622+0000] {logging_mixin.py:188} INFO - [2026-04-25T09:23:31.622+0000] {dag.py:3954} INFO - Setting next_dagrun for example_time_delta_sensor_async to None, run_after=None
[2026-04-25T09:23:31.638+0000] {processor.py:183} INFO - Processing /usr/local/python/3.12.1/lib/python3.12/site-packages/airflow/example_dags/example_time_delta_sensor_async.py took 0.045 seconds
[2026-04-25T09:24:09.835+0000] {processor.py:161} INFO - Started process (PID=19469) to work on /usr/local/python/3.12.1/lib/python3.12/site-packages/airflow/example_dags/example_time_delta_sensor_async.py
[2026-04-25T09:24:09.835+0000] {processor.py:830} INFO - Processing file /usr/local/python/3.12.1/lib/python3.12/site-packages/airflow/example_dags/example_time_delta_sensor_async.py for tasks to queue
[2026-04-25T09:24:09.836+0000] {logging_mixin.py:188} INFO - [2026-04-25T09:24:09.836+0000] {dagbag.py:540} INFO - Filling up the DagBag from /usr/local/python/3.12.1/lib/python3.12/site-packages/airflow/example_dags/example_time_delta_sensor_async.py
[2026-04-25T09:24:09.839+0000] {processor.py:840} INFO - DAG(s) 'example_time_delta_sensor_async' retrieved from /usr/local/python/3.12.1/lib/python3.12/site-packages/airflow/example_dags/example_time_delta_sensor_async.py
[2026-04-25T09:24:09.852+0000] {logging_mixin.py:188} INFO - [2026-04-25T09:24:09.852+0000] {dag.py:3096} INFO - Sync 1 DAGs
[2026-04-25T09:24:09.860+0000] {logging_mixin.py:188} INFO - [2026-04-25T09:24:09.860+0000] {dag.py:3954} INFO - Setting next_dagrun for example_time_delta_sensor_async to None, run_after=None
[2026-04-25T09:24:09.876+0000] {processor.py:183} INFO - Processing /usr/local/python/3.12.1/lib/python3.12/site-packages/airflow/example_dags/example_time_delta_sensor_async.py took 0.045 seconds
[2026-04-25T09:24:50.836+0000] {processor.py:161} INFO - Started process (PID=19786) to work on /usr/local/python/3.12.1/lib/python3.12/site-packages/airflow/example_dags/example_time_delta_sensor_async.py
[2026-04-25T09:24:50.836+0000] {processor.py:830} INFO - Processing file /usr/local/python/3.12.1/lib/python3.12/site-packages/airflow/example_dags/example_time_delta_sensor_async.py for tasks to queue
[2026-04-25T09:24:50.837+0000] {logging_mixin.py:188} INFO - [2026-04-25T09:24:50.837+0000] {dagbag.py:540} INFO - Filling up the DagBag from /usr/local/python/3.12.1/lib/python3.12/site-packages/airflow/example_dags/example_time_delta_sensor_async.py
[2026-04-25T09:24:50.841+0000] {processor.py:840} INFO - DAG(s) 'example_time_delta_sensor_async' retrieved from /usr/local/python/3.12.1/lib/python3.12/site-packages/airflow/example_dags/example_time_delta_sensor_async.py
[2026-04-25T09:24:50.855+0000] {logging_mixin.py:188} INFO - [2026-04-25T09:24:50.855+0000] {dag.py:3096} INFO - Sync 1 DAGs
[2026-04-25T09:24:50.864+0000] {logging_mixin.py:188} INFO - [2026-04-25T09:24:50.864+0000] {dag.py:3954} INFO - Setting next_dagrun for example_time_delta_sensor_async to None, run_after=None
[2026-04-25T09:24:50.881+0000] {processor.py:183} INFO - Processing /usr/local/python/3.12.1/lib/python3.12/site-packages/airflow/example_dags/example_time_delta_sensor_async.py took 0.049 seconds
[2026-04-25T09:25:29.624+0000] {processor.py:161} INFO - Started process (PID=20090) to work on /usr/local/python/3.12.1/lib/python3.12/site-packages/airflow/example_dags/example_time_delta_sensor_async.py
[2026-04-25T09:25:29.625+0000] {processor.py:830} INFO - Processing file /usr/local/python/3.12.1/lib/python3.12/site-packages/airflow/example_dags/example_time_delta_sensor_async.py for tasks to queue
[2026-04-25T09:25:29.625+0000] {logging_mixin.py:188} INFO - [2026-04-25T09:25:29.625+0000] {dagbag.py:540} INFO - Filling up the DagBag from /usr/local/python/3.12.1/lib/python3.12/site-packages/airflow/example_dags/example_time_delta_sensor_async.py
[2026-04-25T09:25:29.629+0000] {processor.py:840} INFO - DAG(s) 'example_time_delta_sensor_async' retrieved from /usr/local/python/3.12.1/lib/python3.12/site-packages/airflow/example_dags/example_time_delta_sensor_async.py
[2026-04-25T09:25:29.641+0000] {logging_mixin.py:188} INFO - [2026-04-25T09:25:29.641+0000] {dag.py:3096} INFO - Sync 1 DAGs
[2026-04-25T09:25:29.650+0000] {logging_mixin.py:188} INFO - [2026-04-25T09:25:29.649+0000] {dag.py:3954} INFO - Setting next_dagrun for example_time_delta_sensor_async to None, run_after=None
[2026-04-25T09:25:29.666+0000] {processor.py:183} INFO - Processing /usr/local/python/3.12.1/lib/python3.12/site-packages/airflow/example_dags/example_time_delta_sensor_async.py took 0.046 seconds
[2026-04-25T09:26:26.103+0000] {processor.py:161} INFO - Started process (PID=20536) to work on /usr/local/python/3.12.1/lib/python3.12/site-packages/airflow/example_dags/example_time_delta_sensor_async.py
[2026-04-25T09:26:26.104+0000] {processor.py:830} INFO - Processing file /usr/local/python/3.12.1/lib/python3.12/site-packages/airflow/example_dags/example_time_delta_sensor_async.py for tasks to queue
[2026-04-25T09:26:26.105+0000] {logging_mixin.py:188} INFO - [2026-04-25T09:26:26.104+0000] {dagbag.py:540} INFO - Filling up the DagBag from /usr/local/python/3.12.1/lib/python3.12/site-packages/airflow/example_dags/example_time_delta_sensor_async.py
[2026-04-25T09:26:26.108+0000] {processor.py:840} INFO - DAG(s) 'example_time_delta_sensor_async' retrieved from /usr/local/python/3.12.1/lib/python3.12/site-packages/airflow/example_dags/example_time_delta_sensor_async.py
[2026-04-25T09:26:26.120+0000] {logging_mixin.py:188} INFO - [2026-04-25T09:26:26.120+0000] {dag.py:3096} INFO - Sync 1 DAGs
[2026-04-25T09:26:26.129+0000] {logging_mixin.py:188} INFO - [2026-04-25T09:26:26.129+0000] {dag.py:3954} INFO - Setting next_dagrun for example_time_delta_sensor_async to None, run_after=None
[2026-04-25T09:26:26.145+0000] {processor.py:183} INFO - Processing /usr/local/python/3.12.1/lib/python3.12/site-packages/airflow/example_dags/example_time_delta_sensor_async.py took 0.046 seconds
[2026-04-25T09:27:07.214+0000] {processor.py:161} INFO - Started process (PID=20855) to work on /usr/local/python/3.12.1/lib/python3.12/site-packages/airflow/example_dags/example_time_delta_sensor_async.py
[2026-04-25T09:27:07.215+0000] {processor.py:830} INFO - Processing file /usr/local/python/3.12.1/lib/python3.12/site-packages/airflow/example_dags/example_time_delta_sensor_async.py for tasks to queue
[2026-04-25T09:27:07.215+0000] {logging_mixin.py:188} INFO - [2026-04-25T09:27:07.215+0000] {dagbag.py:540} INFO - Filling up the DagBag from /usr/local/python/3.12.1/lib/python3.12/site-packages/airflow/example_dags/example_time_delta_sensor_async.py
[2026-04-25T09:27:07.219+0000] {processor.py:840} INFO - DAG(s) 'example_time_delta_sensor_async' retrieved from /usr/local/python/3.12.1/lib/python3.12/site-packages/airflow/example_dags/example_time_delta_sensor_async.py
[2026-04-25T09:27:07.230+0000] {logging_mixin.py:188} INFO - [2026-04-25T09:27:07.230+0000] {dag.py:3096} INFO - Sync 1 DAGs
[2026-04-25T09:27:07.239+0000] {logging_mixin.py:188} INFO - [2026-04-25T09:27:07.239+0000] {dag.py:3954} INFO - Setting next_dagrun for example_time_delta_sensor_async to None, run_after=None
[2026-04-25T09:27:07.254+0000] {processor.py:183} INFO - Processing /usr/local/python/3.12.1/lib/python3.12/site-packages/airflow/example_dags/example_time_delta_sensor_async.py took 0.044 seconds
[2026-04-25T09:27:47.203+0000] {processor.py:161} INFO - Started process (PID=21159) to work on /usr/local/python/3.12.1/lib/python3.12/site-packages/airflow/example_dags/example_time_delta_sensor_async.py
[2026-04-25T09:27:47.203+0000] {processor.py:830} INFO - Processing file /usr/local/python/3.12.1/lib/python3.12/site-packages/airflow/example_dags/example_time_delta_sensor_async.py for tasks to queue
[2026-04-25T09:27:47.204+0000] {logging_mixin.py:188} INFO - [2026-04-25T09:27:47.204+0000] {dagbag.py:540} INFO - Filling up the DagBag from /usr/local/python/3.12.1/lib/python3.12/site-packages/airflow/example_dags/example_time_delta_sensor_async.py
[2026-04-25T09:27:47.207+0000] {processor.py:840} INFO - DAG(s) 'example_time_delta_sensor_async' retrieved from /usr/local/python/3.12.1/lib/python3.12/site-packages/airflow/example_dags/example_time_delta_sensor_async.py
[2026-04-25T09:27:47.219+0000] {logging_mixin.py:188} INFO - [2026-04-25T09:27:47.219+0000] {dag.py:3096} INFO - Sync 1 DAGs
[2026-04-25T09:27:47.228+0000] {logging_mixin.py:188} INFO - [2026-04-25T09:27:47.228+0000] {dag.py:3954} INFO - Setting next_dagrun for example_time_delta_sensor_async to None, run_after=None
[2026-04-25T09:27:47.244+0000] {processor.py:183} INFO - Processing /usr/local/python/3.12.1/lib/python3.12/site-packages/airflow/example_dags/example_time_delta_sensor_async.py took 0.046 seconds
[2026-04-25T09:28:31.600+0000] {processor.py:161} INFO - Started process (PID=21501) to work on /usr/local/python/3.12.1/lib/python3.12/site-packages/airflow/example_dags/example_time_delta_sensor_async.py
[2026-04-25T09:28:31.601+0000] {processor.py:830} INFO - Processing file /usr/local/python/3.12.1/lib/python3.12/site-packages/airflow/example_dags/example_time_delta_sensor_async.py for tasks to queue
[2026-04-25T09:28:31.603+0000] {logging_mixin.py:188} INFO - [2026-04-25T09:28:31.602+0000] {dagbag.py:540} INFO - Filling up the DagBag from /usr/local/python/3.12.1/lib/python3.12/site-packages/airflow/example_dags/example_time_delta_sensor_async.py
[2026-04-25T09:28:31.612+0000] {processor.py:840} INFO - DAG(s) 'example_time_delta_sensor_async' retrieved from /usr/local/python/3.12.1/lib/python3.12/site-packages/airflow/example_dags/example_time_delta_sensor_async.py
[2026-04-25T09:28:31.624+0000] {logging_mixin.py:188} INFO - [2026-04-25T09:28:31.624+0000] {dag.py:3096} INFO - Sync 1 DAGs
[2026-04-25T09:28:31.633+0000] {logging_mixin.py:188} INFO - [2026-04-25T09:28:31.632+0000] {dag.py:3954} INFO - Setting next_dagrun for example_time_delta_sensor_async to None, run_after=None
[2026-04-25T09:28:31.648+0000] {processor.py:183} INFO - Processing /usr/local/python/3.12.1/lib/python3.12/site-packages/airflow/example_dags/example_time_delta_sensor_async.py took 0.054 seconds
[2026-04-25T09:29:12.698+0000] {processor.py:161} INFO - Started process (PID=21814) to work on /usr/local/python/3.12.1/lib/python3.12/site-packages/airflow/example_dags/example_time_delta_sensor_async.py
[2026-04-25T09:29:12.699+0000] {processor.py:830} INFO - Processing file /usr/local/python/3.12.1/lib/python3.12/site-packages/airflow/example_dags/example_time_delta_sensor_async.py for tasks to queue
[2026-04-25T09:29:12.699+0000] {logging_mixin.py:188} INFO - [2026-04-25T09:29:12.699+0000] {dagbag.py:540} INFO - Filling up the DagBag from /usr/local/python/3.12.1/lib/python3.12/site-packages/airflow/example_dags/example_time_delta_sensor_async.py
[2026-04-25T09:29:12.703+0000] {processor.py:840} INFO - DAG(s) 'example_time_delta_sensor_async' retrieved from /usr/local/python/3.12.1/lib/python3.12/site-packages/airflow/example_dags/example_time_delta_sensor_async.py
[2026-04-25T09:29:12.717+0000] {logging_mixin.py:188} INFO - [2026-04-25T09:29:12.717+0000] {dag.py:3096} INFO - Sync 1 DAGs
[2026-04-25T09:29:12.741+0000] {logging_mixin.py:188} INFO - [2026-04-25T09:29:12.738+0000] {dag.py:3954} INFO - Setting next_dagrun for example_time_delta_sensor_async to None, run_after=None
[2026-04-25T09:29:12.776+0000] {processor.py:183} INFO - Processing /usr/local/python/3.12.1/lib/python3.12/site-packages/airflow/example_dags/example_time_delta_sensor_async.py took 0.082 seconds
[2026-04-25T09:29:51.743+0000] {processor.py:161} INFO - Started process (PID=22115) to work on /usr/local/python/3.12.1/lib/python3.12/site-packages/airflow/example_dags/example_time_delta_sensor_async.py
[2026-04-25T09:29:51.744+0000] {processor.py:830} INFO - Processing file /usr/local/python/3.12.1/lib/python3.12/site-packages/airflow/example_dags/example_time_delta_sensor_async.py for tasks to queue
[2026-04-25T09:29:51.745+0000] {logging_mixin.py:188} INFO - [2026-04-25T09:29:51.744+0000] {dagbag.py:540} INFO - Filling up the DagBag from /usr/local/python/3.12.1/lib/python3.12/site-packages/airflow/example_dags/example_time_delta_sensor_async.py
[2026-04-25T09:29:51.748+0000] {processor.py:840} INFO - DAG(s) 'example_time_delta_sensor_async' retrieved from /usr/local/python/3.12.1/lib/python3.12/site-packages/airflow/example_dags/example_time_delta_sensor_async.py
[2026-04-25T09:29:51.759+0000] {logging_mixin.py:188} INFO - [2026-04-25T09:29:51.759+0000] {dag.py:3096} INFO - Sync 1 DAGs
[2026-04-25T09:29:51.768+0000] {logging_mixin.py:188} INFO - [2026-04-25T09:29:51.768+0000] {dag.py:3954} INFO - Setting next_dagrun for example_time_delta_sensor_async to None, run_after=None
[2026-04-25T09:29:51.784+0000] {processor.py:183} INFO - Processing /usr/local/python/3.12.1/lib/python3.12/site-packages/airflow/example_dags/example_time_delta_sensor_async.py took 0.044 seconds
[2026-04-25T09:30:29.706+0000] {processor.py:161} INFO - Started process (PID=22417) to work on /usr/local/python/3.12.1/lib/python3.12/site-packages/airflow/example_dags/example_time_delta_sensor_async.py
[2026-04-25T09:30:29.706+0000] {processor.py:830} INFO - Processing file /usr/local/python/3.12.1/lib/python3.12/site-packages/airflow/example_dags/example_time_delta_sensor_async.py for tasks to queue
[2026-04-25T09:30:29.707+0000] {logging_mixin.py:188} INFO - [2026-04-25T09:30:29.707+0000] {dagbag.py:540} INFO - Filling up the DagBag from /usr/local/python/3.12.1/lib/python3.12/site-packages/airflow/example_dags/example_time_delta_sensor_async.py
[2026-04-25T09:30:29.710+0000] {processor.py:840} INFO - DAG(s) 'example_time_delta_sensor_async' retrieved from /usr/local/python/3.12.1/lib/python3.12/site-packages/airflow/example_dags/example_time_delta_sensor_async.py
[2026-04-25T09:30:29.727+0000] {logging_mixin.py:188} INFO - [2026-04-25T09:30:29.727+0000] {dag.py:3096} INFO - Sync 1 DAGs
[2026-04-25T09:30:29.736+0000] {logging_mixin.py:188} INFO - [2026-04-25T09:30:29.736+0000] {dag.py:3954} INFO - Setting next_dagrun for example_time_delta_sensor_async to None, run_after=None
[2026-04-25T09:30:29.753+0000] {processor.py:183} INFO - Processing /usr/local/python/3.12.1/lib/python3.12/site-packages/airflow/example_dags/example_time_delta_sensor_async.py took 0.051 seconds
[2026-04-25T09:31:14.592+0000] {processor.py:161} INFO - Started process (PID=22749) to work on /usr/local/python/3.12.1/lib/python3.12/site-packages/airflow/example_dags/example_time_delta_sensor_async.py
[2026-04-25T09:31:14.592+0000] {processor.py:830} INFO - Processing file /usr/local/python/3.12.1/lib/python3.12/site-packages/airflow/example_dags/example_time_delta_sensor_async.py for tasks to queue
[2026-04-25T09:31:14.593+0000] {logging_mixin.py:188} INFO - [2026-04-25T09:31:14.593+0000] {dagbag.py:540} INFO - Filling up the DagBag from /usr/local/python/3.12.1/lib/python3.12/site-packages/airflow/example_dags/example_time_delta_sensor_async.py
[2026-04-25T09:31:14.596+0000] {processor.py:840} INFO - DAG(s) 'example_time_delta_sensor_async' retrieved from /usr/local/python/3.12.1/lib/python3.12/site-packages/airflow/example_dags/example_time_delta_sensor_async.py
[2026-04-25T09:31:14.608+0000] {logging_mixin.py:188} INFO - [2026-04-25T09:31:14.608+0000] {dag.py:3096} INFO - Sync 1 DAGs
[2026-04-25T09:31:14.616+0000] {logging_mixin.py:188} INFO - [2026-04-25T09:31:14.616+0000] {dag.py:3954} INFO - Setting next_dagrun for example_time_delta_sensor_async to None, run_after=None
[2026-04-25T09:31:14.632+0000] {processor.py:183} INFO - Processing /usr/local/python/3.12.1/lib/python3.12/site-packages/airflow/example_dags/example_time_delta_sensor_async.py took 0.044 seconds
[2026-04-25T09:31:56.828+0000] {processor.py:161} INFO - Started process (PID=23078) to work on /usr/local/python/3.12.1/lib/python3.12/site-packages/airflow/example_dags/example_time_delta_sensor_async.py
[2026-04-25T09:31:56.828+0000] {processor.py:830} INFO - Processing file /usr/local/python/3.12.1/lib/python3.12/site-packages/airflow/example_dags/example_time_delta_sensor_async.py for tasks to queue
[2026-04-25T09:31:56.829+0000] {logging_mixin.py:188} INFO - [2026-04-25T09:31:56.829+0000] {dagbag.py:540} INFO - Filling up the DagBag from /usr/local/python/3.12.1/lib/python3.12/site-packages/airflow/example_dags/example_time_delta_sensor_async.py
[2026-04-25T09:31:56.832+0000] {processor.py:840} INFO - DAG(s) 'example_time_delta_sensor_async' retrieved from /usr/local/python/3.12.1/lib/python3.12/site-packages/airflow/example_dags/example_time_delta_sensor_async.py
[2026-04-25T09:31:56.844+0000] {logging_mixin.py:188} INFO - [2026-04-25T09:31:56.844+0000] {dag.py:3096} INFO - Sync 1 DAGs
[2026-04-25T09:31:56.853+0000] {logging_mixin.py:188} INFO - [2026-04-25T09:31:56.853+0000] {dag.py:3954} INFO - Setting next_dagrun for example_time_delta_sensor_async to None, run_after=None
[2026-04-25T09:31:56.870+0000] {processor.py:183} INFO - Processing /usr/local/python/3.12.1/lib/python3.12/site-packages/airflow/example_dags/example_time_delta_sensor_async.py took 0.046 seconds
[2026-04-25T09:32:41.183+0000] {processor.py:161} INFO - Started process (PID=23404) to work on /usr/local/python/3.12.1/lib/python3.12/site-packages/airflow/example_dags/example_time_delta_sensor_async.py
[2026-04-25T09:32:41.183+0000] {processor.py:830} INFO - Processing file /usr/local/python/3.12.1/lib/python3.12/site-packages/airflow/example_dags/example_time_delta_sensor_async.py for tasks to queue
[2026-04-25T09:32:41.184+0000] {logging_mixin.py:188} INFO - [2026-04-25T09:32:41.184+0000] {dagbag.py:540} INFO - Filling up the DagBag from /usr/local/python/3.12.1/lib/python3.12/site-packages/airflow/example_dags/example_time_delta_sensor_async.py
[2026-04-25T09:32:41.187+0000] {processor.py:840} INFO - DAG(s) 'example_time_delta_sensor_async' retrieved from /usr/local/python/3.12.1/lib/python3.12/site-packages/airflow/example_dags/example_time_delta_sensor_async.py
[2026-04-25T09:32:41.199+0000] {logging_mixin.py:188} INFO - [2026-04-25T09:32:41.199+0000] {dag.py:3096} INFO - Sync 1 DAGs
[2026-04-25T09:32:41.208+0000] {logging_mixin.py:188} INFO - [2026-04-25T09:32:41.207+0000] {dag.py:3954} INFO - Setting next_dagrun for example_time_delta_sensor_async to None, run_after=None
[2026-04-25T09:32:41.223+0000] {processor.py:183} INFO - Processing /usr/local/python/3.12.1/lib/python3.12/site-packages/airflow/example_dags/example_time_delta_sensor_async.py took 0.045 seconds
[2026-04-25T09:33:24.815+0000] {processor.py:161} INFO - Started process (PID=23752) to work on /usr/local/python/3.12.1/lib/python3.12/site-packages/airflow/example_dags/example_time_delta_sensor_async.py
[2026-04-25T09:33:24.815+0000] {processor.py:830} INFO - Processing file /usr/local/python/3.12.1/lib/python3.12/site-packages/airflow/example_dags/example_time_delta_sensor_async.py for tasks to queue
[2026-04-25T09:33:24.816+0000] {logging_mixin.py:188} INFO - [2026-04-25T09:33:24.816+0000] {dagbag.py:540} INFO - Filling up the DagBag from /usr/local/python/3.12.1/lib/python3.12/site-packages/airflow/example_dags/example_time_delta_sensor_async.py
[2026-04-25T09:33:24.819+0000] {processor.py:840} INFO - DAG(s) 'example_time_delta_sensor_async' retrieved from /usr/local/python/3.12.1/lib/python3.12/site-packages/airflow/example_dags/example_time_delta_sensor_async.py
[2026-04-25T09:33:24.990+0000] {logging_mixin.py:188} INFO - [2026-04-25T09:33:24.990+0000] {dag.py:3096} INFO - Sync 1 DAGs
[2026-04-25T09:33:24.999+0000] {logging_mixin.py:188} INFO - [2026-04-25T09:33:24.998+0000] {dag.py:3954} INFO - Setting next_dagrun for example_time_delta_sensor_async to None, run_after=None
[2026-04-25T09:33:25.014+0000] {processor.py:183} INFO - Processing /usr/local/python/3.12.1/lib/python3.12/site-packages/airflow/example_dags/example_time_delta_sensor_async.py took 0.203 seconds
[2026-04-25T09:34:12.574+0000] {processor.py:161} INFO - Started process (PID=24109) to work on /usr/local/python/3.12.1/lib/python3.12/site-packages/airflow/example_dags/example_time_delta_sensor_async.py
[2026-04-25T09:34:12.574+0000] {processor.py:830} INFO - Processing file /usr/local/python/3.12.1/lib/python3.12/site-packages/airflow/example_dags/example_time_delta_sensor_async.py for tasks to queue
[2026-04-25T09:34:12.575+0000] {logging_mixin.py:188} INFO - [2026-04-25T09:34:12.575+0000] {dagbag.py:540} INFO - Filling up the DagBag from /usr/local/python/3.12.1/lib/python3.12/site-packages/airflow/example_dags/example_time_delta_sensor_async.py
[2026-04-25T09:34:12.578+0000] {processor.py:840} INFO - DAG(s) 'example_time_delta_sensor_async' retrieved from /usr/local/python/3.12.1/lib/python3.12/site-packages/airflow/example_dags/example_time_delta_sensor_async.py
[2026-04-25T09:34:12.590+0000] {logging_mixin.py:188} INFO - [2026-04-25T09:34:12.590+0000] {dag.py:3096} INFO - Sync 1 DAGs
[2026-04-25T09:34:12.599+0000] {logging_mixin.py:188} INFO - [2026-04-25T09:34:12.599+0000] {dag.py:3954} INFO - Setting next_dagrun for example_time_delta_sensor_async to None, run_after=None
[2026-04-25T09:34:12.615+0000] {processor.py:183} INFO - Processing /usr/local/python/3.12.1/lib/python3.12/site-packages/airflow/example_dags/example_time_delta_sensor_async.py took 0.046 seconds
[2026-04-25T09:34:50.648+0000] {processor.py:161} INFO - Started process (PID=24412) to work on /usr/local/python/3.12.1/lib/python3.12/site-packages/airflow/example_dags/example_time_delta_sensor_async.py
[2026-04-25T09:34:50.649+0000] {processor.py:830} INFO - Processing file /usr/local/python/3.12.1/lib/python3.12/site-packages/airflow/example_dags/example_time_delta_sensor_async.py for tasks to queue
[2026-04-25T09:34:50.649+0000] {logging_mixin.py:188} INFO - [2026-04-25T09:34:50.649+0000] {dagbag.py:540} INFO - Filling up the DagBag from /usr/local/python/3.12.1/lib/python3.12/site-packages/airflow/example_dags/example_time_delta_sensor_async.py
[2026-04-25T09:34:50.653+0000] {processor.py:840} INFO - DAG(s) 'example_time_delta_sensor_async' retrieved from /usr/local/python/3.12.1/lib/python3.12/site-packages/airflow/example_dags/example_time_delta_sensor_async.py
[2026-04-25T09:34:50.664+0000] {logging_mixin.py:188} INFO - [2026-04-25T09:34:50.664+0000] {dag.py:3096} INFO - Sync 1 DAGs
[2026-04-25T09:34:50.673+0000] {logging_mixin.py:188} INFO - [2026-04-25T09:34:50.673+0000] {dag.py:3954} INFO - Setting next_dagrun for example_time_delta_sensor_async to None, run_after=None
[2026-04-25T09:34:50.690+0000] {processor.py:183} INFO - Processing /usr/local/python/3.12.1/lib/python3.12/site-packages/airflow/example_dags/example_time_delta_sensor_async.py took 0.046 seconds
[2026-04-25T09:35:27.228+0000] {processor.py:161} INFO - Started process (PID=24693) to work on /usr/local/python/3.12.1/lib/python3.12/site-packages/airflow/example_dags/example_time_delta_sensor_async.py
[2026-04-25T09:35:27.228+0000] {processor.py:830} INFO - Processing file /usr/local/python/3.12.1/lib/python3.12/site-packages/airflow/example_dags/example_time_delta_sensor_async.py for tasks to queue
[2026-04-25T09:35:27.229+0000] {logging_mixin.py:188} INFO - [2026-04-25T09:35:27.229+0000] {dagbag.py:540} INFO - Filling up the DagBag from /usr/local/python/3.12.1/lib/python3.12/site-packages/airflow/example_dags/example_time_delta_sensor_async.py
[2026-04-25T09:35:27.232+0000] {processor.py:840} INFO - DAG(s) 'example_time_delta_sensor_async' retrieved from /usr/local/python/3.12.1/lib/python3.12/site-packages/airflow/example_dags/example_time_delta_sensor_async.py
[2026-04-25T09:35:27.244+0000] {logging_mixin.py:188} INFO - [2026-04-25T09:35:27.244+0000] {dag.py:3096} INFO - Sync 1 DAGs
[2026-04-25T09:35:27.256+0000] {logging_mixin.py:188} INFO - [2026-04-25T09:35:27.256+0000] {dag.py:3954} INFO - Setting next_dagrun for example_time_delta_sensor_async to None, run_after=None
[2026-04-25T09:35:27.286+0000] {processor.py:183} INFO - Processing /usr/local/python/3.12.1/lib/python3.12/site-packages/airflow/example_dags/example_time_delta_sensor_async.py took 0.062 seconds
[2026-04-25T09:36:06.506+0000] {processor.py:161} INFO - Started process (PID=25004) to work on /usr/local/python/3.12.1/lib/python3.12/site-packages/airflow/example_dags/example_time_delta_sensor_async.py
[2026-04-25T09:36:06.507+0000] {processor.py:830} INFO - Processing file /usr/local/python/3.12.1/lib/python3.12/site-packages/airflow/example_dags/example_time_delta_sensor_async.py for tasks to queue
[2026-04-25T09:36:06.507+0000] {logging_mixin.py:188} INFO - [2026-04-25T09:36:06.507+0000] {dagbag.py:540} INFO - Filling up the DagBag from /usr/local/python/3.12.1/lib/python3.12/site-packages/airflow/example_dags/example_time_delta_sensor_async.py
[2026-04-25T09:36:06.511+0000] {processor.py:840} INFO - DAG(s) 'example_time_delta_sensor_async' retrieved from /usr/local/python/3.12.1/lib/python3.12/site-packages/airflow/example_dags/example_time_delta_sensor_async.py
[2026-04-25T09:36:06.523+0000] {logging_mixin.py:188} INFO - [2026-04-25T09:36:06.523+0000] {dag.py:3096} INFO - Sync 1 DAGs
[2026-04-25T09:36:06.532+0000] {logging_mixin.py:188} INFO - [2026-04-25T09:36:06.532+0000] {dag.py:3954} INFO - Setting next_dagrun for example_time_delta_sensor_async to None, run_after=None
[2026-04-25T09:36:06.549+0000] {processor.py:183} INFO - Processing /usr/local/python/3.12.1/lib/python3.12/site-packages/airflow/example_dags/example_time_delta_sensor_async.py took 0.048 seconds
[2026-04-25T09:36:45.350+0000] {processor.py:161} INFO - Started process (PID=25292) to work on /usr/local/python/3.12.1/lib/python3.12/site-packages/airflow/example_dags/example_time_delta_sensor_async.py
[2026-04-25T09:36:45.351+0000] {processor.py:830} INFO - Processing file /usr/local/python/3.12.1/lib/python3.12/site-packages/airflow/example_dags/example_time_delta_sensor_async.py for tasks to queue
[2026-04-25T09:36:45.352+0000] {logging_mixin.py:188} INFO - [2026-04-25T09:36:45.351+0000] {dagbag.py:540} INFO - Filling up the DagBag from /usr/local/python/3.12.1/lib/python3.12/site-packages/airflow/example_dags/example_time_delta_sensor_async.py
[2026-04-25T09:36:45.357+0000] {processor.py:840} INFO - DAG(s) 'example_time_delta_sensor_async' retrieved from /usr/local/python/3.12.1/lib/python3.12/site-packages/airflow/example_dags/example_time_delta_sensor_async.py
[2026-04-25T09:36:45.377+0000] {logging_mixin.py:188} INFO - [2026-04-25T09:36:45.376+0000] {dag.py:3096} INFO - Sync 1 DAGs
[2026-04-25T09:36:45.392+0000] {logging_mixin.py:188} INFO - [2026-04-25T09:36:45.392+0000] {dag.py:3954} INFO - Setting next_dagrun for example_time_delta_sensor_async to None, run_after=None
[2026-04-25T09:36:45.419+0000] {processor.py:183} INFO - Processing /usr/local/python/3.12.1/lib/python3.12/site-packages/airflow/example_dags/example_time_delta_sensor_async.py took 0.077 seconds
[2026-04-25T09:37:27.074+0000] {processor.py:161} INFO - Started process (PID=25623) to work on /usr/local/python/3.12.1/lib/python3.12/site-packages/airflow/example_dags/example_time_delta_sensor_async.py
[2026-04-25T09:37:27.075+0000] {processor.py:830} INFO - Processing file /usr/local/python/3.12.1/lib/python3.12/site-packages/airflow/example_dags/example_time_delta_sensor_async.py for tasks to queue
[2026-04-25T09:37:27.076+0000] {logging_mixin.py:188} INFO - [2026-04-25T09:37:27.075+0000] {dagbag.py:540} INFO - Filling up the DagBag from /usr/local/python/3.12.1/lib/python3.12/site-packages/airflow/example_dags/example_time_delta_sensor_async.py
[2026-04-25T09:37:27.080+0000] {processor.py:840} INFO - DAG(s) 'example_time_delta_sensor_async' retrieved from /usr/local/python/3.12.1/lib/python3.12/site-packages/airflow/example_dags/example_time_delta_sensor_async.py
[2026-04-25T09:37:27.095+0000] {logging_mixin.py:188} INFO - [2026-04-25T09:37:27.094+0000] {dag.py:3096} INFO - Sync 1 DAGs
[2026-04-25T09:37:27.104+0000] {logging_mixin.py:188} INFO - [2026-04-25T09:37:27.104+0000] {dag.py:3954} INFO - Setting next_dagrun for example_time_delta_sensor_async to None, run_after=None
[2026-04-25T09:37:27.122+0000] {processor.py:183} INFO - Processing /usr/local/python/3.12.1/lib/python3.12/site-packages/airflow/example_dags/example_time_delta_sensor_async.py took 0.052 seconds
[2026-04-25T09:38:08.710+0000] {processor.py:161} INFO - Started process (PID=25950) to work on /usr/local/python/3.12.1/lib/python3.12/site-packages/airflow/example_dags/example_time_delta_sensor_async.py
[2026-04-25T09:38:08.711+0000] {processor.py:830} INFO - Processing file /usr/local/python/3.12.1/lib/python3.12/site-packages/airflow/example_dags/example_time_delta_sensor_async.py for tasks to queue
[2026-04-25T09:38:08.712+0000] {logging_mixin.py:188} INFO - [2026-04-25T09:38:08.711+0000] {dagbag.py:540} INFO - Filling up the DagBag from /usr/local/python/3.12.1/lib/python3.12/site-packages/airflow/example_dags/example_time_delta_sensor_async.py
[2026-04-25T09:38:08.715+0000] {processor.py:840} INFO - DAG(s) 'example_time_delta_sensor_async' retrieved from /usr/local/python/3.12.1/lib/python3.12/site-packages/airflow/example_dags/example_time_delta_sensor_async.py
[2026-04-25T09:38:08.729+0000] {logging_mixin.py:188} INFO - [2026-04-25T09:38:08.729+0000] {dag.py:3096} INFO - Sync 1 DAGs
[2026-04-25T09:38:08.738+0000] {logging_mixin.py:188} INFO - [2026-04-25T09:38:08.738+0000] {dag.py:3954} INFO - Setting next_dagrun for example_time_delta_sensor_async to None, run_after=None
[2026-04-25T09:38:08.755+0000] {processor.py:183} INFO - Processing /usr/local/python/3.12.1/lib/python3.12/site-packages/airflow/example_dags/example_time_delta_sensor_async.py took 0.048 seconds
[2026-04-25T09:38:49.753+0000] {processor.py:161} INFO - Started process (PID=26257) to work on /usr/local/python/3.12.1/lib/python3.12/site-packages/airflow/example_dags/example_time_delta_sensor_async.py
[2026-04-25T09:38:49.754+0000] {processor.py:830} INFO - Processing file /usr/local/python/3.12.1/lib/python3.12/site-packages/airflow/example_dags/example_time_delta_sensor_async.py for tasks to queue
[2026-04-25T09:38:49.755+0000] {logging_mixin.py:188} INFO - [2026-04-25T09:38:49.755+0000] {dagbag.py:540} INFO - Filling up the DagBag from /usr/local/python/3.12.1/lib/python3.12/site-packages/airflow/example_dags/example_time_delta_sensor_async.py
[2026-04-25T09:38:49.761+0000] {processor.py:840} INFO - DAG(s) 'example_time_delta_sensor_async' retrieved from /usr/local/python/3.12.1/lib/python3.12/site-packages/airflow/example_dags/example_time_delta_sensor_async.py
[2026-04-25T09:38:49.781+0000] {logging_mixin.py:188} INFO - [2026-04-25T09:38:49.780+0000] {dag.py:3096} INFO - Sync 1 DAGs
[2026-04-25T09:38:49.798+0000] {logging_mixin.py:188} INFO - [2026-04-25T09:38:49.798+0000] {dag.py:3954} INFO - Setting next_dagrun for example_time_delta_sensor_async to None, run_after=None
[2026-04-25T09:38:49.815+0000] {processor.py:183} INFO - Processing /usr/local/python/3.12.1/lib/python3.12/site-packages/airflow/example_dags/example_time_delta_sensor_async.py took 0.069 seconds
[2026-04-25T09:39:28.720+0000] {processor.py:161} INFO - Started process (PID=26569) to work on /usr/local/python/3.12.1/lib/python3.12/site-packages/airflow/example_dags/example_time_delta_sensor_async.py
[2026-04-25T09:39:28.720+0000] {processor.py:830} INFO - Processing file /usr/local/python/3.12.1/lib/python3.12/site-packages/airflow/example_dags/example_time_delta_sensor_async.py for tasks to queue
[2026-04-25T09:39:28.721+0000] {logging_mixin.py:188} INFO - [2026-04-25T09:39:28.721+0000] {dagbag.py:540} INFO - Filling up the DagBag from /usr/local/python/3.12.1/lib/python3.12/site-packages/airflow/example_dags/example_time_delta_sensor_async.py
[2026-04-25T09:39:28.724+0000] {processor.py:840} INFO - DAG(s) 'example_time_delta_sensor_async' retrieved from /usr/local/python/3.12.1/lib/python3.12/site-packages/airflow/example_dags/example_time_delta_sensor_async.py
[2026-04-25T09:39:28.736+0000] {logging_mixin.py:188} INFO - [2026-04-25T09:39:28.736+0000] {dag.py:3096} INFO - Sync 1 DAGs
[2026-04-25T09:39:28.745+0000] {logging_mixin.py:188} INFO - [2026-04-25T09:39:28.745+0000] {dag.py:3954} INFO - Setting next_dagrun for example_time_delta_sensor_async to None, run_after=None
[2026-04-25T09:39:28.761+0000] {processor.py:183} INFO - Processing /usr/local/python/3.12.1/lib/python3.12/site-packages/airflow/example_dags/example_time_delta_sensor_async.py took 0.046 seconds
[2026-04-25T09:40:09.383+0000] {processor.py:161} INFO - Started process (PID=26881) to work on /usr/local/python/3.12.1/lib/python3.12/site-packages/airflow/example_dags/example_time_delta_sensor_async.py
[2026-04-25T09:40:09.384+0000] {processor.py:830} INFO - Processing file /usr/local/python/3.12.1/lib/python3.12/site-packages/airflow/example_dags/example_time_delta_sensor_async.py for tasks to queue
[2026-04-25T09:40:09.385+0000] {logging_mixin.py:188} INFO - [2026-04-25T09:40:09.384+0000] {dagbag.py:540} INFO - Filling up the DagBag from /usr/local/python/3.12.1/lib/python3.12/site-packages/airflow/example_dags/example_time_delta_sensor_async.py
[2026-04-25T09:40:09.388+0000] {processor.py:840} INFO - DAG(s) 'example_time_delta_sensor_async' retrieved from /usr/local/python/3.12.1/lib/python3.12/site-packages/airflow/example_dags/example_time_delta_sensor_async.py
[2026-04-25T09:40:09.400+0000] {logging_mixin.py:188} INFO - [2026-04-25T09:40:09.400+0000] {dag.py:3096} INFO - Sync 1 DAGs
[2026-04-25T09:40:09.409+0000] {logging_mixin.py:188} INFO - [2026-04-25T09:40:09.409+0000] {dag.py:3954} INFO - Setting next_dagrun for example_time_delta_sensor_async to None, run_after=None
[2026-04-25T09:40:09.426+0000] {processor.py:183} INFO - Processing /usr/local/python/3.12.1/lib/python3.12/site-packages/airflow/example_dags/example_time_delta_sensor_async.py took 0.047 seconds
[2026-04-25T09:40:46.417+0000] {processor.py:161} INFO - Started process (PID=27159) to work on /usr/local/python/3.12.1/lib/python3.12/site-packages/airflow/example_dags/example_time_delta_sensor_async.py
[2026-04-25T09:40:46.418+0000] {processor.py:830} INFO - Processing file /usr/local/python/3.12.1/lib/python3.12/site-packages/airflow/example_dags/example_time_delta_sensor_async.py for tasks to queue
[2026-04-25T09:40:46.418+0000] {logging_mixin.py:188} INFO - [2026-04-25T09:40:46.418+0000] {dagbag.py:540} INFO - Filling up the DagBag from /usr/local/python/3.12.1/lib/python3.12/site-packages/airflow/example_dags/example_time_delta_sensor_async.py
[2026-04-25T09:40:46.422+0000] {processor.py:840} INFO - DAG(s) 'example_time_delta_sensor_async' retrieved from /usr/local/python/3.12.1/lib/python3.12/site-packages/airflow/example_dags/example_time_delta_sensor_async.py
[2026-04-25T09:40:46.434+0000] {logging_mixin.py:188} INFO - [2026-04-25T09:40:46.434+0000] {dag.py:3096} INFO - Sync 1 DAGs
[2026-04-25T09:40:46.443+0000] {logging_mixin.py:188} INFO - [2026-04-25T09:40:46.442+0000] {dag.py:3954} INFO - Setting next_dagrun for example_time_delta_sensor_async to None, run_after=None
[2026-04-25T09:40:46.459+0000] {processor.py:183} INFO - Processing /usr/local/python/3.12.1/lib/python3.12/site-packages/airflow/example_dags/example_time_delta_sensor_async.py took 0.046 seconds
[2026-04-25T09:41:26.432+0000] {processor.py:161} INFO - Started process (PID=27465) to work on /usr/local/python/3.12.1/lib/python3.12/site-packages/airflow/example_dags/example_time_delta_sensor_async.py
[2026-04-25T09:41:26.433+0000] {processor.py:830} INFO - Processing file /usr/local/python/3.12.1/lib/python3.12/site-packages/airflow/example_dags/example_time_delta_sensor_async.py for tasks to queue
[2026-04-25T09:41:26.434+0000] {logging_mixin.py:188} INFO - [2026-04-25T09:41:26.433+0000] {dagbag.py:540} INFO - Filling up the DagBag from /usr/local/python/3.12.1/lib/python3.12/site-packages/airflow/example_dags/example_time_delta_sensor_async.py
[2026-04-25T09:41:26.437+0000] {processor.py:840} INFO - DAG(s) 'example_time_delta_sensor_async' retrieved from /usr/local/python/3.12.1/lib/python3.12/site-packages/airflow/example_dags/example_time_delta_sensor_async.py
[2026-04-25T09:41:26.449+0000] {logging_mixin.py:188} INFO - [2026-04-25T09:41:26.449+0000] {dag.py:3096} INFO - Sync 1 DAGs
[2026-04-25T09:41:26.458+0000] {logging_mixin.py:188} INFO - [2026-04-25T09:41:26.458+0000] {dag.py:3954} INFO - Setting next_dagrun for example_time_delta_sensor_async to None, run_after=None
[2026-04-25T09:41:26.478+0000] {processor.py:183} INFO - Processing /usr/local/python/3.12.1/lib/python3.12/site-packages/airflow/example_dags/example_time_delta_sensor_async.py took 0.050 seconds
[2026-04-25T09:42:03.934+0000] {processor.py:161} INFO - Started process (PID=27765) to work on /usr/local/python/3.12.1/lib/python3.12/site-packages/airflow/example_dags/example_time_delta_sensor_async.py
[2026-04-25T09:42:03.935+0000] {processor.py:830} INFO - Processing file /usr/local/python/3.12.1/lib/python3.12/site-packages/airflow/example_dags/example_time_delta_sensor_async.py for tasks to queue
[2026-04-25T09:42:03.935+0000] {logging_mixin.py:188} INFO - [2026-04-25T09:42:03.935+0000] {dagbag.py:540} INFO - Filling up the DagBag from /usr/local/python/3.12.1/lib/python3.12/site-packages/airflow/example_dags/example_time_delta_sensor_async.py
[2026-04-25T09:42:03.939+0000] {processor.py:840} INFO - DAG(s) 'example_time_delta_sensor_async' retrieved from /usr/local/python/3.12.1/lib/python3.12/site-packages/airflow/example_dags/example_time_delta_sensor_async.py
[2026-04-25T09:42:03.951+0000] {logging_mixin.py:188} INFO - [2026-04-25T09:42:03.951+0000] {dag.py:3096} INFO - Sync 1 DAGs
[2026-04-25T09:42:03.960+0000] {logging_mixin.py:188} INFO - [2026-04-25T09:42:03.960+0000] {dag.py:3954} INFO - Setting next_dagrun for example_time_delta_sensor_async to None, run_after=None
[2026-04-25T09:42:03.977+0000] {processor.py:183} INFO - Processing /usr/local/python/3.12.1/lib/python3.12/site-packages/airflow/example_dags/example_time_delta_sensor_async.py took 0.047 seconds
[2026-04-25T09:43:01.054+0000] {processor.py:161} INFO - Started process (PID=28196) to work on /usr/local/python/3.12.1/lib/python3.12/site-packages/airflow/example_dags/example_time_delta_sensor_async.py
[2026-04-25T09:43:01.055+0000] {processor.py:830} INFO - Processing file /usr/local/python/3.12.1/lib/python3.12/site-packages/airflow/example_dags/example_time_delta_sensor_async.py for tasks to queue
[2026-04-25T09:43:01.055+0000] {logging_mixin.py:188} INFO - [2026-04-25T09:43:01.055+0000] {dagbag.py:540} INFO - Filling up the DagBag from /usr/local/python/3.12.1/lib/python3.12/site-packages/airflow/example_dags/example_time_delta_sensor_async.py
[2026-04-25T09:43:01.058+0000] {processor.py:840} INFO - DAG(s) 'example_time_delta_sensor_async' retrieved from /usr/local/python/3.12.1/lib/python3.12/site-packages/airflow/example_dags/example_time_delta_sensor_async.py
[2026-04-25T09:43:01.070+0000] {logging_mixin.py:188} INFO - [2026-04-25T09:43:01.070+0000] {dag.py:3096} INFO - Sync 1 DAGs
[2026-04-25T09:43:01.079+0000] {logging_mixin.py:188} INFO - [2026-04-25T09:43:01.078+0000] {dag.py:3954} INFO - Setting next_dagrun for example_time_delta_sensor_async to None, run_after=None
[2026-04-25T09:43:01.095+0000] {processor.py:183} INFO - Processing /usr/local/python/3.12.1/lib/python3.12/site-packages/airflow/example_dags/example_time_delta_sensor_async.py took 0.045 seconds
[2026-04-25T09:43:45.273+0000] {processor.py:161} INFO - Started process (PID=28545) to work on /usr/local/python/3.12.1/lib/python3.12/site-packages/airflow/example_dags/example_time_delta_sensor_async.py
[2026-04-25T09:43:45.274+0000] {processor.py:830} INFO - Processing file /usr/local/python/3.12.1/lib/python3.12/site-packages/airflow/example_dags/example_time_delta_sensor_async.py for tasks to queue
[2026-04-25T09:43:45.275+0000] {logging_mixin.py:188} INFO - [2026-04-25T09:43:45.275+0000] {dagbag.py:540} INFO - Filling up the DagBag from /usr/local/python/3.12.1/lib/python3.12/site-packages/airflow/example_dags/example_time_delta_sensor_async.py
[2026-04-25T09:43:45.279+0000] {processor.py:840} INFO - DAG(s) 'example_time_delta_sensor_async' retrieved from /usr/local/python/3.12.1/lib/python3.12/site-packages/airflow/example_dags/example_time_delta_sensor_async.py
[2026-04-25T09:43:45.290+0000] {logging_mixin.py:188} INFO - [2026-04-25T09:43:45.290+0000] {dag.py:3096} INFO - Sync 1 DAGs
[2026-04-25T09:43:45.300+0000] {logging_mixin.py:188} INFO - [2026-04-25T09:43:45.300+0000] {dag.py:3954} INFO - Setting next_dagrun for example_time_delta_sensor_async to None, run_after=None
[2026-04-25T09:43:45.318+0000] {processor.py:183} INFO - Processing /usr/local/python/3.12.1/lib/python3.12/site-packages/airflow/example_dags/example_time_delta_sensor_async.py took 0.049 seconds
[2026-04-25T09:44:25.906+0000] {processor.py:161} INFO - Started process (PID=28862) to work on /usr/local/python/3.12.1/lib/python3.12/site-packages/airflow/example_dags/example_time_delta_sensor_async.py
[2026-04-25T09:44:25.907+0000] {processor.py:830} INFO - Processing file /usr/local/python/3.12.1/lib/python3.12/site-packages/airflow/example_dags/example_time_delta_sensor_async.py for tasks to queue
[2026-04-25T09:44:25.908+0000] {logging_mixin.py:188} INFO - [2026-04-25T09:44:25.907+0000] {dagbag.py:540} INFO - Filling up the DagBag from /usr/local/python/3.12.1/lib/python3.12/site-packages/airflow/example_dags/example_time_delta_sensor_async.py
[2026-04-25T09:44:25.911+0000] {processor.py:840} INFO - DAG(s) 'example_time_delta_sensor_async' retrieved from /usr/local/python/3.12.1/lib/python3.12/site-packages/airflow/example_dags/example_time_delta_sensor_async.py
[2026-04-25T09:44:25.924+0000] {logging_mixin.py:188} INFO - [2026-04-25T09:44:25.923+0000] {dag.py:3096} INFO - Sync 1 DAGs
[2026-04-25T09:44:25.932+0000] {logging_mixin.py:188} INFO - [2026-04-25T09:44:25.932+0000] {dag.py:3954} INFO - Setting next_dagrun for example_time_delta_sensor_async to None, run_after=None
[2026-04-25T09:44:25.951+0000] {processor.py:183} INFO - Processing /usr/local/python/3.12.1/lib/python3.12/site-packages/airflow/example_dags/example_time_delta_sensor_async.py took 0.049 seconds
[2026-04-25T09:45:03.517+0000] {processor.py:161} INFO - Started process (PID=29142) to work on /usr/local/python/3.12.1/lib/python3.12/site-packages/airflow/example_dags/example_time_delta_sensor_async.py
[2026-04-25T09:45:03.518+0000] {processor.py:830} INFO - Processing file /usr/local/python/3.12.1/lib/python3.12/site-packages/airflow/example_dags/example_time_delta_sensor_async.py for tasks to queue
[2026-04-25T09:45:03.519+0000] {logging_mixin.py:188} INFO - [2026-04-25T09:45:03.518+0000] {dagbag.py:540} INFO - Filling up the DagBag from /usr/local/python/3.12.1/lib/python3.12/site-packages/airflow/example_dags/example_time_delta_sensor_async.py
[2026-04-25T09:45:03.522+0000] {processor.py:840} INFO - DAG(s) 'example_time_delta_sensor_async' retrieved from /usr/local/python/3.12.1/lib/python3.12/site-packages/airflow/example_dags/example_time_delta_sensor_async.py
[2026-04-25T09:45:03.534+0000] {logging_mixin.py:188} INFO - [2026-04-25T09:45:03.534+0000] {dag.py:3096} INFO - Sync 1 DAGs
[2026-04-25T09:45:03.544+0000] {logging_mixin.py:188} INFO - [2026-04-25T09:45:03.543+0000] {dag.py:3954} INFO - Setting next_dagrun for example_time_delta_sensor_async to None, run_after=None
[2026-04-25T09:45:03.562+0000] {processor.py:183} INFO - Processing /usr/local/python/3.12.1/lib/python3.12/site-packages/airflow/example_dags/example_time_delta_sensor_async.py took 0.051 seconds
[2026-04-25T09:45:43.499+0000] {processor.py:161} INFO - Started process (PID=29456) to work on /usr/local/python/3.12.1/lib/python3.12/site-packages/airflow/example_dags/example_time_delta_sensor_async.py
[2026-04-25T09:45:43.500+0000] {processor.py:830} INFO - Processing file /usr/local/python/3.12.1/lib/python3.12/site-packages/airflow/example_dags/example_time_delta_sensor_async.py for tasks to queue
[2026-04-25T09:45:43.501+0000] {logging_mixin.py:188} INFO - [2026-04-25T09:45:43.500+0000] {dagbag.py:540} INFO - Filling up the DagBag from /usr/local/python/3.12.1/lib/python3.12/site-packages/airflow/example_dags/example_time_delta_sensor_async.py
[2026-04-25T09:45:43.505+0000] {processor.py:840} INFO - DAG(s) 'example_time_delta_sensor_async' retrieved from /usr/local/python/3.12.1/lib/python3.12/site-packages/airflow/example_dags/example_time_delta_sensor_async.py
[2026-04-25T09:45:43.516+0000] {logging_mixin.py:188} INFO - [2026-04-25T09:45:43.516+0000] {dag.py:3096} INFO - Sync 1 DAGs
[2026-04-25T09:45:43.526+0000] {logging_mixin.py:188} INFO - [2026-04-25T09:45:43.525+0000] {dag.py:3954} INFO - Setting next_dagrun for example_time_delta_sensor_async to None, run_after=None
[2026-04-25T09:45:43.542+0000] {processor.py:183} INFO - Processing /usr/local/python/3.12.1/lib/python3.12/site-packages/airflow/example_dags/example_time_delta_sensor_async.py took 0.049 seconds
[2026-04-25T09:46:26.914+0000] {processor.py:161} INFO - Started process (PID=29801) to work on /usr/local/python/3.12.1/lib/python3.12/site-packages/airflow/example_dags/example_time_delta_sensor_async.py
[2026-04-25T09:46:26.920+0000] {processor.py:830} INFO - Processing file /usr/local/python/3.12.1/lib/python3.12/site-packages/airflow/example_dags/example_time_delta_sensor_async.py for tasks to queue
[2026-04-25T09:46:26.921+0000] {logging_mixin.py:188} INFO - [2026-04-25T09:46:26.921+0000] {dagbag.py:540} INFO - Filling up the DagBag from /usr/local/python/3.12.1/lib/python3.12/site-packages/airflow/example_dags/example_time_delta_sensor_async.py
[2026-04-25T09:46:26.925+0000] {processor.py:840} INFO - DAG(s) 'example_time_delta_sensor_async' retrieved from /usr/local/python/3.12.1/lib/python3.12/site-packages/airflow/example_dags/example_time_delta_sensor_async.py
[2026-04-25T09:46:26.938+0000] {logging_mixin.py:188} INFO - [2026-04-25T09:46:26.938+0000] {dag.py:3096} INFO - Sync 1 DAGs
[2026-04-25T09:46:26.947+0000] {logging_mixin.py:188} INFO - [2026-04-25T09:46:26.947+0000] {dag.py:3954} INFO - Setting next_dagrun for example_time_delta_sensor_async to None, run_after=None
[2026-04-25T09:46:26.965+0000] {processor.py:183} INFO - Processing /usr/local/python/3.12.1/lib/python3.12/site-packages/airflow/example_dags/example_time_delta_sensor_async.py took 0.063 seconds
