[2026-04-25T09:05:52.286+0000] {processor.py:161} INFO - Started process (PID=8142) to work on /usr/local/python/3.12.1/lib/python3.12/site-packages/airflow/example_dags/example_trigger_controller_dag.py
[2026-04-25T09:05:52.287+0000] {processor.py:830} INFO - Processing file /usr/local/python/3.12.1/lib/python3.12/site-packages/airflow/example_dags/example_trigger_controller_dag.py for tasks to queue
[2026-04-25T09:05:52.288+0000] {logging_mixin.py:188} INFO - [2026-04-25T09:05:52.287+0000] {dagbag.py:540} INFO - Filling up the DagBag from /usr/local/python/3.12.1/lib/python3.12/site-packages/airflow/example_dags/example_trigger_controller_dag.py
[2026-04-25T09:05:52.293+0000] {processor.py:840} INFO - DAG(s) 'example_trigger_controller_dag' retrieved from /usr/local/python/3.12.1/lib/python3.12/site-packages/airflow/example_dags/example_trigger_controller_dag.py
[2026-04-25T09:05:52.419+0000] {logging_mixin.py:188} INFO - [2026-04-25T09:05:52.418+0000] {override.py:1930} INFO - Created Permission View: can delete on DAG:example_trigger_controller_dag
[2026-04-25T09:05:52.449+0000] {logging_mixin.py:188} INFO - [2026-04-25T09:05:52.448+0000] {override.py:1930} INFO - Created Permission View: can edit on DAG:example_trigger_controller_dag
[2026-04-25T09:05:52.485+0000] {logging_mixin.py:188} INFO - [2026-04-25T09:05:52.483+0000] {override.py:1930} INFO - Created Permission View: can read on DAG:example_trigger_controller_dag
[2026-04-25T09:05:52.485+0000] {logging_mixin.py:188} INFO - [2026-04-25T09:05:52.485+0000] {dag.py:3096} INFO - Sync 1 DAGs
[2026-04-25T09:05:52.509+0000] {logging_mixin.py:188} INFO - [2026-04-25T09:05:52.508+0000] {dag.py:3118} INFO - Creating ORM DAG for example_trigger_controller_dag
[2026-04-25T09:05:52.517+0000] {logging_mixin.py:188} INFO - [2026-04-25T09:05:52.517+0000] {dag.py:3954} INFO - Setting next_dagrun for example_trigger_controller_dag to 2021-01-01 00:00:00+00:00, run_after=2021-01-01 00:00:00+00:00
[2026-04-25T09:05:52.534+0000] {processor.py:183} INFO - Processing /usr/local/python/3.12.1/lib/python3.12/site-packages/airflow/example_dags/example_trigger_controller_dag.py took 0.252 seconds
[2026-04-25T09:06:50.700+0000] {processor.py:161} INFO - Started process (PID=8894) to work on /usr/local/python/3.12.1/lib/python3.12/site-packages/airflow/example_dags/example_trigger_controller_dag.py
[2026-04-25T09:06:50.701+0000] {processor.py:830} INFO - Processing file /usr/local/python/3.12.1/lib/python3.12/site-packages/airflow/example_dags/example_trigger_controller_dag.py for tasks to queue
[2026-04-25T09:06:50.701+0000] {logging_mixin.py:188} INFO - [2026-04-25T09:06:50.701+0000] {dagbag.py:540} INFO - Filling up the DagBag from /usr/local/python/3.12.1/lib/python3.12/site-packages/airflow/example_dags/example_trigger_controller_dag.py
[2026-04-25T09:06:50.705+0000] {processor.py:840} INFO - DAG(s) 'example_trigger_controller_dag' retrieved from /usr/local/python/3.12.1/lib/python3.12/site-packages/airflow/example_dags/example_trigger_controller_dag.py
[2026-04-25T09:06:50.720+0000] {logging_mixin.py:188} INFO - [2026-04-25T09:06:50.720+0000] {dag.py:3096} INFO - Sync 1 DAGs
[2026-04-25T09:06:50.736+0000] {logging_mixin.py:188} INFO - [2026-04-25T09:06:50.736+0000] {dag.py:3954} INFO - Setting next_dagrun for example_trigger_controller_dag to 2021-01-01 00:00:00+00:00, run_after=2021-01-01 00:00:00+00:00
[2026-04-25T09:06:50.755+0000] {processor.py:183} INFO - Processing /usr/local/python/3.12.1/lib/python3.12/site-packages/airflow/example_dags/example_trigger_controller_dag.py took 0.062 seconds
[2026-04-25T09:07:38.034+0000] {processor.py:161} INFO - Started process (PID=9290) to work on /usr/local/python/3.12.1/lib/python3.12/site-packages/airflow/example_dags/example_trigger_controller_dag.py
[2026-04-25T09:07:38.036+0000] {processor.py:830} INFO - Processing file /usr/local/python/3.12.1/lib/python3.12/site-packages/airflow/example_dags/example_trigger_controller_dag.py for tasks to queue
[2026-04-25T09:07:38.037+0000] {logging_mixin.py:188} INFO - [2026-04-25T09:07:38.037+0000] {dagbag.py:540} INFO - Filling up the DagBag from /usr/local/python/3.12.1/lib/python3.12/site-packages/airflow/example_dags/example_trigger_controller_dag.py
[2026-04-25T09:07:38.042+0000] {processor.py:840} INFO - DAG(s) 'example_trigger_controller_dag' retrieved from /usr/local/python/3.12.1/lib/python3.12/site-packages/airflow/example_dags/example_trigger_controller_dag.py
[2026-04-25T09:07:38.057+0000] {logging_mixin.py:188} INFO - [2026-04-25T09:07:38.056+0000] {dag.py:3096} INFO - Sync 1 DAGs
[2026-04-25T09:07:38.072+0000] {logging_mixin.py:188} INFO - [2026-04-25T09:07:38.072+0000] {dag.py:3954} INFO - Setting next_dagrun for example_trigger_controller_dag to 2021-01-01 00:00:00+00:00, run_after=2021-01-01 00:00:00+00:00
[2026-04-25T09:07:38.088+0000] {processor.py:183} INFO - Processing /usr/local/python/3.12.1/lib/python3.12/site-packages/airflow/example_dags/example_trigger_controller_dag.py took 0.060 seconds
[2026-04-25T09:08:21.828+0000] {processor.py:161} INFO - Started process (PID=9756) to work on /usr/local/python/3.12.1/lib/python3.12/site-packages/airflow/example_dags/example_trigger_controller_dag.py
[2026-04-25T09:08:21.828+0000] {processor.py:830} INFO - Processing file /usr/local/python/3.12.1/lib/python3.12/site-packages/airflow/example_dags/example_trigger_controller_dag.py for tasks to queue
[2026-04-25T09:08:21.829+0000] {logging_mixin.py:188} INFO - [2026-04-25T09:08:21.829+0000] {dagbag.py:540} INFO - Filling up the DagBag from /usr/local/python/3.12.1/lib/python3.12/site-packages/airflow/example_dags/example_trigger_controller_dag.py
[2026-04-25T09:08:21.833+0000] {processor.py:840} INFO - DAG(s) 'example_trigger_controller_dag' retrieved from /usr/local/python/3.12.1/lib/python3.12/site-packages/airflow/example_dags/example_trigger_controller_dag.py
[2026-04-25T09:08:21.844+0000] {logging_mixin.py:188} INFO - [2026-04-25T09:08:21.844+0000] {dag.py:3096} INFO - Sync 1 DAGs
[2026-04-25T09:08:21.860+0000] {logging_mixin.py:188} INFO - [2026-04-25T09:08:21.860+0000] {dag.py:3954} INFO - Setting next_dagrun for example_trigger_controller_dag to 2021-01-01 00:00:00+00:00, run_after=2021-01-01 00:00:00+00:00
[2026-04-25T09:08:21.879+0000] {processor.py:183} INFO - Processing /usr/local/python/3.12.1/lib/python3.12/site-packages/airflow/example_dags/example_trigger_controller_dag.py took 0.056 seconds
[2026-04-25T09:09:04.323+0000] {processor.py:161} INFO - Started process (PID=10086) to work on /usr/local/python/3.12.1/lib/python3.12/site-packages/airflow/example_dags/example_trigger_controller_dag.py
[2026-04-25T09:09:04.324+0000] {processor.py:830} INFO - Processing file /usr/local/python/3.12.1/lib/python3.12/site-packages/airflow/example_dags/example_trigger_controller_dag.py for tasks to queue
[2026-04-25T09:09:04.325+0000] {logging_mixin.py:188} INFO - [2026-04-25T09:09:04.324+0000] {dagbag.py:540} INFO - Filling up the DagBag from /usr/local/python/3.12.1/lib/python3.12/site-packages/airflow/example_dags/example_trigger_controller_dag.py
[2026-04-25T09:09:04.329+0000] {processor.py:840} INFO - DAG(s) 'example_trigger_controller_dag' retrieved from /usr/local/python/3.12.1/lib/python3.12/site-packages/airflow/example_dags/example_trigger_controller_dag.py
[2026-04-25T09:09:04.345+0000] {logging_mixin.py:188} INFO - [2026-04-25T09:09:04.345+0000] {dag.py:3096} INFO - Sync 1 DAGs
[2026-04-25T09:09:04.364+0000] {logging_mixin.py:188} INFO - [2026-04-25T09:09:04.364+0000] {dag.py:3954} INFO - Setting next_dagrun for example_trigger_controller_dag to 2021-01-01 00:00:00+00:00, run_after=2021-01-01 00:00:00+00:00
[2026-04-25T09:09:04.402+0000] {processor.py:183} INFO - Processing /usr/local/python/3.12.1/lib/python3.12/site-packages/airflow/example_dags/example_trigger_controller_dag.py took 0.084 seconds
[2026-04-25T09:09:55.577+0000] {processor.py:161} INFO - Started process (PID=10900) to work on /usr/local/python/3.12.1/lib/python3.12/site-packages/airflow/example_dags/example_trigger_controller_dag.py
[2026-04-25T09:09:55.578+0000] {processor.py:830} INFO - Processing file /usr/local/python/3.12.1/lib/python3.12/site-packages/airflow/example_dags/example_trigger_controller_dag.py for tasks to queue
[2026-04-25T09:09:55.579+0000] {logging_mixin.py:188} INFO - [2026-04-25T09:09:55.578+0000] {dagbag.py:540} INFO - Filling up the DagBag from /usr/local/python/3.12.1/lib/python3.12/site-packages/airflow/example_dags/example_trigger_controller_dag.py
[2026-04-25T09:09:55.582+0000] {processor.py:840} INFO - DAG(s) 'example_trigger_controller_dag' retrieved from /usr/local/python/3.12.1/lib/python3.12/site-packages/airflow/example_dags/example_trigger_controller_dag.py
[2026-04-25T09:09:55.593+0000] {logging_mixin.py:188} INFO - [2026-04-25T09:09:55.593+0000] {dag.py:3096} INFO - Sync 1 DAGs
[2026-04-25T09:09:55.608+0000] {logging_mixin.py:188} INFO - [2026-04-25T09:09:55.607+0000] {dag.py:3954} INFO - Setting next_dagrun for example_trigger_controller_dag to 2021-01-01 00:00:00+00:00, run_after=2021-01-01 00:00:00+00:00
[2026-04-25T09:09:55.625+0000] {processor.py:183} INFO - Processing /usr/local/python/3.12.1/lib/python3.12/site-packages/airflow/example_dags/example_trigger_controller_dag.py took 0.052 seconds
[2026-04-25T09:10:35.406+0000] {processor.py:161} INFO - Started process (PID=11319) to work on /usr/local/python/3.12.1/lib/python3.12/site-packages/airflow/example_dags/example_trigger_controller_dag.py
[2026-04-25T09:10:35.406+0000] {processor.py:830} INFO - Processing file /usr/local/python/3.12.1/lib/python3.12/site-packages/airflow/example_dags/example_trigger_controller_dag.py for tasks to queue
[2026-04-25T09:10:35.407+0000] {logging_mixin.py:188} INFO - [2026-04-25T09:10:35.407+0000] {dagbag.py:540} INFO - Filling up the DagBag from /usr/local/python/3.12.1/lib/python3.12/site-packages/airflow/example_dags/example_trigger_controller_dag.py
[2026-04-25T09:10:35.410+0000] {processor.py:840} INFO - DAG(s) 'example_trigger_controller_dag' retrieved from /usr/local/python/3.12.1/lib/python3.12/site-packages/airflow/example_dags/example_trigger_controller_dag.py
[2026-04-25T09:10:35.422+0000] {logging_mixin.py:188} INFO - [2026-04-25T09:10:35.422+0000] {dag.py:3096} INFO - Sync 1 DAGs
[2026-04-25T09:10:35.437+0000] {logging_mixin.py:188} INFO - [2026-04-25T09:10:35.436+0000] {dag.py:3954} INFO - Setting next_dagrun for example_trigger_controller_dag to 2021-01-01 00:00:00+00:00, run_after=2021-01-01 00:00:00+00:00
[2026-04-25T09:10:35.453+0000] {processor.py:183} INFO - Processing /usr/local/python/3.12.1/lib/python3.12/site-packages/airflow/example_dags/example_trigger_controller_dag.py took 0.051 seconds
[2026-04-25T09:11:21.827+0000] {processor.py:161} INFO - Started process (PID=12216) to work on /usr/local/python/3.12.1/lib/python3.12/site-packages/airflow/example_dags/example_trigger_controller_dag.py
[2026-04-25T09:11:21.828+0000] {processor.py:830} INFO - Processing file /usr/local/python/3.12.1/lib/python3.12/site-packages/airflow/example_dags/example_trigger_controller_dag.py for tasks to queue
[2026-04-25T09:11:21.829+0000] {logging_mixin.py:188} INFO - [2026-04-25T09:11:21.829+0000] {dagbag.py:540} INFO - Filling up the DagBag from /usr/local/python/3.12.1/lib/python3.12/site-packages/airflow/example_dags/example_trigger_controller_dag.py
[2026-04-25T09:11:21.841+0000] {processor.py:840} INFO - DAG(s) 'example_trigger_controller_dag' retrieved from /usr/local/python/3.12.1/lib/python3.12/site-packages/airflow/example_dags/example_trigger_controller_dag.py
[2026-04-25T09:11:21.856+0000] {logging_mixin.py:188} INFO - [2026-04-25T09:11:21.856+0000] {dag.py:3096} INFO - Sync 1 DAGs
[2026-04-25T09:11:21.905+0000] {logging_mixin.py:188} INFO - [2026-04-25T09:11:21.905+0000] {dag.py:3954} INFO - Setting next_dagrun for example_trigger_controller_dag to 2021-01-01 00:00:00+00:00, run_after=2021-01-01 00:00:00+00:00
[2026-04-25T09:11:21.953+0000] {processor.py:183} INFO - Processing /usr/local/python/3.12.1/lib/python3.12/site-packages/airflow/example_dags/example_trigger_controller_dag.py took 0.138 seconds
[2026-04-25T09:11:39.952+0000] {processor.py:161} INFO - Started process (PID=12568) to work on /usr/local/python/3.12.1/lib/python3.12/site-packages/airflow/example_dags/example_trigger_controller_dag.py
[2026-04-25T09:11:39.953+0000] {processor.py:830} INFO - Processing file /usr/local/python/3.12.1/lib/python3.12/site-packages/airflow/example_dags/example_trigger_controller_dag.py for tasks to queue
[2026-04-25T09:11:39.954+0000] {logging_mixin.py:188} INFO - [2026-04-25T09:11:39.953+0000] {dagbag.py:540} INFO - Filling up the DagBag from /usr/local/python/3.12.1/lib/python3.12/site-packages/airflow/example_dags/example_trigger_controller_dag.py
[2026-04-25T09:11:39.960+0000] {processor.py:840} INFO - DAG(s) 'example_trigger_controller_dag' retrieved from /usr/local/python/3.12.1/lib/python3.12/site-packages/airflow/example_dags/example_trigger_controller_dag.py
[2026-04-25T09:11:39.970+0000] {logging_mixin.py:188} INFO - [2026-04-25T09:11:39.970+0000] {dag.py:3096} INFO - Sync 1 DAGs
[2026-04-25T09:11:39.986+0000] {logging_mixin.py:188} INFO - [2026-04-25T09:11:39.986+0000] {dag.py:3954} INFO - Setting next_dagrun for example_trigger_controller_dag to 2021-01-01 00:00:00+00:00, run_after=2021-01-01 00:00:00+00:00
[2026-04-25T09:11:40.003+0000] {processor.py:183} INFO - Processing /usr/local/python/3.12.1/lib/python3.12/site-packages/airflow/example_dags/example_trigger_controller_dag.py took 0.054 seconds
[2026-04-25T09:12:09.796+0000] {processor.py:161} INFO - Started process (PID=12851) to work on /usr/local/python/3.12.1/lib/python3.12/site-packages/airflow/example_dags/example_trigger_controller_dag.py
[2026-04-25T09:12:09.797+0000] {processor.py:830} INFO - Processing file /usr/local/python/3.12.1/lib/python3.12/site-packages/airflow/example_dags/example_trigger_controller_dag.py for tasks to queue
[2026-04-25T09:12:09.798+0000] {logging_mixin.py:188} INFO - [2026-04-25T09:12:09.797+0000] {dagbag.py:540} INFO - Filling up the DagBag from /usr/local/python/3.12.1/lib/python3.12/site-packages/airflow/example_dags/example_trigger_controller_dag.py
[2026-04-25T09:12:09.802+0000] {processor.py:840} INFO - DAG(s) 'example_trigger_controller_dag' retrieved from /usr/local/python/3.12.1/lib/python3.12/site-packages/airflow/example_dags/example_trigger_controller_dag.py
[2026-04-25T09:12:09.885+0000] {logging_mixin.py:188} INFO - [2026-04-25T09:12:09.885+0000] {dag.py:3096} INFO - Sync 1 DAGs
[2026-04-25T09:12:09.899+0000] {logging_mixin.py:188} INFO - [2026-04-25T09:12:09.899+0000] {dag.py:3954} INFO - Setting next_dagrun for example_trigger_controller_dag to 2021-01-01 00:00:00+00:00, run_after=2021-01-01 00:00:00+00:00
[2026-04-25T09:12:09.916+0000] {processor.py:183} INFO - Processing /usr/local/python/3.12.1/lib/python3.12/site-packages/airflow/example_dags/example_trigger_controller_dag.py took 0.124 seconds
[2026-04-25T09:12:29.952+0000] {processor.py:161} INFO - Started process (PID=13061) to work on /usr/local/python/3.12.1/lib/python3.12/site-packages/airflow/example_dags/example_trigger_controller_dag.py
[2026-04-25T09:12:29.953+0000] {processor.py:830} INFO - Processing file /usr/local/python/3.12.1/lib/python3.12/site-packages/airflow/example_dags/example_trigger_controller_dag.py for tasks to queue
[2026-04-25T09:12:29.954+0000] {logging_mixin.py:188} INFO - [2026-04-25T09:12:29.953+0000] {dagbag.py:540} INFO - Filling up the DagBag from /usr/local/python/3.12.1/lib/python3.12/site-packages/airflow/example_dags/example_trigger_controller_dag.py
[2026-04-25T09:12:29.957+0000] {processor.py:840} INFO - DAG(s) 'example_trigger_controller_dag' retrieved from /usr/local/python/3.12.1/lib/python3.12/site-packages/airflow/example_dags/example_trigger_controller_dag.py
[2026-04-25T09:12:29.963+0000] {logging_mixin.py:188} INFO - [2026-04-25T09:12:29.963+0000] {dag.py:3096} INFO - Sync 1 DAGs
[2026-04-25T09:12:29.980+0000] {logging_mixin.py:188} INFO - [2026-04-25T09:12:29.979+0000] {dag.py:3954} INFO - Setting next_dagrun for example_trigger_controller_dag to 2021-01-01 00:00:00+00:00, run_after=2021-01-01 00:00:00+00:00
[2026-04-25T09:12:29.996+0000] {processor.py:183} INFO - Processing /usr/local/python/3.12.1/lib/python3.12/site-packages/airflow/example_dags/example_trigger_controller_dag.py took 0.048 seconds
[2026-04-25T09:12:53.485+0000] {processor.py:161} INFO - Started process (PID=13432) to work on /usr/local/python/3.12.1/lib/python3.12/site-packages/airflow/example_dags/example_trigger_controller_dag.py
[2026-04-25T09:12:53.486+0000] {processor.py:830} INFO - Processing file /usr/local/python/3.12.1/lib/python3.12/site-packages/airflow/example_dags/example_trigger_controller_dag.py for tasks to queue
[2026-04-25T09:12:53.487+0000] {logging_mixin.py:188} INFO - [2026-04-25T09:12:53.486+0000] {dagbag.py:540} INFO - Filling up the DagBag from /usr/local/python/3.12.1/lib/python3.12/site-packages/airflow/example_dags/example_trigger_controller_dag.py
[2026-04-25T09:12:53.490+0000] {processor.py:840} INFO - DAG(s) 'example_trigger_controller_dag' retrieved from /usr/local/python/3.12.1/lib/python3.12/site-packages/airflow/example_dags/example_trigger_controller_dag.py
[2026-04-25T09:12:53.502+0000] {logging_mixin.py:188} INFO - [2026-04-25T09:12:53.502+0000] {dag.py:3096} INFO - Sync 1 DAGs
[2026-04-25T09:12:53.517+0000] {logging_mixin.py:188} INFO - [2026-04-25T09:12:53.517+0000] {dag.py:3954} INFO - Setting next_dagrun for example_trigger_controller_dag to 2021-01-01 00:00:00+00:00, run_after=2021-01-01 00:00:00+00:00
[2026-04-25T09:12:53.534+0000] {processor.py:183} INFO - Processing /usr/local/python/3.12.1/lib/python3.12/site-packages/airflow/example_dags/example_trigger_controller_dag.py took 0.055 seconds
[2026-04-25T09:13:21.522+0000] {processor.py:161} INFO - Started process (PID=13766) to work on /usr/local/python/3.12.1/lib/python3.12/site-packages/airflow/example_dags/example_trigger_controller_dag.py
[2026-04-25T09:13:21.522+0000] {processor.py:830} INFO - Processing file /usr/local/python/3.12.1/lib/python3.12/site-packages/airflow/example_dags/example_trigger_controller_dag.py for tasks to queue
[2026-04-25T09:13:21.523+0000] {logging_mixin.py:188} INFO - [2026-04-25T09:13:21.523+0000] {dagbag.py:540} INFO - Filling up the DagBag from /usr/local/python/3.12.1/lib/python3.12/site-packages/airflow/example_dags/example_trigger_controller_dag.py
[2026-04-25T09:13:21.527+0000] {processor.py:840} INFO - DAG(s) 'example_trigger_controller_dag' retrieved from /usr/local/python/3.12.1/lib/python3.12/site-packages/airflow/example_dags/example_trigger_controller_dag.py
[2026-04-25T09:13:21.539+0000] {logging_mixin.py:188} INFO - [2026-04-25T09:13:21.539+0000] {dag.py:3096} INFO - Sync 1 DAGs
[2026-04-25T09:13:21.561+0000] {logging_mixin.py:188} INFO - [2026-04-25T09:13:21.561+0000] {dag.py:3954} INFO - Setting next_dagrun for example_trigger_controller_dag to 2021-01-01 00:00:00+00:00, run_after=2021-01-01 00:00:00+00:00
[2026-04-25T09:13:21.601+0000] {processor.py:183} INFO - Processing /usr/local/python/3.12.1/lib/python3.12/site-packages/airflow/example_dags/example_trigger_controller_dag.py took 0.083 seconds
[2026-04-25T09:13:55.830+0000] {processor.py:161} INFO - Started process (PID=14418) to work on /usr/local/python/3.12.1/lib/python3.12/site-packages/airflow/example_dags/example_trigger_controller_dag.py
[2026-04-25T09:13:55.831+0000] {processor.py:830} INFO - Processing file /usr/local/python/3.12.1/lib/python3.12/site-packages/airflow/example_dags/example_trigger_controller_dag.py for tasks to queue
[2026-04-25T09:13:55.831+0000] {logging_mixin.py:188} INFO - [2026-04-25T09:13:55.831+0000] {dagbag.py:540} INFO - Filling up the DagBag from /usr/local/python/3.12.1/lib/python3.12/site-packages/airflow/example_dags/example_trigger_controller_dag.py
[2026-04-25T09:13:55.836+0000] {processor.py:840} INFO - DAG(s) 'example_trigger_controller_dag' retrieved from /usr/local/python/3.12.1/lib/python3.12/site-packages/airflow/example_dags/example_trigger_controller_dag.py
[2026-04-25T09:13:55.851+0000] {logging_mixin.py:188} INFO - [2026-04-25T09:13:55.851+0000] {dag.py:3096} INFO - Sync 1 DAGs
[2026-04-25T09:13:55.865+0000] {logging_mixin.py:188} INFO - [2026-04-25T09:13:55.865+0000] {dag.py:3954} INFO - Setting next_dagrun for example_trigger_controller_dag to 2021-01-01 00:00:00+00:00, run_after=2021-01-01 00:00:00+00:00
[2026-04-25T09:13:55.882+0000] {processor.py:183} INFO - Processing /usr/local/python/3.12.1/lib/python3.12/site-packages/airflow/example_dags/example_trigger_controller_dag.py took 0.056 seconds
[2026-04-25T09:14:43.795+0000] {processor.py:161} INFO - Started process (PID=14809) to work on /usr/local/python/3.12.1/lib/python3.12/site-packages/airflow/example_dags/example_trigger_controller_dag.py
[2026-04-25T09:14:43.795+0000] {processor.py:830} INFO - Processing file /usr/local/python/3.12.1/lib/python3.12/site-packages/airflow/example_dags/example_trigger_controller_dag.py for tasks to queue
[2026-04-25T09:14:43.796+0000] {logging_mixin.py:188} INFO - [2026-04-25T09:14:43.796+0000] {dagbag.py:540} INFO - Filling up the DagBag from /usr/local/python/3.12.1/lib/python3.12/site-packages/airflow/example_dags/example_trigger_controller_dag.py
[2026-04-25T09:14:43.800+0000] {processor.py:840} INFO - DAG(s) 'example_trigger_controller_dag' retrieved from /usr/local/python/3.12.1/lib/python3.12/site-packages/airflow/example_dags/example_trigger_controller_dag.py
[2026-04-25T09:14:43.811+0000] {logging_mixin.py:188} INFO - [2026-04-25T09:14:43.811+0000] {dag.py:3096} INFO - Sync 1 DAGs
[2026-04-25T09:14:43.825+0000] {logging_mixin.py:188} INFO - [2026-04-25T09:14:43.825+0000] {dag.py:3954} INFO - Setting next_dagrun for example_trigger_controller_dag to 2021-01-01 00:00:00+00:00, run_after=2021-01-01 00:00:00+00:00
[2026-04-25T09:14:43.841+0000] {processor.py:183} INFO - Processing /usr/local/python/3.12.1/lib/python3.12/site-packages/airflow/example_dags/example_trigger_controller_dag.py took 0.051 seconds
[2026-04-25T09:15:32.356+0000] {processor.py:161} INFO - Started process (PID=15175) to work on /usr/local/python/3.12.1/lib/python3.12/site-packages/airflow/example_dags/example_trigger_controller_dag.py
[2026-04-25T09:15:32.356+0000] {processor.py:830} INFO - Processing file /usr/local/python/3.12.1/lib/python3.12/site-packages/airflow/example_dags/example_trigger_controller_dag.py for tasks to queue
[2026-04-25T09:15:32.357+0000] {logging_mixin.py:188} INFO - [2026-04-25T09:15:32.357+0000] {dagbag.py:540} INFO - Filling up the DagBag from /usr/local/python/3.12.1/lib/python3.12/site-packages/airflow/example_dags/example_trigger_controller_dag.py
[2026-04-25T09:15:32.361+0000] {processor.py:840} INFO - DAG(s) 'example_trigger_controller_dag' retrieved from /usr/local/python/3.12.1/lib/python3.12/site-packages/airflow/example_dags/example_trigger_controller_dag.py
[2026-04-25T09:15:32.372+0000] {logging_mixin.py:188} INFO - [2026-04-25T09:15:32.372+0000] {dag.py:3096} INFO - Sync 1 DAGs
[2026-04-25T09:15:32.387+0000] {logging_mixin.py:188} INFO - [2026-04-25T09:15:32.387+0000] {dag.py:3954} INFO - Setting next_dagrun for example_trigger_controller_dag to 2021-01-01 00:00:00+00:00, run_after=2021-01-01 00:00:00+00:00
[2026-04-25T09:15:32.403+0000] {processor.py:183} INFO - Processing /usr/local/python/3.12.1/lib/python3.12/site-packages/airflow/example_dags/example_trigger_controller_dag.py took 0.052 seconds
[2026-04-25T09:16:10.468+0000] {processor.py:161} INFO - Started process (PID=15667) to work on /usr/local/python/3.12.1/lib/python3.12/site-packages/airflow/example_dags/example_trigger_controller_dag.py
[2026-04-25T09:16:10.468+0000] {processor.py:830} INFO - Processing file /usr/local/python/3.12.1/lib/python3.12/site-packages/airflow/example_dags/example_trigger_controller_dag.py for tasks to queue
[2026-04-25T09:16:10.469+0000] {logging_mixin.py:188} INFO - [2026-04-25T09:16:10.469+0000] {dagbag.py:540} INFO - Filling up the DagBag from /usr/local/python/3.12.1/lib/python3.12/site-packages/airflow/example_dags/example_trigger_controller_dag.py
[2026-04-25T09:16:10.473+0000] {processor.py:840} INFO - DAG(s) 'example_trigger_controller_dag' retrieved from /usr/local/python/3.12.1/lib/python3.12/site-packages/airflow/example_dags/example_trigger_controller_dag.py
[2026-04-25T09:16:10.484+0000] {logging_mixin.py:188} INFO - [2026-04-25T09:16:10.483+0000] {dag.py:3096} INFO - Sync 1 DAGs
[2026-04-25T09:16:10.498+0000] {logging_mixin.py:188} INFO - [2026-04-25T09:16:10.498+0000] {dag.py:3954} INFO - Setting next_dagrun for example_trigger_controller_dag to 2021-01-01 00:00:00+00:00, run_after=2021-01-01 00:00:00+00:00
[2026-04-25T09:16:10.513+0000] {processor.py:183} INFO - Processing /usr/local/python/3.12.1/lib/python3.12/site-packages/airflow/example_dags/example_trigger_controller_dag.py took 0.050 seconds
[2026-04-25T09:16:50.444+0000] {processor.py:161} INFO - Started process (PID=15992) to work on /usr/local/python/3.12.1/lib/python3.12/site-packages/airflow/example_dags/example_trigger_controller_dag.py
[2026-04-25T09:16:50.445+0000] {processor.py:830} INFO - Processing file /usr/local/python/3.12.1/lib/python3.12/site-packages/airflow/example_dags/example_trigger_controller_dag.py for tasks to queue
[2026-04-25T09:16:50.447+0000] {logging_mixin.py:188} INFO - [2026-04-25T09:16:50.446+0000] {dagbag.py:540} INFO - Filling up the DagBag from /usr/local/python/3.12.1/lib/python3.12/site-packages/airflow/example_dags/example_trigger_controller_dag.py
[2026-04-25T09:16:50.454+0000] {processor.py:840} INFO - DAG(s) 'example_trigger_controller_dag' retrieved from /usr/local/python/3.12.1/lib/python3.12/site-packages/airflow/example_dags/example_trigger_controller_dag.py
[2026-04-25T09:16:50.474+0000] {logging_mixin.py:188} INFO - [2026-04-25T09:16:50.474+0000] {dag.py:3096} INFO - Sync 1 DAGs
[2026-04-25T09:16:50.489+0000] {logging_mixin.py:188} INFO - [2026-04-25T09:16:50.488+0000] {dag.py:3954} INFO - Setting next_dagrun for example_trigger_controller_dag to 2021-01-01 00:00:00+00:00, run_after=2021-01-01 00:00:00+00:00
[2026-04-25T09:16:50.506+0000] {processor.py:183} INFO - Processing /usr/local/python/3.12.1/lib/python3.12/site-packages/airflow/example_dags/example_trigger_controller_dag.py took 0.068 seconds
[2026-04-25T09:17:36.601+0000] {processor.py:161} INFO - Started process (PID=16435) to work on /usr/local/python/3.12.1/lib/python3.12/site-packages/airflow/example_dags/example_trigger_controller_dag.py
[2026-04-25T09:17:36.602+0000] {processor.py:830} INFO - Processing file /usr/local/python/3.12.1/lib/python3.12/site-packages/airflow/example_dags/example_trigger_controller_dag.py for tasks to queue
[2026-04-25T09:17:36.603+0000] {logging_mixin.py:188} INFO - [2026-04-25T09:17:36.603+0000] {dagbag.py:540} INFO - Filling up the DagBag from /usr/local/python/3.12.1/lib/python3.12/site-packages/airflow/example_dags/example_trigger_controller_dag.py
[2026-04-25T09:17:36.607+0000] {processor.py:840} INFO - DAG(s) 'example_trigger_controller_dag' retrieved from /usr/local/python/3.12.1/lib/python3.12/site-packages/airflow/example_dags/example_trigger_controller_dag.py
[2026-04-25T09:17:36.685+0000] {logging_mixin.py:188} INFO - [2026-04-25T09:17:36.685+0000] {dag.py:3096} INFO - Sync 1 DAGs
[2026-04-25T09:17:36.697+0000] {logging_mixin.py:188} INFO - [2026-04-25T09:17:36.697+0000] {dag.py:3954} INFO - Setting next_dagrun for example_trigger_controller_dag to 2021-01-01 00:00:00+00:00, run_after=2021-01-01 00:00:00+00:00
[2026-04-25T09:17:36.713+0000] {processor.py:183} INFO - Processing /usr/local/python/3.12.1/lib/python3.12/site-packages/airflow/example_dags/example_trigger_controller_dag.py took 0.116 seconds
[2026-04-25T09:18:23.037+0000] {processor.py:161} INFO - Started process (PID=16787) to work on /usr/local/python/3.12.1/lib/python3.12/site-packages/airflow/example_dags/example_trigger_controller_dag.py
[2026-04-25T09:18:23.037+0000] {processor.py:830} INFO - Processing file /usr/local/python/3.12.1/lib/python3.12/site-packages/airflow/example_dags/example_trigger_controller_dag.py for tasks to queue
[2026-04-25T09:18:23.038+0000] {logging_mixin.py:188} INFO - [2026-04-25T09:18:23.038+0000] {dagbag.py:540} INFO - Filling up the DagBag from /usr/local/python/3.12.1/lib/python3.12/site-packages/airflow/example_dags/example_trigger_controller_dag.py
[2026-04-25T09:18:23.042+0000] {processor.py:840} INFO - DAG(s) 'example_trigger_controller_dag' retrieved from /usr/local/python/3.12.1/lib/python3.12/site-packages/airflow/example_dags/example_trigger_controller_dag.py
[2026-04-25T09:18:23.053+0000] {logging_mixin.py:188} INFO - [2026-04-25T09:18:23.053+0000] {dag.py:3096} INFO - Sync 1 DAGs
[2026-04-25T09:18:23.068+0000] {logging_mixin.py:188} INFO - [2026-04-25T09:18:23.068+0000] {dag.py:3954} INFO - Setting next_dagrun for example_trigger_controller_dag to 2021-01-01 00:00:00+00:00, run_after=2021-01-01 00:00:00+00:00
[2026-04-25T09:18:23.084+0000] {processor.py:183} INFO - Processing /usr/local/python/3.12.1/lib/python3.12/site-packages/airflow/example_dags/example_trigger_controller_dag.py took 0.052 seconds
[2026-04-25T09:19:02.592+0000] {processor.py:161} INFO - Started process (PID=17104) to work on /usr/local/python/3.12.1/lib/python3.12/site-packages/airflow/example_dags/example_trigger_controller_dag.py
[2026-04-25T09:19:02.593+0000] {processor.py:830} INFO - Processing file /usr/local/python/3.12.1/lib/python3.12/site-packages/airflow/example_dags/example_trigger_controller_dag.py for tasks to queue
[2026-04-25T09:19:02.594+0000] {logging_mixin.py:188} INFO - [2026-04-25T09:19:02.593+0000] {dagbag.py:540} INFO - Filling up the DagBag from /usr/local/python/3.12.1/lib/python3.12/site-packages/airflow/example_dags/example_trigger_controller_dag.py
[2026-04-25T09:19:02.597+0000] {processor.py:840} INFO - DAG(s) 'example_trigger_controller_dag' retrieved from /usr/local/python/3.12.1/lib/python3.12/site-packages/airflow/example_dags/example_trigger_controller_dag.py
[2026-04-25T09:19:02.613+0000] {logging_mixin.py:188} INFO - [2026-04-25T09:19:02.613+0000] {dag.py:3096} INFO - Sync 1 DAGs
[2026-04-25T09:19:02.636+0000] {logging_mixin.py:188} INFO - [2026-04-25T09:19:02.635+0000] {dag.py:3954} INFO - Setting next_dagrun for example_trigger_controller_dag to 2021-01-01 00:00:00+00:00, run_after=2021-01-01 00:00:00+00:00
[2026-04-25T09:19:02.668+0000] {processor.py:183} INFO - Processing /usr/local/python/3.12.1/lib/python3.12/site-packages/airflow/example_dags/example_trigger_controller_dag.py took 0.080 seconds
[2026-04-25T09:19:39.044+0000] {processor.py:161} INFO - Started process (PID=17383) to work on /usr/local/python/3.12.1/lib/python3.12/site-packages/airflow/example_dags/example_trigger_controller_dag.py
[2026-04-25T09:19:39.045+0000] {processor.py:830} INFO - Processing file /usr/local/python/3.12.1/lib/python3.12/site-packages/airflow/example_dags/example_trigger_controller_dag.py for tasks to queue
[2026-04-25T09:19:39.046+0000] {logging_mixin.py:188} INFO - [2026-04-25T09:19:39.046+0000] {dagbag.py:540} INFO - Filling up the DagBag from /usr/local/python/3.12.1/lib/python3.12/site-packages/airflow/example_dags/example_trigger_controller_dag.py
[2026-04-25T09:19:39.050+0000] {processor.py:840} INFO - DAG(s) 'example_trigger_controller_dag' retrieved from /usr/local/python/3.12.1/lib/python3.12/site-packages/airflow/example_dags/example_trigger_controller_dag.py
[2026-04-25T09:19:39.061+0000] {logging_mixin.py:188} INFO - [2026-04-25T09:19:39.061+0000] {dag.py:3096} INFO - Sync 1 DAGs
[2026-04-25T09:19:39.077+0000] {logging_mixin.py:188} INFO - [2026-04-25T09:19:39.076+0000] {dag.py:3954} INFO - Setting next_dagrun for example_trigger_controller_dag to 2021-01-01 00:00:00+00:00, run_after=2021-01-01 00:00:00+00:00
[2026-04-25T09:19:39.093+0000] {processor.py:183} INFO - Processing /usr/local/python/3.12.1/lib/python3.12/site-packages/airflow/example_dags/example_trigger_controller_dag.py took 0.053 seconds
[2026-04-25T09:20:17.133+0000] {processor.py:161} INFO - Started process (PID=17668) to work on /usr/local/python/3.12.1/lib/python3.12/site-packages/airflow/example_dags/example_trigger_controller_dag.py
[2026-04-25T09:20:17.134+0000] {processor.py:830} INFO - Processing file /usr/local/python/3.12.1/lib/python3.12/site-packages/airflow/example_dags/example_trigger_controller_dag.py for tasks to queue
[2026-04-25T09:20:17.134+0000] {logging_mixin.py:188} INFO - [2026-04-25T09:20:17.134+0000] {dagbag.py:540} INFO - Filling up the DagBag from /usr/local/python/3.12.1/lib/python3.12/site-packages/airflow/example_dags/example_trigger_controller_dag.py
[2026-04-25T09:20:17.138+0000] {processor.py:840} INFO - DAG(s) 'example_trigger_controller_dag' retrieved from /usr/local/python/3.12.1/lib/python3.12/site-packages/airflow/example_dags/example_trigger_controller_dag.py
[2026-04-25T09:20:17.149+0000] {logging_mixin.py:188} INFO - [2026-04-25T09:20:17.148+0000] {dag.py:3096} INFO - Sync 1 DAGs
[2026-04-25T09:20:17.162+0000] {logging_mixin.py:188} INFO - [2026-04-25T09:20:17.162+0000] {dag.py:3954} INFO - Setting next_dagrun for example_trigger_controller_dag to 2021-01-01 00:00:00+00:00, run_after=2021-01-01 00:00:00+00:00
[2026-04-25T09:20:17.180+0000] {processor.py:183} INFO - Processing /usr/local/python/3.12.1/lib/python3.12/site-packages/airflow/example_dags/example_trigger_controller_dag.py took 0.051 seconds
[2026-04-25T09:20:53.239+0000] {processor.py:161} INFO - Started process (PID=17958) to work on /usr/local/python/3.12.1/lib/python3.12/site-packages/airflow/example_dags/example_trigger_controller_dag.py
[2026-04-25T09:20:53.239+0000] {processor.py:830} INFO - Processing file /usr/local/python/3.12.1/lib/python3.12/site-packages/airflow/example_dags/example_trigger_controller_dag.py for tasks to queue
[2026-04-25T09:20:53.240+0000] {logging_mixin.py:188} INFO - [2026-04-25T09:20:53.240+0000] {dagbag.py:540} INFO - Filling up the DagBag from /usr/local/python/3.12.1/lib/python3.12/site-packages/airflow/example_dags/example_trigger_controller_dag.py
[2026-04-25T09:20:53.244+0000] {processor.py:840} INFO - DAG(s) 'example_trigger_controller_dag' retrieved from /usr/local/python/3.12.1/lib/python3.12/site-packages/airflow/example_dags/example_trigger_controller_dag.py
[2026-04-25T09:20:53.255+0000] {logging_mixin.py:188} INFO - [2026-04-25T09:20:53.255+0000] {dag.py:3096} INFO - Sync 1 DAGs
[2026-04-25T09:20:53.269+0000] {logging_mixin.py:188} INFO - [2026-04-25T09:20:53.269+0000] {dag.py:3954} INFO - Setting next_dagrun for example_trigger_controller_dag to 2021-01-01 00:00:00+00:00, run_after=2021-01-01 00:00:00+00:00
[2026-04-25T09:20:53.287+0000] {processor.py:183} INFO - Processing /usr/local/python/3.12.1/lib/python3.12/site-packages/airflow/example_dags/example_trigger_controller_dag.py took 0.052 seconds
[2026-04-25T09:21:32.754+0000] {processor.py:161} INFO - Started process (PID=18259) to work on /usr/local/python/3.12.1/lib/python3.12/site-packages/airflow/example_dags/example_trigger_controller_dag.py
[2026-04-25T09:21:32.755+0000] {processor.py:830} INFO - Processing file /usr/local/python/3.12.1/lib/python3.12/site-packages/airflow/example_dags/example_trigger_controller_dag.py for tasks to queue
[2026-04-25T09:21:32.756+0000] {logging_mixin.py:188} INFO - [2026-04-25T09:21:32.755+0000] {dagbag.py:540} INFO - Filling up the DagBag from /usr/local/python/3.12.1/lib/python3.12/site-packages/airflow/example_dags/example_trigger_controller_dag.py
[2026-04-25T09:21:32.760+0000] {processor.py:840} INFO - DAG(s) 'example_trigger_controller_dag' retrieved from /usr/local/python/3.12.1/lib/python3.12/site-packages/airflow/example_dags/example_trigger_controller_dag.py
[2026-04-25T09:21:32.771+0000] {logging_mixin.py:188} INFO - [2026-04-25T09:21:32.770+0000] {dag.py:3096} INFO - Sync 1 DAGs
[2026-04-25T09:21:32.784+0000] {logging_mixin.py:188} INFO - [2026-04-25T09:21:32.784+0000] {dag.py:3954} INFO - Setting next_dagrun for example_trigger_controller_dag to 2021-01-01 00:00:00+00:00, run_after=2021-01-01 00:00:00+00:00
[2026-04-25T09:21:32.801+0000] {processor.py:183} INFO - Processing /usr/local/python/3.12.1/lib/python3.12/site-packages/airflow/example_dags/example_trigger_controller_dag.py took 0.050 seconds
[2026-04-25T09:22:13.535+0000] {processor.py:161} INFO - Started process (PID=18572) to work on /usr/local/python/3.12.1/lib/python3.12/site-packages/airflow/example_dags/example_trigger_controller_dag.py
[2026-04-25T09:22:13.536+0000] {processor.py:830} INFO - Processing file /usr/local/python/3.12.1/lib/python3.12/site-packages/airflow/example_dags/example_trigger_controller_dag.py for tasks to queue
[2026-04-25T09:22:13.537+0000] {logging_mixin.py:188} INFO - [2026-04-25T09:22:13.536+0000] {dagbag.py:540} INFO - Filling up the DagBag from /usr/local/python/3.12.1/lib/python3.12/site-packages/airflow/example_dags/example_trigger_controller_dag.py
[2026-04-25T09:22:13.540+0000] {processor.py:840} INFO - DAG(s) 'example_trigger_controller_dag' retrieved from /usr/local/python/3.12.1/lib/python3.12/site-packages/airflow/example_dags/example_trigger_controller_dag.py
[2026-04-25T09:22:13.552+0000] {logging_mixin.py:188} INFO - [2026-04-25T09:22:13.551+0000] {dag.py:3096} INFO - Sync 1 DAGs
[2026-04-25T09:22:13.565+0000] {logging_mixin.py:188} INFO - [2026-04-25T09:22:13.565+0000] {dag.py:3954} INFO - Setting next_dagrun for example_trigger_controller_dag to 2021-01-01 00:00:00+00:00, run_after=2021-01-01 00:00:00+00:00
[2026-04-25T09:22:13.584+0000] {processor.py:183} INFO - Processing /usr/local/python/3.12.1/lib/python3.12/site-packages/airflow/example_dags/example_trigger_controller_dag.py took 0.053 seconds
[2026-04-25T09:22:53.288+0000] {processor.py:161} INFO - Started process (PID=18886) to work on /usr/local/python/3.12.1/lib/python3.12/site-packages/airflow/example_dags/example_trigger_controller_dag.py
[2026-04-25T09:22:53.289+0000] {processor.py:830} INFO - Processing file /usr/local/python/3.12.1/lib/python3.12/site-packages/airflow/example_dags/example_trigger_controller_dag.py for tasks to queue
[2026-04-25T09:22:53.289+0000] {logging_mixin.py:188} INFO - [2026-04-25T09:22:53.289+0000] {dagbag.py:540} INFO - Filling up the DagBag from /usr/local/python/3.12.1/lib/python3.12/site-packages/airflow/example_dags/example_trigger_controller_dag.py
[2026-04-25T09:22:53.293+0000] {processor.py:840} INFO - DAG(s) 'example_trigger_controller_dag' retrieved from /usr/local/python/3.12.1/lib/python3.12/site-packages/airflow/example_dags/example_trigger_controller_dag.py
[2026-04-25T09:22:53.304+0000] {logging_mixin.py:188} INFO - [2026-04-25T09:22:53.304+0000] {dag.py:3096} INFO - Sync 1 DAGs
[2026-04-25T09:22:53.321+0000] {logging_mixin.py:188} INFO - [2026-04-25T09:22:53.321+0000] {dag.py:3954} INFO - Setting next_dagrun for example_trigger_controller_dag to 2021-01-01 00:00:00+00:00, run_after=2021-01-01 00:00:00+00:00
[2026-04-25T09:22:53.337+0000] {processor.py:183} INFO - Processing /usr/local/python/3.12.1/lib/python3.12/site-packages/airflow/example_dags/example_trigger_controller_dag.py took 0.053 seconds
[2026-04-25T09:23:30.381+0000] {processor.py:161} INFO - Started process (PID=19157) to work on /usr/local/python/3.12.1/lib/python3.12/site-packages/airflow/example_dags/example_trigger_controller_dag.py
[2026-04-25T09:23:30.382+0000] {processor.py:830} INFO - Processing file /usr/local/python/3.12.1/lib/python3.12/site-packages/airflow/example_dags/example_trigger_controller_dag.py for tasks to queue
[2026-04-25T09:23:30.383+0000] {logging_mixin.py:188} INFO - [2026-04-25T09:23:30.383+0000] {dagbag.py:540} INFO - Filling up the DagBag from /usr/local/python/3.12.1/lib/python3.12/site-packages/airflow/example_dags/example_trigger_controller_dag.py
[2026-04-25T09:23:30.395+0000] {processor.py:840} INFO - DAG(s) 'example_trigger_controller_dag' retrieved from /usr/local/python/3.12.1/lib/python3.12/site-packages/airflow/example_dags/example_trigger_controller_dag.py
[2026-04-25T09:23:30.427+0000] {logging_mixin.py:188} INFO - [2026-04-25T09:23:30.427+0000] {dag.py:3096} INFO - Sync 1 DAGs
[2026-04-25T09:23:30.450+0000] {logging_mixin.py:188} INFO - [2026-04-25T09:23:30.449+0000] {dag.py:3954} INFO - Setting next_dagrun for example_trigger_controller_dag to 2021-01-01 00:00:00+00:00, run_after=2021-01-01 00:00:00+00:00
[2026-04-25T09:23:30.471+0000] {processor.py:183} INFO - Processing /usr/local/python/3.12.1/lib/python3.12/site-packages/airflow/example_dags/example_trigger_controller_dag.py took 0.098 seconds
[2026-04-25T09:24:08.705+0000] {processor.py:161} INFO - Started process (PID=19467) to work on /usr/local/python/3.12.1/lib/python3.12/site-packages/airflow/example_dags/example_trigger_controller_dag.py
[2026-04-25T09:24:08.705+0000] {processor.py:830} INFO - Processing file /usr/local/python/3.12.1/lib/python3.12/site-packages/airflow/example_dags/example_trigger_controller_dag.py for tasks to queue
[2026-04-25T09:24:08.706+0000] {logging_mixin.py:188} INFO - [2026-04-25T09:24:08.706+0000] {dagbag.py:540} INFO - Filling up the DagBag from /usr/local/python/3.12.1/lib/python3.12/site-packages/airflow/example_dags/example_trigger_controller_dag.py
[2026-04-25T09:24:08.710+0000] {processor.py:840} INFO - DAG(s) 'example_trigger_controller_dag' retrieved from /usr/local/python/3.12.1/lib/python3.12/site-packages/airflow/example_dags/example_trigger_controller_dag.py
[2026-04-25T09:24:08.721+0000] {logging_mixin.py:188} INFO - [2026-04-25T09:24:08.721+0000] {dag.py:3096} INFO - Sync 1 DAGs
[2026-04-25T09:24:08.735+0000] {logging_mixin.py:188} INFO - [2026-04-25T09:24:08.735+0000] {dag.py:3954} INFO - Setting next_dagrun for example_trigger_controller_dag to 2021-01-01 00:00:00+00:00, run_after=2021-01-01 00:00:00+00:00
[2026-04-25T09:24:08.751+0000] {processor.py:183} INFO - Processing /usr/local/python/3.12.1/lib/python3.12/site-packages/airflow/example_dags/example_trigger_controller_dag.py took 0.051 seconds
[2026-04-25T09:24:49.630+0000] {processor.py:161} INFO - Started process (PID=19778) to work on /usr/local/python/3.12.1/lib/python3.12/site-packages/airflow/example_dags/example_trigger_controller_dag.py
[2026-04-25T09:24:49.631+0000] {processor.py:830} INFO - Processing file /usr/local/python/3.12.1/lib/python3.12/site-packages/airflow/example_dags/example_trigger_controller_dag.py for tasks to queue
[2026-04-25T09:24:49.632+0000] {logging_mixin.py:188} INFO - [2026-04-25T09:24:49.631+0000] {dagbag.py:540} INFO - Filling up the DagBag from /usr/local/python/3.12.1/lib/python3.12/site-packages/airflow/example_dags/example_trigger_controller_dag.py
[2026-04-25T09:24:49.635+0000] {processor.py:840} INFO - DAG(s) 'example_trigger_controller_dag' retrieved from /usr/local/python/3.12.1/lib/python3.12/site-packages/airflow/example_dags/example_trigger_controller_dag.py
[2026-04-25T09:24:49.646+0000] {logging_mixin.py:188} INFO - [2026-04-25T09:24:49.646+0000] {dag.py:3096} INFO - Sync 1 DAGs
[2026-04-25T09:24:49.659+0000] {logging_mixin.py:188} INFO - [2026-04-25T09:24:49.659+0000] {dag.py:3954} INFO - Setting next_dagrun for example_trigger_controller_dag to 2021-01-01 00:00:00+00:00, run_after=2021-01-01 00:00:00+00:00
[2026-04-25T09:24:49.676+0000] {processor.py:183} INFO - Processing /usr/local/python/3.12.1/lib/python3.12/site-packages/airflow/example_dags/example_trigger_controller_dag.py took 0.050 seconds
[2026-04-25T09:25:28.488+0000] {processor.py:161} INFO - Started process (PID=20082) to work on /usr/local/python/3.12.1/lib/python3.12/site-packages/airflow/example_dags/example_trigger_controller_dag.py
[2026-04-25T09:25:28.489+0000] {processor.py:830} INFO - Processing file /usr/local/python/3.12.1/lib/python3.12/site-packages/airflow/example_dags/example_trigger_controller_dag.py for tasks to queue
[2026-04-25T09:25:28.490+0000] {logging_mixin.py:188} INFO - [2026-04-25T09:25:28.489+0000] {dagbag.py:540} INFO - Filling up the DagBag from /usr/local/python/3.12.1/lib/python3.12/site-packages/airflow/example_dags/example_trigger_controller_dag.py
[2026-04-25T09:25:28.500+0000] {processor.py:840} INFO - DAG(s) 'example_trigger_controller_dag' retrieved from /usr/local/python/3.12.1/lib/python3.12/site-packages/airflow/example_dags/example_trigger_controller_dag.py
[2026-04-25T09:25:28.519+0000] {logging_mixin.py:188} INFO - [2026-04-25T09:25:28.519+0000] {dag.py:3096} INFO - Sync 1 DAGs
[2026-04-25T09:25:28.533+0000] {logging_mixin.py:188} INFO - [2026-04-25T09:25:28.533+0000] {dag.py:3954} INFO - Setting next_dagrun for example_trigger_controller_dag to 2021-01-01 00:00:00+00:00, run_after=2021-01-01 00:00:00+00:00
[2026-04-25T09:25:28.550+0000] {processor.py:183} INFO - Processing /usr/local/python/3.12.1/lib/python3.12/site-packages/airflow/example_dags/example_trigger_controller_dag.py took 0.068 seconds
[2026-04-25T09:26:05.319+0000] {processor.py:161} INFO - Started process (PID=20377) to work on /usr/local/python/3.12.1/lib/python3.12/site-packages/airflow/example_dags/example_trigger_controller_dag.py
[2026-04-25T09:26:05.320+0000] {processor.py:830} INFO - Processing file /usr/local/python/3.12.1/lib/python3.12/site-packages/airflow/example_dags/example_trigger_controller_dag.py for tasks to queue
[2026-04-25T09:26:05.320+0000] {logging_mixin.py:188} INFO - [2026-04-25T09:26:05.320+0000] {dagbag.py:540} INFO - Filling up the DagBag from /usr/local/python/3.12.1/lib/python3.12/site-packages/airflow/example_dags/example_trigger_controller_dag.py
[2026-04-25T09:26:05.324+0000] {processor.py:840} INFO - DAG(s) 'example_trigger_controller_dag' retrieved from /usr/local/python/3.12.1/lib/python3.12/site-packages/airflow/example_dags/example_trigger_controller_dag.py
[2026-04-25T09:26:05.335+0000] {logging_mixin.py:188} INFO - [2026-04-25T09:26:05.335+0000] {dag.py:3096} INFO - Sync 1 DAGs
[2026-04-25T09:26:05.350+0000] {logging_mixin.py:188} INFO - [2026-04-25T09:26:05.350+0000] {dag.py:3954} INFO - Setting next_dagrun for example_trigger_controller_dag to 2021-01-01 00:00:00+00:00, run_after=2021-01-01 00:00:00+00:00
[2026-04-25T09:26:05.366+0000] {processor.py:183} INFO - Processing /usr/local/python/3.12.1/lib/python3.12/site-packages/airflow/example_dags/example_trigger_controller_dag.py took 0.051 seconds
[2026-04-25T09:26:46.629+0000] {processor.py:161} INFO - Started process (PID=20693) to work on /usr/local/python/3.12.1/lib/python3.12/site-packages/airflow/example_dags/example_trigger_controller_dag.py
[2026-04-25T09:26:46.630+0000] {processor.py:830} INFO - Processing file /usr/local/python/3.12.1/lib/python3.12/site-packages/airflow/example_dags/example_trigger_controller_dag.py for tasks to queue
[2026-04-25T09:26:46.630+0000] {logging_mixin.py:188} INFO - [2026-04-25T09:26:46.630+0000] {dagbag.py:540} INFO - Filling up the DagBag from /usr/local/python/3.12.1/lib/python3.12/site-packages/airflow/example_dags/example_trigger_controller_dag.py
[2026-04-25T09:26:46.634+0000] {processor.py:840} INFO - DAG(s) 'example_trigger_controller_dag' retrieved from /usr/local/python/3.12.1/lib/python3.12/site-packages/airflow/example_dags/example_trigger_controller_dag.py
[2026-04-25T09:26:46.645+0000] {logging_mixin.py:188} INFO - [2026-04-25T09:26:46.645+0000] {dag.py:3096} INFO - Sync 1 DAGs
[2026-04-25T09:26:46.659+0000] {logging_mixin.py:188} INFO - [2026-04-25T09:26:46.659+0000] {dag.py:3954} INFO - Setting next_dagrun for example_trigger_controller_dag to 2021-01-01 00:00:00+00:00, run_after=2021-01-01 00:00:00+00:00
[2026-04-25T09:26:46.675+0000] {processor.py:183} INFO - Processing /usr/local/python/3.12.1/lib/python3.12/site-packages/airflow/example_dags/example_trigger_controller_dag.py took 0.050 seconds
[2026-04-25T09:27:26.056+0000] {processor.py:161} INFO - Started process (PID=21004) to work on /usr/local/python/3.12.1/lib/python3.12/site-packages/airflow/example_dags/example_trigger_controller_dag.py
[2026-04-25T09:27:26.057+0000] {processor.py:830} INFO - Processing file /usr/local/python/3.12.1/lib/python3.12/site-packages/airflow/example_dags/example_trigger_controller_dag.py for tasks to queue
[2026-04-25T09:27:26.057+0000] {logging_mixin.py:188} INFO - [2026-04-25T09:27:26.057+0000] {dagbag.py:540} INFO - Filling up the DagBag from /usr/local/python/3.12.1/lib/python3.12/site-packages/airflow/example_dags/example_trigger_controller_dag.py
[2026-04-25T09:27:26.061+0000] {processor.py:840} INFO - DAG(s) 'example_trigger_controller_dag' retrieved from /usr/local/python/3.12.1/lib/python3.12/site-packages/airflow/example_dags/example_trigger_controller_dag.py
[2026-04-25T09:27:26.073+0000] {logging_mixin.py:188} INFO - [2026-04-25T09:27:26.072+0000] {dag.py:3096} INFO - Sync 1 DAGs
[2026-04-25T09:27:26.094+0000] {logging_mixin.py:188} INFO - [2026-04-25T09:27:26.094+0000] {dag.py:3954} INFO - Setting next_dagrun for example_trigger_controller_dag to 2021-01-01 00:00:00+00:00, run_after=2021-01-01 00:00:00+00:00
[2026-04-25T09:27:26.130+0000] {processor.py:183} INFO - Processing /usr/local/python/3.12.1/lib/python3.12/site-packages/airflow/example_dags/example_trigger_controller_dag.py took 0.078 seconds
[2026-04-25T09:28:07.705+0000] {processor.py:161} INFO - Started process (PID=21317) to work on /usr/local/python/3.12.1/lib/python3.12/site-packages/airflow/example_dags/example_trigger_controller_dag.py
[2026-04-25T09:28:07.706+0000] {processor.py:830} INFO - Processing file /usr/local/python/3.12.1/lib/python3.12/site-packages/airflow/example_dags/example_trigger_controller_dag.py for tasks to queue
[2026-04-25T09:28:07.706+0000] {logging_mixin.py:188} INFO - [2026-04-25T09:28:07.706+0000] {dagbag.py:540} INFO - Filling up the DagBag from /usr/local/python/3.12.1/lib/python3.12/site-packages/airflow/example_dags/example_trigger_controller_dag.py
[2026-04-25T09:28:07.710+0000] {processor.py:840} INFO - DAG(s) 'example_trigger_controller_dag' retrieved from /usr/local/python/3.12.1/lib/python3.12/site-packages/airflow/example_dags/example_trigger_controller_dag.py
[2026-04-25T09:28:07.722+0000] {logging_mixin.py:188} INFO - [2026-04-25T09:28:07.722+0000] {dag.py:3096} INFO - Sync 1 DAGs
[2026-04-25T09:28:07.736+0000] {logging_mixin.py:188} INFO - [2026-04-25T09:28:07.735+0000] {dag.py:3954} INFO - Setting next_dagrun for example_trigger_controller_dag to 2021-01-01 00:00:00+00:00, run_after=2021-01-01 00:00:00+00:00
[2026-04-25T09:28:07.752+0000] {processor.py:183} INFO - Processing /usr/local/python/3.12.1/lib/python3.12/site-packages/airflow/example_dags/example_trigger_controller_dag.py took 0.051 seconds
[2026-04-25T09:28:49.987+0000] {processor.py:161} INFO - Started process (PID=21647) to work on /usr/local/python/3.12.1/lib/python3.12/site-packages/airflow/example_dags/example_trigger_controller_dag.py
[2026-04-25T09:28:49.988+0000] {processor.py:830} INFO - Processing file /usr/local/python/3.12.1/lib/python3.12/site-packages/airflow/example_dags/example_trigger_controller_dag.py for tasks to queue
[2026-04-25T09:28:49.989+0000] {logging_mixin.py:188} INFO - [2026-04-25T09:28:49.988+0000] {dagbag.py:540} INFO - Filling up the DagBag from /usr/local/python/3.12.1/lib/python3.12/site-packages/airflow/example_dags/example_trigger_controller_dag.py
[2026-04-25T09:28:49.992+0000] {processor.py:840} INFO - DAG(s) 'example_trigger_controller_dag' retrieved from /usr/local/python/3.12.1/lib/python3.12/site-packages/airflow/example_dags/example_trigger_controller_dag.py
[2026-04-25T09:28:50.004+0000] {logging_mixin.py:188} INFO - [2026-04-25T09:28:50.004+0000] {dag.py:3096} INFO - Sync 1 DAGs
[2026-04-25T09:28:50.018+0000] {logging_mixin.py:188} INFO - [2026-04-25T09:28:50.018+0000] {dag.py:3954} INFO - Setting next_dagrun for example_trigger_controller_dag to 2021-01-01 00:00:00+00:00, run_after=2021-01-01 00:00:00+00:00
[2026-04-25T09:28:50.035+0000] {processor.py:183} INFO - Processing /usr/local/python/3.12.1/lib/python3.12/site-packages/airflow/example_dags/example_trigger_controller_dag.py took 0.052 seconds
[2026-04-25T09:29:30.989+0000] {processor.py:161} INFO - Started process (PID=21956) to work on /usr/local/python/3.12.1/lib/python3.12/site-packages/airflow/example_dags/example_trigger_controller_dag.py
[2026-04-25T09:29:30.989+0000] {processor.py:830} INFO - Processing file /usr/local/python/3.12.1/lib/python3.12/site-packages/airflow/example_dags/example_trigger_controller_dag.py for tasks to queue
[2026-04-25T09:29:30.990+0000] {logging_mixin.py:188} INFO - [2026-04-25T09:29:30.990+0000] {dagbag.py:540} INFO - Filling up the DagBag from /usr/local/python/3.12.1/lib/python3.12/site-packages/airflow/example_dags/example_trigger_controller_dag.py
[2026-04-25T09:29:30.994+0000] {processor.py:840} INFO - DAG(s) 'example_trigger_controller_dag' retrieved from /usr/local/python/3.12.1/lib/python3.12/site-packages/airflow/example_dags/example_trigger_controller_dag.py
[2026-04-25T09:29:31.005+0000] {logging_mixin.py:188} INFO - [2026-04-25T09:29:31.004+0000] {dag.py:3096} INFO - Sync 1 DAGs
[2026-04-25T09:29:31.018+0000] {logging_mixin.py:188} INFO - [2026-04-25T09:29:31.018+0000] {dag.py:3954} INFO - Setting next_dagrun for example_trigger_controller_dag to 2021-01-01 00:00:00+00:00, run_after=2021-01-01 00:00:00+00:00
[2026-04-25T09:29:31.034+0000] {processor.py:183} INFO - Processing /usr/local/python/3.12.1/lib/python3.12/site-packages/airflow/example_dags/example_trigger_controller_dag.py took 0.049 seconds
[2026-04-25T09:30:09.856+0000] {processor.py:161} INFO - Started process (PID=22263) to work on /usr/local/python/3.12.1/lib/python3.12/site-packages/airflow/example_dags/example_trigger_controller_dag.py
[2026-04-25T09:30:09.858+0000] {processor.py:830} INFO - Processing file /usr/local/python/3.12.1/lib/python3.12/site-packages/airflow/example_dags/example_trigger_controller_dag.py for tasks to queue
[2026-04-25T09:30:09.859+0000] {logging_mixin.py:188} INFO - [2026-04-25T09:30:09.859+0000] {dagbag.py:540} INFO - Filling up the DagBag from /usr/local/python/3.12.1/lib/python3.12/site-packages/airflow/example_dags/example_trigger_controller_dag.py
[2026-04-25T09:30:09.865+0000] {processor.py:840} INFO - DAG(s) 'example_trigger_controller_dag' retrieved from /usr/local/python/3.12.1/lib/python3.12/site-packages/airflow/example_dags/example_trigger_controller_dag.py
[2026-04-25T09:30:09.877+0000] {logging_mixin.py:188} INFO - [2026-04-25T09:30:09.877+0000] {dag.py:3096} INFO - Sync 1 DAGs
[2026-04-25T09:30:09.891+0000] {logging_mixin.py:188} INFO - [2026-04-25T09:30:09.891+0000] {dag.py:3954} INFO - Setting next_dagrun for example_trigger_controller_dag to 2021-01-01 00:00:00+00:00, run_after=2021-01-01 00:00:00+00:00
[2026-04-25T09:30:09.908+0000] {processor.py:183} INFO - Processing /usr/local/python/3.12.1/lib/python3.12/site-packages/airflow/example_dags/example_trigger_controller_dag.py took 0.061 seconds
[2026-04-25T09:30:50.196+0000] {processor.py:161} INFO - Started process (PID=22576) to work on /usr/local/python/3.12.1/lib/python3.12/site-packages/airflow/example_dags/example_trigger_controller_dag.py
[2026-04-25T09:30:50.197+0000] {processor.py:830} INFO - Processing file /usr/local/python/3.12.1/lib/python3.12/site-packages/airflow/example_dags/example_trigger_controller_dag.py for tasks to queue
[2026-04-25T09:30:50.198+0000] {logging_mixin.py:188} INFO - [2026-04-25T09:30:50.198+0000] {dagbag.py:540} INFO - Filling up the DagBag from /usr/local/python/3.12.1/lib/python3.12/site-packages/airflow/example_dags/example_trigger_controller_dag.py
[2026-04-25T09:30:50.202+0000] {processor.py:840} INFO - DAG(s) 'example_trigger_controller_dag' retrieved from /usr/local/python/3.12.1/lib/python3.12/site-packages/airflow/example_dags/example_trigger_controller_dag.py
[2026-04-25T09:30:50.213+0000] {logging_mixin.py:188} INFO - [2026-04-25T09:30:50.212+0000] {dag.py:3096} INFO - Sync 1 DAGs
[2026-04-25T09:30:50.227+0000] {logging_mixin.py:188} INFO - [2026-04-25T09:30:50.226+0000] {dag.py:3954} INFO - Setting next_dagrun for example_trigger_controller_dag to 2021-01-01 00:00:00+00:00, run_after=2021-01-01 00:00:00+00:00
[2026-04-25T09:30:50.382+0000] {processor.py:183} INFO - Processing /usr/local/python/3.12.1/lib/python3.12/site-packages/airflow/example_dags/example_trigger_controller_dag.py took 0.190 seconds
[2026-04-25T09:31:36.274+0000] {processor.py:161} INFO - Started process (PID=22918) to work on /usr/local/python/3.12.1/lib/python3.12/site-packages/airflow/example_dags/example_trigger_controller_dag.py
[2026-04-25T09:31:36.274+0000] {processor.py:830} INFO - Processing file /usr/local/python/3.12.1/lib/python3.12/site-packages/airflow/example_dags/example_trigger_controller_dag.py for tasks to queue
[2026-04-25T09:31:36.275+0000] {logging_mixin.py:188} INFO - [2026-04-25T09:31:36.275+0000] {dagbag.py:540} INFO - Filling up the DagBag from /usr/local/python/3.12.1/lib/python3.12/site-packages/airflow/example_dags/example_trigger_controller_dag.py
[2026-04-25T09:31:36.279+0000] {processor.py:840} INFO - DAG(s) 'example_trigger_controller_dag' retrieved from /usr/local/python/3.12.1/lib/python3.12/site-packages/airflow/example_dags/example_trigger_controller_dag.py
[2026-04-25T09:31:36.290+0000] {logging_mixin.py:188} INFO - [2026-04-25T09:31:36.289+0000] {dag.py:3096} INFO - Sync 1 DAGs
[2026-04-25T09:31:36.305+0000] {logging_mixin.py:188} INFO - [2026-04-25T09:31:36.305+0000] {dag.py:3954} INFO - Setting next_dagrun for example_trigger_controller_dag to 2021-01-01 00:00:00+00:00, run_after=2021-01-01 00:00:00+00:00
[2026-04-25T09:31:36.321+0000] {processor.py:183} INFO - Processing /usr/local/python/3.12.1/lib/python3.12/site-packages/airflow/example_dags/example_trigger_controller_dag.py took 0.051 seconds
[2026-04-25T09:32:18.252+0000] {processor.py:161} INFO - Started process (PID=23234) to work on /usr/local/python/3.12.1/lib/python3.12/site-packages/airflow/example_dags/example_trigger_controller_dag.py
[2026-04-25T09:32:18.252+0000] {processor.py:830} INFO - Processing file /usr/local/python/3.12.1/lib/python3.12/site-packages/airflow/example_dags/example_trigger_controller_dag.py for tasks to queue
[2026-04-25T09:32:18.253+0000] {logging_mixin.py:188} INFO - [2026-04-25T09:32:18.253+0000] {dagbag.py:540} INFO - Filling up the DagBag from /usr/local/python/3.12.1/lib/python3.12/site-packages/airflow/example_dags/example_trigger_controller_dag.py
[2026-04-25T09:32:18.257+0000] {processor.py:840} INFO - DAG(s) 'example_trigger_controller_dag' retrieved from /usr/local/python/3.12.1/lib/python3.12/site-packages/airflow/example_dags/example_trigger_controller_dag.py
[2026-04-25T09:32:18.268+0000] {logging_mixin.py:188} INFO - [2026-04-25T09:32:18.268+0000] {dag.py:3096} INFO - Sync 1 DAGs
[2026-04-25T09:32:18.437+0000] {logging_mixin.py:188} INFO - [2026-04-25T09:32:18.436+0000] {dag.py:3954} INFO - Setting next_dagrun for example_trigger_controller_dag to 2021-01-01 00:00:00+00:00, run_after=2021-01-01 00:00:00+00:00
[2026-04-25T09:32:18.452+0000] {processor.py:183} INFO - Processing /usr/local/python/3.12.1/lib/python3.12/site-packages/airflow/example_dags/example_trigger_controller_dag.py took 0.205 seconds
[2026-04-25T09:33:03.289+0000] {processor.py:161} INFO - Started process (PID=23591) to work on /usr/local/python/3.12.1/lib/python3.12/site-packages/airflow/example_dags/example_trigger_controller_dag.py
[2026-04-25T09:33:03.289+0000] {processor.py:830} INFO - Processing file /usr/local/python/3.12.1/lib/python3.12/site-packages/airflow/example_dags/example_trigger_controller_dag.py for tasks to queue
[2026-04-25T09:33:03.290+0000] {logging_mixin.py:188} INFO - [2026-04-25T09:33:03.290+0000] {dagbag.py:540} INFO - Filling up the DagBag from /usr/local/python/3.12.1/lib/python3.12/site-packages/airflow/example_dags/example_trigger_controller_dag.py
[2026-04-25T09:33:03.294+0000] {processor.py:840} INFO - DAG(s) 'example_trigger_controller_dag' retrieved from /usr/local/python/3.12.1/lib/python3.12/site-packages/airflow/example_dags/example_trigger_controller_dag.py
[2026-04-25T09:33:03.305+0000] {logging_mixin.py:188} INFO - [2026-04-25T09:33:03.305+0000] {dag.py:3096} INFO - Sync 1 DAGs
[2026-04-25T09:33:03.319+0000] {logging_mixin.py:188} INFO - [2026-04-25T09:33:03.319+0000] {dag.py:3954} INFO - Setting next_dagrun for example_trigger_controller_dag to 2021-01-01 00:00:00+00:00, run_after=2021-01-01 00:00:00+00:00
[2026-04-25T09:33:03.486+0000] {processor.py:183} INFO - Processing /usr/local/python/3.12.1/lib/python3.12/site-packages/airflow/example_dags/example_trigger_controller_dag.py took 0.201 seconds
[2026-04-25T09:33:48.228+0000] {processor.py:161} INFO - Started process (PID=23930) to work on /usr/local/python/3.12.1/lib/python3.12/site-packages/airflow/example_dags/example_trigger_controller_dag.py
[2026-04-25T09:33:48.228+0000] {processor.py:830} INFO - Processing file /usr/local/python/3.12.1/lib/python3.12/site-packages/airflow/example_dags/example_trigger_controller_dag.py for tasks to queue
[2026-04-25T09:33:48.229+0000] {logging_mixin.py:188} INFO - [2026-04-25T09:33:48.229+0000] {dagbag.py:540} INFO - Filling up the DagBag from /usr/local/python/3.12.1/lib/python3.12/site-packages/airflow/example_dags/example_trigger_controller_dag.py
[2026-04-25T09:33:48.233+0000] {processor.py:840} INFO - DAG(s) 'example_trigger_controller_dag' retrieved from /usr/local/python/3.12.1/lib/python3.12/site-packages/airflow/example_dags/example_trigger_controller_dag.py
[2026-04-25T09:33:48.244+0000] {logging_mixin.py:188} INFO - [2026-04-25T09:33:48.244+0000] {dag.py:3096} INFO - Sync 1 DAGs
[2026-04-25T09:33:48.259+0000] {logging_mixin.py:188} INFO - [2026-04-25T09:33:48.258+0000] {dag.py:3954} INFO - Setting next_dagrun for example_trigger_controller_dag to 2021-01-01 00:00:00+00:00, run_after=2021-01-01 00:00:00+00:00
[2026-04-25T09:33:48.276+0000] {processor.py:183} INFO - Processing /usr/local/python/3.12.1/lib/python3.12/site-packages/airflow/example_dags/example_trigger_controller_dag.py took 0.052 seconds
[2026-04-25T09:34:30.527+0000] {processor.py:161} INFO - Started process (PID=24253) to work on /usr/local/python/3.12.1/lib/python3.12/site-packages/airflow/example_dags/example_trigger_controller_dag.py
[2026-04-25T09:34:30.528+0000] {processor.py:830} INFO - Processing file /usr/local/python/3.12.1/lib/python3.12/site-packages/airflow/example_dags/example_trigger_controller_dag.py for tasks to queue
[2026-04-25T09:34:30.529+0000] {logging_mixin.py:188} INFO - [2026-04-25T09:34:30.528+0000] {dagbag.py:540} INFO - Filling up the DagBag from /usr/local/python/3.12.1/lib/python3.12/site-packages/airflow/example_dags/example_trigger_controller_dag.py
[2026-04-25T09:34:30.532+0000] {processor.py:840} INFO - DAG(s) 'example_trigger_controller_dag' retrieved from /usr/local/python/3.12.1/lib/python3.12/site-packages/airflow/example_dags/example_trigger_controller_dag.py
[2026-04-25T09:34:30.544+0000] {logging_mixin.py:188} INFO - [2026-04-25T09:34:30.543+0000] {dag.py:3096} INFO - Sync 1 DAGs
[2026-04-25T09:34:30.558+0000] {logging_mixin.py:188} INFO - [2026-04-25T09:34:30.557+0000] {dag.py:3954} INFO - Setting next_dagrun for example_trigger_controller_dag to 2021-01-01 00:00:00+00:00, run_after=2021-01-01 00:00:00+00:00
[2026-04-25T09:34:30.574+0000] {processor.py:183} INFO - Processing /usr/local/python/3.12.1/lib/python3.12/site-packages/airflow/example_dags/example_trigger_controller_dag.py took 0.051 seconds
[2026-04-25T09:35:06.689+0000] {processor.py:161} INFO - Started process (PID=24544) to work on /usr/local/python/3.12.1/lib/python3.12/site-packages/airflow/example_dags/example_trigger_controller_dag.py
[2026-04-25T09:35:06.689+0000] {processor.py:830} INFO - Processing file /usr/local/python/3.12.1/lib/python3.12/site-packages/airflow/example_dags/example_trigger_controller_dag.py for tasks to queue
[2026-04-25T09:35:06.690+0000] {logging_mixin.py:188} INFO - [2026-04-25T09:35:06.690+0000] {dagbag.py:540} INFO - Filling up the DagBag from /usr/local/python/3.12.1/lib/python3.12/site-packages/airflow/example_dags/example_trigger_controller_dag.py
[2026-04-25T09:35:06.694+0000] {processor.py:840} INFO - DAG(s) 'example_trigger_controller_dag' retrieved from /usr/local/python/3.12.1/lib/python3.12/site-packages/airflow/example_dags/example_trigger_controller_dag.py
[2026-04-25T09:35:06.705+0000] {logging_mixin.py:188} INFO - [2026-04-25T09:35:06.705+0000] {dag.py:3096} INFO - Sync 1 DAGs
[2026-04-25T09:35:06.720+0000] {logging_mixin.py:188} INFO - [2026-04-25T09:35:06.720+0000] {dag.py:3954} INFO - Setting next_dagrun for example_trigger_controller_dag to 2021-01-01 00:00:00+00:00, run_after=2021-01-01 00:00:00+00:00
[2026-04-25T09:35:06.737+0000] {processor.py:183} INFO - Processing /usr/local/python/3.12.1/lib/python3.12/site-packages/airflow/example_dags/example_trigger_controller_dag.py took 0.053 seconds
[2026-04-25T09:35:46.252+0000] {processor.py:161} INFO - Started process (PID=24851) to work on /usr/local/python/3.12.1/lib/python3.12/site-packages/airflow/example_dags/example_trigger_controller_dag.py
[2026-04-25T09:35:46.253+0000] {processor.py:830} INFO - Processing file /usr/local/python/3.12.1/lib/python3.12/site-packages/airflow/example_dags/example_trigger_controller_dag.py for tasks to queue
[2026-04-25T09:35:46.254+0000] {logging_mixin.py:188} INFO - [2026-04-25T09:35:46.254+0000] {dagbag.py:540} INFO - Filling up the DagBag from /usr/local/python/3.12.1/lib/python3.12/site-packages/airflow/example_dags/example_trigger_controller_dag.py
[2026-04-25T09:35:46.258+0000] {processor.py:840} INFO - DAG(s) 'example_trigger_controller_dag' retrieved from /usr/local/python/3.12.1/lib/python3.12/site-packages/airflow/example_dags/example_trigger_controller_dag.py
[2026-04-25T09:35:46.269+0000] {logging_mixin.py:188} INFO - [2026-04-25T09:35:46.269+0000] {dag.py:3096} INFO - Sync 1 DAGs
[2026-04-25T09:35:46.283+0000] {logging_mixin.py:188} INFO - [2026-04-25T09:35:46.282+0000] {dag.py:3954} INFO - Setting next_dagrun for example_trigger_controller_dag to 2021-01-01 00:00:00+00:00, run_after=2021-01-01 00:00:00+00:00
[2026-04-25T09:35:46.298+0000] {processor.py:183} INFO - Processing /usr/local/python/3.12.1/lib/python3.12/site-packages/airflow/example_dags/example_trigger_controller_dag.py took 0.050 seconds
[2026-04-25T09:36:23.757+0000] {processor.py:161} INFO - Started process (PID=25129) to work on /usr/local/python/3.12.1/lib/python3.12/site-packages/airflow/example_dags/example_trigger_controller_dag.py
[2026-04-25T09:36:23.758+0000] {processor.py:830} INFO - Processing file /usr/local/python/3.12.1/lib/python3.12/site-packages/airflow/example_dags/example_trigger_controller_dag.py for tasks to queue
[2026-04-25T09:36:23.758+0000] {logging_mixin.py:188} INFO - [2026-04-25T09:36:23.758+0000] {dagbag.py:540} INFO - Filling up the DagBag from /usr/local/python/3.12.1/lib/python3.12/site-packages/airflow/example_dags/example_trigger_controller_dag.py
[2026-04-25T09:36:23.762+0000] {processor.py:840} INFO - DAG(s) 'example_trigger_controller_dag' retrieved from /usr/local/python/3.12.1/lib/python3.12/site-packages/airflow/example_dags/example_trigger_controller_dag.py
[2026-04-25T09:36:23.773+0000] {logging_mixin.py:188} INFO - [2026-04-25T09:36:23.773+0000] {dag.py:3096} INFO - Sync 1 DAGs
[2026-04-25T09:36:23.787+0000] {logging_mixin.py:188} INFO - [2026-04-25T09:36:23.787+0000] {dag.py:3954} INFO - Setting next_dagrun for example_trigger_controller_dag to 2021-01-01 00:00:00+00:00, run_after=2021-01-01 00:00:00+00:00
[2026-04-25T09:36:23.804+0000] {processor.py:183} INFO - Processing /usr/local/python/3.12.1/lib/python3.12/site-packages/airflow/example_dags/example_trigger_controller_dag.py took 0.051 seconds
[2026-04-25T09:37:05.914+0000] {processor.py:161} INFO - Started process (PID=25462) to work on /usr/local/python/3.12.1/lib/python3.12/site-packages/airflow/example_dags/example_trigger_controller_dag.py
[2026-04-25T09:37:05.916+0000] {processor.py:830} INFO - Processing file /usr/local/python/3.12.1/lib/python3.12/site-packages/airflow/example_dags/example_trigger_controller_dag.py for tasks to queue
[2026-04-25T09:37:05.917+0000] {logging_mixin.py:188} INFO - [2026-04-25T09:37:05.916+0000] {dagbag.py:540} INFO - Filling up the DagBag from /usr/local/python/3.12.1/lib/python3.12/site-packages/airflow/example_dags/example_trigger_controller_dag.py
[2026-04-25T09:37:05.925+0000] {processor.py:840} INFO - DAG(s) 'example_trigger_controller_dag' retrieved from /usr/local/python/3.12.1/lib/python3.12/site-packages/airflow/example_dags/example_trigger_controller_dag.py
[2026-04-25T09:37:05.946+0000] {logging_mixin.py:188} INFO - [2026-04-25T09:37:05.946+0000] {dag.py:3096} INFO - Sync 1 DAGs
[2026-04-25T09:37:05.972+0000] {logging_mixin.py:188} INFO - [2026-04-25T09:37:05.972+0000] {dag.py:3954} INFO - Setting next_dagrun for example_trigger_controller_dag to 2021-01-01 00:00:00+00:00, run_after=2021-01-01 00:00:00+00:00
[2026-04-25T09:37:06.004+0000] {processor.py:183} INFO - Processing /usr/local/python/3.12.1/lib/python3.12/site-packages/airflow/example_dags/example_trigger_controller_dag.py took 0.095 seconds
[2026-04-25T09:37:46.517+0000] {processor.py:161} INFO - Started process (PID=25763) to work on /usr/local/python/3.12.1/lib/python3.12/site-packages/airflow/example_dags/example_trigger_controller_dag.py
[2026-04-25T09:37:46.517+0000] {processor.py:830} INFO - Processing file /usr/local/python/3.12.1/lib/python3.12/site-packages/airflow/example_dags/example_trigger_controller_dag.py for tasks to queue
[2026-04-25T09:37:46.518+0000] {logging_mixin.py:188} INFO - [2026-04-25T09:37:46.518+0000] {dagbag.py:540} INFO - Filling up the DagBag from /usr/local/python/3.12.1/lib/python3.12/site-packages/airflow/example_dags/example_trigger_controller_dag.py
[2026-04-25T09:37:46.522+0000] {processor.py:840} INFO - DAG(s) 'example_trigger_controller_dag' retrieved from /usr/local/python/3.12.1/lib/python3.12/site-packages/airflow/example_dags/example_trigger_controller_dag.py
[2026-04-25T09:37:46.539+0000] {logging_mixin.py:188} INFO - [2026-04-25T09:37:46.539+0000] {dag.py:3096} INFO - Sync 1 DAGs
[2026-04-25T09:37:46.567+0000] {logging_mixin.py:188} INFO - [2026-04-25T09:37:46.566+0000] {dag.py:3954} INFO - Setting next_dagrun for example_trigger_controller_dag to 2021-01-01 00:00:00+00:00, run_after=2021-01-01 00:00:00+00:00
[2026-04-25T09:37:46.598+0000] {processor.py:183} INFO - Processing /usr/local/python/3.12.1/lib/python3.12/site-packages/airflow/example_dags/example_trigger_controller_dag.py took 0.085 seconds
[2026-04-25T09:38:27.534+0000] {processor.py:161} INFO - Started process (PID=26094) to work on /usr/local/python/3.12.1/lib/python3.12/site-packages/airflow/example_dags/example_trigger_controller_dag.py
[2026-04-25T09:38:27.534+0000] {processor.py:830} INFO - Processing file /usr/local/python/3.12.1/lib/python3.12/site-packages/airflow/example_dags/example_trigger_controller_dag.py for tasks to queue
[2026-04-25T09:38:27.535+0000] {logging_mixin.py:188} INFO - [2026-04-25T09:38:27.535+0000] {dagbag.py:540} INFO - Filling up the DagBag from /usr/local/python/3.12.1/lib/python3.12/site-packages/airflow/example_dags/example_trigger_controller_dag.py
[2026-04-25T09:38:27.539+0000] {processor.py:840} INFO - DAG(s) 'example_trigger_controller_dag' retrieved from /usr/local/python/3.12.1/lib/python3.12/site-packages/airflow/example_dags/example_trigger_controller_dag.py
[2026-04-25T09:38:27.550+0000] {logging_mixin.py:188} INFO - [2026-04-25T09:38:27.550+0000] {dag.py:3096} INFO - Sync 1 DAGs
[2026-04-25T09:38:27.567+0000] {logging_mixin.py:188} INFO - [2026-04-25T09:38:27.566+0000] {dag.py:3954} INFO - Setting next_dagrun for example_trigger_controller_dag to 2021-01-01 00:00:00+00:00, run_after=2021-01-01 00:00:00+00:00
[2026-04-25T09:38:27.583+0000] {processor.py:183} INFO - Processing /usr/local/python/3.12.1/lib/python3.12/site-packages/airflow/example_dags/example_trigger_controller_dag.py took 0.053 seconds
[2026-04-25T09:39:10.331+0000] {processor.py:161} INFO - Started process (PID=26415) to work on /usr/local/python/3.12.1/lib/python3.12/site-packages/airflow/example_dags/example_trigger_controller_dag.py
[2026-04-25T09:39:10.332+0000] {processor.py:830} INFO - Processing file /usr/local/python/3.12.1/lib/python3.12/site-packages/airflow/example_dags/example_trigger_controller_dag.py for tasks to queue
[2026-04-25T09:39:10.332+0000] {logging_mixin.py:188} INFO - [2026-04-25T09:39:10.332+0000] {dagbag.py:540} INFO - Filling up the DagBag from /usr/local/python/3.12.1/lib/python3.12/site-packages/airflow/example_dags/example_trigger_controller_dag.py
[2026-04-25T09:39:10.336+0000] {processor.py:840} INFO - DAG(s) 'example_trigger_controller_dag' retrieved from /usr/local/python/3.12.1/lib/python3.12/site-packages/airflow/example_dags/example_trigger_controller_dag.py
[2026-04-25T09:39:10.347+0000] {logging_mixin.py:188} INFO - [2026-04-25T09:39:10.347+0000] {dag.py:3096} INFO - Sync 1 DAGs
[2026-04-25T09:39:10.361+0000] {logging_mixin.py:188} INFO - [2026-04-25T09:39:10.361+0000] {dag.py:3954} INFO - Setting next_dagrun for example_trigger_controller_dag to 2021-01-01 00:00:00+00:00, run_after=2021-01-01 00:00:00+00:00
[2026-04-25T09:39:10.378+0000] {processor.py:183} INFO - Processing /usr/local/python/3.12.1/lib/python3.12/site-packages/airflow/example_dags/example_trigger_controller_dag.py took 0.051 seconds
[2026-04-25T09:39:49.056+0000] {processor.py:161} INFO - Started process (PID=26721) to work on /usr/local/python/3.12.1/lib/python3.12/site-packages/airflow/example_dags/example_trigger_controller_dag.py
[2026-04-25T09:39:49.056+0000] {processor.py:830} INFO - Processing file /usr/local/python/3.12.1/lib/python3.12/site-packages/airflow/example_dags/example_trigger_controller_dag.py for tasks to queue
[2026-04-25T09:39:49.057+0000] {logging_mixin.py:188} INFO - [2026-04-25T09:39:49.057+0000] {dagbag.py:540} INFO - Filling up the DagBag from /usr/local/python/3.12.1/lib/python3.12/site-packages/airflow/example_dags/example_trigger_controller_dag.py
[2026-04-25T09:39:49.061+0000] {processor.py:840} INFO - DAG(s) 'example_trigger_controller_dag' retrieved from /usr/local/python/3.12.1/lib/python3.12/site-packages/airflow/example_dags/example_trigger_controller_dag.py
[2026-04-25T09:39:49.072+0000] {logging_mixin.py:188} INFO - [2026-04-25T09:39:49.072+0000] {dag.py:3096} INFO - Sync 1 DAGs
[2026-04-25T09:39:49.087+0000] {logging_mixin.py:188} INFO - [2026-04-25T09:39:49.087+0000] {dag.py:3954} INFO - Setting next_dagrun for example_trigger_controller_dag to 2021-01-01 00:00:00+00:00, run_after=2021-01-01 00:00:00+00:00
[2026-04-25T09:39:49.108+0000] {processor.py:183} INFO - Processing /usr/local/python/3.12.1/lib/python3.12/site-packages/airflow/example_dags/example_trigger_controller_dag.py took 0.056 seconds
[2026-04-25T09:40:27.296+0000] {processor.py:161} INFO - Started process (PID=27007) to work on /usr/local/python/3.12.1/lib/python3.12/site-packages/airflow/example_dags/example_trigger_controller_dag.py
[2026-04-25T09:40:27.297+0000] {processor.py:830} INFO - Processing file /usr/local/python/3.12.1/lib/python3.12/site-packages/airflow/example_dags/example_trigger_controller_dag.py for tasks to queue
[2026-04-25T09:40:27.297+0000] {logging_mixin.py:188} INFO - [2026-04-25T09:40:27.297+0000] {dagbag.py:540} INFO - Filling up the DagBag from /usr/local/python/3.12.1/lib/python3.12/site-packages/airflow/example_dags/example_trigger_controller_dag.py
[2026-04-25T09:40:27.301+0000] {processor.py:840} INFO - DAG(s) 'example_trigger_controller_dag' retrieved from /usr/local/python/3.12.1/lib/python3.12/site-packages/airflow/example_dags/example_trigger_controller_dag.py
[2026-04-25T09:40:27.312+0000] {logging_mixin.py:188} INFO - [2026-04-25T09:40:27.312+0000] {dag.py:3096} INFO - Sync 1 DAGs
[2026-04-25T09:40:27.327+0000] {logging_mixin.py:188} INFO - [2026-04-25T09:40:27.327+0000] {dag.py:3954} INFO - Setting next_dagrun for example_trigger_controller_dag to 2021-01-01 00:00:00+00:00, run_after=2021-01-01 00:00:00+00:00
[2026-04-25T09:40:27.343+0000] {processor.py:183} INFO - Processing /usr/local/python/3.12.1/lib/python3.12/site-packages/airflow/example_dags/example_trigger_controller_dag.py took 0.054 seconds
[2026-04-25T09:41:04.745+0000] {processor.py:161} INFO - Started process (PID=27300) to work on /usr/local/python/3.12.1/lib/python3.12/site-packages/airflow/example_dags/example_trigger_controller_dag.py
[2026-04-25T09:41:04.746+0000] {processor.py:830} INFO - Processing file /usr/local/python/3.12.1/lib/python3.12/site-packages/airflow/example_dags/example_trigger_controller_dag.py for tasks to queue
[2026-04-25T09:41:04.747+0000] {logging_mixin.py:188} INFO - [2026-04-25T09:41:04.746+0000] {dagbag.py:540} INFO - Filling up the DagBag from /usr/local/python/3.12.1/lib/python3.12/site-packages/airflow/example_dags/example_trigger_controller_dag.py
[2026-04-25T09:41:04.751+0000] {processor.py:840} INFO - DAG(s) 'example_trigger_controller_dag' retrieved from /usr/local/python/3.12.1/lib/python3.12/site-packages/airflow/example_dags/example_trigger_controller_dag.py
[2026-04-25T09:41:04.762+0000] {logging_mixin.py:188} INFO - [2026-04-25T09:41:04.762+0000] {dag.py:3096} INFO - Sync 1 DAGs
[2026-04-25T09:41:04.776+0000] {logging_mixin.py:188} INFO - [2026-04-25T09:41:04.776+0000] {dag.py:3954} INFO - Setting next_dagrun for example_trigger_controller_dag to 2021-01-01 00:00:00+00:00, run_after=2021-01-01 00:00:00+00:00
[2026-04-25T09:41:04.794+0000] {processor.py:183} INFO - Processing /usr/local/python/3.12.1/lib/python3.12/site-packages/airflow/example_dags/example_trigger_controller_dag.py took 0.052 seconds
[2026-04-25T09:41:44.262+0000] {processor.py:161} INFO - Started process (PID=27610) to work on /usr/local/python/3.12.1/lib/python3.12/site-packages/airflow/example_dags/example_trigger_controller_dag.py
[2026-04-25T09:41:44.263+0000] {processor.py:830} INFO - Processing file /usr/local/python/3.12.1/lib/python3.12/site-packages/airflow/example_dags/example_trigger_controller_dag.py for tasks to queue
[2026-04-25T09:41:44.264+0000] {logging_mixin.py:188} INFO - [2026-04-25T09:41:44.263+0000] {dagbag.py:540} INFO - Filling up the DagBag from /usr/local/python/3.12.1/lib/python3.12/site-packages/airflow/example_dags/example_trigger_controller_dag.py
[2026-04-25T09:41:44.267+0000] {processor.py:840} INFO - DAG(s) 'example_trigger_controller_dag' retrieved from /usr/local/python/3.12.1/lib/python3.12/site-packages/airflow/example_dags/example_trigger_controller_dag.py
[2026-04-25T09:41:44.278+0000] {logging_mixin.py:188} INFO - [2026-04-25T09:41:44.278+0000] {dag.py:3096} INFO - Sync 1 DAGs
[2026-04-25T09:41:44.292+0000] {logging_mixin.py:188} INFO - [2026-04-25T09:41:44.292+0000] {dag.py:3954} INFO - Setting next_dagrun for example_trigger_controller_dag to 2021-01-01 00:00:00+00:00, run_after=2021-01-01 00:00:00+00:00
[2026-04-25T09:41:44.308+0000] {processor.py:183} INFO - Processing /usr/local/python/3.12.1/lib/python3.12/site-packages/airflow/example_dags/example_trigger_controller_dag.py took 0.050 seconds
[2026-04-25T09:42:20.496+0000] {processor.py:161} INFO - Started process (PID=27884) to work on /usr/local/python/3.12.1/lib/python3.12/site-packages/airflow/example_dags/example_trigger_controller_dag.py
[2026-04-25T09:42:20.497+0000] {processor.py:830} INFO - Processing file /usr/local/python/3.12.1/lib/python3.12/site-packages/airflow/example_dags/example_trigger_controller_dag.py for tasks to queue
[2026-04-25T09:42:20.498+0000] {logging_mixin.py:188} INFO - [2026-04-25T09:42:20.497+0000] {dagbag.py:540} INFO - Filling up the DagBag from /usr/local/python/3.12.1/lib/python3.12/site-packages/airflow/example_dags/example_trigger_controller_dag.py
[2026-04-25T09:42:20.501+0000] {processor.py:840} INFO - DAG(s) 'example_trigger_controller_dag' retrieved from /usr/local/python/3.12.1/lib/python3.12/site-packages/airflow/example_dags/example_trigger_controller_dag.py
[2026-04-25T09:42:20.513+0000] {logging_mixin.py:188} INFO - [2026-04-25T09:42:20.513+0000] {dag.py:3096} INFO - Sync 1 DAGs
[2026-04-25T09:42:20.528+0000] {logging_mixin.py:188} INFO - [2026-04-25T09:42:20.528+0000] {dag.py:3954} INFO - Setting next_dagrun for example_trigger_controller_dag to 2021-01-01 00:00:00+00:00, run_after=2021-01-01 00:00:00+00:00
[2026-04-25T09:42:20.544+0000] {processor.py:183} INFO - Processing /usr/local/python/3.12.1/lib/python3.12/site-packages/airflow/example_dags/example_trigger_controller_dag.py took 0.051 seconds
[2026-04-25T09:42:59.918+0000] {processor.py:161} INFO - Started process (PID=28188) to work on /usr/local/python/3.12.1/lib/python3.12/site-packages/airflow/example_dags/example_trigger_controller_dag.py
[2026-04-25T09:42:59.919+0000] {processor.py:830} INFO - Processing file /usr/local/python/3.12.1/lib/python3.12/site-packages/airflow/example_dags/example_trigger_controller_dag.py for tasks to queue
[2026-04-25T09:42:59.919+0000] {logging_mixin.py:188} INFO - [2026-04-25T09:42:59.919+0000] {dagbag.py:540} INFO - Filling up the DagBag from /usr/local/python/3.12.1/lib/python3.12/site-packages/airflow/example_dags/example_trigger_controller_dag.py
[2026-04-25T09:42:59.923+0000] {processor.py:840} INFO - DAG(s) 'example_trigger_controller_dag' retrieved from /usr/local/python/3.12.1/lib/python3.12/site-packages/airflow/example_dags/example_trigger_controller_dag.py
[2026-04-25T09:42:59.934+0000] {logging_mixin.py:188} INFO - [2026-04-25T09:42:59.934+0000] {dag.py:3096} INFO - Sync 1 DAGs
[2026-04-25T09:42:59.948+0000] {logging_mixin.py:188} INFO - [2026-04-25T09:42:59.948+0000] {dag.py:3954} INFO - Setting next_dagrun for example_trigger_controller_dag to 2021-01-01 00:00:00+00:00, run_after=2021-01-01 00:00:00+00:00
[2026-04-25T09:42:59.964+0000] {processor.py:183} INFO - Processing /usr/local/python/3.12.1/lib/python3.12/site-packages/airflow/example_dags/example_trigger_controller_dag.py took 0.051 seconds
[2026-04-25T09:43:44.140+0000] {processor.py:161} INFO - Started process (PID=28543) to work on /usr/local/python/3.12.1/lib/python3.12/site-packages/airflow/example_dags/example_trigger_controller_dag.py
[2026-04-25T09:43:44.141+0000] {processor.py:830} INFO - Processing file /usr/local/python/3.12.1/lib/python3.12/site-packages/airflow/example_dags/example_trigger_controller_dag.py for tasks to queue
[2026-04-25T09:43:44.141+0000] {logging_mixin.py:188} INFO - [2026-04-25T09:43:44.141+0000] {dagbag.py:540} INFO - Filling up the DagBag from /usr/local/python/3.12.1/lib/python3.12/site-packages/airflow/example_dags/example_trigger_controller_dag.py
[2026-04-25T09:43:44.145+0000] {processor.py:840} INFO - DAG(s) 'example_trigger_controller_dag' retrieved from /usr/local/python/3.12.1/lib/python3.12/site-packages/airflow/example_dags/example_trigger_controller_dag.py
[2026-04-25T09:43:44.157+0000] {logging_mixin.py:188} INFO - [2026-04-25T09:43:44.156+0000] {dag.py:3096} INFO - Sync 1 DAGs
[2026-04-25T09:43:44.172+0000] {logging_mixin.py:188} INFO - [2026-04-25T09:43:44.172+0000] {dag.py:3954} INFO - Setting next_dagrun for example_trigger_controller_dag to 2021-01-01 00:00:00+00:00, run_after=2021-01-01 00:00:00+00:00
[2026-04-25T09:43:44.188+0000] {processor.py:183} INFO - Processing /usr/local/python/3.12.1/lib/python3.12/site-packages/airflow/example_dags/example_trigger_controller_dag.py took 0.053 seconds
[2026-04-25T09:44:24.776+0000] {processor.py:161} INFO - Started process (PID=28854) to work on /usr/local/python/3.12.1/lib/python3.12/site-packages/airflow/example_dags/example_trigger_controller_dag.py
[2026-04-25T09:44:24.776+0000] {processor.py:830} INFO - Processing file /usr/local/python/3.12.1/lib/python3.12/site-packages/airflow/example_dags/example_trigger_controller_dag.py for tasks to queue
[2026-04-25T09:44:24.777+0000] {logging_mixin.py:188} INFO - [2026-04-25T09:44:24.777+0000] {dagbag.py:540} INFO - Filling up the DagBag from /usr/local/python/3.12.1/lib/python3.12/site-packages/airflow/example_dags/example_trigger_controller_dag.py
[2026-04-25T09:44:24.781+0000] {processor.py:840} INFO - DAG(s) 'example_trigger_controller_dag' retrieved from /usr/local/python/3.12.1/lib/python3.12/site-packages/airflow/example_dags/example_trigger_controller_dag.py
[2026-04-25T09:44:24.792+0000] {logging_mixin.py:188} INFO - [2026-04-25T09:44:24.791+0000] {dag.py:3096} INFO - Sync 1 DAGs
[2026-04-25T09:44:24.806+0000] {logging_mixin.py:188} INFO - [2026-04-25T09:44:24.805+0000] {dag.py:3954} INFO - Setting next_dagrun for example_trigger_controller_dag to 2021-01-01 00:00:00+00:00, run_after=2021-01-01 00:00:00+00:00
[2026-04-25T09:44:24.822+0000] {processor.py:183} INFO - Processing /usr/local/python/3.12.1/lib/python3.12/site-packages/airflow/example_dags/example_trigger_controller_dag.py took 0.050 seconds
[2026-04-25T09:45:02.379+0000] {processor.py:161} INFO - Started process (PID=29140) to work on /usr/local/python/3.12.1/lib/python3.12/site-packages/airflow/example_dags/example_trigger_controller_dag.py
[2026-04-25T09:45:02.379+0000] {processor.py:830} INFO - Processing file /usr/local/python/3.12.1/lib/python3.12/site-packages/airflow/example_dags/example_trigger_controller_dag.py for tasks to queue
[2026-04-25T09:45:02.380+0000] {logging_mixin.py:188} INFO - [2026-04-25T09:45:02.380+0000] {dagbag.py:540} INFO - Filling up the DagBag from /usr/local/python/3.12.1/lib/python3.12/site-packages/airflow/example_dags/example_trigger_controller_dag.py
[2026-04-25T09:45:02.386+0000] {processor.py:840} INFO - DAG(s) 'example_trigger_controller_dag' retrieved from /usr/local/python/3.12.1/lib/python3.12/site-packages/airflow/example_dags/example_trigger_controller_dag.py
[2026-04-25T09:45:02.403+0000] {logging_mixin.py:188} INFO - [2026-04-25T09:45:02.403+0000] {dag.py:3096} INFO - Sync 1 DAGs
[2026-04-25T09:45:02.418+0000] {logging_mixin.py:188} INFO - [2026-04-25T09:45:02.418+0000] {dag.py:3954} INFO - Setting next_dagrun for example_trigger_controller_dag to 2021-01-01 00:00:00+00:00, run_after=2021-01-01 00:00:00+00:00
[2026-04-25T09:45:02.434+0000] {processor.py:183} INFO - Processing /usr/local/python/3.12.1/lib/python3.12/site-packages/airflow/example_dags/example_trigger_controller_dag.py took 0.061 seconds
[2026-04-25T09:45:42.462+0000] {processor.py:161} INFO - Started process (PID=29448) to work on /usr/local/python/3.12.1/lib/python3.12/site-packages/airflow/example_dags/example_trigger_controller_dag.py
[2026-04-25T09:45:42.463+0000] {processor.py:830} INFO - Processing file /usr/local/python/3.12.1/lib/python3.12/site-packages/airflow/example_dags/example_trigger_controller_dag.py for tasks to queue
[2026-04-25T09:45:42.463+0000] {logging_mixin.py:188} INFO - [2026-04-25T09:45:42.463+0000] {dagbag.py:540} INFO - Filling up the DagBag from /usr/local/python/3.12.1/lib/python3.12/site-packages/airflow/example_dags/example_trigger_controller_dag.py
[2026-04-25T09:45:42.467+0000] {processor.py:840} INFO - DAG(s) 'example_trigger_controller_dag' retrieved from /usr/local/python/3.12.1/lib/python3.12/site-packages/airflow/example_dags/example_trigger_controller_dag.py
[2026-04-25T09:45:42.478+0000] {logging_mixin.py:188} INFO - [2026-04-25T09:45:42.478+0000] {dag.py:3096} INFO - Sync 1 DAGs
[2026-04-25T09:45:42.492+0000] {logging_mixin.py:188} INFO - [2026-04-25T09:45:42.492+0000] {dag.py:3954} INFO - Setting next_dagrun for example_trigger_controller_dag to 2021-01-01 00:00:00+00:00, run_after=2021-01-01 00:00:00+00:00
[2026-04-25T09:45:42.509+0000] {processor.py:183} INFO - Processing /usr/local/python/3.12.1/lib/python3.12/site-packages/airflow/example_dags/example_trigger_controller_dag.py took 0.051 seconds
[2026-04-25T09:46:25.759+0000] {processor.py:161} INFO - Started process (PID=29796) to work on /usr/local/python/3.12.1/lib/python3.12/site-packages/airflow/example_dags/example_trigger_controller_dag.py
[2026-04-25T09:46:25.760+0000] {processor.py:830} INFO - Processing file /usr/local/python/3.12.1/lib/python3.12/site-packages/airflow/example_dags/example_trigger_controller_dag.py for tasks to queue
[2026-04-25T09:46:25.761+0000] {logging_mixin.py:188} INFO - [2026-04-25T09:46:25.760+0000] {dagbag.py:540} INFO - Filling up the DagBag from /usr/local/python/3.12.1/lib/python3.12/site-packages/airflow/example_dags/example_trigger_controller_dag.py
[2026-04-25T09:46:25.764+0000] {processor.py:840} INFO - DAG(s) 'example_trigger_controller_dag' retrieved from /usr/local/python/3.12.1/lib/python3.12/site-packages/airflow/example_dags/example_trigger_controller_dag.py
[2026-04-25T09:46:25.775+0000] {logging_mixin.py:188} INFO - [2026-04-25T09:46:25.775+0000] {dag.py:3096} INFO - Sync 1 DAGs
[2026-04-25T09:46:25.789+0000] {logging_mixin.py:188} INFO - [2026-04-25T09:46:25.789+0000] {dag.py:3954} INFO - Setting next_dagrun for example_trigger_controller_dag to 2021-01-01 00:00:00+00:00, run_after=2021-01-01 00:00:00+00:00
[2026-04-25T09:46:25.805+0000] {processor.py:183} INFO - Processing /usr/local/python/3.12.1/lib/python3.12/site-packages/airflow/example_dags/example_trigger_controller_dag.py took 0.050 seconds
