[2026-04-25T09:06:27.427+0000] {processor.py:161} INFO - Started process (PID=8656) to work on /usr/local/python/3.12.1/lib/python3.12/site-packages/airflow/example_dags/example_branch_operator_decorator.py
[2026-04-25T09:06:27.428+0000] {processor.py:830} INFO - Processing file /usr/local/python/3.12.1/lib/python3.12/site-packages/airflow/example_dags/example_branch_operator_decorator.py for tasks to queue
[2026-04-25T09:06:27.428+0000] {logging_mixin.py:188} INFO - [2026-04-25T09:06:27.428+0000] {dagbag.py:540} INFO - Filling up the DagBag from /usr/local/python/3.12.1/lib/python3.12/site-packages/airflow/example_dags/example_branch_operator_decorator.py
[2026-04-25T09:06:27.455+0000] {processor.py:840} INFO - DAG(s) 'example_branch_python_operator_decorator' retrieved from /usr/local/python/3.12.1/lib/python3.12/site-packages/airflow/example_dags/example_branch_operator_decorator.py
[2026-04-25T09:06:27.548+0000] {logging_mixin.py:188} INFO - [2026-04-25T09:06:27.547+0000] {override.py:1930} INFO - Created Permission View: can delete on DAG:example_branch_python_operator_decorator
[2026-04-25T09:06:27.559+0000] {logging_mixin.py:188} INFO - [2026-04-25T09:06:27.559+0000] {override.py:1930} INFO - Created Permission View: can edit on DAG:example_branch_python_operator_decorator
[2026-04-25T09:06:27.565+0000] {logging_mixin.py:188} INFO - [2026-04-25T09:06:27.565+0000] {override.py:1930} INFO - Created Permission View: can read on DAG:example_branch_python_operator_decorator
[2026-04-25T09:06:27.566+0000] {logging_mixin.py:188} INFO - [2026-04-25T09:06:27.566+0000] {dag.py:3096} INFO - Sync 1 DAGs
[2026-04-25T09:06:27.574+0000] {logging_mixin.py:188} INFO - [2026-04-25T09:06:27.573+0000] {dag.py:3118} INFO - Creating ORM DAG for example_branch_python_operator_decorator
[2026-04-25T09:06:27.581+0000] {logging_mixin.py:188} INFO - [2026-04-25T09:06:27.581+0000] {dag.py:3954} INFO - Setting next_dagrun for example_branch_python_operator_decorator to 2026-04-24 00:00:00+00:00, run_after=2026-04-25 00:00:00+00:00
[2026-04-25T09:06:27.599+0000] {processor.py:183} INFO - Processing /usr/local/python/3.12.1/lib/python3.12/site-packages/airflow/example_dags/example_branch_operator_decorator.py took 0.176 seconds
[2026-04-25T09:07:19.940+0000] {processor.py:161} INFO - Started process (PID=9135) to work on /usr/local/python/3.12.1/lib/python3.12/site-packages/airflow/example_dags/example_branch_operator_decorator.py
[2026-04-25T09:07:19.941+0000] {processor.py:830} INFO - Processing file /usr/local/python/3.12.1/lib/python3.12/site-packages/airflow/example_dags/example_branch_operator_decorator.py for tasks to queue
[2026-04-25T09:07:19.942+0000] {logging_mixin.py:188} INFO - [2026-04-25T09:07:19.941+0000] {dagbag.py:540} INFO - Filling up the DagBag from /usr/local/python/3.12.1/lib/python3.12/site-packages/airflow/example_dags/example_branch_operator_decorator.py
[2026-04-25T09:07:19.966+0000] {processor.py:840} INFO - DAG(s) 'example_branch_python_operator_decorator' retrieved from /usr/local/python/3.12.1/lib/python3.12/site-packages/airflow/example_dags/example_branch_operator_decorator.py
[2026-04-25T09:07:19.998+0000] {logging_mixin.py:188} INFO - [2026-04-25T09:07:19.998+0000] {dag.py:3096} INFO - Sync 1 DAGs
[2026-04-25T09:07:20.014+0000] {logging_mixin.py:188} INFO - [2026-04-25T09:07:20.014+0000] {dag.py:3954} INFO - Setting next_dagrun for example_branch_python_operator_decorator to 2026-04-24 00:00:00+00:00, run_after=2026-04-25 00:00:00+00:00
[2026-04-25T09:07:20.031+0000] {processor.py:183} INFO - Processing /usr/local/python/3.12.1/lib/python3.12/site-packages/airflow/example_dags/example_branch_operator_decorator.py took 0.097 seconds
[2026-04-25T09:08:25.931+0000] {processor.py:161} INFO - Started process (PID=9805) to work on /usr/local/python/3.12.1/lib/python3.12/site-packages/airflow/example_dags/example_branch_operator_decorator.py
[2026-04-25T09:08:25.932+0000] {processor.py:830} INFO - Processing file /usr/local/python/3.12.1/lib/python3.12/site-packages/airflow/example_dags/example_branch_operator_decorator.py for tasks to queue
[2026-04-25T09:08:25.933+0000] {logging_mixin.py:188} INFO - [2026-04-25T09:08:25.933+0000] {dagbag.py:540} INFO - Filling up the DagBag from /usr/local/python/3.12.1/lib/python3.12/site-packages/airflow/example_dags/example_branch_operator_decorator.py
[2026-04-25T09:08:25.973+0000] {processor.py:840} INFO - DAG(s) 'example_branch_python_operator_decorator' retrieved from /usr/local/python/3.12.1/lib/python3.12/site-packages/airflow/example_dags/example_branch_operator_decorator.py
[2026-04-25T09:08:26.010+0000] {logging_mixin.py:188} INFO - [2026-04-25T09:08:26.009+0000] {dag.py:3096} INFO - Sync 1 DAGs
[2026-04-25T09:08:26.073+0000] {logging_mixin.py:188} INFO - [2026-04-25T09:08:26.073+0000] {dag.py:3954} INFO - Setting next_dagrun for example_branch_python_operator_decorator to 2026-04-24 00:00:00+00:00, run_after=2026-04-25 00:00:00+00:00
[2026-04-25T09:08:26.130+0000] {processor.py:183} INFO - Processing /usr/local/python/3.12.1/lib/python3.12/site-packages/airflow/example_dags/example_branch_operator_decorator.py took 0.206 seconds
[2026-04-25T09:09:27.495+0000] {processor.py:161} INFO - Started process (PID=10607) to work on /usr/local/python/3.12.1/lib/python3.12/site-packages/airflow/example_dags/example_branch_operator_decorator.py
[2026-04-25T09:09:27.496+0000] {processor.py:830} INFO - Processing file /usr/local/python/3.12.1/lib/python3.12/site-packages/airflow/example_dags/example_branch_operator_decorator.py for tasks to queue
[2026-04-25T09:09:27.496+0000] {logging_mixin.py:188} INFO - [2026-04-25T09:09:27.496+0000] {dagbag.py:540} INFO - Filling up the DagBag from /usr/local/python/3.12.1/lib/python3.12/site-packages/airflow/example_dags/example_branch_operator_decorator.py
[2026-04-25T09:09:27.513+0000] {processor.py:840} INFO - DAG(s) 'example_branch_python_operator_decorator' retrieved from /usr/local/python/3.12.1/lib/python3.12/site-packages/airflow/example_dags/example_branch_operator_decorator.py
[2026-04-25T09:09:27.532+0000] {logging_mixin.py:188} INFO - [2026-04-25T09:09:27.532+0000] {dag.py:3096} INFO - Sync 1 DAGs
[2026-04-25T09:09:27.548+0000] {logging_mixin.py:188} INFO - [2026-04-25T09:09:27.548+0000] {dag.py:3954} INFO - Setting next_dagrun for example_branch_python_operator_decorator to 2026-04-24 00:00:00+00:00, run_after=2026-04-25 00:00:00+00:00
[2026-04-25T09:09:27.565+0000] {processor.py:183} INFO - Processing /usr/local/python/3.12.1/lib/python3.12/site-packages/airflow/example_dags/example_branch_operator_decorator.py took 0.075 seconds
[2026-04-25T09:10:30.087+0000] {processor.py:161} INFO - Started process (PID=11230) to work on /usr/local/python/3.12.1/lib/python3.12/site-packages/airflow/example_dags/example_branch_operator_decorator.py
[2026-04-25T09:10:30.088+0000] {processor.py:830} INFO - Processing file /usr/local/python/3.12.1/lib/python3.12/site-packages/airflow/example_dags/example_branch_operator_decorator.py for tasks to queue
[2026-04-25T09:10:30.088+0000] {logging_mixin.py:188} INFO - [2026-04-25T09:10:30.088+0000] {dagbag.py:540} INFO - Filling up the DagBag from /usr/local/python/3.12.1/lib/python3.12/site-packages/airflow/example_dags/example_branch_operator_decorator.py
[2026-04-25T09:10:30.106+0000] {processor.py:840} INFO - DAG(s) 'example_branch_python_operator_decorator' retrieved from /usr/local/python/3.12.1/lib/python3.12/site-packages/airflow/example_dags/example_branch_operator_decorator.py
[2026-04-25T09:10:30.125+0000] {logging_mixin.py:188} INFO - [2026-04-25T09:10:30.125+0000] {dag.py:3096} INFO - Sync 1 DAGs
[2026-04-25T09:10:30.142+0000] {logging_mixin.py:188} INFO - [2026-04-25T09:10:30.142+0000] {dag.py:3954} INFO - Setting next_dagrun for example_branch_python_operator_decorator to 2026-04-24 00:00:00+00:00, run_after=2026-04-25 00:00:00+00:00
[2026-04-25T09:10:30.158+0000] {processor.py:183} INFO - Processing /usr/local/python/3.12.1/lib/python3.12/site-packages/airflow/example_dags/example_branch_operator_decorator.py took 0.076 seconds
[2026-04-25T09:11:34.627+0000] {processor.py:161} INFO - Started process (PID=12453) to work on /usr/local/python/3.12.1/lib/python3.12/site-packages/airflow/example_dags/example_branch_operator_decorator.py
[2026-04-25T09:11:34.628+0000] {processor.py:830} INFO - Processing file /usr/local/python/3.12.1/lib/python3.12/site-packages/airflow/example_dags/example_branch_operator_decorator.py for tasks to queue
[2026-04-25T09:11:34.629+0000] {logging_mixin.py:188} INFO - [2026-04-25T09:11:34.628+0000] {dagbag.py:540} INFO - Filling up the DagBag from /usr/local/python/3.12.1/lib/python3.12/site-packages/airflow/example_dags/example_branch_operator_decorator.py
[2026-04-25T09:11:34.646+0000] {processor.py:840} INFO - DAG(s) 'example_branch_python_operator_decorator' retrieved from /usr/local/python/3.12.1/lib/python3.12/site-packages/airflow/example_dags/example_branch_operator_decorator.py
[2026-04-25T09:11:34.652+0000] {logging_mixin.py:188} INFO - [2026-04-25T09:11:34.652+0000] {dag.py:3096} INFO - Sync 1 DAGs
[2026-04-25T09:11:34.669+0000] {logging_mixin.py:188} INFO - [2026-04-25T09:11:34.669+0000] {dag.py:3954} INFO - Setting next_dagrun for example_branch_python_operator_decorator to 2026-04-24 00:00:00+00:00, run_after=2026-04-25 00:00:00+00:00
[2026-04-25T09:11:34.685+0000] {processor.py:183} INFO - Processing /usr/local/python/3.12.1/lib/python3.12/site-packages/airflow/example_dags/example_branch_operator_decorator.py took 0.062 seconds
[2026-04-25T09:12:09.416+0000] {processor.py:161} INFO - Started process (PID=12842) to work on /usr/local/python/3.12.1/lib/python3.12/site-packages/airflow/example_dags/example_branch_operator_decorator.py
[2026-04-25T09:12:09.417+0000] {processor.py:830} INFO - Processing file /usr/local/python/3.12.1/lib/python3.12/site-packages/airflow/example_dags/example_branch_operator_decorator.py for tasks to queue
[2026-04-25T09:12:09.417+0000] {logging_mixin.py:188} INFO - [2026-04-25T09:12:09.417+0000] {dagbag.py:540} INFO - Filling up the DagBag from /usr/local/python/3.12.1/lib/python3.12/site-packages/airflow/example_dags/example_branch_operator_decorator.py
[2026-04-25T09:12:09.435+0000] {processor.py:840} INFO - DAG(s) 'example_branch_python_operator_decorator' retrieved from /usr/local/python/3.12.1/lib/python3.12/site-packages/airflow/example_dags/example_branch_operator_decorator.py
[2026-04-25T09:12:09.528+0000] {logging_mixin.py:188} INFO - [2026-04-25T09:12:09.528+0000] {dag.py:3096} INFO - Sync 1 DAGs
[2026-04-25T09:12:09.550+0000] {logging_mixin.py:188} INFO - [2026-04-25T09:12:09.549+0000] {dag.py:3954} INFO - Setting next_dagrun for example_branch_python_operator_decorator to 2026-04-24 00:00:00+00:00, run_after=2026-04-25 00:00:00+00:00
[2026-04-25T09:12:09.576+0000] {processor.py:183} INFO - Processing /usr/local/python/3.12.1/lib/python3.12/site-packages/airflow/example_dags/example_branch_operator_decorator.py took 0.166 seconds
[2026-04-25T09:12:42.070+0000] {processor.py:161} INFO - Started process (PID=13323) to work on /usr/local/python/3.12.1/lib/python3.12/site-packages/airflow/example_dags/example_branch_operator_decorator.py
[2026-04-25T09:12:42.071+0000] {processor.py:830} INFO - Processing file /usr/local/python/3.12.1/lib/python3.12/site-packages/airflow/example_dags/example_branch_operator_decorator.py for tasks to queue
[2026-04-25T09:12:42.072+0000] {logging_mixin.py:188} INFO - [2026-04-25T09:12:42.071+0000] {dagbag.py:540} INFO - Filling up the DagBag from /usr/local/python/3.12.1/lib/python3.12/site-packages/airflow/example_dags/example_branch_operator_decorator.py
[2026-04-25T09:12:42.089+0000] {processor.py:840} INFO - DAG(s) 'example_branch_python_operator_decorator' retrieved from /usr/local/python/3.12.1/lib/python3.12/site-packages/airflow/example_dags/example_branch_operator_decorator.py
[2026-04-25T09:12:42.183+0000] {logging_mixin.py:188} INFO - [2026-04-25T09:12:42.183+0000] {dag.py:3096} INFO - Sync 1 DAGs
[2026-04-25T09:12:42.201+0000] {logging_mixin.py:188} INFO - [2026-04-25T09:12:42.201+0000] {dag.py:3954} INFO - Setting next_dagrun for example_branch_python_operator_decorator to 2026-04-24 00:00:00+00:00, run_after=2026-04-25 00:00:00+00:00
[2026-04-25T09:12:42.218+0000] {processor.py:183} INFO - Processing /usr/local/python/3.12.1/lib/python3.12/site-packages/airflow/example_dags/example_branch_operator_decorator.py took 0.152 seconds
[2026-04-25T09:13:11.010+0000] {processor.py:161} INFO - Started process (PID=13611) to work on /usr/local/python/3.12.1/lib/python3.12/site-packages/airflow/example_dags/example_branch_operator_decorator.py
[2026-04-25T09:13:11.011+0000] {processor.py:830} INFO - Processing file /usr/local/python/3.12.1/lib/python3.12/site-packages/airflow/example_dags/example_branch_operator_decorator.py for tasks to queue
[2026-04-25T09:13:11.011+0000] {logging_mixin.py:188} INFO - [2026-04-25T09:13:11.011+0000] {dagbag.py:540} INFO - Filling up the DagBag from /usr/local/python/3.12.1/lib/python3.12/site-packages/airflow/example_dags/example_branch_operator_decorator.py
[2026-04-25T09:13:11.030+0000] {processor.py:840} INFO - DAG(s) 'example_branch_python_operator_decorator' retrieved from /usr/local/python/3.12.1/lib/python3.12/site-packages/airflow/example_dags/example_branch_operator_decorator.py
[2026-04-25T09:13:11.036+0000] {logging_mixin.py:188} INFO - [2026-04-25T09:13:11.036+0000] {dag.py:3096} INFO - Sync 1 DAGs
[2026-04-25T09:13:11.058+0000] {logging_mixin.py:188} INFO - [2026-04-25T09:13:11.058+0000] {dag.py:3954} INFO - Setting next_dagrun for example_branch_python_operator_decorator to 2026-04-24 00:00:00+00:00, run_after=2026-04-25 00:00:00+00:00
[2026-04-25T09:13:11.086+0000] {processor.py:183} INFO - Processing /usr/local/python/3.12.1/lib/python3.12/site-packages/airflow/example_dags/example_branch_operator_decorator.py took 0.080 seconds
[2026-04-25T09:14:22.865+0000] {processor.py:161} INFO - Started process (PID=14650) to work on /usr/local/python/3.12.1/lib/python3.12/site-packages/airflow/example_dags/example_branch_operator_decorator.py
[2026-04-25T09:14:22.866+0000] {processor.py:830} INFO - Processing file /usr/local/python/3.12.1/lib/python3.12/site-packages/airflow/example_dags/example_branch_operator_decorator.py for tasks to queue
[2026-04-25T09:14:22.867+0000] {logging_mixin.py:188} INFO - [2026-04-25T09:14:22.867+0000] {dagbag.py:540} INFO - Filling up the DagBag from /usr/local/python/3.12.1/lib/python3.12/site-packages/airflow/example_dags/example_branch_operator_decorator.py
[2026-04-25T09:14:22.884+0000] {processor.py:840} INFO - DAG(s) 'example_branch_python_operator_decorator' retrieved from /usr/local/python/3.12.1/lib/python3.12/site-packages/airflow/example_dags/example_branch_operator_decorator.py
[2026-04-25T09:14:22.969+0000] {logging_mixin.py:188} INFO - [2026-04-25T09:14:22.969+0000] {dag.py:3096} INFO - Sync 1 DAGs
[2026-04-25T09:14:22.986+0000] {logging_mixin.py:188} INFO - [2026-04-25T09:14:22.986+0000] {dag.py:3954} INFO - Setting next_dagrun for example_branch_python_operator_decorator to 2026-04-24 00:00:00+00:00, run_after=2026-04-25 00:00:00+00:00
[2026-04-25T09:14:23.003+0000] {processor.py:183} INFO - Processing /usr/local/python/3.12.1/lib/python3.12/site-packages/airflow/example_dags/example_branch_operator_decorator.py took 0.142 seconds
[2026-04-25T09:15:20.428+0000] {processor.py:161} INFO - Started process (PID=15082) to work on /usr/local/python/3.12.1/lib/python3.12/site-packages/airflow/example_dags/example_branch_operator_decorator.py
[2026-04-25T09:15:20.429+0000] {processor.py:830} INFO - Processing file /usr/local/python/3.12.1/lib/python3.12/site-packages/airflow/example_dags/example_branch_operator_decorator.py for tasks to queue
[2026-04-25T09:15:20.429+0000] {logging_mixin.py:188} INFO - [2026-04-25T09:15:20.429+0000] {dagbag.py:540} INFO - Filling up the DagBag from /usr/local/python/3.12.1/lib/python3.12/site-packages/airflow/example_dags/example_branch_operator_decorator.py
[2026-04-25T09:15:20.447+0000] {processor.py:840} INFO - DAG(s) 'example_branch_python_operator_decorator' retrieved from /usr/local/python/3.12.1/lib/python3.12/site-packages/airflow/example_dags/example_branch_operator_decorator.py
[2026-04-25T09:15:20.465+0000] {logging_mixin.py:188} INFO - [2026-04-25T09:15:20.465+0000] {dag.py:3096} INFO - Sync 1 DAGs
[2026-04-25T09:15:20.482+0000] {logging_mixin.py:188} INFO - [2026-04-25T09:15:20.482+0000] {dag.py:3954} INFO - Setting next_dagrun for example_branch_python_operator_decorator to 2026-04-24 00:00:00+00:00, run_after=2026-04-25 00:00:00+00:00
[2026-04-25T09:15:20.499+0000] {processor.py:183} INFO - Processing /usr/local/python/3.12.1/lib/python3.12/site-packages/airflow/example_dags/example_branch_operator_decorator.py took 0.076 seconds
[2026-04-25T09:16:15.502+0000] {processor.py:161} INFO - Started process (PID=15718) to work on /usr/local/python/3.12.1/lib/python3.12/site-packages/airflow/example_dags/example_branch_operator_decorator.py
[2026-04-25T09:16:15.502+0000] {processor.py:830} INFO - Processing file /usr/local/python/3.12.1/lib/python3.12/site-packages/airflow/example_dags/example_branch_operator_decorator.py for tasks to queue
[2026-04-25T09:16:15.503+0000] {logging_mixin.py:188} INFO - [2026-04-25T09:16:15.503+0000] {dagbag.py:540} INFO - Filling up the DagBag from /usr/local/python/3.12.1/lib/python3.12/site-packages/airflow/example_dags/example_branch_operator_decorator.py
[2026-04-25T09:16:15.520+0000] {processor.py:840} INFO - DAG(s) 'example_branch_python_operator_decorator' retrieved from /usr/local/python/3.12.1/lib/python3.12/site-packages/airflow/example_dags/example_branch_operator_decorator.py
[2026-04-25T09:16:15.538+0000] {logging_mixin.py:188} INFO - [2026-04-25T09:16:15.538+0000] {dag.py:3096} INFO - Sync 1 DAGs
[2026-04-25T09:16:15.554+0000] {logging_mixin.py:188} INFO - [2026-04-25T09:16:15.553+0000] {dag.py:3954} INFO - Setting next_dagrun for example_branch_python_operator_decorator to 2026-04-24 00:00:00+00:00, run_after=2026-04-25 00:00:00+00:00
[2026-04-25T09:16:15.571+0000] {processor.py:183} INFO - Processing /usr/local/python/3.12.1/lib/python3.12/site-packages/airflow/example_dags/example_branch_operator_decorator.py took 0.073 seconds
[2026-04-25T09:17:22.257+0000] {processor.py:161} INFO - Started process (PID=16312) to work on /usr/local/python/3.12.1/lib/python3.12/site-packages/airflow/example_dags/example_branch_operator_decorator.py
[2026-04-25T09:17:22.257+0000] {processor.py:830} INFO - Processing file /usr/local/python/3.12.1/lib/python3.12/site-packages/airflow/example_dags/example_branch_operator_decorator.py for tasks to queue
[2026-04-25T09:17:22.258+0000] {logging_mixin.py:188} INFO - [2026-04-25T09:17:22.258+0000] {dagbag.py:540} INFO - Filling up the DagBag from /usr/local/python/3.12.1/lib/python3.12/site-packages/airflow/example_dags/example_branch_operator_decorator.py
[2026-04-25T09:17:22.275+0000] {processor.py:840} INFO - DAG(s) 'example_branch_python_operator_decorator' retrieved from /usr/local/python/3.12.1/lib/python3.12/site-packages/airflow/example_dags/example_branch_operator_decorator.py
[2026-04-25T09:17:22.281+0000] {logging_mixin.py:188} INFO - [2026-04-25T09:17:22.281+0000] {dag.py:3096} INFO - Sync 1 DAGs
[2026-04-25T09:17:22.299+0000] {logging_mixin.py:188} INFO - [2026-04-25T09:17:22.299+0000] {dag.py:3954} INFO - Setting next_dagrun for example_branch_python_operator_decorator to 2026-04-24 00:00:00+00:00, run_after=2026-04-25 00:00:00+00:00
[2026-04-25T09:17:22.317+0000] {processor.py:183} INFO - Processing /usr/local/python/3.12.1/lib/python3.12/site-packages/airflow/example_dags/example_branch_operator_decorator.py took 0.065 seconds
[2026-04-25T09:18:15.132+0000] {processor.py:161} INFO - Started process (PID=16720) to work on /usr/local/python/3.12.1/lib/python3.12/site-packages/airflow/example_dags/example_branch_operator_decorator.py
[2026-04-25T09:18:15.133+0000] {processor.py:830} INFO - Processing file /usr/local/python/3.12.1/lib/python3.12/site-packages/airflow/example_dags/example_branch_operator_decorator.py for tasks to queue
[2026-04-25T09:18:15.134+0000] {logging_mixin.py:188} INFO - [2026-04-25T09:18:15.134+0000] {dagbag.py:540} INFO - Filling up the DagBag from /usr/local/python/3.12.1/lib/python3.12/site-packages/airflow/example_dags/example_branch_operator_decorator.py
[2026-04-25T09:18:15.155+0000] {processor.py:840} INFO - DAG(s) 'example_branch_python_operator_decorator' retrieved from /usr/local/python/3.12.1/lib/python3.12/site-packages/airflow/example_dags/example_branch_operator_decorator.py
[2026-04-25T09:18:15.246+0000] {logging_mixin.py:188} INFO - [2026-04-25T09:18:15.245+0000] {dag.py:3096} INFO - Sync 1 DAGs
[2026-04-25T09:18:15.260+0000] {logging_mixin.py:188} INFO - [2026-04-25T09:18:15.260+0000] {dag.py:3954} INFO - Setting next_dagrun for example_branch_python_operator_decorator to 2026-04-24 00:00:00+00:00, run_after=2026-04-25 00:00:00+00:00
[2026-04-25T09:18:15.279+0000] {processor.py:183} INFO - Processing /usr/local/python/3.12.1/lib/python3.12/site-packages/airflow/example_dags/example_branch_operator_decorator.py took 0.153 seconds
[2026-04-25T09:19:12.797+0000] {processor.py:161} INFO - Started process (PID=17179) to work on /usr/local/python/3.12.1/lib/python3.12/site-packages/airflow/example_dags/example_branch_operator_decorator.py
[2026-04-25T09:19:12.798+0000] {processor.py:830} INFO - Processing file /usr/local/python/3.12.1/lib/python3.12/site-packages/airflow/example_dags/example_branch_operator_decorator.py for tasks to queue
[2026-04-25T09:19:12.799+0000] {logging_mixin.py:188} INFO - [2026-04-25T09:19:12.799+0000] {dagbag.py:540} INFO - Filling up the DagBag from /usr/local/python/3.12.1/lib/python3.12/site-packages/airflow/example_dags/example_branch_operator_decorator.py
[2026-04-25T09:19:12.816+0000] {processor.py:840} INFO - DAG(s) 'example_branch_python_operator_decorator' retrieved from /usr/local/python/3.12.1/lib/python3.12/site-packages/airflow/example_dags/example_branch_operator_decorator.py
[2026-04-25T09:19:12.835+0000] {logging_mixin.py:188} INFO - [2026-04-25T09:19:12.834+0000] {dag.py:3096} INFO - Sync 1 DAGs
[2026-04-25T09:19:12.852+0000] {logging_mixin.py:188} INFO - [2026-04-25T09:19:12.852+0000] {dag.py:3954} INFO - Setting next_dagrun for example_branch_python_operator_decorator to 2026-04-24 00:00:00+00:00, run_after=2026-04-25 00:00:00+00:00
[2026-04-25T09:19:12.869+0000] {processor.py:183} INFO - Processing /usr/local/python/3.12.1/lib/python3.12/site-packages/airflow/example_dags/example_branch_operator_decorator.py took 0.076 seconds
[2026-04-25T09:20:08.657+0000] {processor.py:161} INFO - Started process (PID=17621) to work on /usr/local/python/3.12.1/lib/python3.12/site-packages/airflow/example_dags/example_branch_operator_decorator.py
[2026-04-25T09:20:08.658+0000] {processor.py:830} INFO - Processing file /usr/local/python/3.12.1/lib/python3.12/site-packages/airflow/example_dags/example_branch_operator_decorator.py for tasks to queue
[2026-04-25T09:20:08.659+0000] {logging_mixin.py:188} INFO - [2026-04-25T09:20:08.658+0000] {dagbag.py:540} INFO - Filling up the DagBag from /usr/local/python/3.12.1/lib/python3.12/site-packages/airflow/example_dags/example_branch_operator_decorator.py
[2026-04-25T09:20:08.676+0000] {processor.py:840} INFO - DAG(s) 'example_branch_python_operator_decorator' retrieved from /usr/local/python/3.12.1/lib/python3.12/site-packages/airflow/example_dags/example_branch_operator_decorator.py
[2026-04-25T09:20:08.695+0000] {logging_mixin.py:188} INFO - [2026-04-25T09:20:08.694+0000] {dag.py:3096} INFO - Sync 1 DAGs
[2026-04-25T09:20:08.711+0000] {logging_mixin.py:188} INFO - [2026-04-25T09:20:08.711+0000] {dag.py:3954} INFO - Setting next_dagrun for example_branch_python_operator_decorator to 2026-04-24 00:00:00+00:00, run_after=2026-04-25 00:00:00+00:00
[2026-04-25T09:20:08.727+0000] {processor.py:183} INFO - Processing /usr/local/python/3.12.1/lib/python3.12/site-packages/airflow/example_dags/example_branch_operator_decorator.py took 0.074 seconds
[2026-04-25T09:21:04.953+0000] {processor.py:161} INFO - Started process (PID=18045) to work on /usr/local/python/3.12.1/lib/python3.12/site-packages/airflow/example_dags/example_branch_operator_decorator.py
[2026-04-25T09:21:04.955+0000] {processor.py:830} INFO - Processing file /usr/local/python/3.12.1/lib/python3.12/site-packages/airflow/example_dags/example_branch_operator_decorator.py for tasks to queue
[2026-04-25T09:21:04.956+0000] {logging_mixin.py:188} INFO - [2026-04-25T09:21:04.955+0000] {dagbag.py:540} INFO - Filling up the DagBag from /usr/local/python/3.12.1/lib/python3.12/site-packages/airflow/example_dags/example_branch_operator_decorator.py
[2026-04-25T09:21:04.973+0000] {processor.py:840} INFO - DAG(s) 'example_branch_python_operator_decorator' retrieved from /usr/local/python/3.12.1/lib/python3.12/site-packages/airflow/example_dags/example_branch_operator_decorator.py
[2026-04-25T09:21:04.992+0000] {logging_mixin.py:188} INFO - [2026-04-25T09:21:04.992+0000] {dag.py:3096} INFO - Sync 1 DAGs
[2026-04-25T09:21:05.008+0000] {logging_mixin.py:188} INFO - [2026-04-25T09:21:05.007+0000] {dag.py:3954} INFO - Setting next_dagrun for example_branch_python_operator_decorator to 2026-04-24 00:00:00+00:00, run_after=2026-04-25 00:00:00+00:00
[2026-04-25T09:21:05.024+0000] {processor.py:183} INFO - Processing /usr/local/python/3.12.1/lib/python3.12/site-packages/airflow/example_dags/example_branch_operator_decorator.py took 0.077 seconds
[2026-04-25T09:22:04.384+0000] {processor.py:161} INFO - Started process (PID=18500) to work on /usr/local/python/3.12.1/lib/python3.12/site-packages/airflow/example_dags/example_branch_operator_decorator.py
[2026-04-25T09:22:04.385+0000] {processor.py:830} INFO - Processing file /usr/local/python/3.12.1/lib/python3.12/site-packages/airflow/example_dags/example_branch_operator_decorator.py for tasks to queue
[2026-04-25T09:22:04.386+0000] {logging_mixin.py:188} INFO - [2026-04-25T09:22:04.386+0000] {dagbag.py:540} INFO - Filling up the DagBag from /usr/local/python/3.12.1/lib/python3.12/site-packages/airflow/example_dags/example_branch_operator_decorator.py
[2026-04-25T09:22:04.436+0000] {processor.py:840} INFO - DAG(s) 'example_branch_python_operator_decorator' retrieved from /usr/local/python/3.12.1/lib/python3.12/site-packages/airflow/example_dags/example_branch_operator_decorator.py
[2026-04-25T09:22:04.470+0000] {logging_mixin.py:188} INFO - [2026-04-25T09:22:04.470+0000] {dag.py:3096} INFO - Sync 1 DAGs
[2026-04-25T09:22:04.490+0000] {logging_mixin.py:188} INFO - [2026-04-25T09:22:04.489+0000] {dag.py:3954} INFO - Setting next_dagrun for example_branch_python_operator_decorator to 2026-04-24 00:00:00+00:00, run_after=2026-04-25 00:00:00+00:00
[2026-04-25T09:22:04.506+0000] {processor.py:183} INFO - Processing /usr/local/python/3.12.1/lib/python3.12/site-packages/airflow/example_dags/example_branch_operator_decorator.py took 0.127 seconds
[2026-04-25T09:23:03.545+0000] {processor.py:161} INFO - Started process (PID=18966) to work on /usr/local/python/3.12.1/lib/python3.12/site-packages/airflow/example_dags/example_branch_operator_decorator.py
[2026-04-25T09:23:03.546+0000] {processor.py:830} INFO - Processing file /usr/local/python/3.12.1/lib/python3.12/site-packages/airflow/example_dags/example_branch_operator_decorator.py for tasks to queue
[2026-04-25T09:23:03.547+0000] {logging_mixin.py:188} INFO - [2026-04-25T09:23:03.547+0000] {dagbag.py:540} INFO - Filling up the DagBag from /usr/local/python/3.12.1/lib/python3.12/site-packages/airflow/example_dags/example_branch_operator_decorator.py
[2026-04-25T09:23:03.564+0000] {processor.py:840} INFO - DAG(s) 'example_branch_python_operator_decorator' retrieved from /usr/local/python/3.12.1/lib/python3.12/site-packages/airflow/example_dags/example_branch_operator_decorator.py
[2026-04-25T09:23:03.582+0000] {logging_mixin.py:188} INFO - [2026-04-25T09:23:03.581+0000] {dag.py:3096} INFO - Sync 1 DAGs
[2026-04-25T09:23:03.596+0000] {logging_mixin.py:188} INFO - [2026-04-25T09:23:03.596+0000] {dag.py:3954} INFO - Setting next_dagrun for example_branch_python_operator_decorator to 2026-04-24 00:00:00+00:00, run_after=2026-04-25 00:00:00+00:00
[2026-04-25T09:23:03.612+0000] {processor.py:183} INFO - Processing /usr/local/python/3.12.1/lib/python3.12/site-packages/airflow/example_dags/example_branch_operator_decorator.py took 0.071 seconds
[2026-04-25T09:23:59.764+0000] {processor.py:161} INFO - Started process (PID=19391) to work on /usr/local/python/3.12.1/lib/python3.12/site-packages/airflow/example_dags/example_branch_operator_decorator.py
[2026-04-25T09:23:59.765+0000] {processor.py:830} INFO - Processing file /usr/local/python/3.12.1/lib/python3.12/site-packages/airflow/example_dags/example_branch_operator_decorator.py for tasks to queue
[2026-04-25T09:23:59.766+0000] {logging_mixin.py:188} INFO - [2026-04-25T09:23:59.765+0000] {dagbag.py:540} INFO - Filling up the DagBag from /usr/local/python/3.12.1/lib/python3.12/site-packages/airflow/example_dags/example_branch_operator_decorator.py
[2026-04-25T09:23:59.783+0000] {processor.py:840} INFO - DAG(s) 'example_branch_python_operator_decorator' retrieved from /usr/local/python/3.12.1/lib/python3.12/site-packages/airflow/example_dags/example_branch_operator_decorator.py
[2026-04-25T09:23:59.802+0000] {logging_mixin.py:188} INFO - [2026-04-25T09:23:59.801+0000] {dag.py:3096} INFO - Sync 1 DAGs
[2026-04-25T09:23:59.817+0000] {logging_mixin.py:188} INFO - [2026-04-25T09:23:59.817+0000] {dag.py:3954} INFO - Setting next_dagrun for example_branch_python_operator_decorator to 2026-04-24 00:00:00+00:00, run_after=2026-04-25 00:00:00+00:00
[2026-04-25T09:23:59.833+0000] {processor.py:183} INFO - Processing /usr/local/python/3.12.1/lib/python3.12/site-packages/airflow/example_dags/example_branch_operator_decorator.py took 0.073 seconds
[2026-04-25T09:25:01.042+0000] {processor.py:161} INFO - Started process (PID=19866) to work on /usr/local/python/3.12.1/lib/python3.12/site-packages/airflow/example_dags/example_branch_operator_decorator.py
[2026-04-25T09:25:01.042+0000] {processor.py:830} INFO - Processing file /usr/local/python/3.12.1/lib/python3.12/site-packages/airflow/example_dags/example_branch_operator_decorator.py for tasks to queue
[2026-04-25T09:25:01.043+0000] {logging_mixin.py:188} INFO - [2026-04-25T09:25:01.043+0000] {dagbag.py:540} INFO - Filling up the DagBag from /usr/local/python/3.12.1/lib/python3.12/site-packages/airflow/example_dags/example_branch_operator_decorator.py
[2026-04-25T09:25:01.060+0000] {processor.py:840} INFO - DAG(s) 'example_branch_python_operator_decorator' retrieved from /usr/local/python/3.12.1/lib/python3.12/site-packages/airflow/example_dags/example_branch_operator_decorator.py
[2026-04-25T09:25:01.079+0000] {logging_mixin.py:188} INFO - [2026-04-25T09:25:01.079+0000] {dag.py:3096} INFO - Sync 1 DAGs
[2026-04-25T09:25:01.095+0000] {logging_mixin.py:188} INFO - [2026-04-25T09:25:01.095+0000] {dag.py:3954} INFO - Setting next_dagrun for example_branch_python_operator_decorator to 2026-04-24 00:00:00+00:00, run_after=2026-04-25 00:00:00+00:00
[2026-04-25T09:25:01.111+0000] {processor.py:183} INFO - Processing /usr/local/python/3.12.1/lib/python3.12/site-packages/airflow/example_dags/example_branch_operator_decorator.py took 0.073 seconds
[2026-04-25T09:25:56.561+0000] {processor.py:161} INFO - Started process (PID=20307) to work on /usr/local/python/3.12.1/lib/python3.12/site-packages/airflow/example_dags/example_branch_operator_decorator.py
[2026-04-25T09:25:56.562+0000] {processor.py:830} INFO - Processing file /usr/local/python/3.12.1/lib/python3.12/site-packages/airflow/example_dags/example_branch_operator_decorator.py for tasks to queue
[2026-04-25T09:25:56.563+0000] {logging_mixin.py:188} INFO - [2026-04-25T09:25:56.562+0000] {dagbag.py:540} INFO - Filling up the DagBag from /usr/local/python/3.12.1/lib/python3.12/site-packages/airflow/example_dags/example_branch_operator_decorator.py
[2026-04-25T09:25:56.579+0000] {processor.py:840} INFO - DAG(s) 'example_branch_python_operator_decorator' retrieved from /usr/local/python/3.12.1/lib/python3.12/site-packages/airflow/example_dags/example_branch_operator_decorator.py
[2026-04-25T09:25:56.597+0000] {logging_mixin.py:188} INFO - [2026-04-25T09:25:56.597+0000] {dag.py:3096} INFO - Sync 1 DAGs
[2026-04-25T09:25:56.612+0000] {logging_mixin.py:188} INFO - [2026-04-25T09:25:56.612+0000] {dag.py:3954} INFO - Setting next_dagrun for example_branch_python_operator_decorator to 2026-04-24 00:00:00+00:00, run_after=2026-04-25 00:00:00+00:00
[2026-04-25T09:25:56.628+0000] {processor.py:183} INFO - Processing /usr/local/python/3.12.1/lib/python3.12/site-packages/airflow/example_dags/example_branch_operator_decorator.py took 0.071 seconds
[2026-04-25T09:26:58.282+0000] {processor.py:161} INFO - Started process (PID=20789) to work on /usr/local/python/3.12.1/lib/python3.12/site-packages/airflow/example_dags/example_branch_operator_decorator.py
[2026-04-25T09:26:58.283+0000] {processor.py:830} INFO - Processing file /usr/local/python/3.12.1/lib/python3.12/site-packages/airflow/example_dags/example_branch_operator_decorator.py for tasks to queue
[2026-04-25T09:26:58.284+0000] {logging_mixin.py:188} INFO - [2026-04-25T09:26:58.283+0000] {dagbag.py:540} INFO - Filling up the DagBag from /usr/local/python/3.12.1/lib/python3.12/site-packages/airflow/example_dags/example_branch_operator_decorator.py
[2026-04-25T09:26:58.303+0000] {processor.py:840} INFO - DAG(s) 'example_branch_python_operator_decorator' retrieved from /usr/local/python/3.12.1/lib/python3.12/site-packages/airflow/example_dags/example_branch_operator_decorator.py
[2026-04-25T09:26:58.321+0000] {logging_mixin.py:188} INFO - [2026-04-25T09:26:58.321+0000] {dag.py:3096} INFO - Sync 1 DAGs
[2026-04-25T09:26:58.336+0000] {logging_mixin.py:188} INFO - [2026-04-25T09:26:58.336+0000] {dag.py:3954} INFO - Setting next_dagrun for example_branch_python_operator_decorator to 2026-04-24 00:00:00+00:00, run_after=2026-04-25 00:00:00+00:00
[2026-04-25T09:26:58.352+0000] {processor.py:183} INFO - Processing /usr/local/python/3.12.1/lib/python3.12/site-packages/airflow/example_dags/example_branch_operator_decorator.py took 0.080 seconds
[2026-04-25T09:27:59.911+0000] {processor.py:161} INFO - Started process (PID=21254) to work on /usr/local/python/3.12.1/lib/python3.12/site-packages/airflow/example_dags/example_branch_operator_decorator.py
[2026-04-25T09:27:59.912+0000] {processor.py:830} INFO - Processing file /usr/local/python/3.12.1/lib/python3.12/site-packages/airflow/example_dags/example_branch_operator_decorator.py for tasks to queue
[2026-04-25T09:27:59.912+0000] {logging_mixin.py:188} INFO - [2026-04-25T09:27:59.912+0000] {dagbag.py:540} INFO - Filling up the DagBag from /usr/local/python/3.12.1/lib/python3.12/site-packages/airflow/example_dags/example_branch_operator_decorator.py
[2026-04-25T09:27:59.929+0000] {processor.py:840} INFO - DAG(s) 'example_branch_python_operator_decorator' retrieved from /usr/local/python/3.12.1/lib/python3.12/site-packages/airflow/example_dags/example_branch_operator_decorator.py
[2026-04-25T09:27:59.947+0000] {logging_mixin.py:188} INFO - [2026-04-25T09:27:59.947+0000] {dag.py:3096} INFO - Sync 1 DAGs
[2026-04-25T09:27:59.963+0000] {logging_mixin.py:188} INFO - [2026-04-25T09:27:59.963+0000] {dag.py:3954} INFO - Setting next_dagrun for example_branch_python_operator_decorator to 2026-04-24 00:00:00+00:00, run_after=2026-04-25 00:00:00+00:00
[2026-04-25T09:27:59.979+0000] {processor.py:183} INFO - Processing /usr/local/python/3.12.1/lib/python3.12/site-packages/airflow/example_dags/example_branch_operator_decorator.py took 0.072 seconds
[2026-04-25T09:29:02.753+0000] {processor.py:161} INFO - Started process (PID=21740) to work on /usr/local/python/3.12.1/lib/python3.12/site-packages/airflow/example_dags/example_branch_operator_decorator.py
[2026-04-25T09:29:02.754+0000] {processor.py:830} INFO - Processing file /usr/local/python/3.12.1/lib/python3.12/site-packages/airflow/example_dags/example_branch_operator_decorator.py for tasks to queue
[2026-04-25T09:29:02.754+0000] {logging_mixin.py:188} INFO - [2026-04-25T09:29:02.754+0000] {dagbag.py:540} INFO - Filling up the DagBag from /usr/local/python/3.12.1/lib/python3.12/site-packages/airflow/example_dags/example_branch_operator_decorator.py
[2026-04-25T09:29:02.771+0000] {processor.py:840} INFO - DAG(s) 'example_branch_python_operator_decorator' retrieved from /usr/local/python/3.12.1/lib/python3.12/site-packages/airflow/example_dags/example_branch_operator_decorator.py
[2026-04-25T09:29:02.790+0000] {logging_mixin.py:188} INFO - [2026-04-25T09:29:02.790+0000] {dag.py:3096} INFO - Sync 1 DAGs
[2026-04-25T09:29:02.805+0000] {logging_mixin.py:188} INFO - [2026-04-25T09:29:02.805+0000] {dag.py:3954} INFO - Setting next_dagrun for example_branch_python_operator_decorator to 2026-04-24 00:00:00+00:00, run_after=2026-04-25 00:00:00+00:00
[2026-04-25T09:29:02.822+0000] {processor.py:183} INFO - Processing /usr/local/python/3.12.1/lib/python3.12/site-packages/airflow/example_dags/example_branch_operator_decorator.py took 0.073 seconds
[2026-04-25T09:30:00.883+0000] {processor.py:161} INFO - Started process (PID=22192) to work on /usr/local/python/3.12.1/lib/python3.12/site-packages/airflow/example_dags/example_branch_operator_decorator.py
[2026-04-25T09:30:00.884+0000] {processor.py:830} INFO - Processing file /usr/local/python/3.12.1/lib/python3.12/site-packages/airflow/example_dags/example_branch_operator_decorator.py for tasks to queue
[2026-04-25T09:30:00.885+0000] {logging_mixin.py:188} INFO - [2026-04-25T09:30:00.884+0000] {dagbag.py:540} INFO - Filling up the DagBag from /usr/local/python/3.12.1/lib/python3.12/site-packages/airflow/example_dags/example_branch_operator_decorator.py
[2026-04-25T09:30:00.902+0000] {processor.py:840} INFO - DAG(s) 'example_branch_python_operator_decorator' retrieved from /usr/local/python/3.12.1/lib/python3.12/site-packages/airflow/example_dags/example_branch_operator_decorator.py
[2026-04-25T09:30:00.920+0000] {logging_mixin.py:188} INFO - [2026-04-25T09:30:00.920+0000] {dag.py:3096} INFO - Sync 1 DAGs
[2026-04-25T09:30:00.935+0000] {logging_mixin.py:188} INFO - [2026-04-25T09:30:00.935+0000] {dag.py:3954} INFO - Setting next_dagrun for example_branch_python_operator_decorator to 2026-04-24 00:00:00+00:00, run_after=2026-04-25 00:00:00+00:00
[2026-04-25T09:30:00.951+0000] {processor.py:183} INFO - Processing /usr/local/python/3.12.1/lib/python3.12/site-packages/airflow/example_dags/example_branch_operator_decorator.py took 0.072 seconds
[2026-04-25T09:31:04.320+0000] {processor.py:161} INFO - Started process (PID=22668) to work on /usr/local/python/3.12.1/lib/python3.12/site-packages/airflow/example_dags/example_branch_operator_decorator.py
[2026-04-25T09:31:04.321+0000] {processor.py:830} INFO - Processing file /usr/local/python/3.12.1/lib/python3.12/site-packages/airflow/example_dags/example_branch_operator_decorator.py for tasks to queue
[2026-04-25T09:31:04.322+0000] {logging_mixin.py:188} INFO - [2026-04-25T09:31:04.322+0000] {dagbag.py:540} INFO - Filling up the DagBag from /usr/local/python/3.12.1/lib/python3.12/site-packages/airflow/example_dags/example_branch_operator_decorator.py
[2026-04-25T09:31:04.339+0000] {processor.py:840} INFO - DAG(s) 'example_branch_python_operator_decorator' retrieved from /usr/local/python/3.12.1/lib/python3.12/site-packages/airflow/example_dags/example_branch_operator_decorator.py
[2026-04-25T09:31:04.518+0000] {logging_mixin.py:188} INFO - [2026-04-25T09:31:04.517+0000] {dag.py:3096} INFO - Sync 1 DAGs
[2026-04-25T09:31:04.540+0000] {logging_mixin.py:188} INFO - [2026-04-25T09:31:04.539+0000] {dag.py:3954} INFO - Setting next_dagrun for example_branch_python_operator_decorator to 2026-04-24 00:00:00+00:00, run_after=2026-04-25 00:00:00+00:00
[2026-04-25T09:31:04.568+0000] {processor.py:183} INFO - Processing /usr/local/python/3.12.1/lib/python3.12/site-packages/airflow/example_dags/example_branch_operator_decorator.py took 0.251 seconds
[2026-04-25T09:32:07.804+0000] {processor.py:161} INFO - Started process (PID=23157) to work on /usr/local/python/3.12.1/lib/python3.12/site-packages/airflow/example_dags/example_branch_operator_decorator.py
[2026-04-25T09:32:07.804+0000] {processor.py:830} INFO - Processing file /usr/local/python/3.12.1/lib/python3.12/site-packages/airflow/example_dags/example_branch_operator_decorator.py for tasks to queue
[2026-04-25T09:32:07.805+0000] {logging_mixin.py:188} INFO - [2026-04-25T09:32:07.805+0000] {dagbag.py:540} INFO - Filling up the DagBag from /usr/local/python/3.12.1/lib/python3.12/site-packages/airflow/example_dags/example_branch_operator_decorator.py
[2026-04-25T09:32:07.822+0000] {processor.py:840} INFO - DAG(s) 'example_branch_python_operator_decorator' retrieved from /usr/local/python/3.12.1/lib/python3.12/site-packages/airflow/example_dags/example_branch_operator_decorator.py
[2026-04-25T09:32:07.984+0000] {logging_mixin.py:188} INFO - [2026-04-25T09:32:07.983+0000] {dag.py:3096} INFO - Sync 1 DAGs
[2026-04-25T09:32:07.997+0000] {logging_mixin.py:188} INFO - [2026-04-25T09:32:07.997+0000] {dag.py:3954} INFO - Setting next_dagrun for example_branch_python_operator_decorator to 2026-04-24 00:00:00+00:00, run_after=2026-04-25 00:00:00+00:00
[2026-04-25T09:32:08.013+0000] {processor.py:183} INFO - Processing /usr/local/python/3.12.1/lib/python3.12/site-packages/airflow/example_dags/example_branch_operator_decorator.py took 0.213 seconds
[2026-04-25T09:33:15.309+0000] {processor.py:161} INFO - Started process (PID=23678) to work on /usr/local/python/3.12.1/lib/python3.12/site-packages/airflow/example_dags/example_branch_operator_decorator.py
[2026-04-25T09:33:15.310+0000] {processor.py:830} INFO - Processing file /usr/local/python/3.12.1/lib/python3.12/site-packages/airflow/example_dags/example_branch_operator_decorator.py for tasks to queue
[2026-04-25T09:33:15.310+0000] {logging_mixin.py:188} INFO - [2026-04-25T09:33:15.310+0000] {dagbag.py:540} INFO - Filling up the DagBag from /usr/local/python/3.12.1/lib/python3.12/site-packages/airflow/example_dags/example_branch_operator_decorator.py
[2026-04-25T09:33:15.327+0000] {processor.py:840} INFO - DAG(s) 'example_branch_python_operator_decorator' retrieved from /usr/local/python/3.12.1/lib/python3.12/site-packages/airflow/example_dags/example_branch_operator_decorator.py
[2026-04-25T09:33:15.480+0000] {logging_mixin.py:188} INFO - [2026-04-25T09:33:15.480+0000] {dag.py:3096} INFO - Sync 1 DAGs
[2026-04-25T09:33:15.493+0000] {logging_mixin.py:188} INFO - [2026-04-25T09:33:15.493+0000] {dag.py:3954} INFO - Setting next_dagrun for example_branch_python_operator_decorator to 2026-04-24 00:00:00+00:00, run_after=2026-04-25 00:00:00+00:00
[2026-04-25T09:33:15.510+0000] {processor.py:183} INFO - Processing /usr/local/python/3.12.1/lib/python3.12/site-packages/airflow/example_dags/example_branch_operator_decorator.py took 0.205 seconds
[2026-04-25T09:34:22.809+0000] {processor.py:161} INFO - Started process (PID=24189) to work on /usr/local/python/3.12.1/lib/python3.12/site-packages/airflow/example_dags/example_branch_operator_decorator.py
[2026-04-25T09:34:22.810+0000] {processor.py:830} INFO - Processing file /usr/local/python/3.12.1/lib/python3.12/site-packages/airflow/example_dags/example_branch_operator_decorator.py for tasks to queue
[2026-04-25T09:34:22.810+0000] {logging_mixin.py:188} INFO - [2026-04-25T09:34:22.810+0000] {dagbag.py:540} INFO - Filling up the DagBag from /usr/local/python/3.12.1/lib/python3.12/site-packages/airflow/example_dags/example_branch_operator_decorator.py
[2026-04-25T09:34:22.828+0000] {processor.py:840} INFO - DAG(s) 'example_branch_python_operator_decorator' retrieved from /usr/local/python/3.12.1/lib/python3.12/site-packages/airflow/example_dags/example_branch_operator_decorator.py
[2026-04-25T09:34:22.847+0000] {logging_mixin.py:188} INFO - [2026-04-25T09:34:22.847+0000] {dag.py:3096} INFO - Sync 1 DAGs
[2026-04-25T09:34:22.863+0000] {logging_mixin.py:188} INFO - [2026-04-25T09:34:22.863+0000] {dag.py:3954} INFO - Setting next_dagrun for example_branch_python_operator_decorator to 2026-04-24 00:00:00+00:00, run_after=2026-04-25 00:00:00+00:00
[2026-04-25T09:34:22.880+0000] {processor.py:183} INFO - Processing /usr/local/python/3.12.1/lib/python3.12/site-packages/airflow/example_dags/example_branch_operator_decorator.py took 0.075 seconds
[2026-04-25T09:35:18.128+0000] {processor.py:161} INFO - Started process (PID=24626) to work on /usr/local/python/3.12.1/lib/python3.12/site-packages/airflow/example_dags/example_branch_operator_decorator.py
[2026-04-25T09:35:18.128+0000] {processor.py:830} INFO - Processing file /usr/local/python/3.12.1/lib/python3.12/site-packages/airflow/example_dags/example_branch_operator_decorator.py for tasks to queue
[2026-04-25T09:35:18.129+0000] {logging_mixin.py:188} INFO - [2026-04-25T09:35:18.129+0000] {dagbag.py:540} INFO - Filling up the DagBag from /usr/local/python/3.12.1/lib/python3.12/site-packages/airflow/example_dags/example_branch_operator_decorator.py
[2026-04-25T09:35:18.146+0000] {processor.py:840} INFO - DAG(s) 'example_branch_python_operator_decorator' retrieved from /usr/local/python/3.12.1/lib/python3.12/site-packages/airflow/example_dags/example_branch_operator_decorator.py
[2026-04-25T09:35:18.165+0000] {logging_mixin.py:188} INFO - [2026-04-25T09:35:18.164+0000] {dag.py:3096} INFO - Sync 1 DAGs
[2026-04-25T09:35:18.180+0000] {logging_mixin.py:188} INFO - [2026-04-25T09:35:18.180+0000] {dag.py:3954} INFO - Setting next_dagrun for example_branch_python_operator_decorator to 2026-04-24 00:00:00+00:00, run_after=2026-04-25 00:00:00+00:00
[2026-04-25T09:35:18.196+0000] {processor.py:183} INFO - Processing /usr/local/python/3.12.1/lib/python3.12/site-packages/airflow/example_dags/example_branch_operator_decorator.py took 0.073 seconds
[2026-04-25T09:36:14.621+0000] {processor.py:161} INFO - Started process (PID=25051) to work on /usr/local/python/3.12.1/lib/python3.12/site-packages/airflow/example_dags/example_branch_operator_decorator.py
[2026-04-25T09:36:14.622+0000] {processor.py:830} INFO - Processing file /usr/local/python/3.12.1/lib/python3.12/site-packages/airflow/example_dags/example_branch_operator_decorator.py for tasks to queue
[2026-04-25T09:36:14.623+0000] {logging_mixin.py:188} INFO - [2026-04-25T09:36:14.622+0000] {dagbag.py:540} INFO - Filling up the DagBag from /usr/local/python/3.12.1/lib/python3.12/site-packages/airflow/example_dags/example_branch_operator_decorator.py
[2026-04-25T09:36:14.640+0000] {processor.py:840} INFO - DAG(s) 'example_branch_python_operator_decorator' retrieved from /usr/local/python/3.12.1/lib/python3.12/site-packages/airflow/example_dags/example_branch_operator_decorator.py
[2026-04-25T09:36:14.659+0000] {logging_mixin.py:188} INFO - [2026-04-25T09:36:14.659+0000] {dag.py:3096} INFO - Sync 1 DAGs
[2026-04-25T09:36:14.676+0000] {logging_mixin.py:188} INFO - [2026-04-25T09:36:14.676+0000] {dag.py:3954} INFO - Setting next_dagrun for example_branch_python_operator_decorator to 2026-04-24 00:00:00+00:00, run_after=2026-04-25 00:00:00+00:00
[2026-04-25T09:36:14.693+0000] {processor.py:183} INFO - Processing /usr/local/python/3.12.1/lib/python3.12/site-packages/airflow/example_dags/example_branch_operator_decorator.py took 0.076 seconds
[2026-04-25T09:37:18.481+0000] {processor.py:161} INFO - Started process (PID=25558) to work on /usr/local/python/3.12.1/lib/python3.12/site-packages/airflow/example_dags/example_branch_operator_decorator.py
[2026-04-25T09:37:18.482+0000] {processor.py:830} INFO - Processing file /usr/local/python/3.12.1/lib/python3.12/site-packages/airflow/example_dags/example_branch_operator_decorator.py for tasks to queue
[2026-04-25T09:37:18.483+0000] {logging_mixin.py:188} INFO - [2026-04-25T09:37:18.482+0000] {dagbag.py:540} INFO - Filling up the DagBag from /usr/local/python/3.12.1/lib/python3.12/site-packages/airflow/example_dags/example_branch_operator_decorator.py
[2026-04-25T09:37:18.500+0000] {processor.py:840} INFO - DAG(s) 'example_branch_python_operator_decorator' retrieved from /usr/local/python/3.12.1/lib/python3.12/site-packages/airflow/example_dags/example_branch_operator_decorator.py
[2026-04-25T09:37:18.518+0000] {logging_mixin.py:188} INFO - [2026-04-25T09:37:18.518+0000] {dag.py:3096} INFO - Sync 1 DAGs
[2026-04-25T09:37:18.533+0000] {logging_mixin.py:188} INFO - [2026-04-25T09:37:18.533+0000] {dag.py:3954} INFO - Setting next_dagrun for example_branch_python_operator_decorator to 2026-04-24 00:00:00+00:00, run_after=2026-04-25 00:00:00+00:00
[2026-04-25T09:37:18.550+0000] {processor.py:183} INFO - Processing /usr/local/python/3.12.1/lib/python3.12/site-packages/airflow/example_dags/example_branch_operator_decorator.py took 0.073 seconds
[2026-04-25T09:38:19.111+0000] {processor.py:161} INFO - Started process (PID=26030) to work on /usr/local/python/3.12.1/lib/python3.12/site-packages/airflow/example_dags/example_branch_operator_decorator.py
[2026-04-25T09:38:19.111+0000] {processor.py:830} INFO - Processing file /usr/local/python/3.12.1/lib/python3.12/site-packages/airflow/example_dags/example_branch_operator_decorator.py for tasks to queue
[2026-04-25T09:38:19.112+0000] {logging_mixin.py:188} INFO - [2026-04-25T09:38:19.112+0000] {dagbag.py:540} INFO - Filling up the DagBag from /usr/local/python/3.12.1/lib/python3.12/site-packages/airflow/example_dags/example_branch_operator_decorator.py
[2026-04-25T09:38:19.130+0000] {processor.py:840} INFO - DAG(s) 'example_branch_python_operator_decorator' retrieved from /usr/local/python/3.12.1/lib/python3.12/site-packages/airflow/example_dags/example_branch_operator_decorator.py
[2026-04-25T09:38:19.148+0000] {logging_mixin.py:188} INFO - [2026-04-25T09:38:19.148+0000] {dag.py:3096} INFO - Sync 1 DAGs
[2026-04-25T09:38:19.164+0000] {logging_mixin.py:188} INFO - [2026-04-25T09:38:19.164+0000] {dag.py:3954} INFO - Setting next_dagrun for example_branch_python_operator_decorator to 2026-04-24 00:00:00+00:00, run_after=2026-04-25 00:00:00+00:00
[2026-04-25T09:38:19.181+0000] {processor.py:183} INFO - Processing /usr/local/python/3.12.1/lib/python3.12/site-packages/airflow/example_dags/example_branch_operator_decorator.py took 0.074 seconds
[2026-04-25T09:39:19.579+0000] {processor.py:161} INFO - Started process (PID=26495) to work on /usr/local/python/3.12.1/lib/python3.12/site-packages/airflow/example_dags/example_branch_operator_decorator.py
[2026-04-25T09:39:19.580+0000] {processor.py:830} INFO - Processing file /usr/local/python/3.12.1/lib/python3.12/site-packages/airflow/example_dags/example_branch_operator_decorator.py for tasks to queue
[2026-04-25T09:39:19.580+0000] {logging_mixin.py:188} INFO - [2026-04-25T09:39:19.580+0000] {dagbag.py:540} INFO - Filling up the DagBag from /usr/local/python/3.12.1/lib/python3.12/site-packages/airflow/example_dags/example_branch_operator_decorator.py
[2026-04-25T09:39:19.597+0000] {processor.py:840} INFO - DAG(s) 'example_branch_python_operator_decorator' retrieved from /usr/local/python/3.12.1/lib/python3.12/site-packages/airflow/example_dags/example_branch_operator_decorator.py
[2026-04-25T09:39:19.616+0000] {logging_mixin.py:188} INFO - [2026-04-25T09:39:19.615+0000] {dag.py:3096} INFO - Sync 1 DAGs
[2026-04-25T09:39:19.631+0000] {logging_mixin.py:188} INFO - [2026-04-25T09:39:19.631+0000] {dag.py:3954} INFO - Setting next_dagrun for example_branch_python_operator_decorator to 2026-04-24 00:00:00+00:00, run_after=2026-04-25 00:00:00+00:00
[2026-04-25T09:39:19.647+0000] {processor.py:183} INFO - Processing /usr/local/python/3.12.1/lib/python3.12/site-packages/airflow/example_dags/example_branch_operator_decorator.py took 0.072 seconds
[2026-04-25T09:40:18.383+0000] {processor.py:161} INFO - Started process (PID=26935) to work on /usr/local/python/3.12.1/lib/python3.12/site-packages/airflow/example_dags/example_branch_operator_decorator.py
[2026-04-25T09:40:18.384+0000] {processor.py:830} INFO - Processing file /usr/local/python/3.12.1/lib/python3.12/site-packages/airflow/example_dags/example_branch_operator_decorator.py for tasks to queue
[2026-04-25T09:40:18.385+0000] {logging_mixin.py:188} INFO - [2026-04-25T09:40:18.384+0000] {dagbag.py:540} INFO - Filling up the DagBag from /usr/local/python/3.12.1/lib/python3.12/site-packages/airflow/example_dags/example_branch_operator_decorator.py
[2026-04-25T09:40:18.402+0000] {processor.py:840} INFO - DAG(s) 'example_branch_python_operator_decorator' retrieved from /usr/local/python/3.12.1/lib/python3.12/site-packages/airflow/example_dags/example_branch_operator_decorator.py
[2026-04-25T09:40:18.420+0000] {logging_mixin.py:188} INFO - [2026-04-25T09:40:18.420+0000] {dag.py:3096} INFO - Sync 1 DAGs
[2026-04-25T09:40:18.436+0000] {logging_mixin.py:188} INFO - [2026-04-25T09:40:18.435+0000] {dag.py:3954} INFO - Setting next_dagrun for example_branch_python_operator_decorator to 2026-04-24 00:00:00+00:00, run_after=2026-04-25 00:00:00+00:00
[2026-04-25T09:40:18.452+0000] {processor.py:183} INFO - Processing /usr/local/python/3.12.1/lib/python3.12/site-packages/airflow/example_dags/example_branch_operator_decorator.py took 0.073 seconds
[2026-04-25T09:41:16.257+0000] {processor.py:161} INFO - Started process (PID=27384) to work on /usr/local/python/3.12.1/lib/python3.12/site-packages/airflow/example_dags/example_branch_operator_decorator.py
[2026-04-25T09:41:16.257+0000] {processor.py:830} INFO - Processing file /usr/local/python/3.12.1/lib/python3.12/site-packages/airflow/example_dags/example_branch_operator_decorator.py for tasks to queue
[2026-04-25T09:41:16.258+0000] {logging_mixin.py:188} INFO - [2026-04-25T09:41:16.258+0000] {dagbag.py:540} INFO - Filling up the DagBag from /usr/local/python/3.12.1/lib/python3.12/site-packages/airflow/example_dags/example_branch_operator_decorator.py
[2026-04-25T09:41:16.275+0000] {processor.py:840} INFO - DAG(s) 'example_branch_python_operator_decorator' retrieved from /usr/local/python/3.12.1/lib/python3.12/site-packages/airflow/example_dags/example_branch_operator_decorator.py
[2026-04-25T09:41:16.294+0000] {logging_mixin.py:188} INFO - [2026-04-25T09:41:16.293+0000] {dag.py:3096} INFO - Sync 1 DAGs
[2026-04-25T09:41:16.310+0000] {logging_mixin.py:188} INFO - [2026-04-25T09:41:16.310+0000] {dag.py:3954} INFO - Setting next_dagrun for example_branch_python_operator_decorator to 2026-04-24 00:00:00+00:00, run_after=2026-04-25 00:00:00+00:00
[2026-04-25T09:41:16.328+0000] {processor.py:183} INFO - Processing /usr/local/python/3.12.1/lib/python3.12/site-packages/airflow/example_dags/example_branch_operator_decorator.py took 0.075 seconds
[2026-04-25T09:42:12.593+0000] {processor.py:161} INFO - Started process (PID=27840) to work on /usr/local/python/3.12.1/lib/python3.12/site-packages/airflow/example_dags/example_branch_operator_decorator.py
[2026-04-25T09:42:12.596+0000] {processor.py:830} INFO - Processing file /usr/local/python/3.12.1/lib/python3.12/site-packages/airflow/example_dags/example_branch_operator_decorator.py for tasks to queue
[2026-04-25T09:42:12.597+0000] {logging_mixin.py:188} INFO - [2026-04-25T09:42:12.596+0000] {dagbag.py:540} INFO - Filling up the DagBag from /usr/local/python/3.12.1/lib/python3.12/site-packages/airflow/example_dags/example_branch_operator_decorator.py
[2026-04-25T09:42:12.615+0000] {processor.py:840} INFO - DAG(s) 'example_branch_python_operator_decorator' retrieved from /usr/local/python/3.12.1/lib/python3.12/site-packages/airflow/example_dags/example_branch_operator_decorator.py
[2026-04-25T09:42:12.634+0000] {logging_mixin.py:188} INFO - [2026-04-25T09:42:12.634+0000] {dag.py:3096} INFO - Sync 1 DAGs
[2026-04-25T09:42:12.657+0000] {logging_mixin.py:188} INFO - [2026-04-25T09:42:12.656+0000] {dag.py:3954} INFO - Setting next_dagrun for example_branch_python_operator_decorator to 2026-04-24 00:00:00+00:00, run_after=2026-04-25 00:00:00+00:00
[2026-04-25T09:42:12.684+0000] {processor.py:183} INFO - Processing /usr/local/python/3.12.1/lib/python3.12/site-packages/airflow/example_dags/example_branch_operator_decorator.py took 0.105 seconds
[2026-04-25T09:43:13.956+0000] {processor.py:161} INFO - Started process (PID=28311) to work on /usr/local/python/3.12.1/lib/python3.12/site-packages/airflow/example_dags/example_branch_operator_decorator.py
[2026-04-25T09:43:13.957+0000] {processor.py:830} INFO - Processing file /usr/local/python/3.12.1/lib/python3.12/site-packages/airflow/example_dags/example_branch_operator_decorator.py for tasks to queue
[2026-04-25T09:43:13.957+0000] {logging_mixin.py:188} INFO - [2026-04-25T09:43:13.957+0000] {dagbag.py:540} INFO - Filling up the DagBag from /usr/local/python/3.12.1/lib/python3.12/site-packages/airflow/example_dags/example_branch_operator_decorator.py
[2026-04-25T09:43:13.975+0000] {processor.py:840} INFO - DAG(s) 'example_branch_python_operator_decorator' retrieved from /usr/local/python/3.12.1/lib/python3.12/site-packages/airflow/example_dags/example_branch_operator_decorator.py
[2026-04-25T09:43:13.995+0000] {logging_mixin.py:188} INFO - [2026-04-25T09:43:13.995+0000] {dag.py:3096} INFO - Sync 1 DAGs
[2026-04-25T09:43:14.010+0000] {logging_mixin.py:188} INFO - [2026-04-25T09:43:14.010+0000] {dag.py:3954} INFO - Setting next_dagrun for example_branch_python_operator_decorator to 2026-04-24 00:00:00+00:00, run_after=2026-04-25 00:00:00+00:00
[2026-04-25T09:43:14.028+0000] {processor.py:183} INFO - Processing /usr/local/python/3.12.1/lib/python3.12/site-packages/airflow/example_dags/example_branch_operator_decorator.py took 0.076 seconds
[2026-04-25T09:44:15.551+0000] {processor.py:161} INFO - Started process (PID=28784) to work on /usr/local/python/3.12.1/lib/python3.12/site-packages/airflow/example_dags/example_branch_operator_decorator.py
[2026-04-25T09:44:15.551+0000] {processor.py:830} INFO - Processing file /usr/local/python/3.12.1/lib/python3.12/site-packages/airflow/example_dags/example_branch_operator_decorator.py for tasks to queue
[2026-04-25T09:44:15.552+0000] {logging_mixin.py:188} INFO - [2026-04-25T09:44:15.552+0000] {dagbag.py:540} INFO - Filling up the DagBag from /usr/local/python/3.12.1/lib/python3.12/site-packages/airflow/example_dags/example_branch_operator_decorator.py
[2026-04-25T09:44:15.570+0000] {processor.py:840} INFO - DAG(s) 'example_branch_python_operator_decorator' retrieved from /usr/local/python/3.12.1/lib/python3.12/site-packages/airflow/example_dags/example_branch_operator_decorator.py
[2026-04-25T09:44:15.588+0000] {logging_mixin.py:188} INFO - [2026-04-25T09:44:15.588+0000] {dag.py:3096} INFO - Sync 1 DAGs
[2026-04-25T09:44:15.604+0000] {logging_mixin.py:188} INFO - [2026-04-25T09:44:15.604+0000] {dag.py:3954} INFO - Setting next_dagrun for example_branch_python_operator_decorator to 2026-04-24 00:00:00+00:00, run_after=2026-04-25 00:00:00+00:00
[2026-04-25T09:44:15.621+0000] {processor.py:183} INFO - Processing /usr/local/python/3.12.1/lib/python3.12/site-packages/airflow/example_dags/example_branch_operator_decorator.py took 0.075 seconds
[2026-04-25T09:45:12.656+0000] {processor.py:161} INFO - Started process (PID=29216) to work on /usr/local/python/3.12.1/lib/python3.12/site-packages/airflow/example_dags/example_branch_operator_decorator.py
[2026-04-25T09:45:12.656+0000] {processor.py:830} INFO - Processing file /usr/local/python/3.12.1/lib/python3.12/site-packages/airflow/example_dags/example_branch_operator_decorator.py for tasks to queue
[2026-04-25T09:45:12.657+0000] {logging_mixin.py:188} INFO - [2026-04-25T09:45:12.657+0000] {dagbag.py:540} INFO - Filling up the DagBag from /usr/local/python/3.12.1/lib/python3.12/site-packages/airflow/example_dags/example_branch_operator_decorator.py
[2026-04-25T09:45:12.675+0000] {processor.py:840} INFO - DAG(s) 'example_branch_python_operator_decorator' retrieved from /usr/local/python/3.12.1/lib/python3.12/site-packages/airflow/example_dags/example_branch_operator_decorator.py
[2026-04-25T09:45:12.694+0000] {logging_mixin.py:188} INFO - [2026-04-25T09:45:12.693+0000] {dag.py:3096} INFO - Sync 1 DAGs
[2026-04-25T09:45:12.709+0000] {logging_mixin.py:188} INFO - [2026-04-25T09:45:12.709+0000] {dag.py:3954} INFO - Setting next_dagrun for example_branch_python_operator_decorator to 2026-04-24 00:00:00+00:00, run_after=2026-04-25 00:00:00+00:00
[2026-04-25T09:45:12.725+0000] {processor.py:183} INFO - Processing /usr/local/python/3.12.1/lib/python3.12/site-packages/airflow/example_dags/example_branch_operator_decorator.py took 0.074 seconds
[2026-04-25T09:46:16.589+0000] {processor.py:161} INFO - Started process (PID=29724) to work on /usr/local/python/3.12.1/lib/python3.12/site-packages/airflow/example_dags/example_branch_operator_decorator.py
[2026-04-25T09:46:16.590+0000] {processor.py:830} INFO - Processing file /usr/local/python/3.12.1/lib/python3.12/site-packages/airflow/example_dags/example_branch_operator_decorator.py for tasks to queue
[2026-04-25T09:46:16.590+0000] {logging_mixin.py:188} INFO - [2026-04-25T09:46:16.590+0000] {dagbag.py:540} INFO - Filling up the DagBag from /usr/local/python/3.12.1/lib/python3.12/site-packages/airflow/example_dags/example_branch_operator_decorator.py
[2026-04-25T09:46:16.608+0000] {processor.py:840} INFO - DAG(s) 'example_branch_python_operator_decorator' retrieved from /usr/local/python/3.12.1/lib/python3.12/site-packages/airflow/example_dags/example_branch_operator_decorator.py
[2026-04-25T09:46:16.626+0000] {logging_mixin.py:188} INFO - [2026-04-25T09:46:16.626+0000] {dag.py:3096} INFO - Sync 1 DAGs
[2026-04-25T09:46:16.642+0000] {logging_mixin.py:188} INFO - [2026-04-25T09:46:16.641+0000] {dag.py:3954} INFO - Setting next_dagrun for example_branch_python_operator_decorator to 2026-04-24 00:00:00+00:00, run_after=2026-04-25 00:00:00+00:00
[2026-04-25T09:46:16.658+0000] {processor.py:183} INFO - Processing /usr/local/python/3.12.1/lib/python3.12/site-packages/airflow/example_dags/example_branch_operator_decorator.py took 0.073 seconds
