[2026-04-25T09:05:45.705+0000] {processor.py:161} INFO - Started process (PID=8039) to work on /usr/local/python/3.12.1/lib/python3.12/site-packages/airflow/example_dags/tutorial_taskflow_api_virtualenv.py
[2026-04-25T09:05:45.707+0000] {processor.py:830} INFO - Processing file /usr/local/python/3.12.1/lib/python3.12/site-packages/airflow/example_dags/tutorial_taskflow_api_virtualenv.py for tasks to queue
[2026-04-25T09:05:45.708+0000] {logging_mixin.py:188} INFO - [2026-04-25T09:05:45.707+0000] {dagbag.py:540} INFO - Filling up the DagBag from /usr/local/python/3.12.1/lib/python3.12/site-packages/airflow/example_dags/tutorial_taskflow_api_virtualenv.py
[2026-04-25T09:05:45.739+0000] {processor.py:840} INFO - DAG(s) 'tutorial_taskflow_api_virtualenv' retrieved from /usr/local/python/3.12.1/lib/python3.12/site-packages/airflow/example_dags/tutorial_taskflow_api_virtualenv.py
[2026-04-25T09:05:46.147+0000] {logging_mixin.py:188} INFO - [2026-04-25T09:05:46.146+0000] {override.py:1930} INFO - Created Permission View: can delete on DAG:tutorial_taskflow_api_virtualenv
[2026-04-25T09:05:46.184+0000] {logging_mixin.py:188} INFO - [2026-04-25T09:05:46.183+0000] {override.py:1930} INFO - Created Permission View: can edit on DAG:tutorial_taskflow_api_virtualenv
[2026-04-25T09:05:46.249+0000] {logging_mixin.py:188} INFO - [2026-04-25T09:05:46.249+0000] {override.py:1930} INFO - Created Permission View: can read on DAG:tutorial_taskflow_api_virtualenv
[2026-04-25T09:05:46.250+0000] {logging_mixin.py:188} INFO - [2026-04-25T09:05:46.249+0000] {dag.py:3096} INFO - Sync 1 DAGs
[2026-04-25T09:05:46.267+0000] {logging_mixin.py:188} INFO - [2026-04-25T09:05:46.266+0000] {dag.py:3118} INFO - Creating ORM DAG for tutorial_taskflow_api_virtualenv
[2026-04-25T09:05:46.268+0000] {logging_mixin.py:188} INFO - [2026-04-25T09:05:46.267+0000] {dag.py:3954} INFO - Setting next_dagrun for tutorial_taskflow_api_virtualenv to None, run_after=None
[2026-04-25T09:05:46.301+0000] {processor.py:183} INFO - Processing /usr/local/python/3.12.1/lib/python3.12/site-packages/airflow/example_dags/tutorial_taskflow_api_virtualenv.py took 0.603 seconds
[2026-04-25T09:06:44.513+0000] {processor.py:161} INFO - Started process (PID=8850) to work on /usr/local/python/3.12.1/lib/python3.12/site-packages/airflow/example_dags/tutorial_taskflow_api_virtualenv.py
[2026-04-25T09:06:44.514+0000] {processor.py:830} INFO - Processing file /usr/local/python/3.12.1/lib/python3.12/site-packages/airflow/example_dags/tutorial_taskflow_api_virtualenv.py for tasks to queue
[2026-04-25T09:06:44.514+0000] {logging_mixin.py:188} INFO - [2026-04-25T09:06:44.514+0000] {dagbag.py:540} INFO - Filling up the DagBag from /usr/local/python/3.12.1/lib/python3.12/site-packages/airflow/example_dags/tutorial_taskflow_api_virtualenv.py
[2026-04-25T09:06:44.523+0000] {processor.py:840} INFO - DAG(s) 'tutorial_taskflow_api_virtualenv' retrieved from /usr/local/python/3.12.1/lib/python3.12/site-packages/airflow/example_dags/tutorial_taskflow_api_virtualenv.py
[2026-04-25T09:06:44.535+0000] {logging_mixin.py:188} INFO - [2026-04-25T09:06:44.535+0000] {dag.py:3096} INFO - Sync 1 DAGs
[2026-04-25T09:06:44.545+0000] {logging_mixin.py:188} INFO - [2026-04-25T09:06:44.545+0000] {dag.py:3954} INFO - Setting next_dagrun for tutorial_taskflow_api_virtualenv to None, run_after=None
[2026-04-25T09:06:44.580+0000] {processor.py:183} INFO - Processing /usr/local/python/3.12.1/lib/python3.12/site-packages/airflow/example_dags/tutorial_taskflow_api_virtualenv.py took 0.071 seconds
[2026-04-25T09:07:33.335+0000] {processor.py:161} INFO - Started process (PID=9255) to work on /usr/local/python/3.12.1/lib/python3.12/site-packages/airflow/example_dags/tutorial_taskflow_api_virtualenv.py
[2026-04-25T09:07:33.335+0000] {processor.py:830} INFO - Processing file /usr/local/python/3.12.1/lib/python3.12/site-packages/airflow/example_dags/tutorial_taskflow_api_virtualenv.py for tasks to queue
[2026-04-25T09:07:33.337+0000] {logging_mixin.py:188} INFO - [2026-04-25T09:07:33.336+0000] {dagbag.py:540} INFO - Filling up the DagBag from /usr/local/python/3.12.1/lib/python3.12/site-packages/airflow/example_dags/tutorial_taskflow_api_virtualenv.py
[2026-04-25T09:07:33.346+0000] {processor.py:840} INFO - DAG(s) 'tutorial_taskflow_api_virtualenv' retrieved from /usr/local/python/3.12.1/lib/python3.12/site-packages/airflow/example_dags/tutorial_taskflow_api_virtualenv.py
[2026-04-25T09:07:33.358+0000] {logging_mixin.py:188} INFO - [2026-04-25T09:07:33.358+0000] {dag.py:3096} INFO - Sync 1 DAGs
[2026-04-25T09:07:33.367+0000] {logging_mixin.py:188} INFO - [2026-04-25T09:07:33.367+0000] {dag.py:3954} INFO - Setting next_dagrun for tutorial_taskflow_api_virtualenv to None, run_after=None
[2026-04-25T09:07:33.384+0000] {processor.py:183} INFO - Processing /usr/local/python/3.12.1/lib/python3.12/site-packages/airflow/example_dags/tutorial_taskflow_api_virtualenv.py took 0.059 seconds
[2026-04-25T09:08:16.146+0000] {processor.py:161} INFO - Started process (PID=9726) to work on /usr/local/python/3.12.1/lib/python3.12/site-packages/airflow/example_dags/tutorial_taskflow_api_virtualenv.py
[2026-04-25T09:08:16.147+0000] {processor.py:830} INFO - Processing file /usr/local/python/3.12.1/lib/python3.12/site-packages/airflow/example_dags/tutorial_taskflow_api_virtualenv.py for tasks to queue
[2026-04-25T09:08:16.148+0000] {logging_mixin.py:188} INFO - [2026-04-25T09:08:16.147+0000] {dagbag.py:540} INFO - Filling up the DagBag from /usr/local/python/3.12.1/lib/python3.12/site-packages/airflow/example_dags/tutorial_taskflow_api_virtualenv.py
[2026-04-25T09:08:16.156+0000] {processor.py:840} INFO - DAG(s) 'tutorial_taskflow_api_virtualenv' retrieved from /usr/local/python/3.12.1/lib/python3.12/site-packages/airflow/example_dags/tutorial_taskflow_api_virtualenv.py
[2026-04-25T09:08:16.169+0000] {logging_mixin.py:188} INFO - [2026-04-25T09:08:16.168+0000] {dag.py:3096} INFO - Sync 1 DAGs
[2026-04-25T09:08:16.178+0000] {logging_mixin.py:188} INFO - [2026-04-25T09:08:16.178+0000] {dag.py:3954} INFO - Setting next_dagrun for tutorial_taskflow_api_virtualenv to None, run_after=None
[2026-04-25T09:08:16.195+0000] {processor.py:183} INFO - Processing /usr/local/python/3.12.1/lib/python3.12/site-packages/airflow/example_dags/tutorial_taskflow_api_virtualenv.py took 0.053 seconds
[2026-04-25T09:08:58.581+0000] {processor.py:161} INFO - Started process (PID=10056) to work on /usr/local/python/3.12.1/lib/python3.12/site-packages/airflow/example_dags/tutorial_taskflow_api_virtualenv.py
[2026-04-25T09:08:58.582+0000] {processor.py:830} INFO - Processing file /usr/local/python/3.12.1/lib/python3.12/site-packages/airflow/example_dags/tutorial_taskflow_api_virtualenv.py for tasks to queue
[2026-04-25T09:08:58.583+0000] {logging_mixin.py:188} INFO - [2026-04-25T09:08:58.582+0000] {dagbag.py:540} INFO - Filling up the DagBag from /usr/local/python/3.12.1/lib/python3.12/site-packages/airflow/example_dags/tutorial_taskflow_api_virtualenv.py
[2026-04-25T09:08:58.591+0000] {processor.py:840} INFO - DAG(s) 'tutorial_taskflow_api_virtualenv' retrieved from /usr/local/python/3.12.1/lib/python3.12/site-packages/airflow/example_dags/tutorial_taskflow_api_virtualenv.py
[2026-04-25T09:08:58.603+0000] {logging_mixin.py:188} INFO - [2026-04-25T09:08:58.603+0000] {dag.py:3096} INFO - Sync 1 DAGs
[2026-04-25T09:08:58.612+0000] {logging_mixin.py:188} INFO - [2026-04-25T09:08:58.612+0000] {dag.py:3954} INFO - Setting next_dagrun for tutorial_taskflow_api_virtualenv to None, run_after=None
[2026-04-25T09:08:58.634+0000] {processor.py:183} INFO - Processing /usr/local/python/3.12.1/lib/python3.12/site-packages/airflow/example_dags/tutorial_taskflow_api_virtualenv.py took 0.057 seconds
[2026-04-25T09:09:40.165+0000] {processor.py:161} INFO - Started process (PID=10783) to work on /usr/local/python/3.12.1/lib/python3.12/site-packages/airflow/example_dags/tutorial_taskflow_api_virtualenv.py
[2026-04-25T09:09:40.166+0000] {processor.py:830} INFO - Processing file /usr/local/python/3.12.1/lib/python3.12/site-packages/airflow/example_dags/tutorial_taskflow_api_virtualenv.py for tasks to queue
[2026-04-25T09:09:40.167+0000] {logging_mixin.py:188} INFO - [2026-04-25T09:09:40.166+0000] {dagbag.py:540} INFO - Filling up the DagBag from /usr/local/python/3.12.1/lib/python3.12/site-packages/airflow/example_dags/tutorial_taskflow_api_virtualenv.py
[2026-04-25T09:09:40.175+0000] {processor.py:840} INFO - DAG(s) 'tutorial_taskflow_api_virtualenv' retrieved from /usr/local/python/3.12.1/lib/python3.12/site-packages/airflow/example_dags/tutorial_taskflow_api_virtualenv.py
[2026-04-25T09:09:40.187+0000] {logging_mixin.py:188} INFO - [2026-04-25T09:09:40.187+0000] {dag.py:3096} INFO - Sync 1 DAGs
[2026-04-25T09:09:40.196+0000] {logging_mixin.py:188} INFO - [2026-04-25T09:09:40.196+0000] {dag.py:3954} INFO - Setting next_dagrun for tutorial_taskflow_api_virtualenv to None, run_after=None
[2026-04-25T09:09:40.215+0000] {processor.py:183} INFO - Processing /usr/local/python/3.12.1/lib/python3.12/site-packages/airflow/example_dags/tutorial_taskflow_api_virtualenv.py took 0.054 seconds
[2026-04-25T09:10:22.536+0000] {processor.py:161} INFO - Started process (PID=11117) to work on /usr/local/python/3.12.1/lib/python3.12/site-packages/airflow/example_dags/tutorial_taskflow_api_virtualenv.py
[2026-04-25T09:10:22.537+0000] {processor.py:830} INFO - Processing file /usr/local/python/3.12.1/lib/python3.12/site-packages/airflow/example_dags/tutorial_taskflow_api_virtualenv.py for tasks to queue
[2026-04-25T09:10:22.538+0000] {logging_mixin.py:188} INFO - [2026-04-25T09:10:22.537+0000] {dagbag.py:540} INFO - Filling up the DagBag from /usr/local/python/3.12.1/lib/python3.12/site-packages/airflow/example_dags/tutorial_taskflow_api_virtualenv.py
[2026-04-25T09:10:22.546+0000] {processor.py:840} INFO - DAG(s) 'tutorial_taskflow_api_virtualenv' retrieved from /usr/local/python/3.12.1/lib/python3.12/site-packages/airflow/example_dags/tutorial_taskflow_api_virtualenv.py
[2026-04-25T09:10:22.559+0000] {logging_mixin.py:188} INFO - [2026-04-25T09:10:22.559+0000] {dag.py:3096} INFO - Sync 1 DAGs
[2026-04-25T09:10:22.568+0000] {logging_mixin.py:188} INFO - [2026-04-25T09:10:22.568+0000] {dag.py:3954} INFO - Setting next_dagrun for tutorial_taskflow_api_virtualenv to None, run_after=None
[2026-04-25T09:10:22.584+0000] {processor.py:183} INFO - Processing /usr/local/python/3.12.1/lib/python3.12/site-packages/airflow/example_dags/tutorial_taskflow_api_virtualenv.py took 0.052 seconds
[2026-04-25T09:11:00.944+0000] {processor.py:161} INFO - Started process (PID=11661) to work on /usr/local/python/3.12.1/lib/python3.12/site-packages/airflow/example_dags/tutorial_taskflow_api_virtualenv.py
[2026-04-25T09:11:00.945+0000] {processor.py:830} INFO - Processing file /usr/local/python/3.12.1/lib/python3.12/site-packages/airflow/example_dags/tutorial_taskflow_api_virtualenv.py for tasks to queue
[2026-04-25T09:11:00.946+0000] {logging_mixin.py:188} INFO - [2026-04-25T09:11:00.945+0000] {dagbag.py:540} INFO - Filling up the DagBag from /usr/local/python/3.12.1/lib/python3.12/site-packages/airflow/example_dags/tutorial_taskflow_api_virtualenv.py
[2026-04-25T09:11:00.954+0000] {processor.py:840} INFO - DAG(s) 'tutorial_taskflow_api_virtualenv' retrieved from /usr/local/python/3.12.1/lib/python3.12/site-packages/airflow/example_dags/tutorial_taskflow_api_virtualenv.py
[2026-04-25T09:11:00.966+0000] {logging_mixin.py:188} INFO - [2026-04-25T09:11:00.966+0000] {dag.py:3096} INFO - Sync 1 DAGs
[2026-04-25T09:11:00.976+0000] {logging_mixin.py:188} INFO - [2026-04-25T09:11:00.975+0000] {dag.py:3954} INFO - Setting next_dagrun for tutorial_taskflow_api_virtualenv to None, run_after=None
[2026-04-25T09:11:00.993+0000] {processor.py:183} INFO - Processing /usr/local/python/3.12.1/lib/python3.12/site-packages/airflow/example_dags/tutorial_taskflow_api_virtualenv.py took 0.053 seconds
[2026-04-25T09:11:33.848+0000] {processor.py:161} INFO - Started process (PID=12445) to work on /usr/local/python/3.12.1/lib/python3.12/site-packages/airflow/example_dags/tutorial_taskflow_api_virtualenv.py
[2026-04-25T09:11:33.849+0000] {processor.py:830} INFO - Processing file /usr/local/python/3.12.1/lib/python3.12/site-packages/airflow/example_dags/tutorial_taskflow_api_virtualenv.py for tasks to queue
[2026-04-25T09:11:33.849+0000] {logging_mixin.py:188} INFO - [2026-04-25T09:11:33.849+0000] {dagbag.py:540} INFO - Filling up the DagBag from /usr/local/python/3.12.1/lib/python3.12/site-packages/airflow/example_dags/tutorial_taskflow_api_virtualenv.py
[2026-04-25T09:11:33.860+0000] {processor.py:840} INFO - DAG(s) 'tutorial_taskflow_api_virtualenv' retrieved from /usr/local/python/3.12.1/lib/python3.12/site-packages/airflow/example_dags/tutorial_taskflow_api_virtualenv.py
[2026-04-25T09:11:33.867+0000] {logging_mixin.py:188} INFO - [2026-04-25T09:11:33.867+0000] {dag.py:3096} INFO - Sync 1 DAGs
[2026-04-25T09:11:33.877+0000] {logging_mixin.py:188} INFO - [2026-04-25T09:11:33.877+0000] {dag.py:3954} INFO - Setting next_dagrun for tutorial_taskflow_api_virtualenv to None, run_after=None
[2026-04-25T09:11:33.894+0000] {processor.py:183} INFO - Processing /usr/local/python/3.12.1/lib/python3.12/site-packages/airflow/example_dags/tutorial_taskflow_api_virtualenv.py took 0.050 seconds
[2026-04-25T09:11:47.294+0000] {processor.py:161} INFO - Started process (PID=12630) to work on /usr/local/python/3.12.1/lib/python3.12/site-packages/airflow/example_dags/tutorial_taskflow_api_virtualenv.py
[2026-04-25T09:11:47.295+0000] {processor.py:830} INFO - Processing file /usr/local/python/3.12.1/lib/python3.12/site-packages/airflow/example_dags/tutorial_taskflow_api_virtualenv.py for tasks to queue
[2026-04-25T09:11:47.296+0000] {logging_mixin.py:188} INFO - [2026-04-25T09:11:47.296+0000] {dagbag.py:540} INFO - Filling up the DagBag from /usr/local/python/3.12.1/lib/python3.12/site-packages/airflow/example_dags/tutorial_taskflow_api_virtualenv.py
[2026-04-25T09:11:47.305+0000] {processor.py:840} INFO - DAG(s) 'tutorial_taskflow_api_virtualenv' retrieved from /usr/local/python/3.12.1/lib/python3.12/site-packages/airflow/example_dags/tutorial_taskflow_api_virtualenv.py
[2026-04-25T09:11:47.400+0000] {logging_mixin.py:188} INFO - [2026-04-25T09:11:47.400+0000] {dag.py:3096} INFO - Sync 1 DAGs
[2026-04-25T09:11:47.407+0000] {logging_mixin.py:188} INFO - [2026-04-25T09:11:47.407+0000] {dag.py:3954} INFO - Setting next_dagrun for tutorial_taskflow_api_virtualenv to None, run_after=None
[2026-04-25T09:11:47.423+0000] {processor.py:183} INFO - Processing /usr/local/python/3.12.1/lib/python3.12/site-packages/airflow/example_dags/tutorial_taskflow_api_virtualenv.py took 0.133 seconds
[2026-04-25T09:12:25.172+0000] {processor.py:161} INFO - Started process (PID=12973) to work on /usr/local/python/3.12.1/lib/python3.12/site-packages/airflow/example_dags/tutorial_taskflow_api_virtualenv.py
[2026-04-25T09:12:25.172+0000] {processor.py:830} INFO - Processing file /usr/local/python/3.12.1/lib/python3.12/site-packages/airflow/example_dags/tutorial_taskflow_api_virtualenv.py for tasks to queue
[2026-04-25T09:12:25.173+0000] {logging_mixin.py:188} INFO - [2026-04-25T09:12:25.173+0000] {dagbag.py:540} INFO - Filling up the DagBag from /usr/local/python/3.12.1/lib/python3.12/site-packages/airflow/example_dags/tutorial_taskflow_api_virtualenv.py
[2026-04-25T09:12:25.182+0000] {processor.py:840} INFO - DAG(s) 'tutorial_taskflow_api_virtualenv' retrieved from /usr/local/python/3.12.1/lib/python3.12/site-packages/airflow/example_dags/tutorial_taskflow_api_virtualenv.py
[2026-04-25T09:12:25.263+0000] {logging_mixin.py:188} INFO - [2026-04-25T09:12:25.263+0000] {dag.py:3096} INFO - Sync 1 DAGs
[2026-04-25T09:12:25.271+0000] {logging_mixin.py:188} INFO - [2026-04-25T09:12:25.270+0000] {dag.py:3954} INFO - Setting next_dagrun for tutorial_taskflow_api_virtualenv to None, run_after=None
[2026-04-25T09:12:25.287+0000] {processor.py:183} INFO - Processing /usr/local/python/3.12.1/lib/python3.12/site-packages/airflow/example_dags/tutorial_taskflow_api_virtualenv.py took 0.120 seconds
[2026-04-25T09:12:32.916+0000] {processor.py:161} INFO - Started process (PID=13183) to work on /usr/local/python/3.12.1/lib/python3.12/site-packages/airflow/example_dags/tutorial_taskflow_api_virtualenv.py
[2026-04-25T09:12:32.917+0000] {processor.py:830} INFO - Processing file /usr/local/python/3.12.1/lib/python3.12/site-packages/airflow/example_dags/tutorial_taskflow_api_virtualenv.py for tasks to queue
[2026-04-25T09:12:32.918+0000] {logging_mixin.py:188} INFO - [2026-04-25T09:12:32.918+0000] {dagbag.py:540} INFO - Filling up the DagBag from /usr/local/python/3.12.1/lib/python3.12/site-packages/airflow/example_dags/tutorial_taskflow_api_virtualenv.py
[2026-04-25T09:12:32.932+0000] {processor.py:840} INFO - DAG(s) 'tutorial_taskflow_api_virtualenv' retrieved from /usr/local/python/3.12.1/lib/python3.12/site-packages/airflow/example_dags/tutorial_taskflow_api_virtualenv.py
[2026-04-25T09:12:32.942+0000] {logging_mixin.py:188} INFO - [2026-04-25T09:12:32.941+0000] {dag.py:3096} INFO - Sync 1 DAGs
[2026-04-25T09:12:32.961+0000] {logging_mixin.py:188} INFO - [2026-04-25T09:12:32.960+0000] {dag.py:3954} INFO - Setting next_dagrun for tutorial_taskflow_api_virtualenv to None, run_after=None
[2026-04-25T09:12:32.990+0000] {processor.py:183} INFO - Processing /usr/local/python/3.12.1/lib/python3.12/site-packages/airflow/example_dags/tutorial_taskflow_api_virtualenv.py took 0.081 seconds
[2026-04-25T09:13:05.874+0000] {processor.py:161} INFO - Started process (PID=13556) to work on /usr/local/python/3.12.1/lib/python3.12/site-packages/airflow/example_dags/tutorial_taskflow_api_virtualenv.py
[2026-04-25T09:13:05.875+0000] {processor.py:830} INFO - Processing file /usr/local/python/3.12.1/lib/python3.12/site-packages/airflow/example_dags/tutorial_taskflow_api_virtualenv.py for tasks to queue
[2026-04-25T09:13:05.876+0000] {logging_mixin.py:188} INFO - [2026-04-25T09:13:05.876+0000] {dagbag.py:540} INFO - Filling up the DagBag from /usr/local/python/3.12.1/lib/python3.12/site-packages/airflow/example_dags/tutorial_taskflow_api_virtualenv.py
[2026-04-25T09:13:05.884+0000] {processor.py:840} INFO - DAG(s) 'tutorial_taskflow_api_virtualenv' retrieved from /usr/local/python/3.12.1/lib/python3.12/site-packages/airflow/example_dags/tutorial_taskflow_api_virtualenv.py
[2026-04-25T09:13:05.896+0000] {logging_mixin.py:188} INFO - [2026-04-25T09:13:05.896+0000] {dag.py:3096} INFO - Sync 1 DAGs
[2026-04-25T09:13:05.906+0000] {logging_mixin.py:188} INFO - [2026-04-25T09:13:05.905+0000] {dag.py:3954} INFO - Setting next_dagrun for tutorial_taskflow_api_virtualenv to None, run_after=None
[2026-04-25T09:13:05.923+0000] {processor.py:183} INFO - Processing /usr/local/python/3.12.1/lib/python3.12/site-packages/airflow/example_dags/tutorial_taskflow_api_virtualenv.py took 0.052 seconds
[2026-04-25T09:13:15.181+0000] {processor.py:161} INFO - Started process (PID=13636) to work on /usr/local/python/3.12.1/lib/python3.12/site-packages/airflow/example_dags/tutorial_taskflow_api_virtualenv.py
[2026-04-25T09:13:15.181+0000] {processor.py:830} INFO - Processing file /usr/local/python/3.12.1/lib/python3.12/site-packages/airflow/example_dags/tutorial_taskflow_api_virtualenv.py for tasks to queue
[2026-04-25T09:13:15.182+0000] {logging_mixin.py:188} INFO - [2026-04-25T09:13:15.182+0000] {dagbag.py:540} INFO - Filling up the DagBag from /usr/local/python/3.12.1/lib/python3.12/site-packages/airflow/example_dags/tutorial_taskflow_api_virtualenv.py
[2026-04-25T09:13:15.190+0000] {processor.py:840} INFO - DAG(s) 'tutorial_taskflow_api_virtualenv' retrieved from /usr/local/python/3.12.1/lib/python3.12/site-packages/airflow/example_dags/tutorial_taskflow_api_virtualenv.py
[2026-04-25T09:13:15.269+0000] {logging_mixin.py:188} INFO - [2026-04-25T09:13:15.269+0000] {dag.py:3096} INFO - Sync 1 DAGs
[2026-04-25T09:13:15.276+0000] {logging_mixin.py:188} INFO - [2026-04-25T09:13:15.276+0000] {dag.py:3954} INFO - Setting next_dagrun for tutorial_taskflow_api_virtualenv to None, run_after=None
[2026-04-25T09:13:15.292+0000] {processor.py:183} INFO - Processing /usr/local/python/3.12.1/lib/python3.12/site-packages/airflow/example_dags/tutorial_taskflow_api_virtualenv.py took 0.115 seconds
[2026-04-25T09:13:50.758+0000] {processor.py:161} INFO - Started process (PID=14367) to work on /usr/local/python/3.12.1/lib/python3.12/site-packages/airflow/example_dags/tutorial_taskflow_api_virtualenv.py
[2026-04-25T09:13:50.758+0000] {processor.py:830} INFO - Processing file /usr/local/python/3.12.1/lib/python3.12/site-packages/airflow/example_dags/tutorial_taskflow_api_virtualenv.py for tasks to queue
[2026-04-25T09:13:50.759+0000] {logging_mixin.py:188} INFO - [2026-04-25T09:13:50.759+0000] {dagbag.py:540} INFO - Filling up the DagBag from /usr/local/python/3.12.1/lib/python3.12/site-packages/airflow/example_dags/tutorial_taskflow_api_virtualenv.py
[2026-04-25T09:13:50.769+0000] {processor.py:840} INFO - DAG(s) 'tutorial_taskflow_api_virtualenv' retrieved from /usr/local/python/3.12.1/lib/python3.12/site-packages/airflow/example_dags/tutorial_taskflow_api_virtualenv.py
[2026-04-25T09:13:50.860+0000] {logging_mixin.py:188} INFO - [2026-04-25T09:13:50.860+0000] {dag.py:3096} INFO - Sync 1 DAGs
[2026-04-25T09:13:50.871+0000] {logging_mixin.py:188} INFO - [2026-04-25T09:13:50.871+0000] {dag.py:3954} INFO - Setting next_dagrun for tutorial_taskflow_api_virtualenv to None, run_after=None
[2026-04-25T09:13:50.900+0000] {processor.py:183} INFO - Processing /usr/local/python/3.12.1/lib/python3.12/site-packages/airflow/example_dags/tutorial_taskflow_api_virtualenv.py took 0.147 seconds
[2026-04-25T09:14:39.248+0000] {processor.py:161} INFO - Started process (PID=14769) to work on /usr/local/python/3.12.1/lib/python3.12/site-packages/airflow/example_dags/tutorial_taskflow_api_virtualenv.py
[2026-04-25T09:14:39.249+0000] {processor.py:830} INFO - Processing file /usr/local/python/3.12.1/lib/python3.12/site-packages/airflow/example_dags/tutorial_taskflow_api_virtualenv.py for tasks to queue
[2026-04-25T09:14:39.249+0000] {logging_mixin.py:188} INFO - [2026-04-25T09:14:39.249+0000] {dagbag.py:540} INFO - Filling up the DagBag from /usr/local/python/3.12.1/lib/python3.12/site-packages/airflow/example_dags/tutorial_taskflow_api_virtualenv.py
[2026-04-25T09:14:39.258+0000] {processor.py:840} INFO - DAG(s) 'tutorial_taskflow_api_virtualenv' retrieved from /usr/local/python/3.12.1/lib/python3.12/site-packages/airflow/example_dags/tutorial_taskflow_api_virtualenv.py
[2026-04-25T09:14:39.270+0000] {logging_mixin.py:188} INFO - [2026-04-25T09:14:39.270+0000] {dag.py:3096} INFO - Sync 1 DAGs
[2026-04-25T09:14:39.279+0000] {logging_mixin.py:188} INFO - [2026-04-25T09:14:39.279+0000] {dag.py:3954} INFO - Setting next_dagrun for tutorial_taskflow_api_virtualenv to None, run_after=None
[2026-04-25T09:14:39.296+0000] {processor.py:183} INFO - Processing /usr/local/python/3.12.1/lib/python3.12/site-packages/airflow/example_dags/tutorial_taskflow_api_virtualenv.py took 0.052 seconds
[2026-04-25T09:15:15.798+0000] {processor.py:161} INFO - Started process (PID=15054) to work on /usr/local/python/3.12.1/lib/python3.12/site-packages/airflow/example_dags/tutorial_taskflow_api_virtualenv.py
[2026-04-25T09:15:15.798+0000] {processor.py:830} INFO - Processing file /usr/local/python/3.12.1/lib/python3.12/site-packages/airflow/example_dags/tutorial_taskflow_api_virtualenv.py for tasks to queue
[2026-04-25T09:15:15.799+0000] {logging_mixin.py:188} INFO - [2026-04-25T09:15:15.799+0000] {dagbag.py:540} INFO - Filling up the DagBag from /usr/local/python/3.12.1/lib/python3.12/site-packages/airflow/example_dags/tutorial_taskflow_api_virtualenv.py
[2026-04-25T09:15:15.807+0000] {processor.py:840} INFO - DAG(s) 'tutorial_taskflow_api_virtualenv' retrieved from /usr/local/python/3.12.1/lib/python3.12/site-packages/airflow/example_dags/tutorial_taskflow_api_virtualenv.py
[2026-04-25T09:15:15.819+0000] {logging_mixin.py:188} INFO - [2026-04-25T09:15:15.819+0000] {dag.py:3096} INFO - Sync 1 DAGs
[2026-04-25T09:15:15.828+0000] {logging_mixin.py:188} INFO - [2026-04-25T09:15:15.828+0000] {dag.py:3954} INFO - Setting next_dagrun for tutorial_taskflow_api_virtualenv to None, run_after=None
[2026-04-25T09:15:15.845+0000] {processor.py:183} INFO - Processing /usr/local/python/3.12.1/lib/python3.12/site-packages/airflow/example_dags/tutorial_taskflow_api_virtualenv.py took 0.051 seconds
[2026-04-25T09:15:53.917+0000] {processor.py:161} INFO - Started process (PID=15534) to work on /usr/local/python/3.12.1/lib/python3.12/site-packages/airflow/example_dags/tutorial_taskflow_api_virtualenv.py
[2026-04-25T09:15:53.918+0000] {processor.py:830} INFO - Processing file /usr/local/python/3.12.1/lib/python3.12/site-packages/airflow/example_dags/tutorial_taskflow_api_virtualenv.py for tasks to queue
[2026-04-25T09:15:53.919+0000] {logging_mixin.py:188} INFO - [2026-04-25T09:15:53.918+0000] {dagbag.py:540} INFO - Filling up the DagBag from /usr/local/python/3.12.1/lib/python3.12/site-packages/airflow/example_dags/tutorial_taskflow_api_virtualenv.py
[2026-04-25T09:15:53.927+0000] {processor.py:840} INFO - DAG(s) 'tutorial_taskflow_api_virtualenv' retrieved from /usr/local/python/3.12.1/lib/python3.12/site-packages/airflow/example_dags/tutorial_taskflow_api_virtualenv.py
[2026-04-25T09:15:53.938+0000] {logging_mixin.py:188} INFO - [2026-04-25T09:15:53.938+0000] {dag.py:3096} INFO - Sync 1 DAGs
[2026-04-25T09:15:53.947+0000] {logging_mixin.py:188} INFO - [2026-04-25T09:15:53.946+0000] {dag.py:3954} INFO - Setting next_dagrun for tutorial_taskflow_api_virtualenv to None, run_after=None
[2026-04-25T09:15:53.963+0000] {processor.py:183} INFO - Processing /usr/local/python/3.12.1/lib/python3.12/site-packages/airflow/example_dags/tutorial_taskflow_api_virtualenv.py took 0.049 seconds
[2026-04-25T09:16:31.892+0000] {processor.py:161} INFO - Started process (PID=15844) to work on /usr/local/python/3.12.1/lib/python3.12/site-packages/airflow/example_dags/tutorial_taskflow_api_virtualenv.py
[2026-04-25T09:16:31.893+0000] {processor.py:830} INFO - Processing file /usr/local/python/3.12.1/lib/python3.12/site-packages/airflow/example_dags/tutorial_taskflow_api_virtualenv.py for tasks to queue
[2026-04-25T09:16:31.894+0000] {logging_mixin.py:188} INFO - [2026-04-25T09:16:31.894+0000] {dagbag.py:540} INFO - Filling up the DagBag from /usr/local/python/3.12.1/lib/python3.12/site-packages/airflow/example_dags/tutorial_taskflow_api_virtualenv.py
[2026-04-25T09:16:31.902+0000] {processor.py:840} INFO - DAG(s) 'tutorial_taskflow_api_virtualenv' retrieved from /usr/local/python/3.12.1/lib/python3.12/site-packages/airflow/example_dags/tutorial_taskflow_api_virtualenv.py
[2026-04-25T09:16:31.914+0000] {logging_mixin.py:188} INFO - [2026-04-25T09:16:31.914+0000] {dag.py:3096} INFO - Sync 1 DAGs
[2026-04-25T09:16:31.923+0000] {logging_mixin.py:188} INFO - [2026-04-25T09:16:31.923+0000] {dag.py:3954} INFO - Setting next_dagrun for tutorial_taskflow_api_virtualenv to None, run_after=None
[2026-04-25T09:16:31.940+0000] {processor.py:183} INFO - Processing /usr/local/python/3.12.1/lib/python3.12/site-packages/airflow/example_dags/tutorial_taskflow_api_virtualenv.py took 0.051 seconds
[2026-04-25T09:17:15.084+0000] {processor.py:161} INFO - Started process (PID=16257) to work on /usr/local/python/3.12.1/lib/python3.12/site-packages/airflow/example_dags/tutorial_taskflow_api_virtualenv.py
[2026-04-25T09:17:15.085+0000] {processor.py:830} INFO - Processing file /usr/local/python/3.12.1/lib/python3.12/site-packages/airflow/example_dags/tutorial_taskflow_api_virtualenv.py for tasks to queue
[2026-04-25T09:17:15.085+0000] {logging_mixin.py:188} INFO - [2026-04-25T09:17:15.085+0000] {dagbag.py:540} INFO - Filling up the DagBag from /usr/local/python/3.12.1/lib/python3.12/site-packages/airflow/example_dags/tutorial_taskflow_api_virtualenv.py
[2026-04-25T09:17:15.093+0000] {processor.py:840} INFO - DAG(s) 'tutorial_taskflow_api_virtualenv' retrieved from /usr/local/python/3.12.1/lib/python3.12/site-packages/airflow/example_dags/tutorial_taskflow_api_virtualenv.py
[2026-04-25T09:17:15.099+0000] {logging_mixin.py:188} INFO - [2026-04-25T09:17:15.099+0000] {dag.py:3096} INFO - Sync 1 DAGs
[2026-04-25T09:17:15.109+0000] {logging_mixin.py:188} INFO - [2026-04-25T09:17:15.109+0000] {dag.py:3954} INFO - Setting next_dagrun for tutorial_taskflow_api_virtualenv to None, run_after=None
[2026-04-25T09:17:15.126+0000] {processor.py:183} INFO - Processing /usr/local/python/3.12.1/lib/python3.12/site-packages/airflow/example_dags/tutorial_taskflow_api_virtualenv.py took 0.046 seconds
[2026-04-25T09:18:00.720+0000] {processor.py:161} INFO - Started process (PID=16615) to work on /usr/local/python/3.12.1/lib/python3.12/site-packages/airflow/example_dags/tutorial_taskflow_api_virtualenv.py
[2026-04-25T09:18:00.721+0000] {processor.py:830} INFO - Processing file /usr/local/python/3.12.1/lib/python3.12/site-packages/airflow/example_dags/tutorial_taskflow_api_virtualenv.py for tasks to queue
[2026-04-25T09:18:00.722+0000] {logging_mixin.py:188} INFO - [2026-04-25T09:18:00.721+0000] {dagbag.py:540} INFO - Filling up the DagBag from /usr/local/python/3.12.1/lib/python3.12/site-packages/airflow/example_dags/tutorial_taskflow_api_virtualenv.py
[2026-04-25T09:18:00.730+0000] {processor.py:840} INFO - DAG(s) 'tutorial_taskflow_api_virtualenv' retrieved from /usr/local/python/3.12.1/lib/python3.12/site-packages/airflow/example_dags/tutorial_taskflow_api_virtualenv.py
[2026-04-25T09:18:00.807+0000] {logging_mixin.py:188} INFO - [2026-04-25T09:18:00.806+0000] {dag.py:3096} INFO - Sync 1 DAGs
[2026-04-25T09:18:00.814+0000] {logging_mixin.py:188} INFO - [2026-04-25T09:18:00.813+0000] {dag.py:3954} INFO - Setting next_dagrun for tutorial_taskflow_api_virtualenv to None, run_after=None
[2026-04-25T09:18:00.831+0000] {processor.py:183} INFO - Processing /usr/local/python/3.12.1/lib/python3.12/site-packages/airflow/example_dags/tutorial_taskflow_api_virtualenv.py took 0.116 seconds
[2026-04-25T09:18:45.191+0000] {processor.py:161} INFO - Started process (PID=16955) to work on /usr/local/python/3.12.1/lib/python3.12/site-packages/airflow/example_dags/tutorial_taskflow_api_virtualenv.py
[2026-04-25T09:18:45.192+0000] {processor.py:830} INFO - Processing file /usr/local/python/3.12.1/lib/python3.12/site-packages/airflow/example_dags/tutorial_taskflow_api_virtualenv.py for tasks to queue
[2026-04-25T09:18:45.193+0000] {logging_mixin.py:188} INFO - [2026-04-25T09:18:45.192+0000] {dagbag.py:540} INFO - Filling up the DagBag from /usr/local/python/3.12.1/lib/python3.12/site-packages/airflow/example_dags/tutorial_taskflow_api_virtualenv.py
[2026-04-25T09:18:45.201+0000] {processor.py:840} INFO - DAG(s) 'tutorial_taskflow_api_virtualenv' retrieved from /usr/local/python/3.12.1/lib/python3.12/site-packages/airflow/example_dags/tutorial_taskflow_api_virtualenv.py
[2026-04-25T09:18:45.213+0000] {logging_mixin.py:188} INFO - [2026-04-25T09:18:45.213+0000] {dag.py:3096} INFO - Sync 1 DAGs
[2026-04-25T09:18:45.222+0000] {logging_mixin.py:188} INFO - [2026-04-25T09:18:45.222+0000] {dag.py:3954} INFO - Setting next_dagrun for tutorial_taskflow_api_virtualenv to None, run_after=None
[2026-04-25T09:18:45.239+0000] {processor.py:183} INFO - Processing /usr/local/python/3.12.1/lib/python3.12/site-packages/airflow/example_dags/tutorial_taskflow_api_virtualenv.py took 0.051 seconds
[2026-04-25T09:19:21.852+0000] {processor.py:161} INFO - Started process (PID=17250) to work on /usr/local/python/3.12.1/lib/python3.12/site-packages/airflow/example_dags/tutorial_taskflow_api_virtualenv.py
[2026-04-25T09:19:21.853+0000] {processor.py:830} INFO - Processing file /usr/local/python/3.12.1/lib/python3.12/site-packages/airflow/example_dags/tutorial_taskflow_api_virtualenv.py for tasks to queue
[2026-04-25T09:19:21.854+0000] {logging_mixin.py:188} INFO - [2026-04-25T09:19:21.854+0000] {dagbag.py:540} INFO - Filling up the DagBag from /usr/local/python/3.12.1/lib/python3.12/site-packages/airflow/example_dags/tutorial_taskflow_api_virtualenv.py
[2026-04-25T09:19:21.862+0000] {processor.py:840} INFO - DAG(s) 'tutorial_taskflow_api_virtualenv' retrieved from /usr/local/python/3.12.1/lib/python3.12/site-packages/airflow/example_dags/tutorial_taskflow_api_virtualenv.py
[2026-04-25T09:19:21.874+0000] {logging_mixin.py:188} INFO - [2026-04-25T09:19:21.874+0000] {dag.py:3096} INFO - Sync 1 DAGs
[2026-04-25T09:19:21.883+0000] {logging_mixin.py:188} INFO - [2026-04-25T09:19:21.883+0000] {dag.py:3954} INFO - Setting next_dagrun for tutorial_taskflow_api_virtualenv to None, run_after=None
[2026-04-25T09:19:21.901+0000] {processor.py:183} INFO - Processing /usr/local/python/3.12.1/lib/python3.12/site-packages/airflow/example_dags/tutorial_taskflow_api_virtualenv.py took 0.053 seconds
[2026-04-25T09:19:59.595+0000] {processor.py:161} INFO - Started process (PID=17543) to work on /usr/local/python/3.12.1/lib/python3.12/site-packages/airflow/example_dags/tutorial_taskflow_api_virtualenv.py
[2026-04-25T09:19:59.596+0000] {processor.py:830} INFO - Processing file /usr/local/python/3.12.1/lib/python3.12/site-packages/airflow/example_dags/tutorial_taskflow_api_virtualenv.py for tasks to queue
[2026-04-25T09:19:59.597+0000] {logging_mixin.py:188} INFO - [2026-04-25T09:19:59.596+0000] {dagbag.py:540} INFO - Filling up the DagBag from /usr/local/python/3.12.1/lib/python3.12/site-packages/airflow/example_dags/tutorial_taskflow_api_virtualenv.py
[2026-04-25T09:19:59.605+0000] {processor.py:840} INFO - DAG(s) 'tutorial_taskflow_api_virtualenv' retrieved from /usr/local/python/3.12.1/lib/python3.12/site-packages/airflow/example_dags/tutorial_taskflow_api_virtualenv.py
[2026-04-25T09:19:59.616+0000] {logging_mixin.py:188} INFO - [2026-04-25T09:19:59.616+0000] {dag.py:3096} INFO - Sync 1 DAGs
[2026-04-25T09:19:59.625+0000] {logging_mixin.py:188} INFO - [2026-04-25T09:19:59.625+0000] {dag.py:3954} INFO - Setting next_dagrun for tutorial_taskflow_api_virtualenv to None, run_after=None
[2026-04-25T09:19:59.641+0000] {processor.py:183} INFO - Processing /usr/local/python/3.12.1/lib/python3.12/site-packages/airflow/example_dags/tutorial_taskflow_api_virtualenv.py took 0.050 seconds
[2026-04-25T09:20:37.719+0000] {processor.py:161} INFO - Started process (PID=17829) to work on /usr/local/python/3.12.1/lib/python3.12/site-packages/airflow/example_dags/tutorial_taskflow_api_virtualenv.py
[2026-04-25T09:20:37.720+0000] {processor.py:830} INFO - Processing file /usr/local/python/3.12.1/lib/python3.12/site-packages/airflow/example_dags/tutorial_taskflow_api_virtualenv.py for tasks to queue
[2026-04-25T09:20:37.721+0000] {logging_mixin.py:188} INFO - [2026-04-25T09:20:37.720+0000] {dagbag.py:540} INFO - Filling up the DagBag from /usr/local/python/3.12.1/lib/python3.12/site-packages/airflow/example_dags/tutorial_taskflow_api_virtualenv.py
[2026-04-25T09:20:37.729+0000] {processor.py:840} INFO - DAG(s) 'tutorial_taskflow_api_virtualenv' retrieved from /usr/local/python/3.12.1/lib/python3.12/site-packages/airflow/example_dags/tutorial_taskflow_api_virtualenv.py
[2026-04-25T09:20:37.741+0000] {logging_mixin.py:188} INFO - [2026-04-25T09:20:37.740+0000] {dag.py:3096} INFO - Sync 1 DAGs
[2026-04-25T09:20:37.749+0000] {logging_mixin.py:188} INFO - [2026-04-25T09:20:37.749+0000] {dag.py:3954} INFO - Setting next_dagrun for tutorial_taskflow_api_virtualenv to None, run_after=None
[2026-04-25T09:20:37.766+0000] {processor.py:183} INFO - Processing /usr/local/python/3.12.1/lib/python3.12/site-packages/airflow/example_dags/tutorial_taskflow_api_virtualenv.py took 0.051 seconds
[2026-04-25T09:21:27.069+0000] {processor.py:161} INFO - Started process (PID=18205) to work on /usr/local/python/3.12.1/lib/python3.12/site-packages/airflow/example_dags/tutorial_taskflow_api_virtualenv.py
[2026-04-25T09:21:27.069+0000] {processor.py:830} INFO - Processing file /usr/local/python/3.12.1/lib/python3.12/site-packages/airflow/example_dags/tutorial_taskflow_api_virtualenv.py for tasks to queue
[2026-04-25T09:21:27.070+0000] {logging_mixin.py:188} INFO - [2026-04-25T09:21:27.070+0000] {dagbag.py:540} INFO - Filling up the DagBag from /usr/local/python/3.12.1/lib/python3.12/site-packages/airflow/example_dags/tutorial_taskflow_api_virtualenv.py
[2026-04-25T09:21:27.079+0000] {processor.py:840} INFO - DAG(s) 'tutorial_taskflow_api_virtualenv' retrieved from /usr/local/python/3.12.1/lib/python3.12/site-packages/airflow/example_dags/tutorial_taskflow_api_virtualenv.py
[2026-04-25T09:21:27.091+0000] {logging_mixin.py:188} INFO - [2026-04-25T09:21:27.091+0000] {dag.py:3096} INFO - Sync 1 DAGs
[2026-04-25T09:21:27.106+0000] {logging_mixin.py:188} INFO - [2026-04-25T09:21:27.106+0000] {dag.py:3954} INFO - Setting next_dagrun for tutorial_taskflow_api_virtualenv to None, run_after=None
[2026-04-25T09:21:27.126+0000] {processor.py:183} INFO - Processing /usr/local/python/3.12.1/lib/python3.12/site-packages/airflow/example_dags/tutorial_taskflow_api_virtualenv.py took 0.061 seconds
[2026-04-25T09:22:07.880+0000] {processor.py:161} INFO - Started process (PID=18518) to work on /usr/local/python/3.12.1/lib/python3.12/site-packages/airflow/example_dags/tutorial_taskflow_api_virtualenv.py
[2026-04-25T09:22:07.881+0000] {processor.py:830} INFO - Processing file /usr/local/python/3.12.1/lib/python3.12/site-packages/airflow/example_dags/tutorial_taskflow_api_virtualenv.py for tasks to queue
[2026-04-25T09:22:07.882+0000] {logging_mixin.py:188} INFO - [2026-04-25T09:22:07.881+0000] {dagbag.py:540} INFO - Filling up the DagBag from /usr/local/python/3.12.1/lib/python3.12/site-packages/airflow/example_dags/tutorial_taskflow_api_virtualenv.py
[2026-04-25T09:22:07.890+0000] {processor.py:840} INFO - DAG(s) 'tutorial_taskflow_api_virtualenv' retrieved from /usr/local/python/3.12.1/lib/python3.12/site-packages/airflow/example_dags/tutorial_taskflow_api_virtualenv.py
[2026-04-25T09:22:07.902+0000] {logging_mixin.py:188} INFO - [2026-04-25T09:22:07.902+0000] {dag.py:3096} INFO - Sync 1 DAGs
[2026-04-25T09:22:07.911+0000] {logging_mixin.py:188} INFO - [2026-04-25T09:22:07.910+0000] {dag.py:3954} INFO - Setting next_dagrun for tutorial_taskflow_api_virtualenv to None, run_after=None
[2026-04-25T09:22:07.927+0000] {processor.py:183} INFO - Processing /usr/local/python/3.12.1/lib/python3.12/site-packages/airflow/example_dags/tutorial_taskflow_api_virtualenv.py took 0.051 seconds
[2026-04-25T09:22:47.988+0000] {processor.py:161} INFO - Started process (PID=18840) to work on /usr/local/python/3.12.1/lib/python3.12/site-packages/airflow/example_dags/tutorial_taskflow_api_virtualenv.py
[2026-04-25T09:22:47.989+0000] {processor.py:830} INFO - Processing file /usr/local/python/3.12.1/lib/python3.12/site-packages/airflow/example_dags/tutorial_taskflow_api_virtualenv.py for tasks to queue
[2026-04-25T09:22:47.990+0000] {logging_mixin.py:188} INFO - [2026-04-25T09:22:47.990+0000] {dagbag.py:540} INFO - Filling up the DagBag from /usr/local/python/3.12.1/lib/python3.12/site-packages/airflow/example_dags/tutorial_taskflow_api_virtualenv.py
[2026-04-25T09:22:47.998+0000] {processor.py:840} INFO - DAG(s) 'tutorial_taskflow_api_virtualenv' retrieved from /usr/local/python/3.12.1/lib/python3.12/site-packages/airflow/example_dags/tutorial_taskflow_api_virtualenv.py
[2026-04-25T09:22:48.010+0000] {logging_mixin.py:188} INFO - [2026-04-25T09:22:48.010+0000] {dag.py:3096} INFO - Sync 1 DAGs
[2026-04-25T09:22:48.019+0000] {logging_mixin.py:188} INFO - [2026-04-25T09:22:48.018+0000] {dag.py:3954} INFO - Setting next_dagrun for tutorial_taskflow_api_virtualenv to None, run_after=None
[2026-04-25T09:22:48.035+0000] {processor.py:183} INFO - Processing /usr/local/python/3.12.1/lib/python3.12/site-packages/airflow/example_dags/tutorial_taskflow_api_virtualenv.py took 0.051 seconds
[2026-04-25T09:23:24.860+0000] {processor.py:161} INFO - Started process (PID=19122) to work on /usr/local/python/3.12.1/lib/python3.12/site-packages/airflow/example_dags/tutorial_taskflow_api_virtualenv.py
[2026-04-25T09:23:24.861+0000] {processor.py:830} INFO - Processing file /usr/local/python/3.12.1/lib/python3.12/site-packages/airflow/example_dags/tutorial_taskflow_api_virtualenv.py for tasks to queue
[2026-04-25T09:23:24.862+0000] {logging_mixin.py:188} INFO - [2026-04-25T09:23:24.861+0000] {dagbag.py:540} INFO - Filling up the DagBag from /usr/local/python/3.12.1/lib/python3.12/site-packages/airflow/example_dags/tutorial_taskflow_api_virtualenv.py
[2026-04-25T09:23:24.870+0000] {processor.py:840} INFO - DAG(s) 'tutorial_taskflow_api_virtualenv' retrieved from /usr/local/python/3.12.1/lib/python3.12/site-packages/airflow/example_dags/tutorial_taskflow_api_virtualenv.py
[2026-04-25T09:23:24.883+0000] {logging_mixin.py:188} INFO - [2026-04-25T09:23:24.882+0000] {dag.py:3096} INFO - Sync 1 DAGs
[2026-04-25T09:23:24.892+0000] {logging_mixin.py:188} INFO - [2026-04-25T09:23:24.892+0000] {dag.py:3954} INFO - Setting next_dagrun for tutorial_taskflow_api_virtualenv to None, run_after=None
[2026-04-25T09:23:24.916+0000] {processor.py:183} INFO - Processing /usr/local/python/3.12.1/lib/python3.12/site-packages/airflow/example_dags/tutorial_taskflow_api_virtualenv.py took 0.060 seconds
[2026-04-25T09:24:01.999+0000] {processor.py:161} INFO - Started process (PID=19402) to work on /usr/local/python/3.12.1/lib/python3.12/site-packages/airflow/example_dags/tutorial_taskflow_api_virtualenv.py
[2026-04-25T09:24:02.000+0000] {processor.py:830} INFO - Processing file /usr/local/python/3.12.1/lib/python3.12/site-packages/airflow/example_dags/tutorial_taskflow_api_virtualenv.py for tasks to queue
[2026-04-25T09:24:02.001+0000] {logging_mixin.py:188} INFO - [2026-04-25T09:24:02.000+0000] {dagbag.py:540} INFO - Filling up the DagBag from /usr/local/python/3.12.1/lib/python3.12/site-packages/airflow/example_dags/tutorial_taskflow_api_virtualenv.py
[2026-04-25T09:24:02.009+0000] {processor.py:840} INFO - DAG(s) 'tutorial_taskflow_api_virtualenv' retrieved from /usr/local/python/3.12.1/lib/python3.12/site-packages/airflow/example_dags/tutorial_taskflow_api_virtualenv.py
[2026-04-25T09:24:02.020+0000] {logging_mixin.py:188} INFO - [2026-04-25T09:24:02.020+0000] {dag.py:3096} INFO - Sync 1 DAGs
[2026-04-25T09:24:02.029+0000] {logging_mixin.py:188} INFO - [2026-04-25T09:24:02.029+0000] {dag.py:3954} INFO - Setting next_dagrun for tutorial_taskflow_api_virtualenv to None, run_after=None
[2026-04-25T09:24:02.046+0000] {processor.py:183} INFO - Processing /usr/local/python/3.12.1/lib/python3.12/site-packages/airflow/example_dags/tutorial_taskflow_api_virtualenv.py took 0.050 seconds
[2026-04-25T09:24:43.680+0000] {processor.py:161} INFO - Started process (PID=19748) to work on /usr/local/python/3.12.1/lib/python3.12/site-packages/airflow/example_dags/tutorial_taskflow_api_virtualenv.py
[2026-04-25T09:24:43.680+0000] {processor.py:830} INFO - Processing file /usr/local/python/3.12.1/lib/python3.12/site-packages/airflow/example_dags/tutorial_taskflow_api_virtualenv.py for tasks to queue
[2026-04-25T09:24:43.681+0000] {logging_mixin.py:188} INFO - [2026-04-25T09:24:43.681+0000] {dagbag.py:540} INFO - Filling up the DagBag from /usr/local/python/3.12.1/lib/python3.12/site-packages/airflow/example_dags/tutorial_taskflow_api_virtualenv.py
[2026-04-25T09:24:43.689+0000] {processor.py:840} INFO - DAG(s) 'tutorial_taskflow_api_virtualenv' retrieved from /usr/local/python/3.12.1/lib/python3.12/site-packages/airflow/example_dags/tutorial_taskflow_api_virtualenv.py
[2026-04-25T09:24:43.701+0000] {logging_mixin.py:188} INFO - [2026-04-25T09:24:43.701+0000] {dag.py:3096} INFO - Sync 1 DAGs
[2026-04-25T09:24:43.709+0000] {logging_mixin.py:188} INFO - [2026-04-25T09:24:43.709+0000] {dag.py:3954} INFO - Setting next_dagrun for tutorial_taskflow_api_virtualenv to None, run_after=None
[2026-04-25T09:24:43.726+0000] {processor.py:183} INFO - Processing /usr/local/python/3.12.1/lib/python3.12/site-packages/airflow/example_dags/tutorial_taskflow_api_virtualenv.py took 0.051 seconds
[2026-04-25T09:25:23.052+0000] {processor.py:161} INFO - Started process (PID=20036) to work on /usr/local/python/3.12.1/lib/python3.12/site-packages/airflow/example_dags/tutorial_taskflow_api_virtualenv.py
[2026-04-25T09:25:23.053+0000] {processor.py:830} INFO - Processing file /usr/local/python/3.12.1/lib/python3.12/site-packages/airflow/example_dags/tutorial_taskflow_api_virtualenv.py for tasks to queue
[2026-04-25T09:25:23.054+0000] {logging_mixin.py:188} INFO - [2026-04-25T09:25:23.053+0000] {dagbag.py:540} INFO - Filling up the DagBag from /usr/local/python/3.12.1/lib/python3.12/site-packages/airflow/example_dags/tutorial_taskflow_api_virtualenv.py
[2026-04-25T09:25:23.062+0000] {processor.py:840} INFO - DAG(s) 'tutorial_taskflow_api_virtualenv' retrieved from /usr/local/python/3.12.1/lib/python3.12/site-packages/airflow/example_dags/tutorial_taskflow_api_virtualenv.py
[2026-04-25T09:25:23.074+0000] {logging_mixin.py:188} INFO - [2026-04-25T09:25:23.074+0000] {dag.py:3096} INFO - Sync 1 DAGs
[2026-04-25T09:25:23.083+0000] {logging_mixin.py:188} INFO - [2026-04-25T09:25:23.083+0000] {dag.py:3954} INFO - Setting next_dagrun for tutorial_taskflow_api_virtualenv to None, run_after=None
[2026-04-25T09:25:23.100+0000] {processor.py:183} INFO - Processing /usr/local/python/3.12.1/lib/python3.12/site-packages/airflow/example_dags/tutorial_taskflow_api_virtualenv.py took 0.052 seconds
[2026-04-25T09:25:59.331+0000] {processor.py:161} INFO - Started process (PID=20324) to work on /usr/local/python/3.12.1/lib/python3.12/site-packages/airflow/example_dags/tutorial_taskflow_api_virtualenv.py
[2026-04-25T09:25:59.331+0000] {processor.py:830} INFO - Processing file /usr/local/python/3.12.1/lib/python3.12/site-packages/airflow/example_dags/tutorial_taskflow_api_virtualenv.py for tasks to queue
[2026-04-25T09:25:59.332+0000] {logging_mixin.py:188} INFO - [2026-04-25T09:25:59.332+0000] {dagbag.py:540} INFO - Filling up the DagBag from /usr/local/python/3.12.1/lib/python3.12/site-packages/airflow/example_dags/tutorial_taskflow_api_virtualenv.py
[2026-04-25T09:25:59.340+0000] {processor.py:840} INFO - DAG(s) 'tutorial_taskflow_api_virtualenv' retrieved from /usr/local/python/3.12.1/lib/python3.12/site-packages/airflow/example_dags/tutorial_taskflow_api_virtualenv.py
[2026-04-25T09:25:59.352+0000] {logging_mixin.py:188} INFO - [2026-04-25T09:25:59.352+0000] {dag.py:3096} INFO - Sync 1 DAGs
[2026-04-25T09:25:59.361+0000] {logging_mixin.py:188} INFO - [2026-04-25T09:25:59.361+0000] {dag.py:3954} INFO - Setting next_dagrun for tutorial_taskflow_api_virtualenv to None, run_after=None
[2026-04-25T09:25:59.377+0000] {processor.py:183} INFO - Processing /usr/local/python/3.12.1/lib/python3.12/site-packages/airflow/example_dags/tutorial_taskflow_api_virtualenv.py took 0.050 seconds
[2026-04-25T09:26:41.485+0000] {processor.py:161} INFO - Started process (PID=20646) to work on /usr/local/python/3.12.1/lib/python3.12/site-packages/airflow/example_dags/tutorial_taskflow_api_virtualenv.py
[2026-04-25T09:26:41.486+0000] {processor.py:830} INFO - Processing file /usr/local/python/3.12.1/lib/python3.12/site-packages/airflow/example_dags/tutorial_taskflow_api_virtualenv.py for tasks to queue
[2026-04-25T09:26:41.487+0000] {logging_mixin.py:188} INFO - [2026-04-25T09:26:41.486+0000] {dagbag.py:540} INFO - Filling up the DagBag from /usr/local/python/3.12.1/lib/python3.12/site-packages/airflow/example_dags/tutorial_taskflow_api_virtualenv.py
[2026-04-25T09:26:41.495+0000] {processor.py:840} INFO - DAG(s) 'tutorial_taskflow_api_virtualenv' retrieved from /usr/local/python/3.12.1/lib/python3.12/site-packages/airflow/example_dags/tutorial_taskflow_api_virtualenv.py
[2026-04-25T09:26:41.507+0000] {logging_mixin.py:188} INFO - [2026-04-25T09:26:41.507+0000] {dag.py:3096} INFO - Sync 1 DAGs
[2026-04-25T09:26:41.516+0000] {logging_mixin.py:188} INFO - [2026-04-25T09:26:41.516+0000] {dag.py:3954} INFO - Setting next_dagrun for tutorial_taskflow_api_virtualenv to None, run_after=None
[2026-04-25T09:26:41.532+0000] {processor.py:183} INFO - Processing /usr/local/python/3.12.1/lib/python3.12/site-packages/airflow/example_dags/tutorial_taskflow_api_virtualenv.py took 0.051 seconds
[2026-04-25T09:27:19.757+0000] {processor.py:161} INFO - Started process (PID=20945) to work on /usr/local/python/3.12.1/lib/python3.12/site-packages/airflow/example_dags/tutorial_taskflow_api_virtualenv.py
[2026-04-25T09:27:19.758+0000] {processor.py:830} INFO - Processing file /usr/local/python/3.12.1/lib/python3.12/site-packages/airflow/example_dags/tutorial_taskflow_api_virtualenv.py for tasks to queue
[2026-04-25T09:27:19.759+0000] {logging_mixin.py:188} INFO - [2026-04-25T09:27:19.758+0000] {dagbag.py:540} INFO - Filling up the DagBag from /usr/local/python/3.12.1/lib/python3.12/site-packages/airflow/example_dags/tutorial_taskflow_api_virtualenv.py
[2026-04-25T09:27:19.767+0000] {processor.py:840} INFO - DAG(s) 'tutorial_taskflow_api_virtualenv' retrieved from /usr/local/python/3.12.1/lib/python3.12/site-packages/airflow/example_dags/tutorial_taskflow_api_virtualenv.py
[2026-04-25T09:27:19.779+0000] {logging_mixin.py:188} INFO - [2026-04-25T09:27:19.778+0000] {dag.py:3096} INFO - Sync 1 DAGs
[2026-04-25T09:27:19.792+0000] {logging_mixin.py:188} INFO - [2026-04-25T09:27:19.791+0000] {dag.py:3954} INFO - Setting next_dagrun for tutorial_taskflow_api_virtualenv to None, run_after=None
[2026-04-25T09:27:19.811+0000] {processor.py:183} INFO - Processing /usr/local/python/3.12.1/lib/python3.12/site-packages/airflow/example_dags/tutorial_taskflow_api_virtualenv.py took 0.057 seconds
[2026-04-25T09:28:02.566+0000] {processor.py:161} INFO - Started process (PID=21272) to work on /usr/local/python/3.12.1/lib/python3.12/site-packages/airflow/example_dags/tutorial_taskflow_api_virtualenv.py
[2026-04-25T09:28:02.566+0000] {processor.py:830} INFO - Processing file /usr/local/python/3.12.1/lib/python3.12/site-packages/airflow/example_dags/tutorial_taskflow_api_virtualenv.py for tasks to queue
[2026-04-25T09:28:02.567+0000] {logging_mixin.py:188} INFO - [2026-04-25T09:28:02.567+0000] {dagbag.py:540} INFO - Filling up the DagBag from /usr/local/python/3.12.1/lib/python3.12/site-packages/airflow/example_dags/tutorial_taskflow_api_virtualenv.py
[2026-04-25T09:28:02.575+0000] {processor.py:840} INFO - DAG(s) 'tutorial_taskflow_api_virtualenv' retrieved from /usr/local/python/3.12.1/lib/python3.12/site-packages/airflow/example_dags/tutorial_taskflow_api_virtualenv.py
[2026-04-25T09:28:02.588+0000] {logging_mixin.py:188} INFO - [2026-04-25T09:28:02.587+0000] {dag.py:3096} INFO - Sync 1 DAGs
[2026-04-25T09:28:02.597+0000] {logging_mixin.py:188} INFO - [2026-04-25T09:28:02.596+0000] {dag.py:3954} INFO - Setting next_dagrun for tutorial_taskflow_api_virtualenv to None, run_after=None
[2026-04-25T09:28:02.613+0000] {processor.py:183} INFO - Processing /usr/local/python/3.12.1/lib/python3.12/site-packages/airflow/example_dags/tutorial_taskflow_api_virtualenv.py took 0.052 seconds
[2026-04-25T09:28:44.877+0000] {processor.py:161} INFO - Started process (PID=21594) to work on /usr/local/python/3.12.1/lib/python3.12/site-packages/airflow/example_dags/tutorial_taskflow_api_virtualenv.py
[2026-04-25T09:28:44.878+0000] {processor.py:830} INFO - Processing file /usr/local/python/3.12.1/lib/python3.12/site-packages/airflow/example_dags/tutorial_taskflow_api_virtualenv.py for tasks to queue
[2026-04-25T09:28:44.879+0000] {logging_mixin.py:188} INFO - [2026-04-25T09:28:44.879+0000] {dagbag.py:540} INFO - Filling up the DagBag from /usr/local/python/3.12.1/lib/python3.12/site-packages/airflow/example_dags/tutorial_taskflow_api_virtualenv.py
[2026-04-25T09:28:44.887+0000] {processor.py:840} INFO - DAG(s) 'tutorial_taskflow_api_virtualenv' retrieved from /usr/local/python/3.12.1/lib/python3.12/site-packages/airflow/example_dags/tutorial_taskflow_api_virtualenv.py
[2026-04-25T09:28:44.900+0000] {logging_mixin.py:188} INFO - [2026-04-25T09:28:44.899+0000] {dag.py:3096} INFO - Sync 1 DAGs
[2026-04-25T09:28:44.908+0000] {logging_mixin.py:188} INFO - [2026-04-25T09:28:44.908+0000] {dag.py:3954} INFO - Setting next_dagrun for tutorial_taskflow_api_virtualenv to None, run_after=None
[2026-04-25T09:28:44.924+0000] {processor.py:183} INFO - Processing /usr/local/python/3.12.1/lib/python3.12/site-packages/airflow/example_dags/tutorial_taskflow_api_virtualenv.py took 0.051 seconds
[2026-04-25T09:29:24.713+0000] {processor.py:161} INFO - Started process (PID=21903) to work on /usr/local/python/3.12.1/lib/python3.12/site-packages/airflow/example_dags/tutorial_taskflow_api_virtualenv.py
[2026-04-25T09:29:24.714+0000] {processor.py:830} INFO - Processing file /usr/local/python/3.12.1/lib/python3.12/site-packages/airflow/example_dags/tutorial_taskflow_api_virtualenv.py for tasks to queue
[2026-04-25T09:29:24.714+0000] {logging_mixin.py:188} INFO - [2026-04-25T09:29:24.714+0000] {dagbag.py:540} INFO - Filling up the DagBag from /usr/local/python/3.12.1/lib/python3.12/site-packages/airflow/example_dags/tutorial_taskflow_api_virtualenv.py
[2026-04-25T09:29:24.723+0000] {processor.py:840} INFO - DAG(s) 'tutorial_taskflow_api_virtualenv' retrieved from /usr/local/python/3.12.1/lib/python3.12/site-packages/airflow/example_dags/tutorial_taskflow_api_virtualenv.py
[2026-04-25T09:29:24.736+0000] {logging_mixin.py:188} INFO - [2026-04-25T09:29:24.735+0000] {dag.py:3096} INFO - Sync 1 DAGs
[2026-04-25T09:29:24.744+0000] {logging_mixin.py:188} INFO - [2026-04-25T09:29:24.744+0000] {dag.py:3954} INFO - Setting next_dagrun for tutorial_taskflow_api_virtualenv to None, run_after=None
[2026-04-25T09:29:24.760+0000] {processor.py:183} INFO - Processing /usr/local/python/3.12.1/lib/python3.12/site-packages/airflow/example_dags/tutorial_taskflow_api_virtualenv.py took 0.051 seconds
[2026-04-25T09:30:04.293+0000] {processor.py:161} INFO - Started process (PID=22204) to work on /usr/local/python/3.12.1/lib/python3.12/site-packages/airflow/example_dags/tutorial_taskflow_api_virtualenv.py
[2026-04-25T09:30:04.294+0000] {processor.py:830} INFO - Processing file /usr/local/python/3.12.1/lib/python3.12/site-packages/airflow/example_dags/tutorial_taskflow_api_virtualenv.py for tasks to queue
[2026-04-25T09:30:04.294+0000] {logging_mixin.py:188} INFO - [2026-04-25T09:30:04.294+0000] {dagbag.py:540} INFO - Filling up the DagBag from /usr/local/python/3.12.1/lib/python3.12/site-packages/airflow/example_dags/tutorial_taskflow_api_virtualenv.py
[2026-04-25T09:30:04.302+0000] {processor.py:840} INFO - DAG(s) 'tutorial_taskflow_api_virtualenv' retrieved from /usr/local/python/3.12.1/lib/python3.12/site-packages/airflow/example_dags/tutorial_taskflow_api_virtualenv.py
[2026-04-25T09:30:04.314+0000] {logging_mixin.py:188} INFO - [2026-04-25T09:30:04.314+0000] {dag.py:3096} INFO - Sync 1 DAGs
[2026-04-25T09:30:04.324+0000] {logging_mixin.py:188} INFO - [2026-04-25T09:30:04.324+0000] {dag.py:3954} INFO - Setting next_dagrun for tutorial_taskflow_api_virtualenv to None, run_after=None
[2026-04-25T09:30:04.341+0000] {processor.py:183} INFO - Processing /usr/local/python/3.12.1/lib/python3.12/site-packages/airflow/example_dags/tutorial_taskflow_api_virtualenv.py took 0.052 seconds
[2026-04-25T09:30:44.474+0000] {processor.py:161} INFO - Started process (PID=22524) to work on /usr/local/python/3.12.1/lib/python3.12/site-packages/airflow/example_dags/tutorial_taskflow_api_virtualenv.py
[2026-04-25T09:30:44.475+0000] {processor.py:830} INFO - Processing file /usr/local/python/3.12.1/lib/python3.12/site-packages/airflow/example_dags/tutorial_taskflow_api_virtualenv.py for tasks to queue
[2026-04-25T09:30:44.476+0000] {logging_mixin.py:188} INFO - [2026-04-25T09:30:44.476+0000] {dagbag.py:540} INFO - Filling up the DagBag from /usr/local/python/3.12.1/lib/python3.12/site-packages/airflow/example_dags/tutorial_taskflow_api_virtualenv.py
[2026-04-25T09:30:44.484+0000] {processor.py:840} INFO - DAG(s) 'tutorial_taskflow_api_virtualenv' retrieved from /usr/local/python/3.12.1/lib/python3.12/site-packages/airflow/example_dags/tutorial_taskflow_api_virtualenv.py
[2026-04-25T09:30:44.496+0000] {logging_mixin.py:188} INFO - [2026-04-25T09:30:44.496+0000] {dag.py:3096} INFO - Sync 1 DAGs
[2026-04-25T09:30:44.504+0000] {logging_mixin.py:188} INFO - [2026-04-25T09:30:44.504+0000] {dag.py:3954} INFO - Setting next_dagrun for tutorial_taskflow_api_virtualenv to None, run_after=None
[2026-04-25T09:30:44.521+0000] {processor.py:183} INFO - Processing /usr/local/python/3.12.1/lib/python3.12/site-packages/airflow/example_dags/tutorial_taskflow_api_virtualenv.py took 0.051 seconds
[2026-04-25T09:31:30.006+0000] {processor.py:161} INFO - Started process (PID=22866) to work on /usr/local/python/3.12.1/lib/python3.12/site-packages/airflow/example_dags/tutorial_taskflow_api_virtualenv.py
[2026-04-25T09:31:30.007+0000] {processor.py:830} INFO - Processing file /usr/local/python/3.12.1/lib/python3.12/site-packages/airflow/example_dags/tutorial_taskflow_api_virtualenv.py for tasks to queue
[2026-04-25T09:31:30.008+0000] {logging_mixin.py:188} INFO - [2026-04-25T09:31:30.007+0000] {dagbag.py:540} INFO - Filling up the DagBag from /usr/local/python/3.12.1/lib/python3.12/site-packages/airflow/example_dags/tutorial_taskflow_api_virtualenv.py
[2026-04-25T09:31:30.016+0000] {processor.py:840} INFO - DAG(s) 'tutorial_taskflow_api_virtualenv' retrieved from /usr/local/python/3.12.1/lib/python3.12/site-packages/airflow/example_dags/tutorial_taskflow_api_virtualenv.py
[2026-04-25T09:31:30.027+0000] {logging_mixin.py:188} INFO - [2026-04-25T09:31:30.027+0000] {dag.py:3096} INFO - Sync 1 DAGs
[2026-04-25T09:31:30.036+0000] {logging_mixin.py:188} INFO - [2026-04-25T09:31:30.036+0000] {dag.py:3954} INFO - Setting next_dagrun for tutorial_taskflow_api_virtualenv to None, run_after=None
[2026-04-25T09:31:30.055+0000] {processor.py:183} INFO - Processing /usr/local/python/3.12.1/lib/python3.12/site-packages/airflow/example_dags/tutorial_taskflow_api_virtualenv.py took 0.053 seconds
[2026-04-25T09:32:10.373+0000] {processor.py:161} INFO - Started process (PID=23174) to work on /usr/local/python/3.12.1/lib/python3.12/site-packages/airflow/example_dags/tutorial_taskflow_api_virtualenv.py
[2026-04-25T09:32:10.374+0000] {processor.py:830} INFO - Processing file /usr/local/python/3.12.1/lib/python3.12/site-packages/airflow/example_dags/tutorial_taskflow_api_virtualenv.py for tasks to queue
[2026-04-25T09:32:10.375+0000] {logging_mixin.py:188} INFO - [2026-04-25T09:32:10.374+0000] {dagbag.py:540} INFO - Filling up the DagBag from /usr/local/python/3.12.1/lib/python3.12/site-packages/airflow/example_dags/tutorial_taskflow_api_virtualenv.py
[2026-04-25T09:32:10.383+0000] {processor.py:840} INFO - DAG(s) 'tutorial_taskflow_api_virtualenv' retrieved from /usr/local/python/3.12.1/lib/python3.12/site-packages/airflow/example_dags/tutorial_taskflow_api_virtualenv.py
[2026-04-25T09:32:10.544+0000] {logging_mixin.py:188} INFO - [2026-04-25T09:32:10.544+0000] {dag.py:3096} INFO - Sync 1 DAGs
[2026-04-25T09:32:10.557+0000] {logging_mixin.py:188} INFO - [2026-04-25T09:32:10.556+0000] {dag.py:3954} INFO - Setting next_dagrun for tutorial_taskflow_api_virtualenv to None, run_after=None
[2026-04-25T09:32:10.573+0000] {processor.py:183} INFO - Processing /usr/local/python/3.12.1/lib/python3.12/site-packages/airflow/example_dags/tutorial_taskflow_api_virtualenv.py took 0.205 seconds
[2026-04-25T09:32:57.014+0000] {processor.py:161} INFO - Started process (PID=23538) to work on /usr/local/python/3.12.1/lib/python3.12/site-packages/airflow/example_dags/tutorial_taskflow_api_virtualenv.py
[2026-04-25T09:32:57.015+0000] {processor.py:830} INFO - Processing file /usr/local/python/3.12.1/lib/python3.12/site-packages/airflow/example_dags/tutorial_taskflow_api_virtualenv.py for tasks to queue
[2026-04-25T09:32:57.016+0000] {logging_mixin.py:188} INFO - [2026-04-25T09:32:57.015+0000] {dagbag.py:540} INFO - Filling up the DagBag from /usr/local/python/3.12.1/lib/python3.12/site-packages/airflow/example_dags/tutorial_taskflow_api_virtualenv.py
[2026-04-25T09:32:57.024+0000] {processor.py:840} INFO - DAG(s) 'tutorial_taskflow_api_virtualenv' retrieved from /usr/local/python/3.12.1/lib/python3.12/site-packages/airflow/example_dags/tutorial_taskflow_api_virtualenv.py
[2026-04-25T09:32:57.036+0000] {logging_mixin.py:188} INFO - [2026-04-25T09:32:57.036+0000] {dag.py:3096} INFO - Sync 1 DAGs
[2026-04-25T09:32:57.045+0000] {logging_mixin.py:188} INFO - [2026-04-25T09:32:57.045+0000] {dag.py:3954} INFO - Setting next_dagrun for tutorial_taskflow_api_virtualenv to None, run_after=None
[2026-04-25T09:32:57.062+0000] {processor.py:183} INFO - Processing /usr/local/python/3.12.1/lib/python3.12/site-packages/airflow/example_dags/tutorial_taskflow_api_virtualenv.py took 0.052 seconds
[2026-04-25T09:33:43.310+0000] {processor.py:161} INFO - Started process (PID=23895) to work on /usr/local/python/3.12.1/lib/python3.12/site-packages/airflow/example_dags/tutorial_taskflow_api_virtualenv.py
[2026-04-25T09:33:43.310+0000] {processor.py:830} INFO - Processing file /usr/local/python/3.12.1/lib/python3.12/site-packages/airflow/example_dags/tutorial_taskflow_api_virtualenv.py for tasks to queue
[2026-04-25T09:33:43.311+0000] {logging_mixin.py:188} INFO - [2026-04-25T09:33:43.311+0000] {dagbag.py:540} INFO - Filling up the DagBag from /usr/local/python/3.12.1/lib/python3.12/site-packages/airflow/example_dags/tutorial_taskflow_api_virtualenv.py
[2026-04-25T09:33:43.319+0000] {processor.py:840} INFO - DAG(s) 'tutorial_taskflow_api_virtualenv' retrieved from /usr/local/python/3.12.1/lib/python3.12/site-packages/airflow/example_dags/tutorial_taskflow_api_virtualenv.py
[2026-04-25T09:33:43.331+0000] {logging_mixin.py:188} INFO - [2026-04-25T09:33:43.331+0000] {dag.py:3096} INFO - Sync 1 DAGs
[2026-04-25T09:33:43.344+0000] {logging_mixin.py:188} INFO - [2026-04-25T09:33:43.344+0000] {dag.py:3954} INFO - Setting next_dagrun for tutorial_taskflow_api_virtualenv to None, run_after=None
[2026-04-25T09:33:43.372+0000] {processor.py:183} INFO - Processing /usr/local/python/3.12.1/lib/python3.12/site-packages/airflow/example_dags/tutorial_taskflow_api_virtualenv.py took 0.066 seconds
[2026-04-25T09:34:25.400+0000] {processor.py:161} INFO - Started process (PID=24221) to work on /usr/local/python/3.12.1/lib/python3.12/site-packages/airflow/example_dags/tutorial_taskflow_api_virtualenv.py
[2026-04-25T09:34:25.401+0000] {processor.py:830} INFO - Processing file /usr/local/python/3.12.1/lib/python3.12/site-packages/airflow/example_dags/tutorial_taskflow_api_virtualenv.py for tasks to queue
[2026-04-25T09:34:25.402+0000] {logging_mixin.py:188} INFO - [2026-04-25T09:34:25.401+0000] {dagbag.py:540} INFO - Filling up the DagBag from /usr/local/python/3.12.1/lib/python3.12/site-packages/airflow/example_dags/tutorial_taskflow_api_virtualenv.py
[2026-04-25T09:34:25.411+0000] {processor.py:840} INFO - DAG(s) 'tutorial_taskflow_api_virtualenv' retrieved from /usr/local/python/3.12.1/lib/python3.12/site-packages/airflow/example_dags/tutorial_taskflow_api_virtualenv.py
[2026-04-25T09:34:25.424+0000] {logging_mixin.py:188} INFO - [2026-04-25T09:34:25.423+0000] {dag.py:3096} INFO - Sync 1 DAGs
[2026-04-25T09:34:25.433+0000] {logging_mixin.py:188} INFO - [2026-04-25T09:34:25.432+0000] {dag.py:3954} INFO - Setting next_dagrun for tutorial_taskflow_api_virtualenv to None, run_after=None
[2026-04-25T09:34:25.449+0000] {processor.py:183} INFO - Processing /usr/local/python/3.12.1/lib/python3.12/site-packages/airflow/example_dags/tutorial_taskflow_api_virtualenv.py took 0.067 seconds
[2026-04-25T09:35:00.936+0000] {processor.py:161} INFO - Started process (PID=24493) to work on /usr/local/python/3.12.1/lib/python3.12/site-packages/airflow/example_dags/tutorial_taskflow_api_virtualenv.py
[2026-04-25T09:35:00.937+0000] {processor.py:830} INFO - Processing file /usr/local/python/3.12.1/lib/python3.12/site-packages/airflow/example_dags/tutorial_taskflow_api_virtualenv.py for tasks to queue
[2026-04-25T09:35:00.937+0000] {logging_mixin.py:188} INFO - [2026-04-25T09:35:00.937+0000] {dagbag.py:540} INFO - Filling up the DagBag from /usr/local/python/3.12.1/lib/python3.12/site-packages/airflow/example_dags/tutorial_taskflow_api_virtualenv.py
[2026-04-25T09:35:00.946+0000] {processor.py:840} INFO - DAG(s) 'tutorial_taskflow_api_virtualenv' retrieved from /usr/local/python/3.12.1/lib/python3.12/site-packages/airflow/example_dags/tutorial_taskflow_api_virtualenv.py
[2026-04-25T09:35:00.958+0000] {logging_mixin.py:188} INFO - [2026-04-25T09:35:00.958+0000] {dag.py:3096} INFO - Sync 1 DAGs
[2026-04-25T09:35:00.967+0000] {logging_mixin.py:188} INFO - [2026-04-25T09:35:00.967+0000] {dag.py:3954} INFO - Setting next_dagrun for tutorial_taskflow_api_virtualenv to None, run_after=None
[2026-04-25T09:35:00.985+0000] {processor.py:183} INFO - Processing /usr/local/python/3.12.1/lib/python3.12/site-packages/airflow/example_dags/tutorial_taskflow_api_virtualenv.py took 0.053 seconds
[2026-04-25T09:35:41.228+0000] {processor.py:161} INFO - Started process (PID=24800) to work on /usr/local/python/3.12.1/lib/python3.12/site-packages/airflow/example_dags/tutorial_taskflow_api_virtualenv.py
[2026-04-25T09:35:41.229+0000] {processor.py:830} INFO - Processing file /usr/local/python/3.12.1/lib/python3.12/site-packages/airflow/example_dags/tutorial_taskflow_api_virtualenv.py for tasks to queue
[2026-04-25T09:35:41.229+0000] {logging_mixin.py:188} INFO - [2026-04-25T09:35:41.229+0000] {dagbag.py:540} INFO - Filling up the DagBag from /usr/local/python/3.12.1/lib/python3.12/site-packages/airflow/example_dags/tutorial_taskflow_api_virtualenv.py
[2026-04-25T09:35:41.238+0000] {processor.py:840} INFO - DAG(s) 'tutorial_taskflow_api_virtualenv' retrieved from /usr/local/python/3.12.1/lib/python3.12/site-packages/airflow/example_dags/tutorial_taskflow_api_virtualenv.py
[2026-04-25T09:35:41.252+0000] {logging_mixin.py:188} INFO - [2026-04-25T09:35:41.252+0000] {dag.py:3096} INFO - Sync 1 DAGs
[2026-04-25T09:35:41.261+0000] {logging_mixin.py:188} INFO - [2026-04-25T09:35:41.261+0000] {dag.py:3954} INFO - Setting next_dagrun for tutorial_taskflow_api_virtualenv to None, run_after=None
[2026-04-25T09:35:41.278+0000] {processor.py:183} INFO - Processing /usr/local/python/3.12.1/lib/python3.12/site-packages/airflow/example_dags/tutorial_taskflow_api_virtualenv.py took 0.054 seconds
[2026-04-25T09:36:18.022+0000] {processor.py:161} INFO - Started process (PID=25093) to work on /usr/local/python/3.12.1/lib/python3.12/site-packages/airflow/example_dags/tutorial_taskflow_api_virtualenv.py
[2026-04-25T09:36:18.023+0000] {processor.py:830} INFO - Processing file /usr/local/python/3.12.1/lib/python3.12/site-packages/airflow/example_dags/tutorial_taskflow_api_virtualenv.py for tasks to queue
[2026-04-25T09:36:18.023+0000] {logging_mixin.py:188} INFO - [2026-04-25T09:36:18.023+0000] {dagbag.py:540} INFO - Filling up the DagBag from /usr/local/python/3.12.1/lib/python3.12/site-packages/airflow/example_dags/tutorial_taskflow_api_virtualenv.py
[2026-04-25T09:36:18.032+0000] {processor.py:840} INFO - DAG(s) 'tutorial_taskflow_api_virtualenv' retrieved from /usr/local/python/3.12.1/lib/python3.12/site-packages/airflow/example_dags/tutorial_taskflow_api_virtualenv.py
[2026-04-25T09:36:18.044+0000] {logging_mixin.py:188} INFO - [2026-04-25T09:36:18.044+0000] {dag.py:3096} INFO - Sync 1 DAGs
[2026-04-25T09:36:18.053+0000] {logging_mixin.py:188} INFO - [2026-04-25T09:36:18.053+0000] {dag.py:3954} INFO - Setting next_dagrun for tutorial_taskflow_api_virtualenv to None, run_after=None
[2026-04-25T09:36:18.070+0000] {processor.py:183} INFO - Processing /usr/local/python/3.12.1/lib/python3.12/site-packages/airflow/example_dags/tutorial_taskflow_api_virtualenv.py took 0.052 seconds
[2026-04-25T09:36:59.629+0000] {processor.py:161} INFO - Started process (PID=25408) to work on /usr/local/python/3.12.1/lib/python3.12/site-packages/airflow/example_dags/tutorial_taskflow_api_virtualenv.py
[2026-04-25T09:36:59.630+0000] {processor.py:830} INFO - Processing file /usr/local/python/3.12.1/lib/python3.12/site-packages/airflow/example_dags/tutorial_taskflow_api_virtualenv.py for tasks to queue
[2026-04-25T09:36:59.631+0000] {logging_mixin.py:188} INFO - [2026-04-25T09:36:59.631+0000] {dagbag.py:540} INFO - Filling up the DagBag from /usr/local/python/3.12.1/lib/python3.12/site-packages/airflow/example_dags/tutorial_taskflow_api_virtualenv.py
[2026-04-25T09:36:59.639+0000] {processor.py:840} INFO - DAG(s) 'tutorial_taskflow_api_virtualenv' retrieved from /usr/local/python/3.12.1/lib/python3.12/site-packages/airflow/example_dags/tutorial_taskflow_api_virtualenv.py
[2026-04-25T09:36:59.651+0000] {logging_mixin.py:188} INFO - [2026-04-25T09:36:59.651+0000] {dag.py:3096} INFO - Sync 1 DAGs
[2026-04-25T09:36:59.660+0000] {logging_mixin.py:188} INFO - [2026-04-25T09:36:59.660+0000] {dag.py:3954} INFO - Setting next_dagrun for tutorial_taskflow_api_virtualenv to None, run_after=None
[2026-04-25T09:36:59.677+0000] {processor.py:183} INFO - Processing /usr/local/python/3.12.1/lib/python3.12/site-packages/airflow/example_dags/tutorial_taskflow_api_virtualenv.py took 0.052 seconds
[2026-04-25T09:37:41.818+0000] {processor.py:161} INFO - Started process (PID=25735) to work on /usr/local/python/3.12.1/lib/python3.12/site-packages/airflow/example_dags/tutorial_taskflow_api_virtualenv.py
[2026-04-25T09:37:41.818+0000] {processor.py:830} INFO - Processing file /usr/local/python/3.12.1/lib/python3.12/site-packages/airflow/example_dags/tutorial_taskflow_api_virtualenv.py for tasks to queue
[2026-04-25T09:37:41.819+0000] {logging_mixin.py:188} INFO - [2026-04-25T09:37:41.819+0000] {dagbag.py:540} INFO - Filling up the DagBag from /usr/local/python/3.12.1/lib/python3.12/site-packages/airflow/example_dags/tutorial_taskflow_api_virtualenv.py
[2026-04-25T09:37:41.828+0000] {processor.py:840} INFO - DAG(s) 'tutorial_taskflow_api_virtualenv' retrieved from /usr/local/python/3.12.1/lib/python3.12/site-packages/airflow/example_dags/tutorial_taskflow_api_virtualenv.py
[2026-04-25T09:37:41.840+0000] {logging_mixin.py:188} INFO - [2026-04-25T09:37:41.839+0000] {dag.py:3096} INFO - Sync 1 DAGs
[2026-04-25T09:37:41.849+0000] {logging_mixin.py:188} INFO - [2026-04-25T09:37:41.848+0000] {dag.py:3954} INFO - Setting next_dagrun for tutorial_taskflow_api_virtualenv to None, run_after=None
[2026-04-25T09:37:41.866+0000] {processor.py:183} INFO - Processing /usr/local/python/3.12.1/lib/python3.12/site-packages/airflow/example_dags/tutorial_taskflow_api_virtualenv.py took 0.052 seconds
[2026-04-25T09:38:21.879+0000] {processor.py:161} INFO - Started process (PID=26042) to work on /usr/local/python/3.12.1/lib/python3.12/site-packages/airflow/example_dags/tutorial_taskflow_api_virtualenv.py
[2026-04-25T09:38:21.880+0000] {processor.py:830} INFO - Processing file /usr/local/python/3.12.1/lib/python3.12/site-packages/airflow/example_dags/tutorial_taskflow_api_virtualenv.py for tasks to queue
[2026-04-25T09:38:21.881+0000] {logging_mixin.py:188} INFO - [2026-04-25T09:38:21.880+0000] {dagbag.py:540} INFO - Filling up the DagBag from /usr/local/python/3.12.1/lib/python3.12/site-packages/airflow/example_dags/tutorial_taskflow_api_virtualenv.py
[2026-04-25T09:38:21.889+0000] {processor.py:840} INFO - DAG(s) 'tutorial_taskflow_api_virtualenv' retrieved from /usr/local/python/3.12.1/lib/python3.12/site-packages/airflow/example_dags/tutorial_taskflow_api_virtualenv.py
[2026-04-25T09:38:21.901+0000] {logging_mixin.py:188} INFO - [2026-04-25T09:38:21.901+0000] {dag.py:3096} INFO - Sync 1 DAGs
[2026-04-25T09:38:21.910+0000] {logging_mixin.py:188} INFO - [2026-04-25T09:38:21.910+0000] {dag.py:3954} INFO - Setting next_dagrun for tutorial_taskflow_api_virtualenv to None, run_after=None
[2026-04-25T09:38:21.926+0000] {processor.py:183} INFO - Processing /usr/local/python/3.12.1/lib/python3.12/site-packages/airflow/example_dags/tutorial_taskflow_api_virtualenv.py took 0.051 seconds
[2026-04-25T09:39:04.061+0000] {processor.py:161} INFO - Started process (PID=26362) to work on /usr/local/python/3.12.1/lib/python3.12/site-packages/airflow/example_dags/tutorial_taskflow_api_virtualenv.py
[2026-04-25T09:39:04.062+0000] {processor.py:830} INFO - Processing file /usr/local/python/3.12.1/lib/python3.12/site-packages/airflow/example_dags/tutorial_taskflow_api_virtualenv.py for tasks to queue
[2026-04-25T09:39:04.063+0000] {logging_mixin.py:188} INFO - [2026-04-25T09:39:04.062+0000] {dagbag.py:540} INFO - Filling up the DagBag from /usr/local/python/3.12.1/lib/python3.12/site-packages/airflow/example_dags/tutorial_taskflow_api_virtualenv.py
[2026-04-25T09:39:04.071+0000] {processor.py:840} INFO - DAG(s) 'tutorial_taskflow_api_virtualenv' retrieved from /usr/local/python/3.12.1/lib/python3.12/site-packages/airflow/example_dags/tutorial_taskflow_api_virtualenv.py
[2026-04-25T09:39:04.083+0000] {logging_mixin.py:188} INFO - [2026-04-25T09:39:04.083+0000] {dag.py:3096} INFO - Sync 1 DAGs
[2026-04-25T09:39:04.092+0000] {logging_mixin.py:188} INFO - [2026-04-25T09:39:04.092+0000] {dag.py:3954} INFO - Setting next_dagrun for tutorial_taskflow_api_virtualenv to None, run_after=None
[2026-04-25T09:39:04.112+0000] {processor.py:183} INFO - Processing /usr/local/python/3.12.1/lib/python3.12/site-packages/airflow/example_dags/tutorial_taskflow_api_virtualenv.py took 0.055 seconds
[2026-04-25T09:39:43.194+0000] {processor.py:161} INFO - Started process (PID=26668) to work on /usr/local/python/3.12.1/lib/python3.12/site-packages/airflow/example_dags/tutorial_taskflow_api_virtualenv.py
[2026-04-25T09:39:43.195+0000] {processor.py:830} INFO - Processing file /usr/local/python/3.12.1/lib/python3.12/site-packages/airflow/example_dags/tutorial_taskflow_api_virtualenv.py for tasks to queue
[2026-04-25T09:39:43.195+0000] {logging_mixin.py:188} INFO - [2026-04-25T09:39:43.195+0000] {dagbag.py:540} INFO - Filling up the DagBag from /usr/local/python/3.12.1/lib/python3.12/site-packages/airflow/example_dags/tutorial_taskflow_api_virtualenv.py
[2026-04-25T09:39:43.204+0000] {processor.py:840} INFO - DAG(s) 'tutorial_taskflow_api_virtualenv' retrieved from /usr/local/python/3.12.1/lib/python3.12/site-packages/airflow/example_dags/tutorial_taskflow_api_virtualenv.py
[2026-04-25T09:39:43.216+0000] {logging_mixin.py:188} INFO - [2026-04-25T09:39:43.216+0000] {dag.py:3096} INFO - Sync 1 DAGs
[2026-04-25T09:39:43.225+0000] {logging_mixin.py:188} INFO - [2026-04-25T09:39:43.225+0000] {dag.py:3954} INFO - Setting next_dagrun for tutorial_taskflow_api_virtualenv to None, run_after=None
[2026-04-25T09:39:43.243+0000] {processor.py:183} INFO - Processing /usr/local/python/3.12.1/lib/python3.12/site-packages/airflow/example_dags/tutorial_taskflow_api_virtualenv.py took 0.053 seconds
[2026-04-25T09:40:21.158+0000] {processor.py:161} INFO - Started process (PID=26971) to work on /usr/local/python/3.12.1/lib/python3.12/site-packages/airflow/example_dags/tutorial_taskflow_api_virtualenv.py
[2026-04-25T09:40:21.159+0000] {processor.py:830} INFO - Processing file /usr/local/python/3.12.1/lib/python3.12/site-packages/airflow/example_dags/tutorial_taskflow_api_virtualenv.py for tasks to queue
[2026-04-25T09:40:21.160+0000] {logging_mixin.py:188} INFO - [2026-04-25T09:40:21.160+0000] {dagbag.py:540} INFO - Filling up the DagBag from /usr/local/python/3.12.1/lib/python3.12/site-packages/airflow/example_dags/tutorial_taskflow_api_virtualenv.py
[2026-04-25T09:40:21.168+0000] {processor.py:840} INFO - DAG(s) 'tutorial_taskflow_api_virtualenv' retrieved from /usr/local/python/3.12.1/lib/python3.12/site-packages/airflow/example_dags/tutorial_taskflow_api_virtualenv.py
[2026-04-25T09:40:21.180+0000] {logging_mixin.py:188} INFO - [2026-04-25T09:40:21.180+0000] {dag.py:3096} INFO - Sync 1 DAGs
[2026-04-25T09:40:21.189+0000] {logging_mixin.py:188} INFO - [2026-04-25T09:40:21.188+0000] {dag.py:3954} INFO - Setting next_dagrun for tutorial_taskflow_api_virtualenv to None, run_after=None
[2026-04-25T09:40:21.205+0000] {processor.py:183} INFO - Processing /usr/local/python/3.12.1/lib/python3.12/site-packages/airflow/example_dags/tutorial_taskflow_api_virtualenv.py took 0.051 seconds
[2026-04-25T09:40:58.813+0000] {processor.py:161} INFO - Started process (PID=27247) to work on /usr/local/python/3.12.1/lib/python3.12/site-packages/airflow/example_dags/tutorial_taskflow_api_virtualenv.py
[2026-04-25T09:40:58.814+0000] {processor.py:830} INFO - Processing file /usr/local/python/3.12.1/lib/python3.12/site-packages/airflow/example_dags/tutorial_taskflow_api_virtualenv.py for tasks to queue
[2026-04-25T09:40:58.814+0000] {logging_mixin.py:188} INFO - [2026-04-25T09:40:58.814+0000] {dagbag.py:540} INFO - Filling up the DagBag from /usr/local/python/3.12.1/lib/python3.12/site-packages/airflow/example_dags/tutorial_taskflow_api_virtualenv.py
[2026-04-25T09:40:58.823+0000] {processor.py:840} INFO - DAG(s) 'tutorial_taskflow_api_virtualenv' retrieved from /usr/local/python/3.12.1/lib/python3.12/site-packages/airflow/example_dags/tutorial_taskflow_api_virtualenv.py
[2026-04-25T09:40:58.836+0000] {logging_mixin.py:188} INFO - [2026-04-25T09:40:58.835+0000] {dag.py:3096} INFO - Sync 1 DAGs
[2026-04-25T09:40:58.845+0000] {logging_mixin.py:188} INFO - [2026-04-25T09:40:58.844+0000] {dag.py:3954} INFO - Setting next_dagrun for tutorial_taskflow_api_virtualenv to None, run_after=None
[2026-04-25T09:40:58.863+0000] {processor.py:183} INFO - Processing /usr/local/python/3.12.1/lib/python3.12/site-packages/airflow/example_dags/tutorial_taskflow_api_virtualenv.py took 0.054 seconds
[2026-04-25T09:41:38.339+0000] {processor.py:161} INFO - Started process (PID=27556) to work on /usr/local/python/3.12.1/lib/python3.12/site-packages/airflow/example_dags/tutorial_taskflow_api_virtualenv.py
[2026-04-25T09:41:38.339+0000] {processor.py:830} INFO - Processing file /usr/local/python/3.12.1/lib/python3.12/site-packages/airflow/example_dags/tutorial_taskflow_api_virtualenv.py for tasks to queue
[2026-04-25T09:41:38.340+0000] {logging_mixin.py:188} INFO - [2026-04-25T09:41:38.340+0000] {dagbag.py:540} INFO - Filling up the DagBag from /usr/local/python/3.12.1/lib/python3.12/site-packages/airflow/example_dags/tutorial_taskflow_api_virtualenv.py
[2026-04-25T09:41:38.348+0000] {processor.py:840} INFO - DAG(s) 'tutorial_taskflow_api_virtualenv' retrieved from /usr/local/python/3.12.1/lib/python3.12/site-packages/airflow/example_dags/tutorial_taskflow_api_virtualenv.py
[2026-04-25T09:41:38.360+0000] {logging_mixin.py:188} INFO - [2026-04-25T09:41:38.360+0000] {dag.py:3096} INFO - Sync 1 DAGs
[2026-04-25T09:41:38.369+0000] {logging_mixin.py:188} INFO - [2026-04-25T09:41:38.369+0000] {dag.py:3954} INFO - Setting next_dagrun for tutorial_taskflow_api_virtualenv to None, run_after=None
[2026-04-25T09:41:38.385+0000] {processor.py:183} INFO - Processing /usr/local/python/3.12.1/lib/python3.12/site-packages/airflow/example_dags/tutorial_taskflow_api_virtualenv.py took 0.050 seconds
[2026-04-25T09:42:14.532+0000] {processor.py:161} INFO - Started process (PID=27848) to work on /usr/local/python/3.12.1/lib/python3.12/site-packages/airflow/example_dags/tutorial_taskflow_api_virtualenv.py
[2026-04-25T09:42:14.532+0000] {processor.py:830} INFO - Processing file /usr/local/python/3.12.1/lib/python3.12/site-packages/airflow/example_dags/tutorial_taskflow_api_virtualenv.py for tasks to queue
[2026-04-25T09:42:14.533+0000] {logging_mixin.py:188} INFO - [2026-04-25T09:42:14.533+0000] {dagbag.py:540} INFO - Filling up the DagBag from /usr/local/python/3.12.1/lib/python3.12/site-packages/airflow/example_dags/tutorial_taskflow_api_virtualenv.py
[2026-04-25T09:42:14.541+0000] {processor.py:840} INFO - DAG(s) 'tutorial_taskflow_api_virtualenv' retrieved from /usr/local/python/3.12.1/lib/python3.12/site-packages/airflow/example_dags/tutorial_taskflow_api_virtualenv.py
[2026-04-25T09:42:14.553+0000] {logging_mixin.py:188} INFO - [2026-04-25T09:42:14.553+0000] {dag.py:3096} INFO - Sync 1 DAGs
[2026-04-25T09:42:14.562+0000] {logging_mixin.py:188} INFO - [2026-04-25T09:42:14.561+0000] {dag.py:3954} INFO - Setting next_dagrun for tutorial_taskflow_api_virtualenv to None, run_after=None
[2026-04-25T09:42:14.579+0000] {processor.py:183} INFO - Processing /usr/local/python/3.12.1/lib/python3.12/site-packages/airflow/example_dags/tutorial_taskflow_api_virtualenv.py took 0.051 seconds
[2026-04-25T09:42:54.208+0000] {processor.py:161} INFO - Started process (PID=28159) to work on /usr/local/python/3.12.1/lib/python3.12/site-packages/airflow/example_dags/tutorial_taskflow_api_virtualenv.py
[2026-04-25T09:42:54.209+0000] {processor.py:830} INFO - Processing file /usr/local/python/3.12.1/lib/python3.12/site-packages/airflow/example_dags/tutorial_taskflow_api_virtualenv.py for tasks to queue
[2026-04-25T09:42:54.210+0000] {logging_mixin.py:188} INFO - [2026-04-25T09:42:54.209+0000] {dagbag.py:540} INFO - Filling up the DagBag from /usr/local/python/3.12.1/lib/python3.12/site-packages/airflow/example_dags/tutorial_taskflow_api_virtualenv.py
[2026-04-25T09:42:54.218+0000] {processor.py:840} INFO - DAG(s) 'tutorial_taskflow_api_virtualenv' retrieved from /usr/local/python/3.12.1/lib/python3.12/site-packages/airflow/example_dags/tutorial_taskflow_api_virtualenv.py
[2026-04-25T09:42:54.230+0000] {logging_mixin.py:188} INFO - [2026-04-25T09:42:54.230+0000] {dag.py:3096} INFO - Sync 1 DAGs
[2026-04-25T09:42:54.239+0000] {logging_mixin.py:188} INFO - [2026-04-25T09:42:54.239+0000] {dag.py:3954} INFO - Setting next_dagrun for tutorial_taskflow_api_virtualenv to None, run_after=None
[2026-04-25T09:42:54.255+0000] {processor.py:183} INFO - Processing /usr/local/python/3.12.1/lib/python3.12/site-packages/airflow/example_dags/tutorial_taskflow_api_virtualenv.py took 0.051 seconds
[2026-04-25T09:43:38.569+0000] {processor.py:161} INFO - Started process (PID=28491) to work on /usr/local/python/3.12.1/lib/python3.12/site-packages/airflow/example_dags/tutorial_taskflow_api_virtualenv.py
[2026-04-25T09:43:38.570+0000] {processor.py:830} INFO - Processing file /usr/local/python/3.12.1/lib/python3.12/site-packages/airflow/example_dags/tutorial_taskflow_api_virtualenv.py for tasks to queue
[2026-04-25T09:43:38.571+0000] {logging_mixin.py:188} INFO - [2026-04-25T09:43:38.570+0000] {dagbag.py:540} INFO - Filling up the DagBag from /usr/local/python/3.12.1/lib/python3.12/site-packages/airflow/example_dags/tutorial_taskflow_api_virtualenv.py
[2026-04-25T09:43:38.579+0000] {processor.py:840} INFO - DAG(s) 'tutorial_taskflow_api_virtualenv' retrieved from /usr/local/python/3.12.1/lib/python3.12/site-packages/airflow/example_dags/tutorial_taskflow_api_virtualenv.py
[2026-04-25T09:43:38.591+0000] {logging_mixin.py:188} INFO - [2026-04-25T09:43:38.591+0000] {dag.py:3096} INFO - Sync 1 DAGs
[2026-04-25T09:43:38.600+0000] {logging_mixin.py:188} INFO - [2026-04-25T09:43:38.600+0000] {dag.py:3954} INFO - Setting next_dagrun for tutorial_taskflow_api_virtualenv to None, run_after=None
[2026-04-25T09:43:38.617+0000] {processor.py:183} INFO - Processing /usr/local/python/3.12.1/lib/python3.12/site-packages/airflow/example_dags/tutorial_taskflow_api_virtualenv.py took 0.052 seconds
[2026-04-25T09:44:18.642+0000] {processor.py:161} INFO - Started process (PID=28801) to work on /usr/local/python/3.12.1/lib/python3.12/site-packages/airflow/example_dags/tutorial_taskflow_api_virtualenv.py
[2026-04-25T09:44:18.643+0000] {processor.py:830} INFO - Processing file /usr/local/python/3.12.1/lib/python3.12/site-packages/airflow/example_dags/tutorial_taskflow_api_virtualenv.py for tasks to queue
[2026-04-25T09:44:18.643+0000] {logging_mixin.py:188} INFO - [2026-04-25T09:44:18.643+0000] {dagbag.py:540} INFO - Filling up the DagBag from /usr/local/python/3.12.1/lib/python3.12/site-packages/airflow/example_dags/tutorial_taskflow_api_virtualenv.py
[2026-04-25T09:44:18.656+0000] {processor.py:840} INFO - DAG(s) 'tutorial_taskflow_api_virtualenv' retrieved from /usr/local/python/3.12.1/lib/python3.12/site-packages/airflow/example_dags/tutorial_taskflow_api_virtualenv.py
[2026-04-25T09:44:18.673+0000] {logging_mixin.py:188} INFO - [2026-04-25T09:44:18.672+0000] {dag.py:3096} INFO - Sync 1 DAGs
[2026-04-25T09:44:18.683+0000] {logging_mixin.py:188} INFO - [2026-04-25T09:44:18.682+0000] {dag.py:3954} INFO - Setting next_dagrun for tutorial_taskflow_api_virtualenv to None, run_after=None
[2026-04-25T09:44:18.699+0000] {processor.py:183} INFO - Processing /usr/local/python/3.12.1/lib/python3.12/site-packages/airflow/example_dags/tutorial_taskflow_api_virtualenv.py took 0.063 seconds
[2026-04-25T09:44:58.372+0000] {processor.py:161} INFO - Started process (PID=29112) to work on /usr/local/python/3.12.1/lib/python3.12/site-packages/airflow/example_dags/tutorial_taskflow_api_virtualenv.py
[2026-04-25T09:44:58.373+0000] {processor.py:830} INFO - Processing file /usr/local/python/3.12.1/lib/python3.12/site-packages/airflow/example_dags/tutorial_taskflow_api_virtualenv.py for tasks to queue
[2026-04-25T09:44:58.373+0000] {logging_mixin.py:188} INFO - [2026-04-25T09:44:58.373+0000] {dagbag.py:540} INFO - Filling up the DagBag from /usr/local/python/3.12.1/lib/python3.12/site-packages/airflow/example_dags/tutorial_taskflow_api_virtualenv.py
[2026-04-25T09:44:58.382+0000] {processor.py:840} INFO - DAG(s) 'tutorial_taskflow_api_virtualenv' retrieved from /usr/local/python/3.12.1/lib/python3.12/site-packages/airflow/example_dags/tutorial_taskflow_api_virtualenv.py
[2026-04-25T09:44:58.394+0000] {logging_mixin.py:188} INFO - [2026-04-25T09:44:58.394+0000] {dag.py:3096} INFO - Sync 1 DAGs
[2026-04-25T09:44:58.403+0000] {logging_mixin.py:188} INFO - [2026-04-25T09:44:58.402+0000] {dag.py:3954} INFO - Setting next_dagrun for tutorial_taskflow_api_virtualenv to None, run_after=None
[2026-04-25T09:44:58.419+0000] {processor.py:183} INFO - Processing /usr/local/python/3.12.1/lib/python3.12/site-packages/airflow/example_dags/tutorial_taskflow_api_virtualenv.py took 0.051 seconds
[2026-04-25T09:45:36.737+0000] {processor.py:161} INFO - Started process (PID=29413) to work on /usr/local/python/3.12.1/lib/python3.12/site-packages/airflow/example_dags/tutorial_taskflow_api_virtualenv.py
[2026-04-25T09:45:36.738+0000] {processor.py:830} INFO - Processing file /usr/local/python/3.12.1/lib/python3.12/site-packages/airflow/example_dags/tutorial_taskflow_api_virtualenv.py for tasks to queue
[2026-04-25T09:45:36.739+0000] {logging_mixin.py:188} INFO - [2026-04-25T09:45:36.738+0000] {dagbag.py:540} INFO - Filling up the DagBag from /usr/local/python/3.12.1/lib/python3.12/site-packages/airflow/example_dags/tutorial_taskflow_api_virtualenv.py
[2026-04-25T09:45:36.747+0000] {processor.py:840} INFO - DAG(s) 'tutorial_taskflow_api_virtualenv' retrieved from /usr/local/python/3.12.1/lib/python3.12/site-packages/airflow/example_dags/tutorial_taskflow_api_virtualenv.py
[2026-04-25T09:45:36.759+0000] {logging_mixin.py:188} INFO - [2026-04-25T09:45:36.759+0000] {dag.py:3096} INFO - Sync 1 DAGs
[2026-04-25T09:45:36.768+0000] {logging_mixin.py:188} INFO - [2026-04-25T09:45:36.768+0000] {dag.py:3954} INFO - Setting next_dagrun for tutorial_taskflow_api_virtualenv to None, run_after=None
[2026-04-25T09:45:36.786+0000] {processor.py:183} INFO - Processing /usr/local/python/3.12.1/lib/python3.12/site-packages/airflow/example_dags/tutorial_taskflow_api_virtualenv.py took 0.053 seconds
[2026-04-25T09:46:19.483+0000] {processor.py:161} INFO - Started process (PID=29742) to work on /usr/local/python/3.12.1/lib/python3.12/site-packages/airflow/example_dags/tutorial_taskflow_api_virtualenv.py
[2026-04-25T09:46:19.484+0000] {processor.py:830} INFO - Processing file /usr/local/python/3.12.1/lib/python3.12/site-packages/airflow/example_dags/tutorial_taskflow_api_virtualenv.py for tasks to queue
[2026-04-25T09:46:19.485+0000] {logging_mixin.py:188} INFO - [2026-04-25T09:46:19.484+0000] {dagbag.py:540} INFO - Filling up the DagBag from /usr/local/python/3.12.1/lib/python3.12/site-packages/airflow/example_dags/tutorial_taskflow_api_virtualenv.py
[2026-04-25T09:46:19.493+0000] {processor.py:840} INFO - DAG(s) 'tutorial_taskflow_api_virtualenv' retrieved from /usr/local/python/3.12.1/lib/python3.12/site-packages/airflow/example_dags/tutorial_taskflow_api_virtualenv.py
[2026-04-25T09:46:19.505+0000] {logging_mixin.py:188} INFO - [2026-04-25T09:46:19.504+0000] {dag.py:3096} INFO - Sync 1 DAGs
[2026-04-25T09:46:19.514+0000] {logging_mixin.py:188} INFO - [2026-04-25T09:46:19.513+0000] {dag.py:3954} INFO - Setting next_dagrun for tutorial_taskflow_api_virtualenv to None, run_after=None
[2026-04-25T09:46:19.531+0000] {processor.py:183} INFO - Processing /usr/local/python/3.12.1/lib/python3.12/site-packages/airflow/example_dags/tutorial_taskflow_api_virtualenv.py took 0.052 seconds
