[2026-04-25T09:05:42.966+0000] {processor.py:161} INFO - Started process (PID=8012) to work on /usr/local/python/3.12.1/lib/python3.12/site-packages/airflow/example_dags/tutorial_taskflow_api.py
[2026-04-25T09:05:42.967+0000] {processor.py:830} INFO - Processing file /usr/local/python/3.12.1/lib/python3.12/site-packages/airflow/example_dags/tutorial_taskflow_api.py for tasks to queue
[2026-04-25T09:05:42.968+0000] {logging_mixin.py:188} INFO - [2026-04-25T09:05:42.967+0000] {dagbag.py:540} INFO - Filling up the DagBag from /usr/local/python/3.12.1/lib/python3.12/site-packages/airflow/example_dags/tutorial_taskflow_api.py
[2026-04-25T09:05:42.977+0000] {processor.py:840} INFO - DAG(s) 'tutorial_taskflow_api' retrieved from /usr/local/python/3.12.1/lib/python3.12/site-packages/airflow/example_dags/tutorial_taskflow_api.py
[2026-04-25T09:05:43.254+0000] {logging_mixin.py:188} INFO - [2026-04-25T09:05:43.253+0000] {override.py:1930} INFO - Created Permission View: can delete on DAG:tutorial_taskflow_api
[2026-04-25T09:05:43.267+0000] {logging_mixin.py:188} INFO - [2026-04-25T09:05:43.267+0000] {override.py:1930} INFO - Created Permission View: can edit on DAG:tutorial_taskflow_api
[2026-04-25T09:05:43.277+0000] {logging_mixin.py:188} INFO - [2026-04-25T09:05:43.276+0000] {override.py:1930} INFO - Created Permission View: can read on DAG:tutorial_taskflow_api
[2026-04-25T09:05:43.277+0000] {logging_mixin.py:188} INFO - [2026-04-25T09:05:43.277+0000] {dag.py:3096} INFO - Sync 1 DAGs
[2026-04-25T09:05:43.298+0000] {logging_mixin.py:188} INFO - [2026-04-25T09:05:43.297+0000] {dag.py:3118} INFO - Creating ORM DAG for tutorial_taskflow_api
[2026-04-25T09:05:43.301+0000] {logging_mixin.py:188} INFO - [2026-04-25T09:05:43.301+0000] {dag.py:3954} INFO - Setting next_dagrun for tutorial_taskflow_api to None, run_after=None
[2026-04-25T09:05:43.352+0000] {processor.py:183} INFO - Processing /usr/local/python/3.12.1/lib/python3.12/site-packages/airflow/example_dags/tutorial_taskflow_api.py took 0.392 seconds
[2026-04-25T09:06:42.790+0000] {processor.py:161} INFO - Started process (PID=8829) to work on /usr/local/python/3.12.1/lib/python3.12/site-packages/airflow/example_dags/tutorial_taskflow_api.py
[2026-04-25T09:06:42.790+0000] {processor.py:830} INFO - Processing file /usr/local/python/3.12.1/lib/python3.12/site-packages/airflow/example_dags/tutorial_taskflow_api.py for tasks to queue
[2026-04-25T09:06:42.791+0000] {logging_mixin.py:188} INFO - [2026-04-25T09:06:42.791+0000] {dagbag.py:540} INFO - Filling up the DagBag from /usr/local/python/3.12.1/lib/python3.12/site-packages/airflow/example_dags/tutorial_taskflow_api.py
[2026-04-25T09:06:42.795+0000] {processor.py:840} INFO - DAG(s) 'tutorial_taskflow_api' retrieved from /usr/local/python/3.12.1/lib/python3.12/site-packages/airflow/example_dags/tutorial_taskflow_api.py
[2026-04-25T09:06:42.807+0000] {logging_mixin.py:188} INFO - [2026-04-25T09:06:42.807+0000] {dag.py:3096} INFO - Sync 1 DAGs
[2026-04-25T09:06:42.816+0000] {logging_mixin.py:188} INFO - [2026-04-25T09:06:42.816+0000] {dag.py:3954} INFO - Setting next_dagrun for tutorial_taskflow_api to None, run_after=None
[2026-04-25T09:06:42.833+0000] {processor.py:183} INFO - Processing /usr/local/python/3.12.1/lib/python3.12/site-packages/airflow/example_dags/tutorial_taskflow_api.py took 0.047 seconds
[2026-04-25T09:07:30.887+0000] {processor.py:161} INFO - Started process (PID=9227) to work on /usr/local/python/3.12.1/lib/python3.12/site-packages/airflow/example_dags/tutorial_taskflow_api.py
[2026-04-25T09:07:30.888+0000] {processor.py:830} INFO - Processing file /usr/local/python/3.12.1/lib/python3.12/site-packages/airflow/example_dags/tutorial_taskflow_api.py for tasks to queue
[2026-04-25T09:07:30.889+0000] {logging_mixin.py:188} INFO - [2026-04-25T09:07:30.888+0000] {dagbag.py:540} INFO - Filling up the DagBag from /usr/local/python/3.12.1/lib/python3.12/site-packages/airflow/example_dags/tutorial_taskflow_api.py
[2026-04-25T09:07:30.894+0000] {processor.py:840} INFO - DAG(s) 'tutorial_taskflow_api' retrieved from /usr/local/python/3.12.1/lib/python3.12/site-packages/airflow/example_dags/tutorial_taskflow_api.py
[2026-04-25T09:07:30.906+0000] {logging_mixin.py:188} INFO - [2026-04-25T09:07:30.906+0000] {dag.py:3096} INFO - Sync 1 DAGs
[2026-04-25T09:07:30.915+0000] {logging_mixin.py:188} INFO - [2026-04-25T09:07:30.915+0000] {dag.py:3954} INFO - Setting next_dagrun for tutorial_taskflow_api to None, run_after=None
[2026-04-25T09:07:30.932+0000] {processor.py:183} INFO - Processing /usr/local/python/3.12.1/lib/python3.12/site-packages/airflow/example_dags/tutorial_taskflow_api.py took 0.049 seconds
[2026-04-25T09:08:13.790+0000] {processor.py:161} INFO - Started process (PID=9685) to work on /usr/local/python/3.12.1/lib/python3.12/site-packages/airflow/example_dags/tutorial_taskflow_api.py
[2026-04-25T09:08:13.818+0000] {processor.py:830} INFO - Processing file /usr/local/python/3.12.1/lib/python3.12/site-packages/airflow/example_dags/tutorial_taskflow_api.py for tasks to queue
[2026-04-25T09:08:13.824+0000] {logging_mixin.py:188} INFO - [2026-04-25T09:08:13.819+0000] {dagbag.py:540} INFO - Filling up the DagBag from /usr/local/python/3.12.1/lib/python3.12/site-packages/airflow/example_dags/tutorial_taskflow_api.py
[2026-04-25T09:08:13.862+0000] {processor.py:840} INFO - DAG(s) 'tutorial_taskflow_api' retrieved from /usr/local/python/3.12.1/lib/python3.12/site-packages/airflow/example_dags/tutorial_taskflow_api.py
[2026-04-25T09:08:13.918+0000] {logging_mixin.py:188} INFO - [2026-04-25T09:08:13.917+0000] {dag.py:3096} INFO - Sync 1 DAGs
[2026-04-25T09:08:13.945+0000] {logging_mixin.py:188} INFO - [2026-04-25T09:08:13.945+0000] {dag.py:3954} INFO - Setting next_dagrun for tutorial_taskflow_api to None, run_after=None
[2026-04-25T09:08:13.972+0000] {processor.py:183} INFO - Processing /usr/local/python/3.12.1/lib/python3.12/site-packages/airflow/example_dags/tutorial_taskflow_api.py took 0.191 seconds
[2026-04-25T09:08:56.317+0000] {processor.py:161} INFO - Started process (PID=10040) to work on /usr/local/python/3.12.1/lib/python3.12/site-packages/airflow/example_dags/tutorial_taskflow_api.py
[2026-04-25T09:08:56.318+0000] {processor.py:830} INFO - Processing file /usr/local/python/3.12.1/lib/python3.12/site-packages/airflow/example_dags/tutorial_taskflow_api.py for tasks to queue
[2026-04-25T09:08:56.318+0000] {logging_mixin.py:188} INFO - [2026-04-25T09:08:56.318+0000] {dagbag.py:540} INFO - Filling up the DagBag from /usr/local/python/3.12.1/lib/python3.12/site-packages/airflow/example_dags/tutorial_taskflow_api.py
[2026-04-25T09:08:56.323+0000] {processor.py:840} INFO - DAG(s) 'tutorial_taskflow_api' retrieved from /usr/local/python/3.12.1/lib/python3.12/site-packages/airflow/example_dags/tutorial_taskflow_api.py
[2026-04-25T09:08:56.335+0000] {logging_mixin.py:188} INFO - [2026-04-25T09:08:56.335+0000] {dag.py:3096} INFO - Sync 1 DAGs
[2026-04-25T09:08:56.347+0000] {logging_mixin.py:188} INFO - [2026-04-25T09:08:56.346+0000] {dag.py:3954} INFO - Setting next_dagrun for tutorial_taskflow_api to None, run_after=None
[2026-04-25T09:08:56.378+0000] {processor.py:183} INFO - Processing /usr/local/python/3.12.1/lib/python3.12/site-packages/airflow/example_dags/tutorial_taskflow_api.py took 0.065 seconds
[2026-04-25T09:09:38.373+0000] {processor.py:161} INFO - Started process (PID=10768) to work on /usr/local/python/3.12.1/lib/python3.12/site-packages/airflow/example_dags/tutorial_taskflow_api.py
[2026-04-25T09:09:38.373+0000] {processor.py:830} INFO - Processing file /usr/local/python/3.12.1/lib/python3.12/site-packages/airflow/example_dags/tutorial_taskflow_api.py for tasks to queue
[2026-04-25T09:09:38.374+0000] {logging_mixin.py:188} INFO - [2026-04-25T09:09:38.374+0000] {dagbag.py:540} INFO - Filling up the DagBag from /usr/local/python/3.12.1/lib/python3.12/site-packages/airflow/example_dags/tutorial_taskflow_api.py
[2026-04-25T09:09:38.379+0000] {processor.py:840} INFO - DAG(s) 'tutorial_taskflow_api' retrieved from /usr/local/python/3.12.1/lib/python3.12/site-packages/airflow/example_dags/tutorial_taskflow_api.py
[2026-04-25T09:09:38.391+0000] {logging_mixin.py:188} INFO - [2026-04-25T09:09:38.391+0000] {dag.py:3096} INFO - Sync 1 DAGs
[2026-04-25T09:09:38.400+0000] {logging_mixin.py:188} INFO - [2026-04-25T09:09:38.400+0000] {dag.py:3954} INFO - Setting next_dagrun for tutorial_taskflow_api to None, run_after=None
[2026-04-25T09:09:38.417+0000] {processor.py:183} INFO - Processing /usr/local/python/3.12.1/lib/python3.12/site-packages/airflow/example_dags/tutorial_taskflow_api.py took 0.049 seconds
[2026-04-25T09:10:21.260+0000] {processor.py:161} INFO - Started process (PID=11108) to work on /usr/local/python/3.12.1/lib/python3.12/site-packages/airflow/example_dags/tutorial_taskflow_api.py
[2026-04-25T09:10:21.261+0000] {processor.py:830} INFO - Processing file /usr/local/python/3.12.1/lib/python3.12/site-packages/airflow/example_dags/tutorial_taskflow_api.py for tasks to queue
[2026-04-25T09:10:21.261+0000] {logging_mixin.py:188} INFO - [2026-04-25T09:10:21.261+0000] {dagbag.py:540} INFO - Filling up the DagBag from /usr/local/python/3.12.1/lib/python3.12/site-packages/airflow/example_dags/tutorial_taskflow_api.py
[2026-04-25T09:10:21.266+0000] {processor.py:840} INFO - DAG(s) 'tutorial_taskflow_api' retrieved from /usr/local/python/3.12.1/lib/python3.12/site-packages/airflow/example_dags/tutorial_taskflow_api.py
[2026-04-25T09:10:21.277+0000] {logging_mixin.py:188} INFO - [2026-04-25T09:10:21.277+0000] {dag.py:3096} INFO - Sync 1 DAGs
[2026-04-25T09:10:21.287+0000] {logging_mixin.py:188} INFO - [2026-04-25T09:10:21.286+0000] {dag.py:3954} INFO - Setting next_dagrun for tutorial_taskflow_api to None, run_after=None
[2026-04-25T09:10:21.303+0000] {processor.py:183} INFO - Processing /usr/local/python/3.12.1/lib/python3.12/site-packages/airflow/example_dags/tutorial_taskflow_api.py took 0.047 seconds
[2026-04-25T09:10:58.643+0000] {processor.py:161} INFO - Started process (PID=11646) to work on /usr/local/python/3.12.1/lib/python3.12/site-packages/airflow/example_dags/tutorial_taskflow_api.py
[2026-04-25T09:10:58.644+0000] {processor.py:830} INFO - Processing file /usr/local/python/3.12.1/lib/python3.12/site-packages/airflow/example_dags/tutorial_taskflow_api.py for tasks to queue
[2026-04-25T09:10:58.645+0000] {logging_mixin.py:188} INFO - [2026-04-25T09:10:58.644+0000] {dagbag.py:540} INFO - Filling up the DagBag from /usr/local/python/3.12.1/lib/python3.12/site-packages/airflow/example_dags/tutorial_taskflow_api.py
[2026-04-25T09:10:58.649+0000] {processor.py:840} INFO - DAG(s) 'tutorial_taskflow_api' retrieved from /usr/local/python/3.12.1/lib/python3.12/site-packages/airflow/example_dags/tutorial_taskflow_api.py
[2026-04-25T09:10:58.661+0000] {logging_mixin.py:188} INFO - [2026-04-25T09:10:58.661+0000] {dag.py:3096} INFO - Sync 1 DAGs
[2026-04-25T09:10:58.670+0000] {logging_mixin.py:188} INFO - [2026-04-25T09:10:58.670+0000] {dag.py:3954} INFO - Setting next_dagrun for tutorial_taskflow_api to None, run_after=None
[2026-04-25T09:10:58.687+0000] {processor.py:183} INFO - Processing /usr/local/python/3.12.1/lib/python3.12/site-packages/airflow/example_dags/tutorial_taskflow_api.py took 0.047 seconds
[2026-04-25T09:11:31.350+0000] {processor.py:161} INFO - Started process (PID=12396) to work on /usr/local/python/3.12.1/lib/python3.12/site-packages/airflow/example_dags/tutorial_taskflow_api.py
[2026-04-25T09:11:31.354+0000] {processor.py:830} INFO - Processing file /usr/local/python/3.12.1/lib/python3.12/site-packages/airflow/example_dags/tutorial_taskflow_api.py for tasks to queue
[2026-04-25T09:11:31.356+0000] {logging_mixin.py:188} INFO - [2026-04-25T09:11:31.355+0000] {dagbag.py:540} INFO - Filling up the DagBag from /usr/local/python/3.12.1/lib/python3.12/site-packages/airflow/example_dags/tutorial_taskflow_api.py
[2026-04-25T09:11:31.378+0000] {processor.py:840} INFO - DAG(s) 'tutorial_taskflow_api' retrieved from /usr/local/python/3.12.1/lib/python3.12/site-packages/airflow/example_dags/tutorial_taskflow_api.py
[2026-04-25T09:11:31.394+0000] {logging_mixin.py:188} INFO - [2026-04-25T09:11:31.393+0000] {dag.py:3096} INFO - Sync 1 DAGs
[2026-04-25T09:11:31.429+0000] {logging_mixin.py:188} INFO - [2026-04-25T09:11:31.429+0000] {dag.py:3954} INFO - Setting next_dagrun for tutorial_taskflow_api to None, run_after=None
[2026-04-25T09:11:31.475+0000] {processor.py:183} INFO - Processing /usr/local/python/3.12.1/lib/python3.12/site-packages/airflow/example_dags/tutorial_taskflow_api.py took 0.139 seconds
[2026-04-25T09:11:44.931+0000] {processor.py:161} INFO - Started process (PID=12607) to work on /usr/local/python/3.12.1/lib/python3.12/site-packages/airflow/example_dags/tutorial_taskflow_api.py
[2026-04-25T09:11:44.931+0000] {processor.py:830} INFO - Processing file /usr/local/python/3.12.1/lib/python3.12/site-packages/airflow/example_dags/tutorial_taskflow_api.py for tasks to queue
[2026-04-25T09:11:44.932+0000] {logging_mixin.py:188} INFO - [2026-04-25T09:11:44.932+0000] {dagbag.py:540} INFO - Filling up the DagBag from /usr/local/python/3.12.1/lib/python3.12/site-packages/airflow/example_dags/tutorial_taskflow_api.py
[2026-04-25T09:11:44.936+0000] {processor.py:840} INFO - DAG(s) 'tutorial_taskflow_api' retrieved from /usr/local/python/3.12.1/lib/python3.12/site-packages/airflow/example_dags/tutorial_taskflow_api.py
[2026-04-25T09:11:45.085+0000] {logging_mixin.py:188} INFO - [2026-04-25T09:11:45.085+0000] {dag.py:3096} INFO - Sync 1 DAGs
[2026-04-25T09:11:45.094+0000] {logging_mixin.py:188} INFO - [2026-04-25T09:11:45.094+0000] {dag.py:3954} INFO - Setting next_dagrun for tutorial_taskflow_api to None, run_after=None
[2026-04-25T09:11:45.112+0000] {processor.py:183} INFO - Processing /usr/local/python/3.12.1/lib/python3.12/site-packages/airflow/example_dags/tutorial_taskflow_api.py took 0.186 seconds
[2026-04-25T09:12:23.678+0000] {processor.py:161} INFO - Started process (PID=12968) to work on /usr/local/python/3.12.1/lib/python3.12/site-packages/airflow/example_dags/tutorial_taskflow_api.py
[2026-04-25T09:12:23.679+0000] {processor.py:830} INFO - Processing file /usr/local/python/3.12.1/lib/python3.12/site-packages/airflow/example_dags/tutorial_taskflow_api.py for tasks to queue
[2026-04-25T09:12:23.680+0000] {logging_mixin.py:188} INFO - [2026-04-25T09:12:23.679+0000] {dagbag.py:540} INFO - Filling up the DagBag from /usr/local/python/3.12.1/lib/python3.12/site-packages/airflow/example_dags/tutorial_taskflow_api.py
[2026-04-25T09:12:23.685+0000] {processor.py:840} INFO - DAG(s) 'tutorial_taskflow_api' retrieved from /usr/local/python/3.12.1/lib/python3.12/site-packages/airflow/example_dags/tutorial_taskflow_api.py
[2026-04-25T09:12:23.698+0000] {logging_mixin.py:188} INFO - [2026-04-25T09:12:23.697+0000] {dag.py:3096} INFO - Sync 1 DAGs
[2026-04-25T09:12:23.707+0000] {logging_mixin.py:188} INFO - [2026-04-25T09:12:23.706+0000] {dag.py:3954} INFO - Setting next_dagrun for tutorial_taskflow_api to None, run_after=None
[2026-04-25T09:12:23.723+0000] {processor.py:183} INFO - Processing /usr/local/python/3.12.1/lib/python3.12/site-packages/airflow/example_dags/tutorial_taskflow_api.py took 0.049 seconds
[2026-04-25T09:12:30.497+0000] {processor.py:161} INFO - Started process (PID=13064) to work on /usr/local/python/3.12.1/lib/python3.12/site-packages/airflow/example_dags/tutorial_taskflow_api.py
[2026-04-25T09:12:30.498+0000] {processor.py:830} INFO - Processing file /usr/local/python/3.12.1/lib/python3.12/site-packages/airflow/example_dags/tutorial_taskflow_api.py for tasks to queue
[2026-04-25T09:12:30.499+0000] {logging_mixin.py:188} INFO - [2026-04-25T09:12:30.498+0000] {dagbag.py:540} INFO - Filling up the DagBag from /usr/local/python/3.12.1/lib/python3.12/site-packages/airflow/example_dags/tutorial_taskflow_api.py
[2026-04-25T09:12:30.503+0000] {processor.py:840} INFO - DAG(s) 'tutorial_taskflow_api' retrieved from /usr/local/python/3.12.1/lib/python3.12/site-packages/airflow/example_dags/tutorial_taskflow_api.py
[2026-04-25T09:12:30.515+0000] {logging_mixin.py:188} INFO - [2026-04-25T09:12:30.515+0000] {dag.py:3096} INFO - Sync 1 DAGs
[2026-04-25T09:12:30.528+0000] {logging_mixin.py:188} INFO - [2026-04-25T09:12:30.528+0000] {dag.py:3954} INFO - Setting next_dagrun for tutorial_taskflow_api to None, run_after=None
[2026-04-25T09:12:30.547+0000] {processor.py:183} INFO - Processing /usr/local/python/3.12.1/lib/python3.12/site-packages/airflow/example_dags/tutorial_taskflow_api.py took 0.054 seconds
[2026-04-25T09:13:03.604+0000] {processor.py:161} INFO - Started process (PID=13532) to work on /usr/local/python/3.12.1/lib/python3.12/site-packages/airflow/example_dags/tutorial_taskflow_api.py
[2026-04-25T09:13:03.605+0000] {processor.py:830} INFO - Processing file /usr/local/python/3.12.1/lib/python3.12/site-packages/airflow/example_dags/tutorial_taskflow_api.py for tasks to queue
[2026-04-25T09:13:03.605+0000] {logging_mixin.py:188} INFO - [2026-04-25T09:13:03.605+0000] {dagbag.py:540} INFO - Filling up the DagBag from /usr/local/python/3.12.1/lib/python3.12/site-packages/airflow/example_dags/tutorial_taskflow_api.py
[2026-04-25T09:13:03.610+0000] {processor.py:840} INFO - DAG(s) 'tutorial_taskflow_api' retrieved from /usr/local/python/3.12.1/lib/python3.12/site-packages/airflow/example_dags/tutorial_taskflow_api.py
[2026-04-25T09:13:03.622+0000] {logging_mixin.py:188} INFO - [2026-04-25T09:13:03.622+0000] {dag.py:3096} INFO - Sync 1 DAGs
[2026-04-25T09:13:03.631+0000] {logging_mixin.py:188} INFO - [2026-04-25T09:13:03.631+0000] {dag.py:3954} INFO - Setting next_dagrun for tutorial_taskflow_api to None, run_after=None
[2026-04-25T09:13:03.649+0000] {processor.py:183} INFO - Processing /usr/local/python/3.12.1/lib/python3.12/site-packages/airflow/example_dags/tutorial_taskflow_api.py took 0.049 seconds
[2026-04-25T09:13:12.915+0000] {processor.py:161} INFO - Started process (PID=13624) to work on /usr/local/python/3.12.1/lib/python3.12/site-packages/airflow/example_dags/tutorial_taskflow_api.py
[2026-04-25T09:13:12.916+0000] {processor.py:830} INFO - Processing file /usr/local/python/3.12.1/lib/python3.12/site-packages/airflow/example_dags/tutorial_taskflow_api.py for tasks to queue
[2026-04-25T09:13:12.917+0000] {logging_mixin.py:188} INFO - [2026-04-25T09:13:12.916+0000] {dagbag.py:540} INFO - Filling up the DagBag from /usr/local/python/3.12.1/lib/python3.12/site-packages/airflow/example_dags/tutorial_taskflow_api.py
[2026-04-25T09:13:12.921+0000] {processor.py:840} INFO - DAG(s) 'tutorial_taskflow_api' retrieved from /usr/local/python/3.12.1/lib/python3.12/site-packages/airflow/example_dags/tutorial_taskflow_api.py
[2026-04-25T09:13:12.934+0000] {logging_mixin.py:188} INFO - [2026-04-25T09:13:12.934+0000] {dag.py:3096} INFO - Sync 1 DAGs
[2026-04-25T09:13:12.943+0000] {logging_mixin.py:188} INFO - [2026-04-25T09:13:12.943+0000] {dag.py:3954} INFO - Setting next_dagrun for tutorial_taskflow_api to None, run_after=None
[2026-04-25T09:13:12.961+0000] {processor.py:183} INFO - Processing /usr/local/python/3.12.1/lib/python3.12/site-packages/airflow/example_dags/tutorial_taskflow_api.py took 0.050 seconds
[2026-04-25T09:13:48.408+0000] {processor.py:161} INFO - Started process (PID=14351) to work on /usr/local/python/3.12.1/lib/python3.12/site-packages/airflow/example_dags/tutorial_taskflow_api.py
[2026-04-25T09:13:48.410+0000] {processor.py:830} INFO - Processing file /usr/local/python/3.12.1/lib/python3.12/site-packages/airflow/example_dags/tutorial_taskflow_api.py for tasks to queue
[2026-04-25T09:13:48.411+0000] {logging_mixin.py:188} INFO - [2026-04-25T09:13:48.410+0000] {dagbag.py:540} INFO - Filling up the DagBag from /usr/local/python/3.12.1/lib/python3.12/site-packages/airflow/example_dags/tutorial_taskflow_api.py
[2026-04-25T09:13:48.417+0000] {processor.py:840} INFO - DAG(s) 'tutorial_taskflow_api' retrieved from /usr/local/python/3.12.1/lib/python3.12/site-packages/airflow/example_dags/tutorial_taskflow_api.py
[2026-04-25T09:13:48.435+0000] {logging_mixin.py:188} INFO - [2026-04-25T09:13:48.434+0000] {dag.py:3096} INFO - Sync 1 DAGs
[2026-04-25T09:13:48.443+0000] {logging_mixin.py:188} INFO - [2026-04-25T09:13:48.443+0000] {dag.py:3954} INFO - Setting next_dagrun for tutorial_taskflow_api to None, run_after=None
[2026-04-25T09:13:48.459+0000] {processor.py:183} INFO - Processing /usr/local/python/3.12.1/lib/python3.12/site-packages/airflow/example_dags/tutorial_taskflow_api.py took 0.055 seconds
[2026-04-25T09:14:36.993+0000] {processor.py:161} INFO - Started process (PID=14750) to work on /usr/local/python/3.12.1/lib/python3.12/site-packages/airflow/example_dags/tutorial_taskflow_api.py
[2026-04-25T09:14:36.994+0000] {processor.py:830} INFO - Processing file /usr/local/python/3.12.1/lib/python3.12/site-packages/airflow/example_dags/tutorial_taskflow_api.py for tasks to queue
[2026-04-25T09:14:36.995+0000] {logging_mixin.py:188} INFO - [2026-04-25T09:14:36.994+0000] {dagbag.py:540} INFO - Filling up the DagBag from /usr/local/python/3.12.1/lib/python3.12/site-packages/airflow/example_dags/tutorial_taskflow_api.py
[2026-04-25T09:14:37.000+0000] {processor.py:840} INFO - DAG(s) 'tutorial_taskflow_api' retrieved from /usr/local/python/3.12.1/lib/python3.12/site-packages/airflow/example_dags/tutorial_taskflow_api.py
[2026-04-25T09:14:37.013+0000] {logging_mixin.py:188} INFO - [2026-04-25T09:14:37.012+0000] {dag.py:3096} INFO - Sync 1 DAGs
[2026-04-25T09:14:37.024+0000] {logging_mixin.py:188} INFO - [2026-04-25T09:14:37.024+0000] {dag.py:3954} INFO - Setting next_dagrun for tutorial_taskflow_api to None, run_after=None
[2026-04-25T09:14:37.042+0000] {processor.py:183} INFO - Processing /usr/local/python/3.12.1/lib/python3.12/site-packages/airflow/example_dags/tutorial_taskflow_api.py took 0.058 seconds
[2026-04-25T09:15:14.518+0000] {processor.py:161} INFO - Started process (PID=15045) to work on /usr/local/python/3.12.1/lib/python3.12/site-packages/airflow/example_dags/tutorial_taskflow_api.py
[2026-04-25T09:15:14.518+0000] {processor.py:830} INFO - Processing file /usr/local/python/3.12.1/lib/python3.12/site-packages/airflow/example_dags/tutorial_taskflow_api.py for tasks to queue
[2026-04-25T09:15:14.519+0000] {logging_mixin.py:188} INFO - [2026-04-25T09:15:14.519+0000] {dagbag.py:540} INFO - Filling up the DagBag from /usr/local/python/3.12.1/lib/python3.12/site-packages/airflow/example_dags/tutorial_taskflow_api.py
[2026-04-25T09:15:14.524+0000] {processor.py:840} INFO - DAG(s) 'tutorial_taskflow_api' retrieved from /usr/local/python/3.12.1/lib/python3.12/site-packages/airflow/example_dags/tutorial_taskflow_api.py
[2026-04-25T09:15:14.536+0000] {logging_mixin.py:188} INFO - [2026-04-25T09:15:14.536+0000] {dag.py:3096} INFO - Sync 1 DAGs
[2026-04-25T09:15:14.545+0000] {logging_mixin.py:188} INFO - [2026-04-25T09:15:14.545+0000] {dag.py:3954} INFO - Setting next_dagrun for tutorial_taskflow_api to None, run_after=None
[2026-04-25T09:15:14.561+0000] {processor.py:183} INFO - Processing /usr/local/python/3.12.1/lib/python3.12/site-packages/airflow/example_dags/tutorial_taskflow_api.py took 0.047 seconds
[2026-04-25T09:15:51.646+0000] {processor.py:161} INFO - Started process (PID=15500) to work on /usr/local/python/3.12.1/lib/python3.12/site-packages/airflow/example_dags/tutorial_taskflow_api.py
[2026-04-25T09:15:51.647+0000] {processor.py:830} INFO - Processing file /usr/local/python/3.12.1/lib/python3.12/site-packages/airflow/example_dags/tutorial_taskflow_api.py for tasks to queue
[2026-04-25T09:15:51.648+0000] {logging_mixin.py:188} INFO - [2026-04-25T09:15:51.648+0000] {dagbag.py:540} INFO - Filling up the DagBag from /usr/local/python/3.12.1/lib/python3.12/site-packages/airflow/example_dags/tutorial_taskflow_api.py
[2026-04-25T09:15:51.656+0000] {processor.py:840} INFO - DAG(s) 'tutorial_taskflow_api' retrieved from /usr/local/python/3.12.1/lib/python3.12/site-packages/airflow/example_dags/tutorial_taskflow_api.py
[2026-04-25T09:15:51.677+0000] {logging_mixin.py:188} INFO - [2026-04-25T09:15:51.677+0000] {dag.py:3096} INFO - Sync 1 DAGs
[2026-04-25T09:15:51.692+0000] {logging_mixin.py:188} INFO - [2026-04-25T09:15:51.692+0000] {dag.py:3954} INFO - Setting next_dagrun for tutorial_taskflow_api to None, run_after=None
[2026-04-25T09:15:51.708+0000] {processor.py:183} INFO - Processing /usr/local/python/3.12.1/lib/python3.12/site-packages/airflow/example_dags/tutorial_taskflow_api.py took 0.066 seconds
[2026-04-25T09:16:29.629+0000] {processor.py:161} INFO - Started process (PID=15834) to work on /usr/local/python/3.12.1/lib/python3.12/site-packages/airflow/example_dags/tutorial_taskflow_api.py
[2026-04-25T09:16:29.630+0000] {processor.py:830} INFO - Processing file /usr/local/python/3.12.1/lib/python3.12/site-packages/airflow/example_dags/tutorial_taskflow_api.py for tasks to queue
[2026-04-25T09:16:29.631+0000] {logging_mixin.py:188} INFO - [2026-04-25T09:16:29.630+0000] {dagbag.py:540} INFO - Filling up the DagBag from /usr/local/python/3.12.1/lib/python3.12/site-packages/airflow/example_dags/tutorial_taskflow_api.py
[2026-04-25T09:16:29.635+0000] {processor.py:840} INFO - DAG(s) 'tutorial_taskflow_api' retrieved from /usr/local/python/3.12.1/lib/python3.12/site-packages/airflow/example_dags/tutorial_taskflow_api.py
[2026-04-25T09:16:29.647+0000] {logging_mixin.py:188} INFO - [2026-04-25T09:16:29.647+0000] {dag.py:3096} INFO - Sync 1 DAGs
[2026-04-25T09:16:29.657+0000] {logging_mixin.py:188} INFO - [2026-04-25T09:16:29.656+0000] {dag.py:3954} INFO - Setting next_dagrun for tutorial_taskflow_api to None, run_after=None
[2026-04-25T09:16:29.673+0000] {processor.py:183} INFO - Processing /usr/local/python/3.12.1/lib/python3.12/site-packages/airflow/example_dags/tutorial_taskflow_api.py took 0.049 seconds
[2026-04-25T09:17:13.591+0000] {processor.py:161} INFO - Started process (PID=16243) to work on /usr/local/python/3.12.1/lib/python3.12/site-packages/airflow/example_dags/tutorial_taskflow_api.py
[2026-04-25T09:17:13.592+0000] {processor.py:830} INFO - Processing file /usr/local/python/3.12.1/lib/python3.12/site-packages/airflow/example_dags/tutorial_taskflow_api.py for tasks to queue
[2026-04-25T09:17:13.593+0000] {logging_mixin.py:188} INFO - [2026-04-25T09:17:13.592+0000] {dagbag.py:540} INFO - Filling up the DagBag from /usr/local/python/3.12.1/lib/python3.12/site-packages/airflow/example_dags/tutorial_taskflow_api.py
[2026-04-25T09:17:13.597+0000] {processor.py:840} INFO - DAG(s) 'tutorial_taskflow_api' retrieved from /usr/local/python/3.12.1/lib/python3.12/site-packages/airflow/example_dags/tutorial_taskflow_api.py
[2026-04-25T09:17:13.603+0000] {logging_mixin.py:188} INFO - [2026-04-25T09:17:13.603+0000] {dag.py:3096} INFO - Sync 1 DAGs
[2026-04-25T09:17:13.613+0000] {logging_mixin.py:188} INFO - [2026-04-25T09:17:13.612+0000] {dag.py:3954} INFO - Setting next_dagrun for tutorial_taskflow_api to None, run_after=None
[2026-04-25T09:17:13.629+0000] {processor.py:183} INFO - Processing /usr/local/python/3.12.1/lib/python3.12/site-packages/airflow/example_dags/tutorial_taskflow_api.py took 0.042 seconds
[2026-04-25T09:17:59.233+0000] {processor.py:161} INFO - Started process (PID=16605) to work on /usr/local/python/3.12.1/lib/python3.12/site-packages/airflow/example_dags/tutorial_taskflow_api.py
[2026-04-25T09:17:59.234+0000] {processor.py:830} INFO - Processing file /usr/local/python/3.12.1/lib/python3.12/site-packages/airflow/example_dags/tutorial_taskflow_api.py for tasks to queue
[2026-04-25T09:17:59.235+0000] {logging_mixin.py:188} INFO - [2026-04-25T09:17:59.234+0000] {dagbag.py:540} INFO - Filling up the DagBag from /usr/local/python/3.12.1/lib/python3.12/site-packages/airflow/example_dags/tutorial_taskflow_api.py
[2026-04-25T09:17:59.239+0000] {processor.py:840} INFO - DAG(s) 'tutorial_taskflow_api' retrieved from /usr/local/python/3.12.1/lib/python3.12/site-packages/airflow/example_dags/tutorial_taskflow_api.py
[2026-04-25T09:17:59.316+0000] {logging_mixin.py:188} INFO - [2026-04-25T09:17:59.316+0000] {dag.py:3096} INFO - Sync 1 DAGs
[2026-04-25T09:17:59.323+0000] {logging_mixin.py:188} INFO - [2026-04-25T09:17:59.323+0000] {dag.py:3954} INFO - Setting next_dagrun for tutorial_taskflow_api to None, run_after=None
[2026-04-25T09:17:59.342+0000] {processor.py:183} INFO - Processing /usr/local/python/3.12.1/lib/python3.12/site-packages/airflow/example_dags/tutorial_taskflow_api.py took 0.113 seconds
[2026-04-25T09:18:43.395+0000] {processor.py:161} INFO - Started process (PID=16945) to work on /usr/local/python/3.12.1/lib/python3.12/site-packages/airflow/example_dags/tutorial_taskflow_api.py
[2026-04-25T09:18:43.396+0000] {processor.py:830} INFO - Processing file /usr/local/python/3.12.1/lib/python3.12/site-packages/airflow/example_dags/tutorial_taskflow_api.py for tasks to queue
[2026-04-25T09:18:43.396+0000] {logging_mixin.py:188} INFO - [2026-04-25T09:18:43.396+0000] {dagbag.py:540} INFO - Filling up the DagBag from /usr/local/python/3.12.1/lib/python3.12/site-packages/airflow/example_dags/tutorial_taskflow_api.py
[2026-04-25T09:18:43.401+0000] {processor.py:840} INFO - DAG(s) 'tutorial_taskflow_api' retrieved from /usr/local/python/3.12.1/lib/python3.12/site-packages/airflow/example_dags/tutorial_taskflow_api.py
[2026-04-25T09:18:43.413+0000] {logging_mixin.py:188} INFO - [2026-04-25T09:18:43.412+0000] {dag.py:3096} INFO - Sync 1 DAGs
[2026-04-25T09:18:43.422+0000] {logging_mixin.py:188} INFO - [2026-04-25T09:18:43.422+0000] {dag.py:3954} INFO - Setting next_dagrun for tutorial_taskflow_api to None, run_after=None
[2026-04-25T09:18:43.438+0000] {processor.py:183} INFO - Processing /usr/local/python/3.12.1/lib/python3.12/site-packages/airflow/example_dags/tutorial_taskflow_api.py took 0.047 seconds
[2026-04-25T09:19:19.591+0000] {processor.py:161} INFO - Started process (PID=17239) to work on /usr/local/python/3.12.1/lib/python3.12/site-packages/airflow/example_dags/tutorial_taskflow_api.py
[2026-04-25T09:19:19.591+0000] {processor.py:830} INFO - Processing file /usr/local/python/3.12.1/lib/python3.12/site-packages/airflow/example_dags/tutorial_taskflow_api.py for tasks to queue
[2026-04-25T09:19:19.592+0000] {logging_mixin.py:188} INFO - [2026-04-25T09:19:19.592+0000] {dagbag.py:540} INFO - Filling up the DagBag from /usr/local/python/3.12.1/lib/python3.12/site-packages/airflow/example_dags/tutorial_taskflow_api.py
[2026-04-25T09:19:19.597+0000] {processor.py:840} INFO - DAG(s) 'tutorial_taskflow_api' retrieved from /usr/local/python/3.12.1/lib/python3.12/site-packages/airflow/example_dags/tutorial_taskflow_api.py
[2026-04-25T09:19:19.609+0000] {logging_mixin.py:188} INFO - [2026-04-25T09:19:19.608+0000] {dag.py:3096} INFO - Sync 1 DAGs
[2026-04-25T09:19:19.618+0000] {logging_mixin.py:188} INFO - [2026-04-25T09:19:19.617+0000] {dag.py:3954} INFO - Setting next_dagrun for tutorial_taskflow_api to None, run_after=None
[2026-04-25T09:19:19.635+0000] {processor.py:183} INFO - Processing /usr/local/python/3.12.1/lib/python3.12/site-packages/airflow/example_dags/tutorial_taskflow_api.py took 0.049 seconds
[2026-04-25T09:19:57.858+0000] {processor.py:161} INFO - Started process (PID=17515) to work on /usr/local/python/3.12.1/lib/python3.12/site-packages/airflow/example_dags/tutorial_taskflow_api.py
[2026-04-25T09:19:57.858+0000] {processor.py:830} INFO - Processing file /usr/local/python/3.12.1/lib/python3.12/site-packages/airflow/example_dags/tutorial_taskflow_api.py for tasks to queue
[2026-04-25T09:19:57.859+0000] {logging_mixin.py:188} INFO - [2026-04-25T09:19:57.859+0000] {dagbag.py:540} INFO - Filling up the DagBag from /usr/local/python/3.12.1/lib/python3.12/site-packages/airflow/example_dags/tutorial_taskflow_api.py
[2026-04-25T09:19:57.864+0000] {processor.py:840} INFO - DAG(s) 'tutorial_taskflow_api' retrieved from /usr/local/python/3.12.1/lib/python3.12/site-packages/airflow/example_dags/tutorial_taskflow_api.py
[2026-04-25T09:19:57.877+0000] {logging_mixin.py:188} INFO - [2026-04-25T09:19:57.877+0000] {dag.py:3096} INFO - Sync 1 DAGs
[2026-04-25T09:19:57.887+0000] {logging_mixin.py:188} INFO - [2026-04-25T09:19:57.887+0000] {dag.py:3954} INFO - Setting next_dagrun for tutorial_taskflow_api to None, run_after=None
[2026-04-25T09:19:57.904+0000] {processor.py:183} INFO - Processing /usr/local/python/3.12.1/lib/python3.12/site-packages/airflow/example_dags/tutorial_taskflow_api.py took 0.050 seconds
[2026-04-25T09:20:35.459+0000] {processor.py:161} INFO - Started process (PID=17816) to work on /usr/local/python/3.12.1/lib/python3.12/site-packages/airflow/example_dags/tutorial_taskflow_api.py
[2026-04-25T09:20:35.460+0000] {processor.py:830} INFO - Processing file /usr/local/python/3.12.1/lib/python3.12/site-packages/airflow/example_dags/tutorial_taskflow_api.py for tasks to queue
[2026-04-25T09:20:35.461+0000] {logging_mixin.py:188} INFO - [2026-04-25T09:20:35.461+0000] {dagbag.py:540} INFO - Filling up the DagBag from /usr/local/python/3.12.1/lib/python3.12/site-packages/airflow/example_dags/tutorial_taskflow_api.py
[2026-04-25T09:20:35.468+0000] {processor.py:840} INFO - DAG(s) 'tutorial_taskflow_api' retrieved from /usr/local/python/3.12.1/lib/python3.12/site-packages/airflow/example_dags/tutorial_taskflow_api.py
[2026-04-25T09:20:35.481+0000] {logging_mixin.py:188} INFO - [2026-04-25T09:20:35.480+0000] {dag.py:3096} INFO - Sync 1 DAGs
[2026-04-25T09:20:35.490+0000] {logging_mixin.py:188} INFO - [2026-04-25T09:20:35.490+0000] {dag.py:3954} INFO - Setting next_dagrun for tutorial_taskflow_api to None, run_after=None
[2026-04-25T09:20:35.506+0000] {processor.py:183} INFO - Processing /usr/local/python/3.12.1/lib/python3.12/site-packages/airflow/example_dags/tutorial_taskflow_api.py took 0.059 seconds
[2026-04-25T09:21:12.772+0000] {processor.py:161} INFO - Started process (PID=18109) to work on /usr/local/python/3.12.1/lib/python3.12/site-packages/airflow/example_dags/tutorial_taskflow_api.py
[2026-04-25T09:21:12.773+0000] {processor.py:830} INFO - Processing file /usr/local/python/3.12.1/lib/python3.12/site-packages/airflow/example_dags/tutorial_taskflow_api.py for tasks to queue
[2026-04-25T09:21:12.774+0000] {logging_mixin.py:188} INFO - [2026-04-25T09:21:12.773+0000] {dagbag.py:540} INFO - Filling up the DagBag from /usr/local/python/3.12.1/lib/python3.12/site-packages/airflow/example_dags/tutorial_taskflow_api.py
[2026-04-25T09:21:12.778+0000] {processor.py:840} INFO - DAG(s) 'tutorial_taskflow_api' retrieved from /usr/local/python/3.12.1/lib/python3.12/site-packages/airflow/example_dags/tutorial_taskflow_api.py
[2026-04-25T09:21:12.790+0000] {logging_mixin.py:188} INFO - [2026-04-25T09:21:12.790+0000] {dag.py:3096} INFO - Sync 1 DAGs
[2026-04-25T09:21:12.799+0000] {logging_mixin.py:188} INFO - [2026-04-25T09:21:12.799+0000] {dag.py:3954} INFO - Setting next_dagrun for tutorial_taskflow_api to None, run_after=None
[2026-04-25T09:21:12.816+0000] {processor.py:183} INFO - Processing /usr/local/python/3.12.1/lib/python3.12/site-packages/airflow/example_dags/tutorial_taskflow_api.py took 0.048 seconds
[2026-04-25T09:21:52.352+0000] {processor.py:161} INFO - Started process (PID=18416) to work on /usr/local/python/3.12.1/lib/python3.12/site-packages/airflow/example_dags/tutorial_taskflow_api.py
[2026-04-25T09:21:52.352+0000] {processor.py:830} INFO - Processing file /usr/local/python/3.12.1/lib/python3.12/site-packages/airflow/example_dags/tutorial_taskflow_api.py for tasks to queue
[2026-04-25T09:21:52.353+0000] {logging_mixin.py:188} INFO - [2026-04-25T09:21:52.353+0000] {dagbag.py:540} INFO - Filling up the DagBag from /usr/local/python/3.12.1/lib/python3.12/site-packages/airflow/example_dags/tutorial_taskflow_api.py
[2026-04-25T09:21:52.360+0000] {processor.py:840} INFO - DAG(s) 'tutorial_taskflow_api' retrieved from /usr/local/python/3.12.1/lib/python3.12/site-packages/airflow/example_dags/tutorial_taskflow_api.py
[2026-04-25T09:21:52.373+0000] {logging_mixin.py:188} INFO - [2026-04-25T09:21:52.373+0000] {dag.py:3096} INFO - Sync 1 DAGs
[2026-04-25T09:21:52.382+0000] {logging_mixin.py:188} INFO - [2026-04-25T09:21:52.381+0000] {dag.py:3954} INFO - Setting next_dagrun for tutorial_taskflow_api to None, run_after=None
[2026-04-25T09:21:52.399+0000] {processor.py:183} INFO - Processing /usr/local/python/3.12.1/lib/python3.12/site-packages/airflow/example_dags/tutorial_taskflow_api.py took 0.052 seconds
[2026-04-25T09:22:31.851+0000] {processor.py:161} INFO - Started process (PID=18723) to work on /usr/local/python/3.12.1/lib/python3.12/site-packages/airflow/example_dags/tutorial_taskflow_api.py
[2026-04-25T09:22:31.852+0000] {processor.py:830} INFO - Processing file /usr/local/python/3.12.1/lib/python3.12/site-packages/airflow/example_dags/tutorial_taskflow_api.py for tasks to queue
[2026-04-25T09:22:31.852+0000] {logging_mixin.py:188} INFO - [2026-04-25T09:22:31.852+0000] {dagbag.py:540} INFO - Filling up the DagBag from /usr/local/python/3.12.1/lib/python3.12/site-packages/airflow/example_dags/tutorial_taskflow_api.py
[2026-04-25T09:22:31.857+0000] {processor.py:840} INFO - DAG(s) 'tutorial_taskflow_api' retrieved from /usr/local/python/3.12.1/lib/python3.12/site-packages/airflow/example_dags/tutorial_taskflow_api.py
[2026-04-25T09:22:31.869+0000] {logging_mixin.py:188} INFO - [2026-04-25T09:22:31.869+0000] {dag.py:3096} INFO - Sync 1 DAGs
[2026-04-25T09:22:31.878+0000] {logging_mixin.py:188} INFO - [2026-04-25T09:22:31.877+0000] {dag.py:3954} INFO - Setting next_dagrun for tutorial_taskflow_api to None, run_after=None
[2026-04-25T09:22:31.894+0000] {processor.py:183} INFO - Processing /usr/local/python/3.12.1/lib/python3.12/site-packages/airflow/example_dags/tutorial_taskflow_api.py took 0.048 seconds
[2026-04-25T09:23:10.974+0000] {processor.py:161} INFO - Started process (PID=19011) to work on /usr/local/python/3.12.1/lib/python3.12/site-packages/airflow/example_dags/tutorial_taskflow_api.py
[2026-04-25T09:23:10.974+0000] {processor.py:830} INFO - Processing file /usr/local/python/3.12.1/lib/python3.12/site-packages/airflow/example_dags/tutorial_taskflow_api.py for tasks to queue
[2026-04-25T09:23:10.975+0000] {logging_mixin.py:188} INFO - [2026-04-25T09:23:10.975+0000] {dagbag.py:540} INFO - Filling up the DagBag from /usr/local/python/3.12.1/lib/python3.12/site-packages/airflow/example_dags/tutorial_taskflow_api.py
[2026-04-25T09:23:10.980+0000] {processor.py:840} INFO - DAG(s) 'tutorial_taskflow_api' retrieved from /usr/local/python/3.12.1/lib/python3.12/site-packages/airflow/example_dags/tutorial_taskflow_api.py
[2026-04-25T09:23:10.992+0000] {logging_mixin.py:188} INFO - [2026-04-25T09:23:10.992+0000] {dag.py:3096} INFO - Sync 1 DAGs
[2026-04-25T09:23:11.001+0000] {logging_mixin.py:188} INFO - [2026-04-25T09:23:11.000+0000] {dag.py:3954} INFO - Setting next_dagrun for tutorial_taskflow_api to None, run_after=None
[2026-04-25T09:23:11.017+0000] {processor.py:183} INFO - Processing /usr/local/python/3.12.1/lib/python3.12/site-packages/airflow/example_dags/tutorial_taskflow_api.py took 0.048 seconds
[2026-04-25T09:23:48.158+0000] {processor.py:161} INFO - Started process (PID=19308) to work on /usr/local/python/3.12.1/lib/python3.12/site-packages/airflow/example_dags/tutorial_taskflow_api.py
[2026-04-25T09:23:48.159+0000] {processor.py:830} INFO - Processing file /usr/local/python/3.12.1/lib/python3.12/site-packages/airflow/example_dags/tutorial_taskflow_api.py for tasks to queue
[2026-04-25T09:23:48.159+0000] {logging_mixin.py:188} INFO - [2026-04-25T09:23:48.159+0000] {dagbag.py:540} INFO - Filling up the DagBag from /usr/local/python/3.12.1/lib/python3.12/site-packages/airflow/example_dags/tutorial_taskflow_api.py
[2026-04-25T09:23:48.164+0000] {processor.py:840} INFO - DAG(s) 'tutorial_taskflow_api' retrieved from /usr/local/python/3.12.1/lib/python3.12/site-packages/airflow/example_dags/tutorial_taskflow_api.py
[2026-04-25T09:23:48.176+0000] {logging_mixin.py:188} INFO - [2026-04-25T09:23:48.176+0000] {dag.py:3096} INFO - Sync 1 DAGs
[2026-04-25T09:23:48.185+0000] {logging_mixin.py:188} INFO - [2026-04-25T09:23:48.184+0000] {dag.py:3954} INFO - Setting next_dagrun for tutorial_taskflow_api to None, run_after=None
[2026-04-25T09:23:48.201+0000] {processor.py:183} INFO - Processing /usr/local/python/3.12.1/lib/python3.12/site-packages/airflow/example_dags/tutorial_taskflow_api.py took 0.047 seconds
[2026-04-25T09:24:27.948+0000] {processor.py:161} INFO - Started process (PID=19613) to work on /usr/local/python/3.12.1/lib/python3.12/site-packages/airflow/example_dags/tutorial_taskflow_api.py
[2026-04-25T09:24:27.948+0000] {processor.py:830} INFO - Processing file /usr/local/python/3.12.1/lib/python3.12/site-packages/airflow/example_dags/tutorial_taskflow_api.py for tasks to queue
[2026-04-25T09:24:27.949+0000] {logging_mixin.py:188} INFO - [2026-04-25T09:24:27.949+0000] {dagbag.py:540} INFO - Filling up the DagBag from /usr/local/python/3.12.1/lib/python3.12/site-packages/airflow/example_dags/tutorial_taskflow_api.py
[2026-04-25T09:24:27.954+0000] {processor.py:840} INFO - DAG(s) 'tutorial_taskflow_api' retrieved from /usr/local/python/3.12.1/lib/python3.12/site-packages/airflow/example_dags/tutorial_taskflow_api.py
[2026-04-25T09:24:27.969+0000] {logging_mixin.py:188} INFO - [2026-04-25T09:24:27.969+0000] {dag.py:3096} INFO - Sync 1 DAGs
[2026-04-25T09:24:27.979+0000] {logging_mixin.py:188} INFO - [2026-04-25T09:24:27.979+0000] {dag.py:3954} INFO - Setting next_dagrun for tutorial_taskflow_api to None, run_after=None
[2026-04-25T09:24:27.996+0000] {processor.py:183} INFO - Processing /usr/local/python/3.12.1/lib/python3.12/site-packages/airflow/example_dags/tutorial_taskflow_api.py took 0.052 seconds
[2026-04-25T09:25:09.056+0000] {processor.py:161} INFO - Started process (PID=19935) to work on /usr/local/python/3.12.1/lib/python3.12/site-packages/airflow/example_dags/tutorial_taskflow_api.py
[2026-04-25T09:25:09.056+0000] {processor.py:830} INFO - Processing file /usr/local/python/3.12.1/lib/python3.12/site-packages/airflow/example_dags/tutorial_taskflow_api.py for tasks to queue
[2026-04-25T09:25:09.057+0000] {logging_mixin.py:188} INFO - [2026-04-25T09:25:09.057+0000] {dagbag.py:540} INFO - Filling up the DagBag from /usr/local/python/3.12.1/lib/python3.12/site-packages/airflow/example_dags/tutorial_taskflow_api.py
[2026-04-25T09:25:09.062+0000] {processor.py:840} INFO - DAG(s) 'tutorial_taskflow_api' retrieved from /usr/local/python/3.12.1/lib/python3.12/site-packages/airflow/example_dags/tutorial_taskflow_api.py
[2026-04-25T09:25:09.073+0000] {logging_mixin.py:188} INFO - [2026-04-25T09:25:09.073+0000] {dag.py:3096} INFO - Sync 1 DAGs
[2026-04-25T09:25:09.082+0000] {logging_mixin.py:188} INFO - [2026-04-25T09:25:09.082+0000] {dag.py:3954} INFO - Setting next_dagrun for tutorial_taskflow_api to None, run_after=None
[2026-04-25T09:25:09.099+0000] {processor.py:183} INFO - Processing /usr/local/python/3.12.1/lib/python3.12/site-packages/airflow/example_dags/tutorial_taskflow_api.py took 0.048 seconds
[2026-04-25T09:25:46.078+0000] {processor.py:161} INFO - Started process (PID=20228) to work on /usr/local/python/3.12.1/lib/python3.12/site-packages/airflow/example_dags/tutorial_taskflow_api.py
[2026-04-25T09:25:46.079+0000] {processor.py:830} INFO - Processing file /usr/local/python/3.12.1/lib/python3.12/site-packages/airflow/example_dags/tutorial_taskflow_api.py for tasks to queue
[2026-04-25T09:25:46.080+0000] {logging_mixin.py:188} INFO - [2026-04-25T09:25:46.080+0000] {dagbag.py:540} INFO - Filling up the DagBag from /usr/local/python/3.12.1/lib/python3.12/site-packages/airflow/example_dags/tutorial_taskflow_api.py
[2026-04-25T09:25:46.084+0000] {processor.py:840} INFO - DAG(s) 'tutorial_taskflow_api' retrieved from /usr/local/python/3.12.1/lib/python3.12/site-packages/airflow/example_dags/tutorial_taskflow_api.py
[2026-04-25T09:25:46.096+0000] {logging_mixin.py:188} INFO - [2026-04-25T09:25:46.096+0000] {dag.py:3096} INFO - Sync 1 DAGs
[2026-04-25T09:25:46.105+0000] {logging_mixin.py:188} INFO - [2026-04-25T09:25:46.105+0000] {dag.py:3954} INFO - Setting next_dagrun for tutorial_taskflow_api to None, run_after=None
[2026-04-25T09:25:46.122+0000] {processor.py:183} INFO - Processing /usr/local/python/3.12.1/lib/python3.12/site-packages/airflow/example_dags/tutorial_taskflow_api.py took 0.048 seconds
[2026-04-25T09:26:23.830+0000] {processor.py:161} INFO - Started process (PID=20502) to work on /usr/local/python/3.12.1/lib/python3.12/site-packages/airflow/example_dags/tutorial_taskflow_api.py
[2026-04-25T09:26:23.831+0000] {processor.py:830} INFO - Processing file /usr/local/python/3.12.1/lib/python3.12/site-packages/airflow/example_dags/tutorial_taskflow_api.py for tasks to queue
[2026-04-25T09:26:23.832+0000] {logging_mixin.py:188} INFO - [2026-04-25T09:26:23.831+0000] {dagbag.py:540} INFO - Filling up the DagBag from /usr/local/python/3.12.1/lib/python3.12/site-packages/airflow/example_dags/tutorial_taskflow_api.py
[2026-04-25T09:26:23.836+0000] {processor.py:840} INFO - DAG(s) 'tutorial_taskflow_api' retrieved from /usr/local/python/3.12.1/lib/python3.12/site-packages/airflow/example_dags/tutorial_taskflow_api.py
[2026-04-25T09:26:23.849+0000] {logging_mixin.py:188} INFO - [2026-04-25T09:26:23.848+0000] {dag.py:3096} INFO - Sync 1 DAGs
[2026-04-25T09:26:23.858+0000] {logging_mixin.py:188} INFO - [2026-04-25T09:26:23.858+0000] {dag.py:3954} INFO - Setting next_dagrun for tutorial_taskflow_api to None, run_after=None
[2026-04-25T09:26:23.874+0000] {processor.py:183} INFO - Processing /usr/local/python/3.12.1/lib/python3.12/site-packages/airflow/example_dags/tutorial_taskflow_api.py took 0.048 seconds
[2026-04-25T09:27:05.695+0000] {processor.py:161} INFO - Started process (PID=20845) to work on /usr/local/python/3.12.1/lib/python3.12/site-packages/airflow/example_dags/tutorial_taskflow_api.py
[2026-04-25T09:27:05.696+0000] {processor.py:830} INFO - Processing file /usr/local/python/3.12.1/lib/python3.12/site-packages/airflow/example_dags/tutorial_taskflow_api.py for tasks to queue
[2026-04-25T09:27:05.696+0000] {logging_mixin.py:188} INFO - [2026-04-25T09:27:05.696+0000] {dagbag.py:540} INFO - Filling up the DagBag from /usr/local/python/3.12.1/lib/python3.12/site-packages/airflow/example_dags/tutorial_taskflow_api.py
[2026-04-25T09:27:05.701+0000] {processor.py:840} INFO - DAG(s) 'tutorial_taskflow_api' retrieved from /usr/local/python/3.12.1/lib/python3.12/site-packages/airflow/example_dags/tutorial_taskflow_api.py
[2026-04-25T09:27:05.713+0000] {logging_mixin.py:188} INFO - [2026-04-25T09:27:05.712+0000] {dag.py:3096} INFO - Sync 1 DAGs
[2026-04-25T09:27:05.722+0000] {logging_mixin.py:188} INFO - [2026-04-25T09:27:05.722+0000] {dag.py:3954} INFO - Setting next_dagrun for tutorial_taskflow_api to None, run_after=None
[2026-04-25T09:27:05.739+0000] {processor.py:183} INFO - Processing /usr/local/python/3.12.1/lib/python3.12/site-packages/airflow/example_dags/tutorial_taskflow_api.py took 0.048 seconds
[2026-04-25T09:27:45.199+0000] {processor.py:161} INFO - Started process (PID=21131) to work on /usr/local/python/3.12.1/lib/python3.12/site-packages/airflow/example_dags/tutorial_taskflow_api.py
[2026-04-25T09:27:45.200+0000] {processor.py:830} INFO - Processing file /usr/local/python/3.12.1/lib/python3.12/site-packages/airflow/example_dags/tutorial_taskflow_api.py for tasks to queue
[2026-04-25T09:27:45.200+0000] {logging_mixin.py:188} INFO - [2026-04-25T09:27:45.200+0000] {dagbag.py:540} INFO - Filling up the DagBag from /usr/local/python/3.12.1/lib/python3.12/site-packages/airflow/example_dags/tutorial_taskflow_api.py
[2026-04-25T09:27:45.205+0000] {processor.py:840} INFO - DAG(s) 'tutorial_taskflow_api' retrieved from /usr/local/python/3.12.1/lib/python3.12/site-packages/airflow/example_dags/tutorial_taskflow_api.py
[2026-04-25T09:27:45.217+0000] {logging_mixin.py:188} INFO - [2026-04-25T09:27:45.216+0000] {dag.py:3096} INFO - Sync 1 DAGs
[2026-04-25T09:27:45.225+0000] {logging_mixin.py:188} INFO - [2026-04-25T09:27:45.225+0000] {dag.py:3954} INFO - Setting next_dagrun for tutorial_taskflow_api to None, run_after=None
[2026-04-25T09:27:45.241+0000] {processor.py:183} INFO - Processing /usr/local/python/3.12.1/lib/python3.12/site-packages/airflow/example_dags/tutorial_taskflow_api.py took 0.046 seconds
[2026-04-25T09:28:29.324+0000] {processor.py:161} INFO - Started process (PID=21485) to work on /usr/local/python/3.12.1/lib/python3.12/site-packages/airflow/example_dags/tutorial_taskflow_api.py
[2026-04-25T09:28:29.325+0000] {processor.py:830} INFO - Processing file /usr/local/python/3.12.1/lib/python3.12/site-packages/airflow/example_dags/tutorial_taskflow_api.py for tasks to queue
[2026-04-25T09:28:29.326+0000] {logging_mixin.py:188} INFO - [2026-04-25T09:28:29.325+0000] {dagbag.py:540} INFO - Filling up the DagBag from /usr/local/python/3.12.1/lib/python3.12/site-packages/airflow/example_dags/tutorial_taskflow_api.py
[2026-04-25T09:28:29.330+0000] {processor.py:840} INFO - DAG(s) 'tutorial_taskflow_api' retrieved from /usr/local/python/3.12.1/lib/python3.12/site-packages/airflow/example_dags/tutorial_taskflow_api.py
[2026-04-25T09:28:29.342+0000] {logging_mixin.py:188} INFO - [2026-04-25T09:28:29.342+0000] {dag.py:3096} INFO - Sync 1 DAGs
[2026-04-25T09:28:29.351+0000] {logging_mixin.py:188} INFO - [2026-04-25T09:28:29.351+0000] {dag.py:3954} INFO - Setting next_dagrun for tutorial_taskflow_api to None, run_after=None
[2026-04-25T09:28:29.367+0000] {processor.py:183} INFO - Processing /usr/local/python/3.12.1/lib/python3.12/site-packages/airflow/example_dags/tutorial_taskflow_api.py took 0.047 seconds
[2026-04-25T09:29:10.437+0000] {processor.py:161} INFO - Started process (PID=21804) to work on /usr/local/python/3.12.1/lib/python3.12/site-packages/airflow/example_dags/tutorial_taskflow_api.py
[2026-04-25T09:29:10.437+0000] {processor.py:830} INFO - Processing file /usr/local/python/3.12.1/lib/python3.12/site-packages/airflow/example_dags/tutorial_taskflow_api.py for tasks to queue
[2026-04-25T09:29:10.438+0000] {logging_mixin.py:188} INFO - [2026-04-25T09:29:10.438+0000] {dagbag.py:540} INFO - Filling up the DagBag from /usr/local/python/3.12.1/lib/python3.12/site-packages/airflow/example_dags/tutorial_taskflow_api.py
[2026-04-25T09:29:10.443+0000] {processor.py:840} INFO - DAG(s) 'tutorial_taskflow_api' retrieved from /usr/local/python/3.12.1/lib/python3.12/site-packages/airflow/example_dags/tutorial_taskflow_api.py
[2026-04-25T09:29:10.454+0000] {logging_mixin.py:188} INFO - [2026-04-25T09:29:10.454+0000] {dag.py:3096} INFO - Sync 1 DAGs
[2026-04-25T09:29:10.463+0000] {logging_mixin.py:188} INFO - [2026-04-25T09:29:10.463+0000] {dag.py:3954} INFO - Setting next_dagrun for tutorial_taskflow_api to None, run_after=None
[2026-04-25T09:29:10.479+0000] {processor.py:183} INFO - Processing /usr/local/python/3.12.1/lib/python3.12/site-packages/airflow/example_dags/tutorial_taskflow_api.py took 0.046 seconds
[2026-04-25T09:29:50.364+0000] {processor.py:161} INFO - Started process (PID=22112) to work on /usr/local/python/3.12.1/lib/python3.12/site-packages/airflow/example_dags/tutorial_taskflow_api.py
[2026-04-25T09:29:50.365+0000] {processor.py:830} INFO - Processing file /usr/local/python/3.12.1/lib/python3.12/site-packages/airflow/example_dags/tutorial_taskflow_api.py for tasks to queue
[2026-04-25T09:29:50.365+0000] {logging_mixin.py:188} INFO - [2026-04-25T09:29:50.365+0000] {dagbag.py:540} INFO - Filling up the DagBag from /usr/local/python/3.12.1/lib/python3.12/site-packages/airflow/example_dags/tutorial_taskflow_api.py
[2026-04-25T09:29:50.370+0000] {processor.py:840} INFO - DAG(s) 'tutorial_taskflow_api' retrieved from /usr/local/python/3.12.1/lib/python3.12/site-packages/airflow/example_dags/tutorial_taskflow_api.py
[2026-04-25T09:29:50.381+0000] {logging_mixin.py:188} INFO - [2026-04-25T09:29:50.381+0000] {dag.py:3096} INFO - Sync 1 DAGs
[2026-04-25T09:29:50.390+0000] {logging_mixin.py:188} INFO - [2026-04-25T09:29:50.390+0000] {dag.py:3954} INFO - Setting next_dagrun for tutorial_taskflow_api to None, run_after=None
[2026-04-25T09:29:50.407+0000] {processor.py:183} INFO - Processing /usr/local/python/3.12.1/lib/python3.12/site-packages/airflow/example_dags/tutorial_taskflow_api.py took 0.047 seconds
[2026-04-25T09:30:27.444+0000] {processor.py:161} INFO - Started process (PID=22389) to work on /usr/local/python/3.12.1/lib/python3.12/site-packages/airflow/example_dags/tutorial_taskflow_api.py
[2026-04-25T09:30:27.444+0000] {processor.py:830} INFO - Processing file /usr/local/python/3.12.1/lib/python3.12/site-packages/airflow/example_dags/tutorial_taskflow_api.py for tasks to queue
[2026-04-25T09:30:27.445+0000] {logging_mixin.py:188} INFO - [2026-04-25T09:30:27.445+0000] {dagbag.py:540} INFO - Filling up the DagBag from /usr/local/python/3.12.1/lib/python3.12/site-packages/airflow/example_dags/tutorial_taskflow_api.py
[2026-04-25T09:30:27.450+0000] {processor.py:840} INFO - DAG(s) 'tutorial_taskflow_api' retrieved from /usr/local/python/3.12.1/lib/python3.12/site-packages/airflow/example_dags/tutorial_taskflow_api.py
[2026-04-25T09:30:27.468+0000] {logging_mixin.py:188} INFO - [2026-04-25T09:30:27.467+0000] {dag.py:3096} INFO - Sync 1 DAGs
[2026-04-25T09:30:27.484+0000] {logging_mixin.py:188} INFO - [2026-04-25T09:30:27.484+0000] {dag.py:3954} INFO - Setting next_dagrun for tutorial_taskflow_api to None, run_after=None
[2026-04-25T09:30:27.509+0000] {processor.py:183} INFO - Processing /usr/local/python/3.12.1/lib/python3.12/site-packages/airflow/example_dags/tutorial_taskflow_api.py took 0.069 seconds
[2026-04-25T09:31:12.849+0000] {processor.py:161} INFO - Started process (PID=22745) to work on /usr/local/python/3.12.1/lib/python3.12/site-packages/airflow/example_dags/tutorial_taskflow_api.py
[2026-04-25T09:31:12.850+0000] {processor.py:830} INFO - Processing file /usr/local/python/3.12.1/lib/python3.12/site-packages/airflow/example_dags/tutorial_taskflow_api.py for tasks to queue
[2026-04-25T09:31:12.851+0000] {logging_mixin.py:188} INFO - [2026-04-25T09:31:12.850+0000] {dagbag.py:540} INFO - Filling up the DagBag from /usr/local/python/3.12.1/lib/python3.12/site-packages/airflow/example_dags/tutorial_taskflow_api.py
[2026-04-25T09:31:12.856+0000] {processor.py:840} INFO - DAG(s) 'tutorial_taskflow_api' retrieved from /usr/local/python/3.12.1/lib/python3.12/site-packages/airflow/example_dags/tutorial_taskflow_api.py
[2026-04-25T09:31:12.867+0000] {logging_mixin.py:188} INFO - [2026-04-25T09:31:12.867+0000] {dag.py:3096} INFO - Sync 1 DAGs
[2026-04-25T09:31:12.876+0000] {logging_mixin.py:188} INFO - [2026-04-25T09:31:12.876+0000] {dag.py:3954} INFO - Setting next_dagrun for tutorial_taskflow_api to None, run_after=None
[2026-04-25T09:31:12.895+0000] {processor.py:183} INFO - Processing /usr/local/python/3.12.1/lib/python3.12/site-packages/airflow/example_dags/tutorial_taskflow_api.py took 0.051 seconds
[2026-04-25T09:31:54.559+0000] {processor.py:161} INFO - Started process (PID=23067) to work on /usr/local/python/3.12.1/lib/python3.12/site-packages/airflow/example_dags/tutorial_taskflow_api.py
[2026-04-25T09:31:54.560+0000] {processor.py:830} INFO - Processing file /usr/local/python/3.12.1/lib/python3.12/site-packages/airflow/example_dags/tutorial_taskflow_api.py for tasks to queue
[2026-04-25T09:31:54.561+0000] {logging_mixin.py:188} INFO - [2026-04-25T09:31:54.560+0000] {dagbag.py:540} INFO - Filling up the DagBag from /usr/local/python/3.12.1/lib/python3.12/site-packages/airflow/example_dags/tutorial_taskflow_api.py
[2026-04-25T09:31:54.566+0000] {processor.py:840} INFO - DAG(s) 'tutorial_taskflow_api' retrieved from /usr/local/python/3.12.1/lib/python3.12/site-packages/airflow/example_dags/tutorial_taskflow_api.py
[2026-04-25T09:31:54.577+0000] {logging_mixin.py:188} INFO - [2026-04-25T09:31:54.577+0000] {dag.py:3096} INFO - Sync 1 DAGs
[2026-04-25T09:31:54.588+0000] {logging_mixin.py:188} INFO - [2026-04-25T09:31:54.588+0000] {dag.py:3954} INFO - Setting next_dagrun for tutorial_taskflow_api to None, run_after=None
[2026-04-25T09:31:54.605+0000] {processor.py:183} INFO - Processing /usr/local/python/3.12.1/lib/python3.12/site-packages/airflow/example_dags/tutorial_taskflow_api.py took 0.050 seconds
[2026-04-25T09:32:39.172+0000] {processor.py:161} INFO - Started process (PID=23394) to work on /usr/local/python/3.12.1/lib/python3.12/site-packages/airflow/example_dags/tutorial_taskflow_api.py
[2026-04-25T09:32:39.172+0000] {processor.py:830} INFO - Processing file /usr/local/python/3.12.1/lib/python3.12/site-packages/airflow/example_dags/tutorial_taskflow_api.py for tasks to queue
[2026-04-25T09:32:39.173+0000] {logging_mixin.py:188} INFO - [2026-04-25T09:32:39.173+0000] {dagbag.py:540} INFO - Filling up the DagBag from /usr/local/python/3.12.1/lib/python3.12/site-packages/airflow/example_dags/tutorial_taskflow_api.py
[2026-04-25T09:32:39.178+0000] {processor.py:840} INFO - DAG(s) 'tutorial_taskflow_api' retrieved from /usr/local/python/3.12.1/lib/python3.12/site-packages/airflow/example_dags/tutorial_taskflow_api.py
[2026-04-25T09:32:39.189+0000] {logging_mixin.py:188} INFO - [2026-04-25T09:32:39.189+0000] {dag.py:3096} INFO - Sync 1 DAGs
[2026-04-25T09:32:39.198+0000] {logging_mixin.py:188} INFO - [2026-04-25T09:32:39.198+0000] {dag.py:3954} INFO - Setting next_dagrun for tutorial_taskflow_api to None, run_after=None
[2026-04-25T09:32:39.214+0000] {processor.py:183} INFO - Processing /usr/local/python/3.12.1/lib/python3.12/site-packages/airflow/example_dags/tutorial_taskflow_api.py took 0.047 seconds
[2026-04-25T09:33:23.319+0000] {processor.py:161} INFO - Started process (PID=23748) to work on /usr/local/python/3.12.1/lib/python3.12/site-packages/airflow/example_dags/tutorial_taskflow_api.py
[2026-04-25T09:33:23.321+0000] {processor.py:830} INFO - Processing file /usr/local/python/3.12.1/lib/python3.12/site-packages/airflow/example_dags/tutorial_taskflow_api.py for tasks to queue
[2026-04-25T09:33:23.322+0000] {logging_mixin.py:188} INFO - [2026-04-25T09:33:23.322+0000] {dagbag.py:540} INFO - Filling up the DagBag from /usr/local/python/3.12.1/lib/python3.12/site-packages/airflow/example_dags/tutorial_taskflow_api.py
[2026-04-25T09:33:23.330+0000] {processor.py:840} INFO - DAG(s) 'tutorial_taskflow_api' retrieved from /usr/local/python/3.12.1/lib/python3.12/site-packages/airflow/example_dags/tutorial_taskflow_api.py
[2026-04-25T09:33:23.488+0000] {logging_mixin.py:188} INFO - [2026-04-25T09:33:23.487+0000] {dag.py:3096} INFO - Sync 1 DAGs
[2026-04-25T09:33:23.495+0000] {logging_mixin.py:188} INFO - [2026-04-25T09:33:23.495+0000] {dag.py:3954} INFO - Setting next_dagrun for tutorial_taskflow_api to None, run_after=None
[2026-04-25T09:33:23.510+0000] {processor.py:183} INFO - Processing /usr/local/python/3.12.1/lib/python3.12/site-packages/airflow/example_dags/tutorial_taskflow_api.py took 0.198 seconds
[2026-04-25T09:34:10.432+0000] {processor.py:161} INFO - Started process (PID=24093) to work on /usr/local/python/3.12.1/lib/python3.12/site-packages/airflow/example_dags/tutorial_taskflow_api.py
[2026-04-25T09:34:10.433+0000] {processor.py:830} INFO - Processing file /usr/local/python/3.12.1/lib/python3.12/site-packages/airflow/example_dags/tutorial_taskflow_api.py for tasks to queue
[2026-04-25T09:34:10.434+0000] {logging_mixin.py:188} INFO - [2026-04-25T09:34:10.433+0000] {dagbag.py:540} INFO - Filling up the DagBag from /usr/local/python/3.12.1/lib/python3.12/site-packages/airflow/example_dags/tutorial_taskflow_api.py
[2026-04-25T09:34:10.438+0000] {processor.py:840} INFO - DAG(s) 'tutorial_taskflow_api' retrieved from /usr/local/python/3.12.1/lib/python3.12/site-packages/airflow/example_dags/tutorial_taskflow_api.py
[2026-04-25T09:34:10.450+0000] {logging_mixin.py:188} INFO - [2026-04-25T09:34:10.450+0000] {dag.py:3096} INFO - Sync 1 DAGs
[2026-04-25T09:34:10.459+0000] {logging_mixin.py:188} INFO - [2026-04-25T09:34:10.459+0000] {dag.py:3954} INFO - Setting next_dagrun for tutorial_taskflow_api to None, run_after=None
[2026-04-25T09:34:10.475+0000] {processor.py:183} INFO - Processing /usr/local/python/3.12.1/lib/python3.12/site-packages/airflow/example_dags/tutorial_taskflow_api.py took 0.047 seconds
[2026-04-25T09:34:48.385+0000] {processor.py:161} INFO - Started process (PID=24397) to work on /usr/local/python/3.12.1/lib/python3.12/site-packages/airflow/example_dags/tutorial_taskflow_api.py
[2026-04-25T09:34:48.386+0000] {processor.py:830} INFO - Processing file /usr/local/python/3.12.1/lib/python3.12/site-packages/airflow/example_dags/tutorial_taskflow_api.py for tasks to queue
[2026-04-25T09:34:48.387+0000] {logging_mixin.py:188} INFO - [2026-04-25T09:34:48.386+0000] {dagbag.py:540} INFO - Filling up the DagBag from /usr/local/python/3.12.1/lib/python3.12/site-packages/airflow/example_dags/tutorial_taskflow_api.py
[2026-04-25T09:34:48.391+0000] {processor.py:840} INFO - DAG(s) 'tutorial_taskflow_api' retrieved from /usr/local/python/3.12.1/lib/python3.12/site-packages/airflow/example_dags/tutorial_taskflow_api.py
[2026-04-25T09:34:48.403+0000] {logging_mixin.py:188} INFO - [2026-04-25T09:34:48.403+0000] {dag.py:3096} INFO - Sync 1 DAGs
[2026-04-25T09:34:48.413+0000] {logging_mixin.py:188} INFO - [2026-04-25T09:34:48.412+0000] {dag.py:3954} INFO - Setting next_dagrun for tutorial_taskflow_api to None, run_after=None
[2026-04-25T09:34:48.435+0000] {processor.py:183} INFO - Processing /usr/local/python/3.12.1/lib/python3.12/site-packages/airflow/example_dags/tutorial_taskflow_api.py took 0.054 seconds
[2026-04-25T09:35:25.877+0000] {processor.py:161} INFO - Started process (PID=24689) to work on /usr/local/python/3.12.1/lib/python3.12/site-packages/airflow/example_dags/tutorial_taskflow_api.py
[2026-04-25T09:35:25.877+0000] {processor.py:830} INFO - Processing file /usr/local/python/3.12.1/lib/python3.12/site-packages/airflow/example_dags/tutorial_taskflow_api.py for tasks to queue
[2026-04-25T09:35:25.878+0000] {logging_mixin.py:188} INFO - [2026-04-25T09:35:25.878+0000] {dagbag.py:540} INFO - Filling up the DagBag from /usr/local/python/3.12.1/lib/python3.12/site-packages/airflow/example_dags/tutorial_taskflow_api.py
[2026-04-25T09:35:25.883+0000] {processor.py:840} INFO - DAG(s) 'tutorial_taskflow_api' retrieved from /usr/local/python/3.12.1/lib/python3.12/site-packages/airflow/example_dags/tutorial_taskflow_api.py
[2026-04-25T09:35:25.894+0000] {logging_mixin.py:188} INFO - [2026-04-25T09:35:25.894+0000] {dag.py:3096} INFO - Sync 1 DAGs
[2026-04-25T09:35:25.903+0000] {logging_mixin.py:188} INFO - [2026-04-25T09:35:25.903+0000] {dag.py:3954} INFO - Setting next_dagrun for tutorial_taskflow_api to None, run_after=None
[2026-04-25T09:35:25.919+0000] {processor.py:183} INFO - Processing /usr/local/python/3.12.1/lib/python3.12/site-packages/airflow/example_dags/tutorial_taskflow_api.py took 0.046 seconds
[2026-04-25T09:36:04.245+0000] {processor.py:161} INFO - Started process (PID=24970) to work on /usr/local/python/3.12.1/lib/python3.12/site-packages/airflow/example_dags/tutorial_taskflow_api.py
[2026-04-25T09:36:04.245+0000] {processor.py:830} INFO - Processing file /usr/local/python/3.12.1/lib/python3.12/site-packages/airflow/example_dags/tutorial_taskflow_api.py for tasks to queue
[2026-04-25T09:36:04.246+0000] {logging_mixin.py:188} INFO - [2026-04-25T09:36:04.246+0000] {dagbag.py:540} INFO - Filling up the DagBag from /usr/local/python/3.12.1/lib/python3.12/site-packages/airflow/example_dags/tutorial_taskflow_api.py
[2026-04-25T09:36:04.251+0000] {processor.py:840} INFO - DAG(s) 'tutorial_taskflow_api' retrieved from /usr/local/python/3.12.1/lib/python3.12/site-packages/airflow/example_dags/tutorial_taskflow_api.py
[2026-04-25T09:36:04.262+0000] {logging_mixin.py:188} INFO - [2026-04-25T09:36:04.262+0000] {dag.py:3096} INFO - Sync 1 DAGs
[2026-04-25T09:36:04.275+0000] {logging_mixin.py:188} INFO - [2026-04-25T09:36:04.275+0000] {dag.py:3954} INFO - Setting next_dagrun for tutorial_taskflow_api to None, run_after=None
[2026-04-25T09:36:04.295+0000] {processor.py:183} INFO - Processing /usr/local/python/3.12.1/lib/python3.12/site-packages/airflow/example_dags/tutorial_taskflow_api.py took 0.055 seconds
[2026-04-25T09:36:43.432+0000] {processor.py:161} INFO - Started process (PID=25276) to work on /usr/local/python/3.12.1/lib/python3.12/site-packages/airflow/example_dags/tutorial_taskflow_api.py
[2026-04-25T09:36:43.433+0000] {processor.py:830} INFO - Processing file /usr/local/python/3.12.1/lib/python3.12/site-packages/airflow/example_dags/tutorial_taskflow_api.py for tasks to queue
[2026-04-25T09:36:43.434+0000] {logging_mixin.py:188} INFO - [2026-04-25T09:36:43.434+0000] {dagbag.py:540} INFO - Filling up the DagBag from /usr/local/python/3.12.1/lib/python3.12/site-packages/airflow/example_dags/tutorial_taskflow_api.py
[2026-04-25T09:36:43.440+0000] {processor.py:840} INFO - DAG(s) 'tutorial_taskflow_api' retrieved from /usr/local/python/3.12.1/lib/python3.12/site-packages/airflow/example_dags/tutorial_taskflow_api.py
[2026-04-25T09:36:43.452+0000] {logging_mixin.py:188} INFO - [2026-04-25T09:36:43.451+0000] {dag.py:3096} INFO - Sync 1 DAGs
[2026-04-25T09:36:43.461+0000] {logging_mixin.py:188} INFO - [2026-04-25T09:36:43.460+0000] {dag.py:3954} INFO - Setting next_dagrun for tutorial_taskflow_api to None, run_after=None
[2026-04-25T09:36:43.478+0000] {processor.py:183} INFO - Processing /usr/local/python/3.12.1/lib/python3.12/site-packages/airflow/example_dags/tutorial_taskflow_api.py took 0.049 seconds
[2026-04-25T09:37:25.254+0000] {processor.py:161} INFO - Started process (PID=25602) to work on /usr/local/python/3.12.1/lib/python3.12/site-packages/airflow/example_dags/tutorial_taskflow_api.py
[2026-04-25T09:37:25.255+0000] {processor.py:830} INFO - Processing file /usr/local/python/3.12.1/lib/python3.12/site-packages/airflow/example_dags/tutorial_taskflow_api.py for tasks to queue
[2026-04-25T09:37:25.256+0000] {logging_mixin.py:188} INFO - [2026-04-25T09:37:25.255+0000] {dagbag.py:540} INFO - Filling up the DagBag from /usr/local/python/3.12.1/lib/python3.12/site-packages/airflow/example_dags/tutorial_taskflow_api.py
[2026-04-25T09:37:25.260+0000] {processor.py:840} INFO - DAG(s) 'tutorial_taskflow_api' retrieved from /usr/local/python/3.12.1/lib/python3.12/site-packages/airflow/example_dags/tutorial_taskflow_api.py
[2026-04-25T09:37:25.273+0000] {logging_mixin.py:188} INFO - [2026-04-25T09:37:25.272+0000] {dag.py:3096} INFO - Sync 1 DAGs
[2026-04-25T09:37:25.281+0000] {logging_mixin.py:188} INFO - [2026-04-25T09:37:25.281+0000] {dag.py:3954} INFO - Setting next_dagrun for tutorial_taskflow_api to None, run_after=None
[2026-04-25T09:37:25.299+0000] {processor.py:183} INFO - Processing /usr/local/python/3.12.1/lib/python3.12/site-packages/airflow/example_dags/tutorial_taskflow_api.py took 0.049 seconds
[2026-04-25T09:38:06.404+0000] {processor.py:161} INFO - Started process (PID=25915) to work on /usr/local/python/3.12.1/lib/python3.12/site-packages/airflow/example_dags/tutorial_taskflow_api.py
[2026-04-25T09:38:06.405+0000] {processor.py:830} INFO - Processing file /usr/local/python/3.12.1/lib/python3.12/site-packages/airflow/example_dags/tutorial_taskflow_api.py for tasks to queue
[2026-04-25T09:38:06.406+0000] {logging_mixin.py:188} INFO - [2026-04-25T09:38:06.405+0000] {dagbag.py:540} INFO - Filling up the DagBag from /usr/local/python/3.12.1/lib/python3.12/site-packages/airflow/example_dags/tutorial_taskflow_api.py
[2026-04-25T09:38:06.414+0000] {processor.py:840} INFO - DAG(s) 'tutorial_taskflow_api' retrieved from /usr/local/python/3.12.1/lib/python3.12/site-packages/airflow/example_dags/tutorial_taskflow_api.py
[2026-04-25T09:38:06.432+0000] {logging_mixin.py:188} INFO - [2026-04-25T09:38:06.431+0000] {dag.py:3096} INFO - Sync 1 DAGs
[2026-04-25T09:38:06.446+0000] {logging_mixin.py:188} INFO - [2026-04-25T09:38:06.445+0000] {dag.py:3954} INFO - Setting next_dagrun for tutorial_taskflow_api to None, run_after=None
[2026-04-25T09:38:06.478+0000] {processor.py:183} INFO - Processing /usr/local/python/3.12.1/lib/python3.12/site-packages/airflow/example_dags/tutorial_taskflow_api.py took 0.078 seconds
[2026-04-25T09:38:47.450+0000] {processor.py:161} INFO - Started process (PID=26229) to work on /usr/local/python/3.12.1/lib/python3.12/site-packages/airflow/example_dags/tutorial_taskflow_api.py
[2026-04-25T09:38:47.451+0000] {processor.py:830} INFO - Processing file /usr/local/python/3.12.1/lib/python3.12/site-packages/airflow/example_dags/tutorial_taskflow_api.py for tasks to queue
[2026-04-25T09:38:47.452+0000] {logging_mixin.py:188} INFO - [2026-04-25T09:38:47.451+0000] {dagbag.py:540} INFO - Filling up the DagBag from /usr/local/python/3.12.1/lib/python3.12/site-packages/airflow/example_dags/tutorial_taskflow_api.py
[2026-04-25T09:38:47.456+0000] {processor.py:840} INFO - DAG(s) 'tutorial_taskflow_api' retrieved from /usr/local/python/3.12.1/lib/python3.12/site-packages/airflow/example_dags/tutorial_taskflow_api.py
[2026-04-25T09:38:47.468+0000] {logging_mixin.py:188} INFO - [2026-04-25T09:38:47.468+0000] {dag.py:3096} INFO - Sync 1 DAGs
[2026-04-25T09:38:47.477+0000] {logging_mixin.py:188} INFO - [2026-04-25T09:38:47.476+0000] {dag.py:3954} INFO - Setting next_dagrun for tutorial_taskflow_api to None, run_after=None
[2026-04-25T09:38:47.494+0000] {processor.py:183} INFO - Processing /usr/local/python/3.12.1/lib/python3.12/site-packages/airflow/example_dags/tutorial_taskflow_api.py took 0.048 seconds
[2026-04-25T09:39:27.721+0000] {processor.py:161} INFO - Started process (PID=26542) to work on /usr/local/python/3.12.1/lib/python3.12/site-packages/airflow/example_dags/tutorial_taskflow_api.py
[2026-04-25T09:39:27.721+0000] {processor.py:830} INFO - Processing file /usr/local/python/3.12.1/lib/python3.12/site-packages/airflow/example_dags/tutorial_taskflow_api.py for tasks to queue
[2026-04-25T09:39:27.722+0000] {logging_mixin.py:188} INFO - [2026-04-25T09:39:27.722+0000] {dagbag.py:540} INFO - Filling up the DagBag from /usr/local/python/3.12.1/lib/python3.12/site-packages/airflow/example_dags/tutorial_taskflow_api.py
[2026-04-25T09:39:27.726+0000] {processor.py:840} INFO - DAG(s) 'tutorial_taskflow_api' retrieved from /usr/local/python/3.12.1/lib/python3.12/site-packages/airflow/example_dags/tutorial_taskflow_api.py
[2026-04-25T09:39:27.738+0000] {logging_mixin.py:188} INFO - [2026-04-25T09:39:27.738+0000] {dag.py:3096} INFO - Sync 1 DAGs
[2026-04-25T09:39:27.747+0000] {logging_mixin.py:188} INFO - [2026-04-25T09:39:27.747+0000] {dag.py:3954} INFO - Setting next_dagrun for tutorial_taskflow_api to None, run_after=None
[2026-04-25T09:39:27.764+0000] {processor.py:183} INFO - Processing /usr/local/python/3.12.1/lib/python3.12/site-packages/airflow/example_dags/tutorial_taskflow_api.py took 0.048 seconds
[2026-04-25T09:40:07.122+0000] {processor.py:161} INFO - Started process (PID=26855) to work on /usr/local/python/3.12.1/lib/python3.12/site-packages/airflow/example_dags/tutorial_taskflow_api.py
[2026-04-25T09:40:07.122+0000] {processor.py:830} INFO - Processing file /usr/local/python/3.12.1/lib/python3.12/site-packages/airflow/example_dags/tutorial_taskflow_api.py for tasks to queue
[2026-04-25T09:40:07.123+0000] {logging_mixin.py:188} INFO - [2026-04-25T09:40:07.123+0000] {dagbag.py:540} INFO - Filling up the DagBag from /usr/local/python/3.12.1/lib/python3.12/site-packages/airflow/example_dags/tutorial_taskflow_api.py
[2026-04-25T09:40:07.128+0000] {processor.py:840} INFO - DAG(s) 'tutorial_taskflow_api' retrieved from /usr/local/python/3.12.1/lib/python3.12/site-packages/airflow/example_dags/tutorial_taskflow_api.py
[2026-04-25T09:40:07.140+0000] {logging_mixin.py:188} INFO - [2026-04-25T09:40:07.139+0000] {dag.py:3096} INFO - Sync 1 DAGs
[2026-04-25T09:40:07.149+0000] {logging_mixin.py:188} INFO - [2026-04-25T09:40:07.149+0000] {dag.py:3954} INFO - Setting next_dagrun for tutorial_taskflow_api to None, run_after=None
[2026-04-25T09:40:07.167+0000] {processor.py:183} INFO - Processing /usr/local/python/3.12.1/lib/python3.12/site-packages/airflow/example_dags/tutorial_taskflow_api.py took 0.050 seconds
[2026-04-25T09:40:44.861+0000] {processor.py:161} INFO - Started process (PID=27149) to work on /usr/local/python/3.12.1/lib/python3.12/site-packages/airflow/example_dags/tutorial_taskflow_api.py
[2026-04-25T09:40:44.862+0000] {processor.py:830} INFO - Processing file /usr/local/python/3.12.1/lib/python3.12/site-packages/airflow/example_dags/tutorial_taskflow_api.py for tasks to queue
[2026-04-25T09:40:44.862+0000] {logging_mixin.py:188} INFO - [2026-04-25T09:40:44.862+0000] {dagbag.py:540} INFO - Filling up the DagBag from /usr/local/python/3.12.1/lib/python3.12/site-packages/airflow/example_dags/tutorial_taskflow_api.py
[2026-04-25T09:40:44.867+0000] {processor.py:840} INFO - DAG(s) 'tutorial_taskflow_api' retrieved from /usr/local/python/3.12.1/lib/python3.12/site-packages/airflow/example_dags/tutorial_taskflow_api.py
[2026-04-25T09:40:44.881+0000] {logging_mixin.py:188} INFO - [2026-04-25T09:40:44.880+0000] {dag.py:3096} INFO - Sync 1 DAGs
[2026-04-25T09:40:44.892+0000] {logging_mixin.py:188} INFO - [2026-04-25T09:40:44.891+0000] {dag.py:3954} INFO - Setting next_dagrun for tutorial_taskflow_api to None, run_after=None
[2026-04-25T09:40:44.909+0000] {processor.py:183} INFO - Processing /usr/local/python/3.12.1/lib/python3.12/site-packages/airflow/example_dags/tutorial_taskflow_api.py took 0.053 seconds
[2026-04-25T09:41:24.171+0000] {processor.py:161} INFO - Started process (PID=27455) to work on /usr/local/python/3.12.1/lib/python3.12/site-packages/airflow/example_dags/tutorial_taskflow_api.py
[2026-04-25T09:41:24.172+0000] {processor.py:830} INFO - Processing file /usr/local/python/3.12.1/lib/python3.12/site-packages/airflow/example_dags/tutorial_taskflow_api.py for tasks to queue
[2026-04-25T09:41:24.173+0000] {logging_mixin.py:188} INFO - [2026-04-25T09:41:24.172+0000] {dagbag.py:540} INFO - Filling up the DagBag from /usr/local/python/3.12.1/lib/python3.12/site-packages/airflow/example_dags/tutorial_taskflow_api.py
[2026-04-25T09:41:24.177+0000] {processor.py:840} INFO - DAG(s) 'tutorial_taskflow_api' retrieved from /usr/local/python/3.12.1/lib/python3.12/site-packages/airflow/example_dags/tutorial_taskflow_api.py
[2026-04-25T09:41:24.188+0000] {logging_mixin.py:188} INFO - [2026-04-25T09:41:24.188+0000] {dag.py:3096} INFO - Sync 1 DAGs
[2026-04-25T09:41:24.197+0000] {logging_mixin.py:188} INFO - [2026-04-25T09:41:24.197+0000] {dag.py:3954} INFO - Setting next_dagrun for tutorial_taskflow_api to None, run_after=None
[2026-04-25T09:41:24.213+0000] {processor.py:183} INFO - Processing /usr/local/python/3.12.1/lib/python3.12/site-packages/airflow/example_dags/tutorial_taskflow_api.py took 0.046 seconds
[2026-04-25T09:42:01.662+0000] {processor.py:161} INFO - Started process (PID=27755) to work on /usr/local/python/3.12.1/lib/python3.12/site-packages/airflow/example_dags/tutorial_taskflow_api.py
[2026-04-25T09:42:01.662+0000] {processor.py:830} INFO - Processing file /usr/local/python/3.12.1/lib/python3.12/site-packages/airflow/example_dags/tutorial_taskflow_api.py for tasks to queue
[2026-04-25T09:42:01.663+0000] {logging_mixin.py:188} INFO - [2026-04-25T09:42:01.663+0000] {dagbag.py:540} INFO - Filling up the DagBag from /usr/local/python/3.12.1/lib/python3.12/site-packages/airflow/example_dags/tutorial_taskflow_api.py
[2026-04-25T09:42:01.668+0000] {processor.py:840} INFO - DAG(s) 'tutorial_taskflow_api' retrieved from /usr/local/python/3.12.1/lib/python3.12/site-packages/airflow/example_dags/tutorial_taskflow_api.py
[2026-04-25T09:42:01.684+0000] {logging_mixin.py:188} INFO - [2026-04-25T09:42:01.683+0000] {dag.py:3096} INFO - Sync 1 DAGs
[2026-04-25T09:42:01.698+0000] {logging_mixin.py:188} INFO - [2026-04-25T09:42:01.697+0000] {dag.py:3954} INFO - Setting next_dagrun for tutorial_taskflow_api to None, run_after=None
[2026-04-25T09:42:01.721+0000] {processor.py:183} INFO - Processing /usr/local/python/3.12.1/lib/python3.12/site-packages/airflow/example_dags/tutorial_taskflow_api.py took 0.064 seconds
[2026-04-25T09:42:37.856+0000] {processor.py:161} INFO - Started process (PID=28025) to work on /usr/local/python/3.12.1/lib/python3.12/site-packages/airflow/example_dags/tutorial_taskflow_api.py
[2026-04-25T09:42:37.856+0000] {processor.py:830} INFO - Processing file /usr/local/python/3.12.1/lib/python3.12/site-packages/airflow/example_dags/tutorial_taskflow_api.py for tasks to queue
[2026-04-25T09:42:37.857+0000] {logging_mixin.py:188} INFO - [2026-04-25T09:42:37.857+0000] {dagbag.py:540} INFO - Filling up the DagBag from /usr/local/python/3.12.1/lib/python3.12/site-packages/airflow/example_dags/tutorial_taskflow_api.py
[2026-04-25T09:42:37.862+0000] {processor.py:840} INFO - DAG(s) 'tutorial_taskflow_api' retrieved from /usr/local/python/3.12.1/lib/python3.12/site-packages/airflow/example_dags/tutorial_taskflow_api.py
[2026-04-25T09:42:37.876+0000] {logging_mixin.py:188} INFO - [2026-04-25T09:42:37.876+0000] {dag.py:3096} INFO - Sync 1 DAGs
[2026-04-25T09:42:37.885+0000] {logging_mixin.py:188} INFO - [2026-04-25T09:42:37.885+0000] {dag.py:3954} INFO - Setting next_dagrun for tutorial_taskflow_api to None, run_after=None
[2026-04-25T09:42:37.903+0000] {processor.py:183} INFO - Processing /usr/local/python/3.12.1/lib/python3.12/site-packages/airflow/example_dags/tutorial_taskflow_api.py took 0.052 seconds
[2026-04-25T09:43:20.933+0000] {processor.py:161} INFO - Started process (PID=28356) to work on /usr/local/python/3.12.1/lib/python3.12/site-packages/airflow/example_dags/tutorial_taskflow_api.py
[2026-04-25T09:43:20.933+0000] {processor.py:830} INFO - Processing file /usr/local/python/3.12.1/lib/python3.12/site-packages/airflow/example_dags/tutorial_taskflow_api.py for tasks to queue
[2026-04-25T09:43:20.934+0000] {logging_mixin.py:188} INFO - [2026-04-25T09:43:20.934+0000] {dagbag.py:540} INFO - Filling up the DagBag from /usr/local/python/3.12.1/lib/python3.12/site-packages/airflow/example_dags/tutorial_taskflow_api.py
[2026-04-25T09:43:20.939+0000] {processor.py:840} INFO - DAG(s) 'tutorial_taskflow_api' retrieved from /usr/local/python/3.12.1/lib/python3.12/site-packages/airflow/example_dags/tutorial_taskflow_api.py
[2026-04-25T09:43:20.950+0000] {logging_mixin.py:188} INFO - [2026-04-25T09:43:20.950+0000] {dag.py:3096} INFO - Sync 1 DAGs
[2026-04-25T09:43:20.960+0000] {logging_mixin.py:188} INFO - [2026-04-25T09:43:20.959+0000] {dag.py:3954} INFO - Setting next_dagrun for tutorial_taskflow_api to None, run_after=None
[2026-04-25T09:43:20.976+0000] {processor.py:183} INFO - Processing /usr/local/python/3.12.1/lib/python3.12/site-packages/airflow/example_dags/tutorial_taskflow_api.py took 0.048 seconds
[2026-04-25T09:44:03.279+0000] {processor.py:161} INFO - Started process (PID=28694) to work on /usr/local/python/3.12.1/lib/python3.12/site-packages/airflow/example_dags/tutorial_taskflow_api.py
[2026-04-25T09:44:03.279+0000] {processor.py:830} INFO - Processing file /usr/local/python/3.12.1/lib/python3.12/site-packages/airflow/example_dags/tutorial_taskflow_api.py for tasks to queue
[2026-04-25T09:44:03.280+0000] {logging_mixin.py:188} INFO - [2026-04-25T09:44:03.280+0000] {dagbag.py:540} INFO - Filling up the DagBag from /usr/local/python/3.12.1/lib/python3.12/site-packages/airflow/example_dags/tutorial_taskflow_api.py
[2026-04-25T09:44:03.285+0000] {processor.py:840} INFO - DAG(s) 'tutorial_taskflow_api' retrieved from /usr/local/python/3.12.1/lib/python3.12/site-packages/airflow/example_dags/tutorial_taskflow_api.py
[2026-04-25T09:44:03.297+0000] {logging_mixin.py:188} INFO - [2026-04-25T09:44:03.296+0000] {dag.py:3096} INFO - Sync 1 DAGs
[2026-04-25T09:44:03.306+0000] {logging_mixin.py:188} INFO - [2026-04-25T09:44:03.306+0000] {dag.py:3954} INFO - Setting next_dagrun for tutorial_taskflow_api to None, run_after=None
[2026-04-25T09:44:03.322+0000] {processor.py:183} INFO - Processing /usr/local/python/3.12.1/lib/python3.12/site-packages/airflow/example_dags/tutorial_taskflow_api.py took 0.048 seconds
[2026-04-25T09:44:43.067+0000] {processor.py:161} INFO - Started process (PID=28981) to work on /usr/local/python/3.12.1/lib/python3.12/site-packages/airflow/example_dags/tutorial_taskflow_api.py
[2026-04-25T09:44:43.068+0000] {processor.py:830} INFO - Processing file /usr/local/python/3.12.1/lib/python3.12/site-packages/airflow/example_dags/tutorial_taskflow_api.py for tasks to queue
[2026-04-25T09:44:43.068+0000] {logging_mixin.py:188} INFO - [2026-04-25T09:44:43.068+0000] {dagbag.py:540} INFO - Filling up the DagBag from /usr/local/python/3.12.1/lib/python3.12/site-packages/airflow/example_dags/tutorial_taskflow_api.py
[2026-04-25T09:44:43.073+0000] {processor.py:840} INFO - DAG(s) 'tutorial_taskflow_api' retrieved from /usr/local/python/3.12.1/lib/python3.12/site-packages/airflow/example_dags/tutorial_taskflow_api.py
[2026-04-25T09:44:43.085+0000] {logging_mixin.py:188} INFO - [2026-04-25T09:44:43.085+0000] {dag.py:3096} INFO - Sync 1 DAGs
[2026-04-25T09:44:43.094+0000] {logging_mixin.py:188} INFO - [2026-04-25T09:44:43.094+0000] {dag.py:3954} INFO - Setting next_dagrun for tutorial_taskflow_api to None, run_after=None
[2026-04-25T09:44:43.111+0000] {processor.py:183} INFO - Processing /usr/local/python/3.12.1/lib/python3.12/site-packages/airflow/example_dags/tutorial_taskflow_api.py took 0.049 seconds
[2026-04-25T09:45:21.048+0000] {processor.py:161} INFO - Started process (PID=29286) to work on /usr/local/python/3.12.1/lib/python3.12/site-packages/airflow/example_dags/tutorial_taskflow_api.py
[2026-04-25T09:45:21.049+0000] {processor.py:830} INFO - Processing file /usr/local/python/3.12.1/lib/python3.12/site-packages/airflow/example_dags/tutorial_taskflow_api.py for tasks to queue
[2026-04-25T09:45:21.050+0000] {logging_mixin.py:188} INFO - [2026-04-25T09:45:21.050+0000] {dagbag.py:540} INFO - Filling up the DagBag from /usr/local/python/3.12.1/lib/python3.12/site-packages/airflow/example_dags/tutorial_taskflow_api.py
[2026-04-25T09:45:21.055+0000] {processor.py:840} INFO - DAG(s) 'tutorial_taskflow_api' retrieved from /usr/local/python/3.12.1/lib/python3.12/site-packages/airflow/example_dags/tutorial_taskflow_api.py
[2026-04-25T09:45:21.067+0000] {logging_mixin.py:188} INFO - [2026-04-25T09:45:21.067+0000] {dag.py:3096} INFO - Sync 1 DAGs
[2026-04-25T09:45:21.076+0000] {logging_mixin.py:188} INFO - [2026-04-25T09:45:21.076+0000] {dag.py:3954} INFO - Setting next_dagrun for tutorial_taskflow_api to None, run_after=None
[2026-04-25T09:45:21.093+0000] {processor.py:183} INFO - Processing /usr/local/python/3.12.1/lib/python3.12/site-packages/airflow/example_dags/tutorial_taskflow_api.py took 0.049 seconds
[2026-04-25T09:46:03.722+0000] {processor.py:161} INFO - Started process (PID=29610) to work on /usr/local/python/3.12.1/lib/python3.12/site-packages/airflow/example_dags/tutorial_taskflow_api.py
[2026-04-25T09:46:03.722+0000] {processor.py:830} INFO - Processing file /usr/local/python/3.12.1/lib/python3.12/site-packages/airflow/example_dags/tutorial_taskflow_api.py for tasks to queue
[2026-04-25T09:46:03.723+0000] {logging_mixin.py:188} INFO - [2026-04-25T09:46:03.723+0000] {dagbag.py:540} INFO - Filling up the DagBag from /usr/local/python/3.12.1/lib/python3.12/site-packages/airflow/example_dags/tutorial_taskflow_api.py
[2026-04-25T09:46:03.728+0000] {processor.py:840} INFO - DAG(s) 'tutorial_taskflow_api' retrieved from /usr/local/python/3.12.1/lib/python3.12/site-packages/airflow/example_dags/tutorial_taskflow_api.py
[2026-04-25T09:46:03.739+0000] {logging_mixin.py:188} INFO - [2026-04-25T09:46:03.739+0000] {dag.py:3096} INFO - Sync 1 DAGs
[2026-04-25T09:46:03.748+0000] {logging_mixin.py:188} INFO - [2026-04-25T09:46:03.748+0000] {dag.py:3954} INFO - Setting next_dagrun for tutorial_taskflow_api to None, run_after=None
[2026-04-25T09:46:03.766+0000] {processor.py:183} INFO - Processing /usr/local/python/3.12.1/lib/python3.12/site-packages/airflow/example_dags/tutorial_taskflow_api.py took 0.049 seconds
[2026-04-25T09:46:45.296+0000] {processor.py:161} INFO - Started process (PID=29922) to work on /usr/local/python/3.12.1/lib/python3.12/site-packages/airflow/example_dags/tutorial_taskflow_api.py
[2026-04-25T09:46:45.298+0000] {processor.py:830} INFO - Processing file /usr/local/python/3.12.1/lib/python3.12/site-packages/airflow/example_dags/tutorial_taskflow_api.py for tasks to queue
[2026-04-25T09:46:45.299+0000] {logging_mixin.py:188} INFO - [2026-04-25T09:46:45.298+0000] {dagbag.py:540} INFO - Filling up the DagBag from /usr/local/python/3.12.1/lib/python3.12/site-packages/airflow/example_dags/tutorial_taskflow_api.py
[2026-04-25T09:46:45.305+0000] {processor.py:840} INFO - DAG(s) 'tutorial_taskflow_api' retrieved from /usr/local/python/3.12.1/lib/python3.12/site-packages/airflow/example_dags/tutorial_taskflow_api.py
[2026-04-25T09:46:45.317+0000] {logging_mixin.py:188} INFO - [2026-04-25T09:46:45.316+0000] {dag.py:3096} INFO - Sync 1 DAGs
[2026-04-25T09:46:45.325+0000] {logging_mixin.py:188} INFO - [2026-04-25T09:46:45.325+0000] {dag.py:3954} INFO - Setting next_dagrun for tutorial_taskflow_api to None, run_after=None
[2026-04-25T09:46:45.341+0000] {processor.py:183} INFO - Processing /usr/local/python/3.12.1/lib/python3.12/site-packages/airflow/example_dags/tutorial_taskflow_api.py took 0.052 seconds
